| 本 | 区切り | 基準の帯 → 本の帯 | 本数 | 基準の和 円 | 本の和 円 | 差 円/日 |
|---|---|---|---|---|---|---|
| vola_gate_p10 | 前半 | (無し) → 0 分 | 366 | +0 | +484 | +0 |
| vola_gate_p10 | 前半 | (無し) → 0 分超 | 867 | +0 | -277 | -0 |
| vola_gate_p10 | 前半 | 0 分 → (無し) | 9,306 | +29,035 | +0 | -20 |
| vola_gate_p10 | 前半 | 0 分 → 0 分 | 39,757 | +454,305 | +454,305 | +0 |
| vola_gate_p10 | 前半 | 0 分超 → (無し) | 19,844 | +2,750 | +0 | -2 |
| vola_gate_p10 | 前半 | 0 分超 → 0 分超 | 107,190 | +46,119 | +46,816 | +0 |
| vola_gate_p10 | 後半 | (無し) → 0 分 | 277 | +0 | -1,613 | -1 |
| vola_gate_p10 | 後半 | (無し) → 0 分超 | 798 | +0 | -4,415 | -3 |
| vola_gate_p10 | 後半 | 0 分 → (無し) | 4,416 | +4,102 | +0 | -3 |
| vola_gate_p10 | 後半 | 0 分 → 0 分 | 35,845 | +167,652 | +167,652 | +0 |
| vola_gate_p10 | 後半 | 0 分超 → (無し) | 11,544 | -36,607 | +0 | +25 |
| vola_gate_p10 | 後半 | 0 分超 → 0 分超 | 120,881 | -535,968 | -534,727 | +1 |
| vola_gate_p25 | 前半 | (無し) → 0 分 | 573 | +0 | +788 | +1 |
| vola_gate_p25 | 前半 | (無し) → 0 分超 | 1,133 | +0 | -1,495 | -1 |
| vola_gate_p25 | 前半 | 0 分 → (無し) | 18,195 | +63,908 | +0 | -44 |
| vola_gate_p25 | 前半 | 0 分 → 0 分 | 30,868 | +419,433 | +419,433 | +0 |
| vola_gate_p25 | 前半 | 0 分超 → (無し) | 41,282 | -5,561 | +0 | +4 |
| vola_gate_p25 | 前半 | 0 分超 → 0 分超 | 85,752 | +54,430 | +55,016 | +0 |
| vola_gate_p25 | 後半 | (無し) → 0 分 | 593 | +0 | -1,150 | -1 |
| vola_gate_p25 | 後半 | (無し) → 0 分超 | 1,489 | +0 | -5,544 | -4 |
| vola_gate_p25 | 後半 | 0 分 → (無し) | 11,609 | +17,183 | +0 | -12 |
| vola_gate_p25 | 後半 | 0 分 → 0 分 | 28,652 | +154,572 | +154,572 | +0 |
| vola_gate_p25 | 後半 | 0 分超 → (無し) | 33,412 | -159,303 | +0 | +108 |
| vola_gate_p25 | 後半 | 0 分超 → 0 分超 | 99,013 | -413,273 | -411,390 | +1 |
| vola_gate_p50 | 前半 | (無し) → 0 分 | 691 | +0 | +1,105 | +1 |
| vola_gate_p50 | 前半 | (無し) → 0 分超 | 1,207 | +0 | +8,271 | +6 |
| vola_gate_p50 | 前半 | 0 分 → (無し) | 29,774 | +125,811 | +0 | -86 |
| vola_gate_p50 | 前半 | 0 分 → 0 分 | 19,289 | +357,530 | +357,530 | +0 |
| vola_gate_p50 | 前半 | 0 分超 → (無し) | 70,516 | -2,224 | +0 | +2 |
| vola_gate_p50 | 前半 | 0 分超 → 0 分超 | 56,518 | +51,094 | +51,148 | +0 |
| vola_gate_p50 | 後半 | (無し) → 0 分 | 790 | +0 | -1,690 | -1 |
| vola_gate_p50 | 後半 | (無し) → 0 分超 | 1,956 | +0 | -2,376 | -2 |
| vola_gate_p50 | 後半 | 0 分 → (無し) | 24,116 | +50,033 | +0 | -34 |
| vola_gate_p50 | 後半 | 0 分 → 0 分 | 16,145 | +121,722 | +121,722 | +0 |
| vola_gate_p50 | 後半 | 0 分超 → (無し) | 73,289 | -325,454 | +0 | +221 |
| vola_gate_p50 | 後半 | 0 分超 → 0 分超 | 59,136 | -247,121 | -244,970 | +1 |
