| 本 | 帯 | 区切り | 出の理由 | 1 段 本 / 1 取引あたり 円 | 2 段以上 本 / 1 取引あたり 円 | 全部 本 / 1 取引あたり 円 |
|---|---|---|---|---|---|---|
| vola_gate_p10 | 0 分 | 前半 | close | 30,064 / +19.9 | 5,685 / +75.3 | 35,749 / +28.7 |
| vola_gate_p10 | 0 分 | 前半 | break | 757 / -21.3 | 3,617 / -153.6 | 4,374 / -130.7 |
| vola_gate_p10 | 0 分 | 後半 | close | 27,579 / +15.4 | 4,120 / +54.8 | 31,699 / +20.5 |
| vola_gate_p10 | 0 分 | 後半 | break | 705 / -20.0 | 3,718 / -126.5 | 4,423 / -109.5 |
| vola_gate_p10 | 0 分超 | 前半 | close | 39,778 / +20.5 | 55,363 / +74.9 | 95,141 / +52.2 |
| vola_gate_p10 | 0 分超 | 前半 | break | 428 / -49.1 | 12,066 / -394.4 | 12,494 / -382.6 |
| vola_gate_p10 | 0 分超 | 前半 | market | 27 / +100.2 | 395 / -357.1 | 422 / -327.9 |
| vola_gate_p10 | 0 分超 | 後半 | close | 43,913 / +15.1 | 62,173 / +54.8 | 106,086 / +38.4 |
| vola_gate_p10 | 0 分超 | 後半 | break | 526 / -38.3 | 14,887 / -302.1 | 15,413 / -293.1 |
| vola_gate_p10 | 0 分超 | 後半 | market | — | 180 / -524.4 | 180 / -524.4 |
| vola_gate_p25 | 0 分 | 前半 | close | 23,816 / +23.3 | 4,211 / +91.0 | 28,027 / +33.5 |
| vola_gate_p25 | 0 分 | 前半 | break | 594 / -25.4 | 2,820 / -178.2 | 3,414 / -151.6 |
| vola_gate_p25 | 0 分 | 後半 | close | 22,594 / +17.4 | 3,041 / +64.4 | 25,635 / +23.0 |
| vola_gate_p25 | 0 分 | 後半 | break | 598 / -21.9 | 3,012 / -140.2 | 3,610 / -120.6 |
| vola_gate_p25 | 0 分超 | 前半 | close | 32,088 / +23.3 | 44,547 / +85.4 | 76,635 / +59.4 |
| vola_gate_p25 | 0 分超 | 前半 | break | 339 / -58.0 | 9,677 / -452.6 | 10,016 / -439.3 |
| vola_gate_p25 | 0 分超 | 前半 | market | 24 / +92.9 | 210 / -478.1 | 234 / -419.5 |
| vola_gate_p25 | 0 分超 | 後半 | close | 36,773 / +16.8 | 51,085 / +61.6 | 87,858 / +42.9 |
| vola_gate_p25 | 0 分超 | 後半 | break | 455 / -43.5 | 12,067 / -338.2 | 12,522 / -327.5 |
| vola_gate_p25 | 0 分超 | 後半 | market | 1 / -40.1 | 121 / -674.8 | 122 / -669.6 |
| vola_gate_p50 | 0 分 | 前半 | close | 15,349 / +29.9 | 2,493 / +122.9 | 17,842 / +42.9 |
| vola_gate_p50 | 0 分 | 前半 | break | 378 / -32.1 | 1,760 / -224.5 | 2,138 / -190.5 |
| vola_gate_p50 | 0 分 | 後半 | close | 13,219 / +22.5 | 1,607 / +86.0 | 14,826 / +29.4 |
| vola_gate_p50 | 0 分 | 後半 | break | 384 / -28.0 | 1,725 / -177.0 | 2,109 / -149.8 |
| vola_gate_p50 | 0 分超 | 前半 | close | 21,596 / +29.1 | 29,450 / +106.3 | 51,046 / +73.7 |
| vola_gate_p50 | 0 分超 | 前半 | break | 215 / -78.3 | 6,360 / -568.9 | 6,575 / -552.8 |
| vola_gate_p50 | 0 分超 | 前半 | market | 12 / +153.4 | 92 / -731.9 | 104 / -629.7 |
| vola_gate_p50 | 0 分超 | 後半 | close | 22,796 / +21.3 | 30,792 / +77.9 | 53,588 / +53.8 |
| vola_gate_p50 | 0 分超 | 後半 | break | 298 / -57.4 | 7,131 / -427.3 | 7,429 / -412.5 |
| vola_gate_p50 | 0 分超 | 後半 | market | 3 / -68.9 | 72 / -937.1 | 75 / -902.4 |
| base | 0 分 | 前半 | close | 36,353 / +17.2 | 7,422 / +61.7 | 43,775 / +24.7 |
| base | 0 分 | 前半 | break | 956 / -17.2 | 4,332 / -134.6 | 5,288 / -113.4 |
| base | 0 分 | 後半 | close | 30,454 / +14.3 | 4,960 / +48.3 | 35,414 / +19.1 |
| base | 0 分 | 後半 | break | 731 / -19.4 | 4,116 / -118.8 | 4,847 / -103.8 |
| base | 0 分超 | 前半 | close | 46,846 / +18.6 | 64,921 / +67.0 | 111,767 / +46.7 |
| base | 0 分超 | 前半 | break | 491 / -43.6 | 14,125 / -352.0 | 14,616 / -341.7 |
| base | 0 分超 | 前半 | market | 31 / +93.3 | 620 / -291.7 | 651 / -273.4 |
| base | 0 分超 | 後半 | close | 47,364 / +14.3 | 68,050 / +51.4 | 115,414 / +36.2 |
| base | 0 分超 | 後半 | break | 531 / -37.8 | 16,246 / -285.1 | 16,777 / -277.2 |
| base | 0 分超 | 後半 | market | 1 / -1.5 | 233 / -433.4 | 234 / -431.6 |
