
vola_gate_p10 − base
場面 | 区切り | 日数 | 差 1 日あたり 円 [区間]
low 前半(〜2019-12-08) 368 +13 [-8, +37]
low 後半(2019-12-09〜) 629 +36 [+20, +52]
mid 前半(〜2019-12-08) 268 -12 [-31, -0]
mid 後半(2019-12-09〜) 378 +13 [+3, +24]
high 前半(〜2019-12-08) 436 -4 [-7, -0]
high 後半(2019-12-09〜) 463 -0 [-3, +2]

vola_gate_p25 − base
場面 | 区切り | 日数 | 差 1 日あたり 円 [区間]
low 前半(〜2019-12-08) 368 -21 [-57, +16]
low 後半(2019-12-09〜) 629 +136 [+98, +171]
mid 前半(〜2019-12-08) 268 -2 [-43, +28]
mid 後半(2019-12-09〜) 378 +127 [+79, +176]
high 前半(〜2019-12-08) 436 -12 [-28, -1]
high 後半(2019-12-09〜) 463 +10 [+0, +19]

vola_gate_p50 − base
場面 | 区切り | 日数 | 差 1 日あたり 円 [区間]
low 前半(〜2019-12-08) 368 -163 [-221, -92]
low 後半(2019-12-09〜) 629 +219 [+150, +285]
mid 前半(〜2019-12-08) 268 -53 [-146, +19]
mid 後半(2019-12-09〜) 378 +195 [+102, +294]
high 前半(〜2019-12-08) 436 +1 [-42, +43]
high 後半(2019-12-09〜) 463 +135 [+90, +171]
