
vola_gate_p10
場面 | 区切り | 日数 | 1 日あたり 円 [区間]
low 全部(2017〜) 997 -11 [-84, +63]
low 前半(〜2019-12-08) 368 +276 [+170, +376]
low 後半(2019-12-09〜) 629 -180 [-265, -92]
mid 全部(2017〜) 646 +8 [-131, +142]
mid 前半(〜2019-12-08) 268 +399 [+213, +620]
mid 後半(2019-12-09〜) 378 -269 [-446, -103]
high 全部(2017〜) 899 +140 [-85, +343]
high 前半(〜2019-12-08) 436 +653 [+334, +1003]
high 後半(2019-12-09〜) 463 -344 [-531, -136]

vola_gate_p25
場面 | 区切り | 日数 | 1 日あたり 円 [区間]
low 全部(2017〜) 997 +39 [-23, +105]
low 前半(〜2019-12-08) 368 +242 [+139, +338]
low 後半(2019-12-09〜) 629 -80 [-160, -0]
mid 全部(2017〜) 646 +79 [-52, +204]
mid 前半(〜2019-12-08) 268 +410 [+223, +616]
mid 後半(2019-12-09〜) 378 -155 [-322, -2]
high 全部(2017〜) 899 +141 [-80, +342]
high 前半(〜2019-12-08) 436 +644 [+327, +996]
high 後半(2019-12-09〜) 463 -333 [-521, -128]

vola_gate_p50
場面 | 区切り | 日数 | 1 日あたり 円 [区間]
low 全部(2017〜) 997 +39 [-9, +91]
low 前半(〜2019-12-08) 368 +100 [+18, +191]
low 後半(2019-12-09〜) 629 +3 [-62, +67]
mid 全部(2017〜) 646 +98 [-15, +212]
mid 前半(〜2019-12-08) 268 +358 [+181, +559]
mid 後半(2019-12-09〜) 378 -86 [-216, +46]
high 全部(2017〜) 899 +212 [-2, +405]
high 前半(〜2019-12-08) 436 +657 [+338, +1019]
high 後半(2019-12-09〜) 463 -208 [-402, -1]
