rows 67671 {'control_c': 25095, 'control_b_i': 21378, 'liq': 21198}
m_60 deciles cuts [4.005, 6.143, 7.95, 9.798, 11.796, 14.144, 17.1, 21.144, 28.124] m<=0 share 0.0057
--- G1 gap60 T60 h60: 委任先 vs リード ---
帯1 n=2120 m平均 +2.219 r_end -3.141±0.190 | 委任先 -3.141±0.190 n=2120 | g>1 0.2944 vs 0.2944
帯2 n=2120 m平均 +5.101 r_end -4.016±0.195 | 委任先 -4.016±0.195 n=2120 | g>1 0.2462 vs 0.2462
帯3 n=2120 m平均 +7.059 r_end -4.491±0.194 | 委任先 -4.491±0.194 n=2120 | g>1 0.1877 vs 0.1877
帯4 n=2119 m平均 +8.887 r_end -5.075±0.228 | 委任先 -5.075±0.228 n=2119 | g>1 0.1501 vs 0.1501
帯5 n=2120 m平均 +10.794 r_end -5.455±0.195 | 委任先 -5.455±0.195 n=2120 | g>1 0.1269 vs 0.1269
帯6 n=2120 m平均 +12.953 r_end -6.434±0.244 | 委任先 -6.434±0.244 n=2120 | g>1 0.1009 vs 0.1009
帯7 n=2119 m平均 +15.556 r_end -7.139±0.262 | 委任先 -7.139±0.262 n=2119 | g>1 0.0826 vs 0.0826
帯8 n=2120 m平均 +18.980 r_end -8.478±0.278 | 委任先 -8.478±0.278 n=2120 | g>1 0.0684 vs 0.0684
帯9 n=2120 m平均 +24.186 r_end -9.816±0.328 | 委任先 -9.816±0.328 n=2120 | g>1 0.0443 vs 0.0443
帯10 n=2120 m平均 +39.009 r_end -13.958±0.559 | 委任先 -13.958±0.559 n=2120 | g>1 0.0259 vs 0.0259
--- G2 gap60 T60 h60 ---
['掃きの群', 'm の群', 'T(秒)', 'h(秒)', '群の束数', 'うち掃き ≤ 0 の束', 'm 平均(bp)', '掃き 平均(bp)', 'n', '含む日数', 'r_end 平均(bp)', 'r_end 日クラスタ SE', 'r_end naive SE', '日クラスタ/naive']
                   掃きの群        m の群    n  r_end 平均(bp)  r_end 日クラスタ SE  次の束が 120 秒以内の割合  次の束が 120 秒以内の母数
        Q1(掃き ≤ 0.2009) Q1(下位 3 分位) 4484     -2.389159        0.105961         0.140650             4337
        Q1(掃き ≤ 0.2009) Q2(中位 3 分位) 3958     -3.841176        0.125594         0.149184             3861
        Q1(掃き ≤ 0.2009) Q3(上位 3 分位) 3269     -6.776667        0.250891         0.166719             3209
Q2(0.2009 < 掃き ≤ 8.076) Q1(下位 3 分位) 1570     -4.124509        0.199823         0.173970             1529
Q2(0.2009 < 掃き ≤ 8.076) Q2(中位 3 分位) 1593     -5.359863        0.219676         0.207933             1563
Q2(0.2009 < 掃き ≤ 8.076) Q3(上位 3 分位) 1581     -8.856455        0.332438         0.191299             1563
         Q3(掃き > 8.076) Q1(下位 3 分位) 1012    -10.469465        0.401878         0.199195              994
         Q3(掃き > 8.076) Q2(中位 3 分位) 1515    -12.617906        0.414119         0.205626             1493
         Q3(掃き > 8.076) Q3(上位 3 分位) 2216    -16.858235        0.553047         0.225262             2193
m_60 tertile cuts [8.594, 16.009]
sweep Q1 m Q1 n=4485 r_end60 -2.389±0.106 next<=120 0.1406 (母数 4338)
sweep Q1 m Q2 n=3958 r_end60 -3.841±0.126 next<=120 0.1492 (母数 3861)
sweep Q1 m Q3 n=3269 r_end60 -6.777±0.251 next<=120 0.1667 (母数 3209)
sweep Q2 m Q1 n=1569 r_end60 -4.126±0.200 next<=120 0.1741 (母数 1528)
sweep Q2 m Q2 n=1593 r_end60 -5.360±0.220 next<=120 0.2079 (母数 1563)
sweep Q2 m Q3 n=1581 r_end60 -8.856±0.332 next<=120 0.1913 (母数 1563)
sweep Q3 m Q1 n=1012 r_end60 -10.469±0.402 next<=120 0.1992 (母数 994)
sweep Q3 m Q2 n=1515 r_end60 -12.618±0.414 next<=120 0.2056 (母数 1493)
sweep Q3 m Q3 n=2216 r_end60 -16.858±0.553 next<=120 0.2253 (母数 2193)
