== 致命 1: 日の寄与の上位 5 日、束の外を除いた平均
{'2023-08-17': 0.6003, '2023-10-16': 0.1575, '2023-10-23': 0.1503, '2024-01-03': 0.071, '2023-12-11': 0.058} sum 1.037
束の外 n 2561 mean 19.6884 寄与 0.9697
全体 -0.3962 束の外を除く -1.4366 上位5日を除く -1.4813 両方除く -1.383
== 致命 2: k のティック数(k×1e-4×p0/0.1)
k 分位 p10/25/50/75/90: [-0.0777, 0.0, 0.0145, 0.0336, 0.2701]  ティック分位: [-4.0, -0.0, 1.0, 1.0, 14.0]
K+1 n 9008 |p0−p_pre| = 1 ティックちょうどの割合 1.0 p0 中央値 63043.0
K+2 n 9007 |p0−p_pre| = 1 ティックちょうどの割合 0.7193 p0 中央値 38054.0
K+3 n 9008 |p0−p_pre| = 1 ティックちょうどの割合 0.0 p0 中央値 58628.0
注: k×1e-4×p0/0.1 に ±1e-6 の許容で当てると保存桁の丸めで 1 にならない(最初の試みは 0.033)。価格差から数えると上のとおり。
== 致命 3: 対で引いた差(対照 c' が取れたプリントとその対照)
T=10 h=60 n=18943 プリント -0.1067 対照 -0.2734 差 +0.1667 SE 0.1266 差の中央値 -0.4508
T=10 h=300 n=18943 プリント -0.5227 対照 -1.3280 差 +0.8053 SE 0.3913 差の中央値 -0.9688
T=10 h=900 n=18943 プリント -0.8269 対照 -1.8548 差 +1.0279 SE 0.6761 差の中央値 -1.9180
T=60 h=60 n=16943 プリント +0.1024 対照 -0.8885 差 +0.9910 SE 0.1322 差の中央値 +0.0514
T=60 h=300 n=16943 プリント -0.3869 対照 -1.9785 差 +1.5916 SE 0.3645 差の中央値 -0.2550
T=60 h=900 n=16943 プリント -0.9217 対照 -2.4756 差 +1.5539 SE 0.5948 差の中央値 -1.2591
== 致命 4: 束の位置を排他に分ける
bundle_pos 実数 {'最後': 21198, '途中': 19072, '最初': 9169, '束の外': 2561}  単発 12029
多件の最初                                          h=60   n=9169   mean=+5.1822 SE=0.2256 med=+3.5484
多件の最初                                          h=900  n=9169   mean=+4.3322 SE=0.7349 med=-0.5596
途中                                             h=60   n=19072  mean=+1.3431 SE=0.3579 med=+1.5204
途中                                             h=900  n=19072  mean=-0.6749 SE=2.3823 med=-6.1742
単発                                             h=60   n=12029  mean=-3.9711 SE=0.1126 med=-2.7979
単発                                             h=900  n=12029  mean=-4.6604 SE=0.3446 med=-5.6988
多件の最後                                          h=60   n=9169   mean=-10.5121 SE=0.2584 med=-7.6343
多件の最後                                          h=900  n=9169   mean=-11.0647 SE=0.6416 med=-12.2687
束の外                                            h=60   n=2561   mean=+19.6884 SE=12.8852 med=+5.3342
束の外                                            h=900  n=2561   mean=-31.3771 SE=10.2060 med=-30.5521
表の「最初」= 多件の最初 + 単発 (n) 21198 表の最初(単発込み)                                     h=60   n=21198  mean=-0.0120 SE=0.0908 med=-0.6348
== 致命 5: d = 0 の内訳、直前の同じ側からの間隔
d=0 n 14041 最後の割合 0.6183 全体の最後の割合 0.4077
d = 0                                          h=60   n=14041  mean=+0.1479 SE=0.1222 med=-0.4894
d=0 × 単発                                       h=60   n=8682   mean=-3.2381 SE=0.1152 med=-2.3046
d=0 × 多件の最初                                    h=60   n=5164   mean=+5.6335 SE=0.2505 med=+3.8047
d=0 × 束の外                                      h=60   n=195    mean=+5.6327 SE=3.9098 med=+4.7361
直前の同じ側から 600 秒超 n 11353 最後の割合 0.6427 直前の同じ側から 600 秒超                                h=60   n=11353  mean=+0.1320 SE=0.1285 med=-0.3942
直前の同じ側から 10 秒以内 n 19769 最後の割合 0.2676 直前の同じ側から 10 秒以内                                h=60   n=19769  mean=-0.9122 SE=1.7591 med=-3.0202
3,600 秒超 n 5064 最後の割合 0.7109 3,600 秒超                                       h=60   n=5064   mean=+0.0588 SE=0.1835 med=-0.4868
== オーナーの問い(L-259)への計算: t₀ で分かる 2 群(前 60 秒に同じ側の清算が無い = 束の 1 件目 / 有る = 2 件目以降)
1 件目(単発 + 多件の最初、t₀ で分かる) h=60 n=21198 平均 -0.012 SE 0.091 中央値 -0.635
1 件目(単発 + 多件の最初、t₀ で分かる) h=300 n=21198 平均 -0.399 SE 0.219 中央値 -2.049
1 件目(単発 + 多件の最初、t₀ で分かる) h=900 n=21198 平均 -0.771 SE 0.420 中央値 -3.847
2 件目以降(途中 + 多件の最後、t₀ で分かる) h=60 n=28241 平均 -2.506 SE 0.273 中央値 -2.476
2 件目以降(途中 + 多件の最後、t₀ で分かる) h=300 n=28241 平均 -4.855 SE 0.754 中央値 -6.090
2 件目以降(途中 + 多件の最後、t₀ で分かる) h=900 n=28241 平均 -4.048 SE 1.733 中央値 -8.707
