基準率(5,000 件) = 0.6056   帯 = [k/100, (k+1)/100)
帯               件数    続いた    実際の割合    2SE  2SE で基準率と区別
[0.26,0.27)     2      0    0.000  0.000  止まる
[0.27,0.28)     0
[0.28,0.29)     2      1    0.500  0.707  わからない
[0.29,0.30)     2      0    0.000  0.000  止まる
[0.30,0.31)     6      1    0.167  0.304  止まる
[0.31,0.32)     4      1    0.250  0.433  わからない
[0.32,0.33)     4      2    0.500  0.500  わからない
[0.33,0.34)    19     10    0.526  0.229  わからない
[0.34,0.35)    37     19    0.514  0.164  わからない
[0.35,0.36)    40     22    0.550  0.157  わからない
[0.36,0.37)    62     28    0.452  0.126  止まる
[0.37,0.38)    81     32    0.395  0.109  止まる
[0.38,0.39)    84     41    0.488  0.109  止まる
[0.39,0.40)    99     51    0.515  0.100  わからない
[0.40,0.41)   105     50    0.476  0.097  止まる
[0.41,0.42)   169     89    0.527  0.077  止まる
[0.42,0.43)   177     85    0.480  0.075  止まる
[0.43,0.44)   203    101    0.498  0.070  止まる
[0.44,0.45)   204    104    0.510  0.070  止まる
[0.45,0.46)   247    117    0.474  0.064  止まる
[0.46,0.47)   254    128    0.504  0.063  止まる
[0.47,0.48)   258    131    0.508  0.062  止まる
[0.48,0.49)   253    140    0.553  0.063  わからない
[0.49,0.50)   231    134    0.580  0.065  わからない
[0.50,0.51)   215    117    0.544  0.068  わからない
[0.51,0.52)   238    144    0.605  0.063  わからない
[0.52,0.53)   214    130    0.607  0.067  わからない
[0.53,0.54)   175    110    0.629  0.073  わからない
[0.54,0.55)   181    125    0.691  0.069  続く
[0.55,0.56)   165    118    0.715  0.070  続く
[0.56,0.57)   156    111    0.712  0.073  続く
[0.57,0.58)   155    110    0.710  0.073  続く
[0.58,0.59)   133    104    0.782  0.072  続く
[0.59,0.60)   132    103    0.780  0.072  続く
[0.60,0.61)   104     77    0.740  0.086  続く
[0.61,0.62)   100     81    0.810  0.078  続く
[0.62,0.63)    89     74    0.831  0.079  続く
[0.63,0.64)    90     74    0.822  0.081  続く
[0.64,0.65)    62     52    0.839  0.093  続く
[0.65,0.66)    51     43    0.843  0.102  続く
[0.66,0.67)    47     38    0.809  0.115  続く
[0.67,0.68)    37     28    0.757  0.141  続く
[0.68,0.69)    30     27    0.900  0.110  続く
[0.69,0.70)    28     25    0.893  0.117  続く
[0.70,0.71)    16     14    0.875  0.165  続く
[0.71,0.72)    12     10    0.833  0.215  続く
[0.72,0.73)    11     11    1.000  0.000  続く
[0.73,0.74)     7      7    1.000  0.000  続く
[0.74,0.75)     3      3    1.000  0.000  続く
[0.75,0.76)     3      3    1.000  0.000  続く
[0.76,0.77)     1      1    1.000  0.000  続く
[0.77,0.78)     2      1    0.500  0.707  わからない
