行数 liq/control_matched/control_uniform = 21198 18327 21378
liq: lag==0 割合 0.7949  中央値 0.0 ms
control_matched: lag==0 割合 0.0020  中央値 632.0 ms
control_uniform: lag==0 割合 0.0010  中央値 904.5 ms
清算側 平均 ± 日クラスタSE / naive SE
  h=1: -6.800 ± 0.171 (naive 0.082) n=21198 日=456
  h=5: -7.071 ± 0.184 (naive 0.185) n=21198 日=456
  h=15: -7.431 ± 0.367 (naive 0.294) n=21198 日=456
  h=30: -6.958 ± 0.534 (naive 0.398) n=21198 日=456
  h=60: -7.190 ± 0.833 (naive 0.540) n=21196 日=456
  h=240: -7.421 ± 1.676 (naive 0.938) n=21195 日=456
  r5-r1 = -0.270 ± 0.189(日クラスタ) n=21198
  r15-r1 = -0.630 ± 0.404(日クラスタ) n=21198
  r240-r1 = -0.622 ± 1.693(日クラスタ) n=21195
幅0・単発 n=12029 (0.5675) 1分平均 -3.971
生の 240m 列: ['bp_240m']
対照(ii) h=240 相手の側で符号を付けた平均 +10.896 n=18194
対照(一様) 日平均 × 束の符号 h=240: +10.703(同じ定義)
bitFlyer 清算側 h=1: 平均 -1.493 n=20667
bitFlyer 清算側 h=5: 平均 -1.470 n=20499
bitFlyer 清算側 h=15: 平均 -1.173 n=20225
gap30_w8 清算側 1分平均 -4.762 反転割合 0.653 n=25343
gap180_w8 清算側 1分平均 -7.512 反転割合 0.781 n=15143
id 列: cascade_id
対照なし n=2999 1分平均 -11.392 / 対照あり n=18199 1分平均 -6.044
liq 1分 r==0 割合 0.0039
cm 1分 r==0 割合 0.0279
