# ① と完全な判断のズレの分解(2026-09-21、リード。段 2 の既存の行の再集計。コマンド = 下の python をリポジトリ直下で実行)
1件目 crosstab
判断_完全  止まる   続く
判断             
わからない  288  230
止まる    308  127
続く     482  565
                 n  diff_sum  diff_med  p1_sum  p1_med  pf_sum
行動     行動_完全                                                  
新規_順張り 新規_逆張り  482    8734.5      15.2 -5202.3    -9.4  3532.2
       新規_順張り  565    3134.8       0.0  -415.5    -0.4  2719.4
何もしない  新規_順張り  230    1519.8       4.4  -209.1     0.0  1310.7
新規_逆張り 新規_順張り  127    1422.5       9.7  -880.3    -6.5   542.1
何もしない  新規_逆張り  288     690.7       1.5   102.4     0.0   793.0
新規_逆張り 新規_逆張り  308     157.7       0.0   240.3     0.3   398.0
diff total 15659.9
           n      p1      pf    diff
連鎖の大きさ                              
2件       365  -527.5  1727.6  2255.1
3件以上     285  -324.8  3940.9  4265.6
単発      1350 -5512.2  3627.0  9139.2
top5 day share 0.123
