致命 1: next_bundle_gap_s < 60 の件数 0 p1 62.1 p50 514.0
  終端+60 → 終端+300: -0.2702±0.1888 n=21198
  終端+60 → 終端+900: -0.6302±0.4040 n=21198
  終端 → 終端+60: -6.8004±0.1710
致命 2: 帯 / m平均 / 掃き平均 / r_end / r/m / r/掃き
  帯1 2.219 3.720 -3.141 -1.415 -0.844
  帯2 5.101 3.949 -4.016 -0.787 -1.017
  帯3 7.059 4.048 -4.491 -0.636 -1.109
  帯5 10.794 5.380 -5.455 -0.505 -1.014
  帯8 18.980 8.582 -8.478 -0.447 -0.988
  帯10 39.009 12.976 -13.958 -0.358 -1.076
  最小二乗 r_end = -1.5876 -0.2163·m -0.3122·掃き
致命 5: 掃きQ1×mQ1 母数 4338 次≤120 0.1406 うち同じ側 0.977 同じ側だけ 0.1374
致命 5: 掃きQ3×mQ3 母数 2193 次≤120 0.2253 うち同じ側 0.834 同じ側だけ 0.1879
直すべき 3: 前の束から 120 秒未満 3609 0.1703
  帯1 前が近い: -6.282±0.572 n=445
  帯1 前が遠い: -2.354±0.190 n=1600
小さい束 m<4 & |sweep|<0.2: -1.399±0.157 n=1360
小さい束 m<2 & |sweep|<0.2: -1.146±0.275 n=455
G6 bundle_n_events_dedup Q3(上位 3 分位) × m帯3: リード -16.451±0.526 n=2349 | 委任先 -16.451±0.526 n=2349
G6 implied_leverage Q1(下位 3 分位) × m帯1: リード -7.835±0.392 n=1050 | 委任先 -7.835±0.392 n=1050
G6 side SELL × m Q2: リード -6.892±0.208 n=4029
G6 side BUY × m Q2: リード -4.968±0.200 n=3037
g2 掃きQ1×mQ1: 群の束数 4484 母数(次の束) 4337
リード: 掃き≤0.2009 & m≤q1 の束数 4485 うち next 有限 4338 | m == q1 ちょうどの束 0 | 道具の切り値との差: リード q1 = 8.593704
