
==============================================================================
0. 読み込み
==============================================================================
rows_continue 全行 74545
プリント 52000 / Q7 候補 22545
前半 21838 / 後半 30162

==============================================================================
§0-1 基準率(前半 / 後半 × 30/60/120 秒)
==============================================================================
  一致 基準率 前半 30s: 反証者=0.511219 / 委任先=0.511219
  一致 基準率 前半 60s: 反証者=0.584715 / 委任先=0.584715
  一致 基準率 前半 120s: 反証者=0.653906 / 委任先=0.653906
  一致 基準率 後半 30s: 反証者=0.507824 / 委任先=0.507824
  一致 基準率 後半 60s: 反証者=0.584643 / 委任先=0.584643
  一致 基準率 後半 120s: 反証者=0.652079 / 委任先=0.652079

==============================================================================
§0-2 前半だけから切り値が作られているか(再計算)
==============================================================================
  全 13 材料で一致(切り値は前半だけから出ている)
  456 日全部で切った場合と切り値が違う材料: 12/13 本 [2, 3, 4, 5, 8, 9, 10, 11, 12, 13, 14, 15]
  → 前半だけから出ている(全部で切ったら別の値になる材料が 12 本ある)

==============================================================================
§0-3 規則の「続く」の帯が前半だけから作られているか(再計算)
==============================================================================
  上位3材料(帯ごとの続く割合の広がり順)= [14, 4, 5] / 委任先 [14, 4, 5]
  広がり: 14:0.5195, 4:0.4383, 5:0.4368, 1:0.3900, 9:0.3269, 2:0.2824, 8:0.2519, 11:0.2390, 15:0.1702, 12:0.1597, 13:0.1451, 10:0.1377, 6:0.0825, 3:0.0449
  規則1 の「続く」と言う帯 = [7, 8, 9, 10]
  規則14 の「続く」と言う帯 = [6, 7, 8, 9, 10]
  規則5 の「続く」と言う帯 = [1, 2, 8, 9, 10]
  規則4 の「続く」と言う帯 = [6, 7, 8, 9, 10]

==============================================================================
§0-4 Q2 規則の的中率(後半、h=60。rule_1 / 14 / 5 / 4 / combo)
==============================================================================

 rule_1
  一致 n: 反証者=30162 / 委任先=30162
  一致 的中率: 反証者=0.640475 / 委任先=0.640475
  一致 適合率: 反証者=0.692526 / 委任先=0.692526
  一致 再現率: 反証者=0.692526 / 委任先=0.692526
  一致 「続く」と言った件数: 反証者=17634 / 委任先=17634
   内訳 TP12212 FP5422 FN5422 TN7106 引けず0

 rule_14
  一致 n: 反証者=30162 / 委任先=30162
  一致 的中率: 反証者=0.64873 / 委任先=0.64873
  一致 適合率: 反証者=0.691288 / 委任先=0.691288
  一致 再現率: 反証者=0.721277 / 委任先=0.721277
  一致 「続く」と言った件数: 反証者=18399 / 委任先=18399
   内訳 TP12719 FP5680 FN4915 TN6848 引けず0

 rule_5
  一致 n: 反証者=30162 / 委任先=30162
  一致 的中率: 反証者=0.638353 / 委任先=0.638353
  一致 適合率: 反証者=0.691974 / 委任先=0.691974
  一致 再現率: 反証者=0.687422 / 委任先=0.687422
  一致 「続く」と言った件数: 反証者=17518 / 委任先=17518
   内訳 TP12122 FP5396 FN5512 TN7132 引けず0

 rule_4
  一致 n: 反証者=30162 / 委任先=30162
  一致 的中率: 反証者=0.633612 / 委任先=0.633612
  一致 適合率: 反証者=0.70661 / 委任先=0.70661
  一致 再現率: 反証者=0.638369 / 委任先=0.638369
  一致 「続く」と言った件数: 反証者=15931 / 委任先=15931
   内訳 TP11257 FP4674 FN6377 TN7854 引けず0

 rule_combo
  一致 n: 反証者=30162 / 委任先=30162
  一致 的中率: 反証者=0.663815 / 委任先=0.663815
  一致 適合率: 反証者=0.718995 / 委任先=0.718995
  一致 再現率: 反証者=0.69763 / 委任先=0.69763
  一致 「続く」と言った件数: 反証者=17110 / 委任先=17110
   内訳 TP12302 FP4808 FN5332 TN7720 引けず0

 rule_12
  一致 n: 反証者=17634 / 委任先=17634
  一致 的中率: 反証者=0.692526 / 委任先=0.692526
  一致 適合率: 反証者=0.692526 / 委任先=0.692526
  一致 再現率: 反証者=1.0 / 委任先=1.0
  一致 「続く」と言った件数: 反証者=17634 / 委任先=17634
   内訳 TP12212 FP5422 FN0 TN0 引けず12528

 rule_9
  一致 n: 反証者=30140 / 委任先=30140
  一致 的中率: 反証者=0.58779 / 委任先=0.58779
  一致 適合率: 反証者=0.647252 / 委任先=0.647252
  一致 再現率: 反証者=0.649161 / 委任先=0.649161
  一致 「続く」と言った件数: 反証者=17684 / 委任先=17684
   内訳 TP11446 FP6238 FN6186 TN6270 引けず22

 rule_15
  一致 n: 反証者=30158 / 委任先=30158
  一致 的中率: 反証者=0.536044 / 委任先=0.536044
  一致 適合率: 反証者=0.602373 / 委任先=0.602373
  一致 再現率: 反証者=0.607497 / 委任先=0.607497
  一致 「続く」と言った件数: 反証者=17783 / 委任先=17783
   内訳 TP10712 FP7071 FN6921 TN5454 引けず4

==============================================================================
§0-5 Q4 主格子(t0+1s → 60s)の 2 枝(再計算)
==============================================================================

 all_continue / 続く: n=30162 日228 中央値-1.0297 p25-9.7297 p75+7.7082 負0.5346 日等重み-1.0211 SE0.2686
  一致 n: 反証者=30162 / 委任先=30162
  一致 中央値: 反証者=-1.02972 / 委任先=-1.02973
  一致 p25: 反証者=-9.72968 / 委任先=-9.72968
  一致 p75: 反証者=7.70817 / 委任先=7.70817
  一致 負の割合: 反証者=0.53465 / 委任先=0.53465
  一致 日等重み平均: 反証者=-1.02115 / 委任先=-1.02115
  一致 日クラスタSE: 反証者=0.26865 / 委任先=0.26865

 all_continue / 止まる: n=0 日0 中央値+nan p25+nan p75+nan 負nan 日等重み+nan SEnan

 all_stop / 続く: n=0 日0 中央値+nan p25+nan p75+nan 負nan 日等重み+nan SEnan

 all_stop / 止まる: n=30162 日228 中央値+1.0297 p25-7.7082 p75+9.7297 負0.4638 日等重み+1.0211 SE0.2686
  一致 n: 反証者=30162 / 委任先=30162
  一致 中央値: 反証者=1.02972 / 委任先=1.02973
  一致 p25: 反証者=-7.70817 / 委任先=-7.70817
  一致 p75: 反証者=9.72968 / 委任先=9.72968
  一致 負の割合: 反証者=0.46383 / 委任先=0.46383
  一致 日等重み平均: 反証者=1.02115 / 委任先=1.02115
  一致 日クラスタSE: 反証者=0.26865 / 委任先=0.26865

 perfect / 続く: n=17634 日227 中央値+3.3314 p25-7.1081 p75+14.2185 負0.4045 日等重み+3.0272 SE0.4383
  一致 n: 反証者=17634 / 委任先=17634
  一致 中央値: 反証者=3.33138 / 委任先=3.33138
  一致 p25: 反証者=-7.10814 / 委任先=-7.10814
  一致 p75: 反証者=14.21849 / 委任先=14.21849
  一致 負の割合: 反証者=0.4045 / 委任先=0.4045
  一致 日等重み平均: 反証者=3.02719 / 委任先=3.02719
  一致 日クラスタSE: 反証者=0.43831 / 委任先=0.43831

 perfect / 止まる: n=12528 日228 中央値+4.6298 p25-0.6216 p75+11.8174 負0.2802 日等重み+5.9332 SE0.3409
  一致 n: 反証者=12528 / 委任先=12528
  一致 中央値: 反証者=4.62977 / 委任先=4.62977
  一致 p25: 反証者=-0.62159 / 委任先=-0.62159
  一致 p75: 反証者=11.81736 / 委任先=11.81736
  一致 負の割合: 反証者=0.28017 / 委任先=0.28017
  一致 日等重み平均: 反証者=5.93315 / 委任先=5.93315
  一致 日クラスタSE: 反証者=0.34094 / 委任先=0.34094

 rule_combo / 続く: n=17110 日224 中央値-1.6744 p25-13.7091 p75+10.4477 負0.5391 日等重み-2.0702 SE0.4456
  一致 n: 反証者=17110 / 委任先=17110
  一致 中央値: 反証者=-1.67441 / 委任先=-1.67441
  一致 p25: 反証者=-13.70913 / 委任先=-13.70913
  一致 p75: 反証者=10.44769 / 委任先=10.44769
  一致 負の割合: 反証者=0.5391 / 委任先=0.5391
  一致 日等重み平均: 反証者=-2.07018 / 委任先=-2.07018
  一致 日クラスタSE: 反証者=0.44556 / 委任先=0.44556

 rule_combo / 止まる: n=13052 日228 中央値+0.6232 p25-5.2489 p75+6.4490 負0.4689 日等重み+0.1892 SE0.1288
  一致 n: 反証者=13052 / 委任先=13052
  一致 中央値: 反証者=0.62322 / 委任先=0.62322
  一致 p25: 反証者=-5.24894 / 委任先=-5.24894
  一致 p75: 反証者=6.44904 / 委任先=6.44904
  一致 負の割合: 反証者=0.46889 / 委任先=0.46889
  一致 日等重み平均: 反証者=0.18923 / 委任先=0.18923
  一致 日クラスタSE: 反証者=0.12884 / 委任先=0.12884

 rule_14 / 続く: n=18399 日224 中央値-1.7525 p25-13.6124 p75+10.3533 負0.5408 日等重み-2.0143 SE0.4308
  一致 n: 反証者=18399 / 委任先=18399
  一致 中央値: 反証者=-1.75253 / 委任先=-1.75253
  一致 p25: 反証者=-13.61241 / 委任先=-13.61241
  一致 p75: 反証者=10.35326 / 委任先=10.35326
  一致 負の割合: 反証者=0.54084 / 委任先=0.54085
  一致 日等重み平均: 反証者=-2.01431 / 委任先=-2.01431
  一致 日クラスタSE: 反証者=0.43081 / 委任先=0.43081

 rule_14 / 止まる: n=11763 日228 中央値+0.5257 p25-4.9705 p75+5.9707 負0.4726 日等重み+0.0407 SE0.1498
  一致 n: 反証者=11763 / 委任先=11763
  一致 中央値: 反証者=0.52565 / 委任先=0.52565
  一致 p25: 反証者=-4.97051 / 委任先=-4.97051
  一致 p75: 反証者=5.97074 / 委任先=5.97074
  一致 負の割合: 反証者=0.47258 / 委任先=0.47258
  一致 日等重み平均: 反証者=0.04075 / 委任先=0.04075
  一致 日クラスタSE: 反証者=0.14978 / 委任先=0.14978

==============================================================================
§0-6 Q7 の 2 本(rule_9 / rule_15、対照側)
==============================================================================

 rule_9 / 続く: n=10802 日223 中央値-0.1423 p25-3.7753 p75+3.1341 負0.5121 日等重み-0.1909 SE0.0650 続くと言った割合 0.479131
  一致 n: 反証者=10802 / 委任先=10802
  一致 中央値: 反証者=-0.14225 / 委任先=-0.14225
  一致 負の割合: 反証者=0.51213 / 委任先=0.51213
  一致 日等重み平均: 反証者=-0.19092 / 委任先=-0.19092
  一致 続くと言った割合: 反証者=0.479131 / 委任先=0.479131

 rule_9 / 止まる: n=11743 日227 中央値+0.0000 p25-2.9581 p75+3.3086 負0.4916 日等重み+0.1217 SE0.0528 続くと言った割合 0.479131
  一致 n: 反証者=11743 / 委任先=11743
  一致 中央値: 反証者=0.0 / 委任先=0.0
  一致 負の割合: 反証者=0.49161 / 委任先=0.49161
  一致 日等重み平均: 反証者=0.12171 / 委任先=0.12171
  一致 続くと言った割合: 反証者=0.479131 / 委任先=0.479131

 rule_15 / 続く: n=11952 日227 中央値-0.0333 p25-3.5417 p75+2.9911 負0.5054 日等重み-0.2364 SE0.0552 続くと言った割合 0.530140
  一致 n: 反証者=11952 / 委任先=11952
  一致 中央値: 反証者=-0.03332 / 委任先=-0.03332
  一致 負の割合: 反証者=0.50535 / 委任先=0.50535
  一致 日等重み平均: 反証者=-0.23645 / 委任先=-0.23645
  一致 続くと言った割合: 反証者=0.53014 / 委任先=0.53014

 rule_15 / 止まる: n=10593 日225 中央値+0.0162 p25-3.0973 p75+3.5139 負0.4847 日等重み+0.1300 SE0.0637 続くと言った割合 0.530140
  一致 n: 反証者=10593 / 委任先=10593
  一致 中央値: 反証者=0.01621 / 委任先=0.01621
  一致 負の割合: 反証者=0.48466 / 委任先=0.48466
  一致 日等重み平均: 反証者=0.13003 / 委任先=0.13003
  一致 続くと言った割合: 反証者=0.53014 / 委任先=0.53014

==============================================================================
§0-7 Q1 の帯ごとの続く割合(材料 1・14・4・5、前半 / 後半)
==============================================================================

 材料 1(same_side_count_60s_and_elapsed)
  帯5: 前半 n=9069 0.4400 / 後半 n=12528 0.4328  一致  止まると言う
  帯7: 前半 n=4466 0.5923 / 後半 n=6095 0.5787  一致  続くと言う
  帯8: 前半 n=2607 0.6559 / 後半 n=3570 0.6636  一致  続くと言う
  帯9: 前半 n=3403 0.7408 / 後半 n=4835 0.7526  一致  続くと言う
  帯10: 前半 n=2293 0.8299 / 後半 n=3134 0.8542  一致  続くと言う

 材料 14(trade_count_60s)
  帯1: 前半 n=2176 0.2996 / 後半 n=1213 0.2350  一致  止まると言う
  帯2: 前半 n=2149 0.3825 / 後半 n=1761 0.2970  一致  止まると言う
  帯3: 前半 n=2210 0.4466 / 後半 n=2479 0.3909  一致  止まると言う
  帯4: 前半 n=2175 0.5218 / 後半 n=3033 0.4632  一致  止まると言う
  帯5: 前半 n=2192 0.5739 / 後半 n=3277 0.5288  一致  止まると言う
  帯6: 前半 n=2200 0.6291 / 後半 n=3956 0.5794  一致  続くと言う
  帯7: 前半 n=2180 0.6807 / 後半 n=3827 0.6360  一致  続くと言う
  帯8: 前半 n=2188 0.7153 / 後半 n=4122 0.6960  一致  続くと言う
  帯9: 前半 n=2184 0.7752 / 後半 n=3664 0.7606  一致  続くと言う
  帯10: 前半 n=2184 0.8191 / 後半 n=2830 0.8258  一致  続くと言う

 材料 4(move_since_cascade_start_and_bounce)
  帯1: 前半 n=2184 0.4986 / 後半 n=3266 0.4905  一致  止まると言う
  帯2: 前半 n=2184 0.4515 / 後半 n=258 0.4535  一致  止まると言う
  帯3: 前半 n=663 0.4510 / 後半 n=3318 0.4454  一致  止まると言う
  帯4: 前半 n=3704 0.4060 / 後半 n=5243 0.4032  一致  止まると言う
  帯5: 前半 n=2184 0.5174 / 後半 n=2146 0.4967  一致  止まると言う
  帯6: 前半 n=2184 0.5943 / 後半 n=2721 0.5946  一致  続くと言う
  帯7: 前半 n=2183 0.6441 / 後半 n=3108 0.6290  一致  続くと言う
  帯8: 前半 n=2184 0.7005 / 後半 n=3414 0.6980  一致  続くと言う
  帯9: 前半 n=2184 0.7706 / 後半 n=3494 0.7622  一致  続くと言う
  帯10: 前半 n=2184 0.8443 / 後半 n=3194 0.8259  一致  続くと言う

 材料 5(distance_to_liquidation_node)
  帯1: 前半 n=2184 0.7495 / 後半 n=3035 0.6801  一致  続くと言う
  帯2: 前半 n=2184 0.6461 / 後半 n=2627 0.5676  一致  続くと言う
  帯3: 前半 n=2184 0.5435 / 後半 n=2317 0.4847  一致  止まると言う
  帯4: 前半 n=2183 0.4164 / 後半 n=2426 0.3945  一致  止まると言う
  帯5: 前半 n=2184 0.3626 / 後半 n=3088 0.3572  一致  止まると言う
  帯6: 前半 n=2184 0.4249 / 後半 n=2454 0.4340  一致  止まると言う
  帯7: 前半 n=2183 0.5547 / 後半 n=2359 0.5358  一致  止まると言う
  帯8: 前半 n=2184 0.6612 / 後半 n=2641 0.6111  一致  続くと言う
  帯9: 前半 n=2184 0.6886 / 後半 n=3614 0.7031  一致  続くと言う
  帯10: 前半 n=2184 0.7995 / 後半 n=5601 0.7877  一致  続くと言う

==============================================================================
2. 欠測と分母(材料 8・10・12)
==============================================================================
metrics 欠測日 99 日

 材料8: 欠測 15478/52000 = 0.2977
   metrics 欠測日にあるプリント 15350 件、そのうち材料8 欠測 15269 件 (0.9947)
   metrics のある日でも欠測 209 件 (0.0057)
   後半で引ける件数 14934 / 30162
   引ける行の基準率 0.5742 vs 後半全体 0.5846

 材料10: 欠測 14861/52000 = 0.2858
   metrics 欠測日にあるプリント 15350 件、そのうち材料10 欠測 14855 件 (0.9678)
   metrics のある日でも欠測 6 件 (0.0002)
   後半で引ける件数 15303 / 30162
   引ける行の基準率 0.5767 vs 後半全体 0.5846

 材料12: 欠測 21597/52000 = 0.4153
   metrics 欠測日にあるプリント 15350 件、そのうち材料12 欠測 6214 件 (0.4048)
   metrics のある日でも欠測 15383 件 (0.4197)
   後半で引ける件数 17634 / 30162
   引ける行の基準率 0.6925 vs 後半全体 0.5846

 rule_12 の正体(欠測の構造):
   材料12 が欠測 ⟺ 材料1 == 0 か: 一致 52000/52000
   材料12 が引ける行数 30403、材料1>=1 の行数 30403
   規則12 が「続く」と言う帯 = [1, 2, 3, 4, 5, 6, 7, 8, 9, 10](全 10 帯中)
   → 規則12 は引ける行すべてに「続く」と言う(再現率 1.0 の出所)
   rule_1 の「続く」集合 == rule_12 の引ける集合 か: 30162/30162
   ラベル 1 の件数 30403 / 材料1>=1 の件数 30403 (同じ側の前後の対応で構造的にほぼ一致する)

==============================================================================
3. ラベルと損益のずれ(束の位置の排他 4 群で分解)
==============================================================================
群
途中       19072
単発       12029
多件の最初     9169
多件の最後     9169
束の外       2561

 後半の群の内訳:
群
途中       11104
単発        6996
多件の最初     5271
多件の最後     5271
束の外       1520

 後半・t0+1s→60s・清算の向きに乗った損益(群ごと):
   単発       n=6996 日227 中央値-3.0519 p25-8.6395 p75+1.5313 負0.6674 日等重み-3.6807 SE0.1582 平均-3.9662
   多件の最初    n=5271 日227 中央値+4.0533 p25-2.9731 p75+12.5411 負0.3411 日等重み+4.7324 SE0.3050 平均+5.4940
   多件の最後    n=5271 日227 中央値-7.2573 p25-15.7629 p75-0.8990 負0.7801 日等重み-8.2802 SE0.3277 平均-9.7148
   束の外      n=1520 日44 中央値+1.7118 p25-43.9114 p75+36.4258 負0.4882 日等重み-14.7223 SE2.9518 平均-2.8779
   途中       n=11104 日222 中央値+2.5777 p25-8.7830 p75+13.6604 負0.4327 日等重み+2.2507 SE0.4627 平均+2.2031

 規則が「続く」と言った集合の中身(群 × ラベル)と、その群の損益:

  rule_combo の「続く」集合 n=17110
    単発       n=863 (0.050) ラベル1割合0.000 中央値-7.223 平均-8.282 日等重み-8.437
    多件の最初    n=1389 (0.081) ラベル1割合1.000 中央値+3.748 平均+5.872 日等重み+4.384
    多件の最後    n=3726 (0.218) ラベル1割合0.000 中央値-9.071 平均-11.770 日等重み-10.021
    束の外      n=1413 (0.083) ラベル1割合0.845 中央値+2.334 平均-3.131 日等重み-17.233
    途中       n=9719 (0.568) ラベル1割合1.000 中央値+2.225 平均+1.717 日等重み+1.499
    当たり(label=1) n=12302 中央値+2.724 平均+2.369
    外れ(label=0) n=4808 中央値-9.106 平均-12.421

  rule_14 の「続く」集合 n=18399
    単発       n=1812 (0.098) ラベル1割合0.000 中央値-6.340 平均-6.915 日等重み-6.455
    多件の最初    n=2219 (0.121) ラベル1割合1.000 中央値+4.090 平均+5.663 日等重み+4.712
    多件の最後    n=3612 (0.196) ラベル1割合0.000 中央値-9.543 平均-12.042 日等重み-10.419
    束の外      n=1488 (0.081) ラベル1割合0.828 中央値+1.332 平均-3.002 日等重み-15.241
    途中       n=9268 (0.504) ラベル1割合1.000 中央値+2.346 平均+1.691 日等重み+1.246
    当たり(label=1) n=12719 中央値+3.019 平均+2.616
    外れ(label=0) n=5680 中央値-8.766 平均-11.536

  rule_1 の「続く」集合 n=17634
    多件の最後    n=5271 (0.299) ラベル1割合0.000 中央値-7.257 平均-9.715 日等重み-8.280
    束の外      n=1259 (0.071) ラベル1割合0.880 中央値+0.736 平均-4.617 日等重み-20.272
    途中       n=11104 (0.630) ラベル1割合1.000 中央値+2.578 平均+2.203 日等重み+2.251
    当たり(label=1) n=12212 中央値+2.760 平均+2.167
    外れ(label=0) n=5422 中央値-7.522 平均-10.884

 止まる枝も同じ分解(rule_combo):
    単発       n=6133 (0.470) ラベル1割合0.000 中央値+2.694 平均+3.359
    多件の最初    n=3882 (0.297) ラベル1割合1.000 中央値-4.123 平均-5.359
    多件の最後    n=1545 (0.118) ラベル1割合0.000 中央値+3.912 平均+4.757
    束の外      n=107 (0.008) ラベル1割合0.607 中央値+5.247 平均-0.460
    途中       n=1385 (0.106) ラベル1割合1.000 中央値-4.157 平均-5.611

==============================================================================
3b. 「値段の続き」(value_continuation_60)をラベルにしたとき
==============================================================================
 value_continuation_60 の欠測 0
  前半 の「値段の続き」割合 0.5476(清算のラベル 60s は 0.5847)
  後半 の「値段の続き」割合 0.6246(清算のラベル 60s は 0.5846)
  清算のラベル と 値段の続き の一致率(後半) 0.7916
  値段の続きを基準にした前半の基準率 0.5476、上位3材料 [14, 4, 5]

  (a) 規則はそのまま(清算のラベルで作った規則)、当てる先だけ「値段の続き」に替える:
    rule_1: n=30162 的中率0.5939 適合率0.6869 再現率0.6430(後半の基準 0.6246)
    rule_14: n=30162 的中率0.6389 適合率0.7160 再現率0.6993(後半の基準 0.6246)
    rule_4: n=30162 的中率0.5850 適合率0.6984 再現率0.5906(後半の基準 0.6246)
    rule_5: n=30162 的中率0.5907 適合率0.6854 再現率0.6373(後半の基準 0.6246)
    rule_combo: n=30162 的中率0.6229 適合率0.7181 再現率0.6522(後半の基準 0.6246)

  (b) 規則も「値段の続き」で作り直す(前半で作り後半で測る):
    rule_1: 的中率0.5492 適合率0.7271 再現率0.4454 | 続く枝 n=11539 日222 中央値-2.1277 p25-15.5336 p75+10.5601 負0.5456 日等重み-2.5973 SE0.6111 | 止まる枝 n=18623 日228 中央値+0.6655 p25-6.4480 p75+7.5536 負0.4702 日等重み+0.2420 SE0.1790
    rule_14: 的中率0.6389 適合率0.7160 再現率0.6993 | 続く枝 n=18399 日224 中央値-1.7525 p25-13.6124 p75+10.3533 負0.5408 日等重み-2.0143 SE0.4308 | 止まる枝 n=11763 日228 中央値+0.5257 p25-4.9705 p75+5.9707 負0.4726 日等重み+0.0407 SE0.1498
    rule_4: 的中率0.5679 適合率0.7198 再現率0.5047 | 続く枝 n=13210 日222 中央値-1.9657 p25-14.9684 p75+10.2580 負0.5443 日等重み-2.3904 SE0.5190 | 止まる枝 n=16952 日228 中央値+0.6351 p25-6.1731 p75+7.2174 負0.4709 日等重み+0.1880 SE0.1896
    rule_5: 的中率0.5907 適合率0.6854 再現率0.6373 | 続く枝 n=17518 日220 中央値-1.5438 p25-12.6482 p75+9.2493 負0.5404 日等重み-1.7944 SE0.4257 | 止まる枝 n=12644 日228 中央値+0.6244 p25-6.0087 p75+6.9802 負0.4714 日等重み+0.2972 SE0.1955
    rule_15: 的中率0.5615 適合率0.6288 再現率0.7273 | 続く枝 n=21788 日228 中央値-1.0930 p25-9.9407 p75+7.9285 負0.5350 日等重み-1.0413 SE0.2949 | 止まる枝 n=8370 日227 中央値+0.8924 p25-7.1211 p75+9.3949 負0.4642 日等重み+0.8821 SE0.3196
    rule_9: 的中率0.5848 適合率0.6787 再現率0.6373 | 続く枝 n=17684 日224 中央値-1.6665 p25-12.5087 p75+9.2480 負0.5438 日等重み-1.6985 SE0.4142 | 止まる枝 n=12456 日228 中央値+0.5085 p25-6.0926 p75+6.8746 負0.4763 日等重み+0.2534 SE0.1681
    perfect(値段の続きを事後に知る): 続く枝 n=18838 日225 中央値+4.5383 p25-5.4847 p75+14.0540 負0.3646 日等重み+4.1220 SE0.3621 | 止まる枝 n=11324 日228 中央値+6.2027 p25+1.3171 p75+13.4076 負0.1794 日等重み+7.9640 SE0.3836

==============================================================================
4. 完全な判断(perfect)と規則の差はどこで失われるか
==============================================================================
 後半・主格子。perfect は label_60 を事後に知る。
   perfect      続く: n=17634 日227 中央値+3.3314 p25-7.1081 p75+14.2185 負0.4045 日等重み+3.0272 SE0.4383 平均+3.3267
   perfect      止まる: n=12528 日228 中央値+4.6298 p25-0.6216 p75+11.8174 負0.2802 日等重み+5.9332 SE0.3409 平均+7.0697
   rule_combo   続く: n=17110 日224 中央値-1.6744 p25-13.7091 p75+10.4477 負0.5391 日等重み-2.0702 SE0.4456 平均-1.7872
   rule_combo   止まる: n=13052 日228 中央値+0.6232 p25-5.2489 p75+6.4490 負0.4689 日等重み+0.1892 SE0.1288 平均-0.0515
   rule_14      続く: n=18399 日224 中央値-1.7525 p25-13.6124 p75+10.3533 負0.5408 日等重み-2.0143 SE0.4308 平均-1.7528
   rule_14      止まる: n=11763 日228 中央値+0.5257 p25-4.9705 p75+5.9707 負0.4726 日等重み+0.0407 SE0.1498 平均-0.1992
   rule_1       続く: n=17634 日227 中央値-1.5787 p25-12.6717 p75+9.3775 負0.5409 日等重み-1.7326 SE0.4253 平均-1.8462
   rule_1       止まる: n=12528 日228 中央値+0.6071 p25-5.9053 p75+7.0109 負0.4718 日等重み+0.1771 SE0.1738 平均-0.2115

 2x2(規則 rule_combo の判断 × 事後のラベル)ごとの 1 件あたり損益(清算の向きに乗った値):
   予測続く × 実際続く: n=12302 中央値+2.7242 平均+2.3689 日等重み+1.6994
   予測続く × 実際止まる: n=4808 中央値-9.1061 平均-12.4213 日等重み-10.1116
   予測止まる × 実際続く: n=5332 中央値+4.1642 平均+5.5365 日等重み+4.9815
   予測止まる × 実際止まる: n=7720 中央値-2.9262 平均-3.7368 日等重み-3.6200

 perfect の 2 枝の中身(群の割合):
   perfect 続く枝(label=1) n=17634: 多件の最初0.299, 束の外0.071, 途中0.630
   perfect 止まる枝(label=0) n=12528: 単発0.558, 多件の最後0.421, 束の外0.021

==============================================================================
5. 逆張りの枝(all_stop・規則の止まる枝・2 件目以降を逆張り)
==============================================================================
 all_stop(全部逆張り) n=30162 日228 中央値+1.0297 p25-7.7082 p75+9.7297 負0.4638 日等重み+1.0211 SE0.2686 平均+0.9915
   rule_combo 止まる枝 n=13052 日228 中央値+0.6232 p25-5.2489 p75+6.4490 負0.4689 日等重み+0.1892 SE0.1288 平均-0.0515
   rule_14 止まる枝 n=11763 日228 中央値+0.5257 p25-4.9705 p75+5.9707 負0.4726 日等重み+0.0407 SE0.1498 平均-0.1992
   rule_1 止まる枝 n=12528 日228 中央値+0.6071 p25-5.9053 p75+7.0109 負0.4718 日等重み+0.1771 SE0.1738 平均-0.2115
   rule_5 止まる枝 n=12644 日228 中央値+0.6244 p25-6.0087 p75+6.9802 負0.4714 日等重み+0.2972 SE0.1955 平均-0.1215
   rule_4 止まる枝 n=14231 日228 中央値+0.6211 p25-5.9889 p75+7.0689 負0.4706 日等重み+0.2115 SE0.1784 平均-0.1795

 2 件目以降(材料1>=1)を全部逆張り: n=17634 日227 中央値+1.5787 p25-9.3775 p75+12.6717 負0.4581 日等重み+1.7326 SE0.4253 平均+1.8462
 1 件目(材料1==0)を全部逆張り:     n=12528 日228 中央値+0.6071 p25-5.9053 p75+7.0109 負0.4718 日等重み+0.1771 SE0.1738 平均-0.2115

 探索段 5 との突き合わせ(探索段 5 は 456 日・p0 起点・r(60)、ここは後半 228 日・t0+1s 入り→60 秒):
   1 件目(材料1==0): n=12528 清算の向きの平均 +0.2115 ± 0.1738 中央値 -0.6071
   2 件目以降(材料1>=1): n=17634 清算の向きの平均 -1.8462 ± 0.4253 中央値 -1.5787

 日ごとの分布(後半 228 日、主格子):
   all_stop               日数228 負の日0.3158 上位5日/全体+0.4042 合計+29906.4bp 日中央値+68.0544
   rule_combo 止まる枝        日数228 負の日0.4518 上位5日/全体-1.7537 合計-672.7bp 日中央値+6.2054
   2 件目以降を逆張り             日数227 負の日0.2775 上位5日/全体+0.3577 合計+32556.0bp 日中央値+53.8345
   1 件目を逆張り               日数228 負の日0.5000 上位5日/全体-0.5452 合計-2649.5bp 日中央値-0.4255
   all_continue           日数228 負の日0.6842 上位5日/全体-0.2736 合計-29906.4bp 日中央値-68.0544
   2 件目以降を逆張り 上位5日: 2024-04-17:+2797, 2024-03-15:+2355, 2024-08-05:+2341, 2024-03-14:+2133, 2024-03-05:+2020
   同 下位5日: 2024-05-15:-569, 2024-02-28:-857, 2024-05-01:-1421, 2024-09-04:-2074, 2024-04-12:-2295

==============================================================================
6. 保有期間(30/60/300)と入る時点(t0+1/3/5 秒)
==============================================================================

 all_continue
   e=1s: h30続 中-0.70/日等-0.89 | h60続 中-1.03/日等-1.02 | h300続 中-3.72/日等-3.24
   e=3s: h30続 中-0.57/日等-0.76 | h60続 中-0.87/日等-0.89 | h300続 中-3.67/日等-3.09
   e=5s: h30続 中-0.41/日等-0.49 | h60続 中-0.67/日等-0.65 | h300続 中-3.41/日等-2.81

 all_stop
   e=1s: h30止 中+0.70/日等+0.89 | h60止 中+1.03/日等+1.02 | h300止 中+3.72/日等+3.24
   e=3s: h30止 中+0.57/日等+0.76 | h60止 中+0.87/日等+0.89 | h300止 中+3.67/日等+3.09
   e=5s: h30止 中+0.41/日等+0.49 | h60止 中+0.67/日等+0.65 | h300止 中+3.41/日等+2.81

 perfect
   e=1s: h30続 中+2.46/日等+2.16 | h30止 中+3.60/日等+4.58 | h60続 中+3.33/日等+3.03 | h60止 中+4.63/日等+5.93 | h300続 中-0.92/日等-0.61 | h300止 中+6.09/日等+6.65
   e=3s: h30続 中+2.28/日等+1.94 | h30止 中+3.06/日等+3.98 | h60続 中+3.04/日等+2.67 | h60止 中+4.05/日等+5.17 | h300続 中-1.37/日等-0.95 | h300止 中+5.57/日等+5.88
   e=5s: h30続 中+2.32/日等+2.13 | h30止 中+2.72/日等+3.57 | h60続 中+2.90/日等+2.71 | h60止 中+3.62/日等+4.63 | h300続 中-1.33/日等-0.87 | h300止 中+5.24/日等+5.32

 rule_combo
   e=1s: h30続 中-1.12/日等-1.78 | h30止 中+0.44/日等+0.17 | h60続 中-1.67/日等-2.07 | h60止 中+0.62/日等+0.19 | h300続 中-6.39/日等-6.23 | h300止 中+1.99/日等+1.13
   e=3s: h30続 中-0.86/日等-1.47 | h30止 中+0.38/日等+0.12 | h60続 中-1.29/日等-1.78 | h60止 中+0.60/日等+0.13 | h300続 中-6.12/日等-5.94 | h300止 中+1.91/日等+1.06
   e=5s: h30続 中-0.64/日等-0.96 | h30止 中+0.26/日等+0.04 | h60続 中-1.12/日等-1.36 | h60止 中+0.39/日等+0.04 | h300続 中-5.90/日等-5.43 | h300止 中+1.76/日等+0.96

 perfect の続く枝が h=300 で負になる中身(群ごと、後半):
   h=30: 全体 中央値+2.462 平均+2.655
      多件の最初    n=5271 中央値+2.903 平均+4.139
      束の外      n=1259 中央値+6.429 平均+5.914
      途中       n=11104 中央値+1.929 平均+1.581
   h=60: 全体 中央値+3.331 平均+3.327
      多件の最初    n=5271 中央値+4.053 平均+5.494
      束の外      n=1259 中央値+9.855 平均+4.163
      途中       n=11104 中央値+2.578 平均+2.203
   h=300: 全体 中央値-0.921 平均+0.393
      多件の最初    n=5271 中央値+2.512 平均+5.466
      束の外      n=1259 中央値-25.046 平均-13.250
      途中       n=11104 中央値-2.432 平均-0.469

==============================================================================
7. Q7 の対照(取れた割合・帯の偏り・プリント側との差)
==============================================================================
 取れた合計 22545 / 対象合計 30136 = 0.7481
 対象合計 30136 と 後半プリント 30162 の差 26 件(材料15 か 9 が引けない行)
 52,000 を分母にすると 0.4336(Q7 は後半だけで作るので分母が違う)

 材料15 の帯ごと(委任先の q7 表と同じ数え方):
   帯1: 対象2625 取れた2512 0.9570 一致
   帯2: 対象3389 取れた2846 0.8398 一致
   帯3: 対象3608 取れた2697 0.7475 一致
   帯4: 対象3479 取れた2419 0.6953 一致
   帯5: 対象3244 取れた2208 0.6806 一致
   帯6: 対象3064 取れた2007 0.6550 一致
   帯7: 対象2996 取れた1952 0.6515 一致
   帯8: 対象2649 取れた1741 0.6572 一致
   帯9: 対象2343 取れた1625 0.6936 一致
   帯10: 対象2739 取れた2538 0.9266 一致

 材料9 の帯ごと(反証者が新しく切った):
   帯1: 対象1988 取れた1874 0.9427
   帯2: 対象1637 取れた1002 0.6121
   帯3: 対象1833 取れた960 0.5237
   帯4: 対象2128 取れた1065 0.5005
   帯5: 対象2724 取れた1416 0.5198
   帯6: 対象3981 取れた2424 0.6089
   帯7: 対象5381 取れた3935 0.7313
   帯8: 対象5259 取れた4767 0.9064
   帯9: 対象2970 取れた2879 0.9694
   帯10: 対象2235 取れた2223 0.9946

 取れた候補の帯の分布 vs 対象のプリントの帯の分布(材料15):
   帯1: プリント側 0.0871 → 対照側 0.1114 (差 +0.0243)
   帯2: プリント側 0.1125 → 対照側 0.1262 (差 +0.0138)
   帯3: プリント側 0.1197 → 対照側 0.1196 (差 -0.0001)
   帯4: プリント側 0.1154 → 対照側 0.1073 (差 -0.0081)
   帯5: プリント側 0.1076 → 対照側 0.0979 (差 -0.0097)
   帯6: プリント側 0.1017 → 対照側 0.0890 (差 -0.0127)
   帯7: プリント側 0.0994 → 対照側 0.0866 (差 -0.0128)
   帯8: プリント側 0.0879 → 対照側 0.0772 (差 -0.0107)
   帯9: プリント側 0.0777 → 対照側 0.0721 (差 -0.0057)
   帯10: プリント側 0.0909 → 対照側 0.1126 (差 +0.0217)

 Q7 のラベル(値段の続き)とプリント側の比較:
   対照側の「値段の続き」割合 0.2620 (欠測 1)
   後半プリント側の「値段の続き」割合 0.6246
   rule_9(値段の続きで作り直した規則): 対照側 的中率0.5233 (n=22545) / プリント側 的中率0.5848(n=30140)
   rule_15(値段の続きで作り直した規則): 対照側 的中率0.4064 (n=22545) / プリント側 的中率0.5615(n=30158)

 Q7 候補が 1 プリントに 1 件取れているか(重複):
   対照候補の時刻 22545 種 / 22545 件
   対照候補の出口が引けなかった件数 0

==============================================================================
8. データ妥当性
==============================================================================
 (a) p_entry_1 は t0+1 秒『以前』の最後の約定(at_or_before)。p0 と同じ値の割合:
   p_entry_1 == p0 : 9221/52000 = 0.1773
   p_entry_3 == p0 : 3776/52000 = 0.0726
   p_entry_5 == p0 : 2321/52000 = 0.0446
   p_entry_1 == p_entry_3 : 0.1192
 (b) 出口の欠測:
   p_entry_1: 欠測 0(0.00000)
   p_entry_3: 欠測 0(0.00000)
   p_entry_5: 欠測 0(0.00000)
   p_exit_e1_h30: 欠測 0(0.00000)
   p_exit_e1_h60: 欠測 0(0.00000)
   p_exit_e1_h300: 欠測 0(0.00000)
   p_exit_e3_h30: 欠測 0(0.00000)
   p_exit_e3_h60: 欠測 0(0.00000)
   p_exit_e3_h300: 欠測 0(0.00000)
   p_exit_e5_h30: 欠測 0(0.00000)
   p_exit_e5_h60: 欠測 0(0.00000)
   p_exit_e5_h300: 欠測 0(0.00000)
 (c) 重なり(同じ 60 秒に入るプリント数、後半):
   自分を含む ±60 秒のプリント数: 中央値3 平均5.08 p90 12 最大56
   ±60 秒に自分しかいない割合 0.2319
   60 秒の区切りに落とした独立な枠の数 15880(n=30162、1 枠あたり 1.90 件)
   後半の日数 228、1 日あたり 132.3 件
 (d) 材料が p0 に依るか(試験が変えていない入力を反証者が変えて測る):
   直前の同じ側が 30 秒前(材料1>=1)のとき、p0 を変えて値が変わる材料: []
   直前の同じ側が無い(材料1==0)のとき、p0 を変えて値が変わる材料: [4]
      材料4: p0=30003.6 -> -1331.6402031756195 / p0=31003.6 -> -966.1458669315826
   行データでの裏取り(材料1==0 の行で 材料4 が −k(bp) と一致するか):
      |材料4| == k(bp) の行 21597/21597 = 1.0000(材料1==0 の行のみ)
      材料1>=1 の行では 269/30403
      材料4 の帯 1〜4 に入る行のうち 材料1==0 の割合 0.9275、帯 1〜4 の行数 20820

==============================================================================
9. 前半 / 後半の違いと切り値の安定性
==============================================================================
 前半: 日数228 清算21838 1日あたり95.8 p0 24452.8〜50426.6 中央値36573.9 基準率60s 0.5847 SELL割合0.5881
 後半: 日数228 清算30162 1日あたり132.3 p0 48344.0〜73889.2 中央値63345.5 基準率60s 0.5846 SELL割合0.6371
 後半 / 前半 の清算数の比 1.381

 後半だけで切り直したとき、後半の行の帯が変わる割合:
   材料 1: 0.0000
   材料 2: 0.0831
   材料 3: 0.0582
   材料 4: 0.2207
   材料 5: 0.5060
   材料 8: 0.0206
   材料 9: 0.6140
   材料10: 0.5407
   材料11: 0.6752
   材料12: 0.1132
   材料13: 0.4455
   材料14: 0.6107
   材料15: 0.2375
   13 材料の中央値 0.2375、最小 0.0000、最大 0.6752

 後半だけで規則を作り直したら「続く」と言う帯は変わるか(前半の規則との比較):
   材料1: 前半 [7, 8, 9, 10] / 後半 [8, 9, 10] ★違う
   材料14: 前半 [6, 7, 8, 9, 10] / 後半 [7, 8, 9, 10] ★違う
   材料4: 前半 [6, 7, 8, 9, 10] / 後半 [6, 7, 8, 9, 10] 同じ
   材料5: 前半 [1, 2, 8, 9, 10] / 後半 [1, 8, 9, 10] ★違う
   材料15: 前半 [4, 5, 6, 7, 8, 9] / 後半 [3, 4, 6, 7, 8, 9] ★違う
   材料9: 前半 [2, 3, 4, 5, 6, 7] / 後半 [2, 3, 4, 5, 6, 7] 同じ

==============================================================================
10. 多重性
==============================================================================
 委任先の行数 385、セル数 2497
 設計の見積もり 407 との差 -22
 反証者が新しく切ったセルの数(この走りで数えた) 1096

==============================================================================
完了
==============================================================================

==============================================================================
11. 規則どうしの重なり(15 本は何本ぶんの別々の判断か)
==============================================================================
  一致率(後半、両方が引ける行だけ):
            1     2     3     4     5     6     8     9    10    11    12    13    14    15 combo
      1  .000  .644  .489  .938  .668  .532  .634  .641  .506  .509  .000  .554  .742  .518  .821
      2  .644  .000  .466  .652  .600  .557  .656  .584  .425  .436  .803  .537  .628  .530  .640
      3  .489  .466  .000  .498  .487  .480  .449  .486  .537  .607  .421  .489  .485  .485  .493
      4  .938  .652  .498  .000  .661  .518  .591  .630  .536  .535  .899  .555  .741  .514  .831
      5  .668  .600  .487  .661  .000  .539  .709  .613  .522  .495  .713  .546  .684  .515  .812
      6  .532  .557  .480  .518  .539  .000  .565  .545  .436  .451  .637  .517  .569  .518  .545
      8  .634  .656  .449  .591  .709  .565  .000  .574  .391  .395  .889  .545  .608  .567  .655
      9  .641  .584  .486  .630  .613  .545  .574  .000  .518  .507  .695  .618  .702  .531  .673
     10  .506  .425  .537  .536  .522  .436  .391  .518  .000  .595  .317  .501  .551  .463  .556
     11  .509  .436  .607  .535  .495  .451  .395  .507  .595  .000  .345  .500  .519  .466  .525
     12  .000  .803  .421  .899  .713  .637  .889  .695  .317  .345  .000  .584  .801  .592  .832
     13  .554  .537  .489  .555  .546  .517  .545  .618  .501  .500  .584  .000  .564  .532  .558
     14  .742  .628  .485  .741  .684  .569  .608  .702  .551  .519  .801  .564  .000  .519  .833
     15  .518  .530  .485  .514  .515  .518  .567  .531  .463  .466  .592  .532  .519  .000  .511
  combo  .821  .640  .493  .831  .812  .545  .655  .673  .556  .525  .832  .558  .833  .511  .000

  「続く」と言った件数が rule_1 とそろう規則:
   rule_1: 一致率 1.0000 (n=30162)
   rule_2: 一致率 0.6444 (n=30162)
   rule_3: 一致率 0.4892 (n=30162)
   rule_4: 一致率 0.9382 (n=30162)
   rule_5: 一致率 0.6685 (n=30162)
   rule_6: 一致率 0.5320 (n=30162)
   rule_8: 一致率 0.6343 (n=14934)
   rule_9: 一致率 0.6410 (n=30140)
   rule_10: 一致率 0.5056 (n=15303)
   rule_11: 一致率 0.5085 (n=30162)
   rule_12: 一致率 1.0000 (n=17634)
   rule_13: 一致率 0.5539 (n=30140)
   rule_14: 一致率 0.7417 (n=30162)
   rule_15: 一致率 0.5179 (n=30158)
   rule_combo: 一致率 0.8212 (n=30162)

==============================================================================
12. 規則が『多件の最後』をどちらの枝に入れるか
==============================================================================
   rule_1      多件の最後 : 「続く」に入れた 5271/5271 = 1.0000
   rule_1      単発    : 「続く」に入れた 0/6996 = 0.0000
   rule_1      多件の最初 : 「続く」に入れた 0/5271 = 0.0000
   rule_1      途中    : 「続く」に入れた 11104/11104 = 1.0000

   rule_4      多件の最後 : 「続く」に入れた 4501/5271 = 0.8539
   rule_4      単発    : 「続く」に入れた 26/6996 = 0.0037
   rule_4      多件の最初 : 「続く」に入れた 46/5271 = 0.0087
   rule_4      途中    : 「続く」に入れた 10131/11104 = 0.9124

   rule_5      多件の最後 : 「続く」に入れた 3028/5271 = 0.5745
   rule_5      単発    : 「続く」に入れた 2192/6996 = 0.3133
   rule_5      多件の最初 : 「続く」に入れた 2583/5271 = 0.4900
   rule_5      途中    : 「続く」に入れた 8475/11104 = 0.7632

   rule_14     多件の最後 : 「続く」に入れた 3612/5271 = 0.6853
   rule_14     単発    : 「続く」に入れた 1812/6996 = 0.2590
   rule_14     多件の最初 : 「続く」に入れた 2219/5271 = 0.4210
   rule_14     途中    : 「続く」に入れた 9268/11104 = 0.8347

   rule_combo  多件の最後 : 「続く」に入れた 3726/5271 = 0.7069
   rule_combo  単発    : 「続く」に入れた 863/6996 = 0.1234
   rule_combo  多件の最初 : 「続く」に入れた 1389/5271 = 0.2635
   rule_combo  途中    : 「続く」に入れた 9719/11104 = 0.8753


==============================================================================
13. 分岐点(何割当たれば取り分が 0 になるか)
==============================================================================
 rule_combo 続く枝: 当たりの平均 +2.3689 / 外れの平均 -12.4213 → 取り分 0 になる適合率 0.8398(実際 0.7190)
 rule_combo 止まる枝: 当たりの平均 +3.7368 / 外れの平均 -5.5365 → 取り分 0 になる的中割合 0.5970(実際 0.5915)
 rule_14 続く枝: 当たりの平均 +2.6162 / 外れの平均 -11.5361 → 取り分 0 になる適合率 0.8151(実際 0.6913)
 rule_14 止まる枝: 当たりの平均 +3.3651 / 外れの平均 -5.1654 → 取り分 0 になる的中割合 0.6055(実際 0.5822)
 rule_1 続く枝: 当たりの平均 +2.1666 / 外れの平均 -10.8844 → 取り分 0 になる適合率 0.8340(実際 0.6925)
 rule_1 止まる枝: 当たりの平均 +4.1591 / 外れの平均 -5.9395 → 取り分 0 になる的中割合 0.5882(実際 0.5672)

==============================================================================
14. Q7 の対照はプリントと同じ荒さの瞬間か
==============================================================================
  後半のプリント        n=30162 60 秒の動き(向き付き bp) p10-21.99 p25-9.73 中央-1.03 p75+7.71 p90+20.59 四分位幅 17.44 |値|の中央 8.78
  Q7 の対照候補       n=22545 60 秒の動き(向き付き bp) p10-7.52 p25-3.53 中央-0.02 p75+3.03 p90+6.67 四分位幅 6.56 |値|の中央 3.28
  四分位幅の比(プリント ÷ 対照) 2.659
  「値段の続き」(5bp 以上進む)割合: プリント 0.6246 / 対照 0.2620
  合わせた 2 材料の分布(後半のプリント vs 対照候補):
   材料15: プリント p25+0.2863 中央+0.4499 p75+0.6642 / 対照 p25+0.2608 中央+0.4303 p75+0.6740
   材料9: プリント p25+0.3507 中央+0.6561 p75+0.8989 / 対照 p25+0.4197 中央+0.7500 p75+0.9496

==============================================================================
15. 束の外(2,561 件)の影響と上位 5 日の寄与
==============================================================================
 all_stop から束の外を抜くと: n=28642 日228 中央値+1.0544 p25-7.1326 p75+9.3368 負0.4613 日等重み+0.9498 SE0.2191 平均+0.8914(抜く前 中央値+1.0297 日等重み+1.0211)
 all_stop 日ごと: 負の日0.3158 上位5日/全体+0.4042 合計+29906.4
 all_stop 上位5日: 2024-03-15:+2736, 2024-04-17:+2669, 2024-03-14:+2483, 2024-03-12:+2170, 2024-09-06:+2029

==============================================================================
16. 前半でも同じ向きか(反証者の追加の切り。規則を使わない層なので前半でも測れる)
==============================================================================
  前半 1 件目(材料1==0)を逆張り           n=9069 日228 中央値+0.7042 p25-4.0308 p75+5.9425 負0.4501 日等重み+0.2450 SE0.1694 平均+0.1579 負の日0.4386 上位5日/全体+0.9917
  前半 2 件目以降(材料1>=1)を逆張り         n=12769 日222 中央値+3.3786 p25-5.8611 p75+13.5716 負0.3922 日等重み+3.3034 SE2.6116 平均-0.1281 負の日0.1982 上位5日/全体-6.3681
  前半 全部逆張り                      n=21838 日228 中央値+1.8397 p25-4.8436 p75+9.8409 負0.4162 日等重み+1.7404 SE1.5269 平均-0.0093 負の日0.2061 上位5日/全体-50.0607

==============================================================================
17. 多重性(追補ぶんを足した合計)
==============================================================================
 反証者が新しく切ったセルの数(追補まで含めた合計) 1478

==============================================================================
18. 逆張りの取り分は前半にもあるか(半期ごとに分けて測る)
==============================================================================
 前半 全部逆張り: n=21838 日228 中央値+1.8397 p25-4.8436 p75+9.8409 負0.4162 日等重み+1.7404 SE1.5269 平均-0.0093 負の日0.2061 合計-203.8
   └ 束の外(1041 件)を抜くと: n=20797 日228 中央値+1.9073 p25-4.4003 p75+9.5093 負0.4096 日等重み+2.3493 SE0.2592 平均+2.3914
   下位5日: 2023-08-17:-30374, 2023-10-16:-7755, 2023-10-23:-7415, 2024-01-03:-3098, 2023-12-11:-2795
   上位5日: 2024-01-05:+1514, 2023-08-31:+1584, 2024-01-10:+1848, 2024-01-12:+1954, 2024-01-09:+3305
 後半 全部逆張り: n=30162 日228 中央値+1.0297 p25-7.7082 p75+9.7297 負0.4638 日等重み+1.0211 SE0.2686 平均+0.9915 負の日0.3158 合計+29906.4
   └ 束の外(1520 件)を抜くと: n=28642 日228 中央値+1.0544 p25-7.1326 p75+9.3368 負0.4613 日等重み+0.9498 SE0.2191 平均+0.8914
   下位5日: 2024-04-12:-2465, 2024-09-04:-2189, 2024-05-01:-1691, 2024-03-08:-931, 2024-02-28:-908
   上位5日: 2024-09-06:+2029, 2024-03-12:+2170, 2024-03-14:+2483, 2024-04-17:+2669, 2024-03-15:+2736

 排他 4 群の 1 件あたり(清算の向き、t0+1s→60s)を半期ごとに:
  前半: 多件の最初 n=3898 中+2.37 平均+3.68±0.29 | 途中 n=7968 中-0.77 平均-1.33±0.55 | 単発 n=5033 中-2.30 平均-3.43±0.14 | 多件の最後 n=3898 中-6.98 平均-9.28±0.32 | 束の外 n=1041 中+8.16 平均+47.97±25.86
  後半: 多件の最初 n=5271 中+4.05 平均+5.49±0.31 | 途中 n=11104 中+2.58 平均+2.20±0.46 | 単発 n=6996 中-3.05 平均-3.97±0.16 | 多件の最後 n=5271 中-7.26 平均-9.71±0.33 | 束の外 n=1520 中+1.71 平均-2.88±2.95

 半期ごとの「2 件目以降を逆張り」:
  前半: n=12769 日222 中央値+3.3786 p25-5.8611 p75+13.5716 負0.3922 日等重み+3.3034 SE2.6116 平均-0.1281 負の日0.1982 上位5日/全体-6.3681 合計-1635.5
  後半: n=17634 日227 中央値+1.5787 p25-9.3775 p75+12.6717 負0.4581 日等重み+1.7326 SE0.4253 平均+1.8462 負の日0.2775 上位5日/全体+0.3577 合計+32556.0

==============================================================================
19. 多重性(最終)
==============================================================================
 反証者が新しく切ったセルの数(合計) 1560
