# Hyperliquid probes for O-3c supplement C, 2026-09-12 (UTC times)
[2026-09-12T06:43:14Z] POST https://api.hyperliquid.xyz/info | desc=userFillsByTime HLP vault (0xdfc24b077bc1425ad1dea75bcb6f8158e10df303) small window | HTTP=200 | bytes=2 | head200: []
[2026-09-12T06:43:15Z] POST https://api.hyperliquid.xyz/info | desc=meta (asset list) | HTTP=200 | bytes=17628 | head200: {"universe":[{"szDecimals":5,"name":"BTC","maxLeverage":40,"marginTableId":56},{"szDecimals":4,"name":"ETH","maxLeverage":25,"marginTableId":55},{"szDecimals":2,"name":"ATOM","maxLeverage":5,"marginTa
[2026-09-12T06:43:15Z] POST https://api.hyperliquid.xyz/info | desc=metaAndAssetCtxs (OI/funding snapshot) | HTTP=200 | bytes=72182 | head200: [{"universe":[{"szDecimals":5,"name":"BTC","maxLeverage":40,"marginTableId":56},{"szDecimals":4,"name":"ETH","maxLeverage":25,"marginTableId":55},{"szDecimals":2,"name":"ATOM","maxLeverage":5,"marginT
[2026-09-12T06:43:16Z] POST https://api.hyperliquid.xyz/info | desc=candleSnapshot BTC 1m recent 1h window | HTTP=200 | bytes=2 | head200: []
[2026-09-12T06:43:16Z] POST https://api.hyperliquid.xyz/info | desc=candleSnapshot BTC 1m old window 2023-07-01 | HTTP=200 | bytes=2 | head200: []
[2026-09-12T06:43:16Z] POST https://api.hyperliquid.xyz/info | desc=candleSnapshot BTC 1m pre-launch 2022-01-01 (expect empty) | HTTP=200 | bytes=2 | head200: []
[2026-09-12T06:43:36Z] POST https://api.hyperliquid.xyz/info | desc=candleSnapshot BTC 1m TRUE-recent window (2026-09-12 05:00-06:00 UTC) | HTTP=200 | bytes=8173 | head200: [{"t":1789189200000,"T":1789189259999,"s":"BTC","i":"1m","o":"77188.0","c":"77189.0","h":"77189.0","l":"77188.0","v":"2.20085","n":51},{"t":1789189260000,"T":1789189319999,"s":"BTC","i":"1m","o":"7718
[2026-09-12T06:43:48Z] POST https://api.hyperliquid.xyz/info | desc=candleSnapshot BTC 1m ~30d ago 1h window | HTTP=200 | bytes=2 | head200: []
[2026-09-12T06:43:48Z] POST https://api.hyperliquid.xyz/info | desc=candleSnapshot BTC 1m ~90d ago 1h window | HTTP=200 | bytes=2 | head200: []
[2026-09-12T06:43:49Z] POST https://api.hyperliquid.xyz/info | desc=candleSnapshot BTC 1m ~180d ago 1h window | HTTP=200 | bytes=2 | head200: []
[2026-09-12T06:43:49Z] POST https://api.hyperliquid.xyz/info | desc=candleSnapshot BTC 1m ~365d ago 1h window | HTTP=200 | bytes=2 | head200: []
[2026-09-12T06:43:57Z] POST https://api.hyperliquid.xyz/info | desc=candleSnapshot BTC 1m ~1d ago 1h window | HTTP=200 | bytes=8222 | head200: [{"t":1789106400000,"T":1789106459999,"s":"BTC","i":"1m","o":"77238.0","c":"77208.0","h":"77238.0","l":"77208.0","v":"13.79789","n":181},{"t":1789106460000,"T":1789106519999,"s":"BTC","i":"1m","o":"77
[2026-09-12T06:43:58Z] POST https://api.hyperliquid.xyz/info | desc=candleSnapshot BTC 1m ~3d ago 1h window | HTTP=200 | bytes=8251 | head200: [{"t":1788933600000,"T":1788933659999,"s":"BTC","i":"1m","o":"78911.0","c":"78902.0","h":"78938.0","l":"78901.0","v":"4.11094","n":179},{"t":1788933660000,"T":1788933719999,"s":"BTC","i":"1m","o":"789
[2026-09-12T06:43:58Z] POST https://api.hyperliquid.xyz/info | desc=candleSnapshot BTC 1m ~5d ago 1h window | HTTP=200 | bytes=2 | head200: []
[2026-09-12T06:43:58Z] POST https://api.hyperliquid.xyz/info | desc=candleSnapshot BTC 1m ~7d ago 1h window | HTTP=200 | bytes=2 | head200: []
[2026-09-12T06:43:59Z] POST https://api.hyperliquid.xyz/info | desc=candleSnapshot BTC 1m ~10d ago 1h window | HTTP=200 | bytes=2 | head200: []
[2026-09-12T06:43:59Z] POST https://api.hyperliquid.xyz/info | desc=candleSnapshot BTC 1m ~14d ago 1h window | HTTP=200 | bytes=2 | head200: []
[2026-09-12T06:43:59Z] POST https://api.hyperliquid.xyz/info | desc=candleSnapshot BTC 1m ~21d ago 1h window | HTTP=200 | bytes=2 | head200: []
[2026-09-12T06:44:06Z] POST https://api.hyperliquid.xyz/info | desc=candleSnapshot BTC 1m ~4d ago 1h window | HTTP=200 | bytes=2 | head200: []
[2026-09-12T06:44:07Z] POST https://api.hyperliquid.xyz/info | desc=candleSnapshot BTC 1m ~4.5d ago 1h window | HTTP=200 | bytes=2 | head200: []
[2026-09-12T06:44:20Z] GET https://hyperliquid-archive.s3.amazonaws.com/?list-type=2&delimiter=/&max-keys=20 | desc=hyperliquid-archive bucket top-level listing (anonymous) | HTTP=403 | bytes=321 | head200: <?xml version="1.0" encoding="UTF-8"?> <Error><Code>AccessDenied</Code><Message>Anonymous users cannot invoke requests against Requester Pays buckets. Please authenticate.</Message><RequestId>AS1GQJTACV1KW13Y</RequestId><HostId>iI4q4pP+kS++zdCSu7xr9uGw1H37ZpowCd+pvmgiBX3GjV8eLf82QURVxGULNjULu0RnOeul
[2026-09-12T06:44:20Z] GET https://hyperliquid-archive.s3.amazonaws.com/?list-type=2&prefix=market_data/&delimiter=/&max-keys=20 | desc=hyperliquid-archive market_data/ prefix listing | HTTP=403 | bytes=321 | head200: <?xml version="1.0" encoding="UTF-8"?> <Error><Code>AccessDenied</Code><Message>Anonymous users cannot invoke requests against Requester Pays buckets. Please authenticate.</Message><RequestId>AS1G0GMWXQR0TK55</RequestId><HostId>bXuEzYPJyRAng2EDAlq60A0NEsBV3eTe3bgoDcEY3pBpamRf1LW3dgfixApWiqOBcViE0HU3
[2026-09-12T06:44:21Z] GET https://hl-mainnet-node-data.s3.amazonaws.com/?list-type=2&delimiter=/&max-keys=20 | desc=hl-mainnet-node-data bucket top-level listing (anonymous) | HTTP=403 | bytes=341 | head200: <?xml version="1.0" encoding="UTF-8"?> <Error><Code>AccessDenied</Code><Message>Anonymous users cannot invoke requests against Requester Pays buckets. Please authenticate.</Message><RequestId>A2H9RHREXCTWVQ31</RequestId><HostId>FiQBkyRscRxGxgqNFnU7Jgwbb4G9LE+BLxIhFY0w722IxRD5QLQCVDtWO0kagp0MN78Mhiql
[2026-09-12T06:45:10Z] GET https://api.hypurrscan.io/liquidations | desc=hypurrscan API guess: liquidations endpoint | HTTP=404 | bytes=83 | head200: {"type": "about:blank", "title": "Not Found", "detail": "Not Found", "status": 404}
[2026-09-12T06:45:10Z] GET https://api.hyperliquid.xyz/info | desc=info endpoint GET (should fail, only POST supported) - sanity check | HTTP=405 | bytes=0 | head200: 
[2026-09-12T06:45:39Z] GET https://www.okx.com/api/v5/public/open-interest?instType=SWAP&instId=BTC-USDT-SWAP | desc=OKX BTC-USDT-SWAP OI for C4 cross-exchange comparison | HTTP=200 | bytes=189 | head200: {"code":"0","data":[{"instId":"BTC-USDT-SWAP","instType":"SWAP","oi":"2744294.82000001198","oiCcy":"27442.9482000001198","oiUsd":"2120917274.45772925869508","ts":"1789195540097"}],"msg":""}
[2026-09-12T06:45:40Z] GET https://www.okx.com/api/v5/market/ticker?instId=BTC-USDT-SWAP | desc=OKX BTC-USDT-SWAP 24h volume for C4 cross-exchange comparison | HTTP=200 | bytes=340 | head200: {"code":"0","data":[{"instType":"SWAP","instId":"BTC-USDT-SWAP","last":"77290","lastSz":"6.52","askPx":"77290","askSz":"436.11","bidPx":"77289.9","bidSz":"2061.92","open24h":"77214.9","high24h":"79888","low24h":"75866","volCcy24h":"105123.5509","vol24h":"10512355.09","ts":"1789195540434","sodUtc0":"
[2026-09-12T06:44:15Z] WebFetch https://hyperliquid.gitbook.io/hyperliquid-docs/historical-data | desc=S3 archive path format / retention / requester-pays (primary doc) | 結果=200相当(WebFetchで内容取得成功、S3バケット名・パス形式・requester-pays条項を引用取得)
[2026-09-12T06:44:40Z] WebFetch https://hyperliquid.gitbook.io/hyperliquid-docs/trading/liquidations | desc=清算の一次資料(維持証拠金率・清算価格式・HLP vault) | 結果=200相当(見出し5節を確認、ADLへの言及は本ページに無し)
[2026-09-12T06:45:00Z] WebFetch https://hyperliquid.gitbook.io/hyperliquid-docs/for-developers/api/info-endpoint | desc=userFills/userFillsByTime/candleSnapshotの保持件数の一次資料 | 結果=200相当(「at most 2000/10000 fills」「most recent 5000 candles」を引用取得)
[2026-09-12T06:45:20Z] WebFetch https://hyperliquid.gitbook.io/hyperliquid-docs/for-developers/api/websocket/subscriptions | desc=WsFill.liquidationフィールド / WsTrade定義の一次資料 | 結果=200相当(WsFill.liquidation?: FillLiquidation を引用取得。WsTradeにliquidationフィールド無しを確認)
[2026-09-12T06:45:45Z] WebFetch https://hyperliquid.gitbook.io/hyperliquid-docs/trading/auto-deleveraging | desc=ADLの一次資料 | 結果=200相当(ソート指標の式を引用取得)
[2026-09-12T06:46:00Z] WebFetch https://hypurrscan.io/ および https://hypurrscan.io/liquidations | desc=第三者ダッシュボードの清算ページ内容確認 | 結果=SPAのJSレンダリング後コンテンツが静的フェッチで取得できず、ヘッダー("HypurrScan Beta"/"Hyperliquid")のみ取得。中身は未確認
[2026-09-12T06:46:10Z] WebFetch https://app.hyperliquid.xyz/stats | desc=公式statsページのOI/出来高確認 | 結果=SPAのJSレンダリング後コンテンツが静的フェッチで取得できず、ヘッダーのみ。数値は info API (metaAndAssetCtxs) から直接取得した(上記ログ4行目)
[2026-09-12T06:46:20Z] 抽出 metaAndAssetCtxs BTC値(上記ログ4行目のレスポンスボディから) | BTC: openInterest=35904.56266, dayNtlVlm(USD)=3579640197.664888382, dayBaseVlm=46081.56484, markPx=77285.0, funding=0.000005864(直近該当期間の1時間分)
