# 「無いもの」の裏取り(2026-09-21、リード。各項目: 検索語 → コマンド → 一致ファイル数と名前)

## 板の待ち行列(指値の先行注文)
$ git ls-files src scripts | xargs grep -liE 'queue|priority|待ち行列|先行注文' | wc -l ; 名前:
scripts/dashboard.py scripts/jev_check.py scripts/jev_ideas.py scripts/qa/make_known_answer_maker.py scripts/qa/make_known_answer_maker3.py scripts/qa/maker_fill_ref.py scripts/qa/maker_fill_ref_packet.py scripts/qa/maker_fill_ref_packet_r2.py scripts/qa/score_claims.py scripts/record_liquidations.py scripts/replay_scalp_storm.py scripts/research_board_calibration.py scripts/research_calm_range.py scripts/research_exit_surface.py scripts/research_fast_cycle.py scripts/research_fx_sessions.py scripts/research_m4_finecheck.py scripts/research_maker_reaudit.py scripts/research_matilda_modern.py scripts/research_matilda_surface.py scripts/research_matilda_taro.py scripts/research_range_reversed.py scripts/research_scalp_exits.py scripts/research_scalp_opt.py scripts/research_spread_mm.py scripts/research_tournament.py scripts/research_two_sided_flow.py scripts/research_vr_barrier.py scripts/research_wall_front.py scripts/x_fetch.py src/bot/backtest/engine.py src/bot/order_management/manager.py src/bot/research/xborder_p2.py 

## 別実装の再現ゲート(o3c)
$ git ls-files src scripts | xargs grep -liE 'reproduc|再現ゲート|trade-for-trade' | wc -l ; 名前:
scripts/check_k1_binance.py scripts/judge_board_round.py scripts/judge_gates.py scripts/measure_katsuo_body_wick.py scripts/measure_katsuo_delay_decomp.py scripts/measure_katsuo_effect.py scripts/measure_katsuo_exit_ablation.py scripts/measure_katsuo_robustness.py scripts/measure_katsuo_round5.py scripts/measure_katsuo_xvenue.py scripts/normalize_bitflyer_executions.py scripts/phase2/p2_01_run.py scripts/phase2/p2_01b_history.py scripts/phase2/p2_04_run.py scripts/phase2/p2_08_run.py scripts/qa/make_known_answer.py scripts/qa/make_known_answer_maker.py scripts/qa/make_known_answer_maker3.py scripts/qa/make_known_answer_steer.py scripts/qa/pipeline_known_answer_daily.py scripts/render_k1_body_wick.py scripts/render_k1_deepdive.py scripts/render_k1_exit_ablation.py scripts/render_k1_h2.py scripts/render_k1_h3_decomp.py scripts/render_k1_robustness.py scripts/render_k1_round5.py scripts/render_k1_xvenue.py scripts/research_avalanche.py scripts/research_board_calibration.py scripts/research_calm_range.py scripts/research_exit_surface.py scripts/research_fast_cycle.py scripts/research_fx_carry.py scripts/research_fx_event_ticks.py scripts/research_fx_s4_judgment.py scripts/research_fx_tokyofix.py scripts/research_leader_surface.py scripts/research_legacy_elements.py scripts/research_m4_finecheck.py scripts/research_macro_calendar.py scripts/research_maker_reaudit.py scripts/research_matilda_modern.py scripts/research_matilda_surface.py scripts/research_matilda_taro.py scripts/research_overnight_on1.py scripts/research_scalp_exits.py scripts/research_signal_fade.py scripts/research_spread_mm.py scripts/research_tournament.py scripts/research_two_sided_flow.py scripts/research_vr_barrier.py scripts/research_wall_front.py scripts/run_backtest.py scripts/validate_composite.py src/bot/jpx/etf_auction_executor.py src/bot/research/overnight.py src/bot/strategy/composite.py 

## ルックアヘッドの自動検出
$ git ls-files src scripts | xargs grep -liE 'lookahead|look-ahead|ルックアヘッド|未来' | wc -l ; 名前:
scripts/jev_report_intake.py scripts/judge_board_round.py scripts/o3c_signal_materials.py scripts/phase2/p2_04_run.py scripts/phase2/p2_08_run.py scripts/replay_scalp_storm.py scripts/research_avalanche.py scripts/research_board_calibration.py scripts/research_burst_atlas.py scripts/research_calm_range.py scripts/research_exit_surface.py scripts/research_fast_cycle.py scripts/research_fx_carry.py scripts/research_fx_event_ticks.py scripts/research_fx_events.py scripts/research_fx_fundamentals.py scripts/research_fx_s4_judgment.py scripts/research_fx_sessions.py scripts/research_fx_tokyofix.py scripts/research_latency_grade.py scripts/research_leader_surface.py scripts/research_legacy_elements.py scripts/research_m4_finecheck.py scripts/research_macro_calendar.py scripts/research_mainbot_exits.py scripts/research_matilda_modern.py scripts/research_matilda_surface.py scripts/research_matilda_taro.py scripts/research_overnight_on1.py scripts/research_overnight_onr.py scripts/research_prediction_atlas.py scripts/research_range_reversed.py scripts/research_regime_composite.py scripts/research_scalp_exits.py scripts/research_seasonality.py scripts/research_signal_fade.py scripts/research_storm_bracket.py scripts/research_tournament.py scripts/research_trend_lt1.py scripts/research_two_sided_flow.py scripts/research_vr_barrier.py scripts/research_wall_front.py src/bot/backtest/engine.py src/bot/indicators/core.py src/bot/market_data/feed.py src/bot/research/liq_response.py src/bot/research/xborder_p2_state.py src/bot/strategy/breakout.py 

## 実験の追跡の道具
$ git ls-files src scripts | xargs grep -liE 'mlflow|wandb|experiment_track|多重性の台帳|ITER.md' | wc -l ; 名前:
scripts/phase2/p2_01_final.py scripts/phase2/p2_01b_history.py scripts/phase2/p2_02_final.py scripts/phase2/p2_03_final.py scripts/phase2/p2_03_iter2.py 

## bitFlyer 以外の国内の暗号資産の執行
$ git ls-files src scripts | xargs grep -liE 'gmo|bitbank|coincheck|okcoin|zaif' | wc -l ; 名前:
scripts/constants_inventory.py scripts/dashboard.py scripts/fetch_bitbank_daily.py scripts/fetch_external.py scripts/judge_board_round.py scripts/record_venues.py scripts/research_fx_carry.py scripts/research_fx_event_ticks.py scripts/research_fx_events.py scripts/research_fx_fundamentals.py scripts/research_fx_s4_judgment.py scripts/research_fx_sessions.py scripts/research_fx_tokyofix.py scripts/research_signals.py src/bot/monitoring/aggregate.py 

## o3c の再現ゲート(名前で): $ git ls-files scripts | grep -iE 'o3c.*(valid|reprod|gate)|validate'
scripts/validate_composite.py
## maker_fill_ref の待ち行列: $ grep -n -iE 'queue|priority|ahead' scripts/qa/maker_fill_ref.py | head -5
6:    resting order joins the back of the displayed queue at insertion; it
8:    insertion exceed queue-ahead + own size, or partially per FIFO;
11:    inserted at the back of the displayed queue AT THAT MOMENT
12:    (queue-ahead = displayed size at insertion, minus own size, since the
37:    "own_size AND that cumulative volume strictly EXCEEDS queue-ahead + "
## lookahead の中身の型: $ git ls-files scripts | xargs grep -lE 'assert.*(lookahead|look_ahead|future)' | wc -l
4
## 国内取引所の執行: $ git ls-files src | xargs grep -liE 'gmo|bitbank|coincheck'
src/bot/monitoring/aggregate.py
(src に無し = 執行なし。scripts の一致は quotes/trades の記録: $ git ls-files scripts | xargs grep -liE 'gmo|bitbank')
scripts/constants_inventory.py scripts/dashboard.py scripts/fetch_bitbank_daily.py scripts/fetch_external.py scripts/judge_board_round.py scripts/record_venues.py scripts/research_fx_carry.py scripts/research_fx_event_ticks.py scripts/research_fx_events.py scripts/research_fx_fundamentals.py scripts/research_fx_s4_judgment.py scripts/research_fx_sessions.py scripts/research_fx_tokyofix.py scripts/research_signals.py 
