# 2026-09-19 再監査の指摘 1・3・7 への答え。コマンド: python3 docs/DATA/probes/20260919_o3c_reaction_bugcheck2.py
D1 対照(ii): 切り値だけ 4126 / 相手が mixed の束を除く 4101 / 240 分の到達が NaN を除く 4101 / 判定の道具の n2 = 4101
D1 清算 240 分到達 n 5048 平均 0.471276 / 判定の道具(f1_12cells.csv) 0.471276
D1 対照(ii) 240 分到達 平均 0.536698 / 判定の道具 0.536698
5 帯: 清算の距離分布で加重した対照の到達率 0.468 vs 清算 0.471 → 距離をそろえた差 +0.003(そろえる前 -0.065)
    0.0〜: 清算 0.944(n 341) 対照 0.943(n 333)
    10.0〜: 清算 0.838(n 494) 対照 0.750(n 543)
    25.0〜: 清算 0.661(n 888) 対照 0.641(n 1097)
    50.0〜: 清算 0.451(n 1548) 対照 0.463(n 1280)
    100.0〜: 清算 0.201(n 1777) 対照 0.218(n 848)
清算の距離の 10 分位: 清算の距離分布で加重した対照の到達率 0.456 vs 清算 0.471 → 距離をそろえた差 +0.015(そろえる前 -0.065)
    0.0〜: 清算 0.931(n 505) 対照 0.889(n 533)
    15.5〜: 清算 0.762(n 505) 対照 0.694(n 594)
    30.5〜: 清算 0.681(n 505) 対照 0.652(n 609)
    44.3〜: 清算 0.573(n 504) 対照 0.590(n 520)
    58.3〜: 清算 0.503(n 505) 対照 0.488(n 475)
    72.9〜: 清算 0.374(n 505) 対照 0.411(n 365)
    90.8〜: 清算 0.335(n 504) 対照 0.311(n 325)
    113.2〜: 清算 0.251(n 505) 対照 0.249(n 309)
    146.5〜: 清算 0.168(n 505) 対照 0.138(n 225)
    200.5〜: 清算 0.133(n 505) 対照 0.137(n 146)
