致命 1/3: sweep=0 4468 sweep<0 2501 1 tick 0
sweep>0 n=14229  r_pre_60 +1.889±0.147  r_pre_300 +1.511±0.272  r_end_60 -8.171±0.203  f60 med 1.006 f>1 0.5009
sweep<=0 n=6969  r_pre_60 -4.233±0.131  r_pre_300 -4.284±0.297  r_end_60 -4.002±0.127
sweep=0 n=4468  r_pre_60 -2.848±0.136  r_pre_300 -2.956±0.361  r_end_60 -2.848±0.136
sweep<0 n=2501  r_pre_60 -6.707±0.215  r_pre_300 -6.656±0.475  r_end_60 -6.064±0.205
sweep>20 n=2170  r_pre_60 +24.024±0.579  r_pre_300 +22.324±0.998  r_end_60 -19.294±0.570  f60 med 0.420 f>1 0.1175
sweep>5 n=6088  r_pre_60 +9.590±0.319  r_pre_300 +9.012±0.488  r_end_60 -12.771±0.313  f60 med 0.570 f>1 0.2939
sweep Q3(>8.076) n=4743  r_pre_60 +12.718±0.365  r_pre_300 +11.729±0.578  r_pre_900 +11.305±1.106  f60 med 0.514 f>1 0.2353
  Q3 f300 med 0.622 f900 med 0.734
致命 5: A 15145 B 15145 A&B 11072 Aonly 4073 Bonly 4073
A only n=4073  r_pre_60 -2.531±0.250  r_pre_300 -6.968±0.502  r_end_60 -10.284±0.269  f60 med 1.607 f>1 0.6006
B only n=4073  r_pre_60 +3.729±0.244  r_pre_300 +11.425±0.521  r_end_60 -3.473±0.206  f60 med 0.374 f>1 0.3506
致命 4: got 11463 miss 2766 miss sweep med 18.951 got sweep med 1.403
liq matched n=11463  r_pre_60 -0.275±0.128  r_pre_300 -0.506±0.237  r_end_60 -6.385±0.129  f60 med 1.322 f>1 0.5404
ctrl_a n=11463  r_pre_60 +4.674±0.105  r_pre_300 +3.442±0.164  r_end_60 -0.641±0.068  f60 med 0.042 f>1 0.2979
  ctrl_a W_b=0 share 1.0
致命 6: bf_r_pre_60 +10.979±0.394 n=20443
致命 6: bf_r_pre_300 +11.008±0.484 n=20295
致命 6: bf_r_pre_900 +11.260±0.708 n=20063
  bf baseline offset mean s 29.3
