== screen_A: 単発 n=5033, 多件の最初 n=3898, 順位確率の SE(交換可能のとき)= sqrt((n1+n2+1)/(12 n1 n2)) = 0.0062
   14  |d|=0.1464  分かれ方=0.3536                欠測 0.00/0.00
    8  |d|=0.0993  分かれ方=0.5993     落差 0.0471  欠測 0.01/0.01
   A6  |d|=0.0888  分かれ方=0.5888     落差 0.0105  欠測 0.00/0.00
   C3  |d|=0.0824  分かれ方=0.5824     落差 0.0064  欠測 0.00/0.00
   C4  |d|=0.0738  分かれ方=0.4262     落差 0.0086  欠測 0.00/0.00
   15  |d|=0.0523  分かれ方=0.4477     落差 0.0215  欠測 0.00/0.00
    9  |d|=0.0478  分かれ方=0.5478     落差 0.0045  欠測 0.01/0.00
   11  |d|=0.0426  分かれ方=0.5426     落差 0.0051  欠測 0.00/0.00
   5p  |d|=0.0317  分かれ方=0.4683     落差 0.0110  欠測 0.70/0.82
    6  |d|=0.0211  分かれ方=0.4789     落差 0.0106  欠測 0.00/0.00
   A4  |d|=0.0209  分かれ方=0.5209     落差 0.0002  欠測 0.02/0.01
   13  |d|=0.0123  分かれ方=0.4877     落差 0.0086  欠測 0.01/0.00
    2  |d|=0.0108  分かれ方=0.5108     落差 0.0015  欠測 0.00/0.00
   10  |d|=0.0088  分かれ方=0.4912     落差 0.0020  欠測 0.00/0.00
    3  |d|=0.0019  分かれ方=0.5019     落差 0.0069  欠測 0.00/0.00
    1  |d|=0.0000  分かれ方=0.5000     落差 0.0019  欠測 0.00/0.00
   A9  |d|=0.0000  分かれ方=0.5000     落差 0.0000  欠測 0.00/0.00
   12  |d|=  (欠測 100%)
== screen_B: 途中 n=7968, 多件の最後 n=3898, 順位確率の SE(交換可能のとき)= sqrt((n1+n2+1)/(12 n1 n2)) = 0.0056
   14  |d|=0.1292  分かれ方=0.6292                欠測 0.00/0.00
    1  |d|=0.0988  分かれ方=0.5988     落差 0.0304  欠測 0.00/0.00
   A6  |d|=0.0879  分かれ方=0.4121     落差 0.0109  欠測 0.00/0.00
    2  |d|=0.0697  分かれ方=0.4303     落差 0.0182  欠測 0.00/0.00
   C3  |d|=0.0690  分かれ方=0.4310     落差 0.0008  欠測 0.00/0.00
   F3  |d|=0.0682  分かれ方=0.5682     落差 0.0008  欠測 0.00/0.00
    8  |d|=0.0621  分かれ方=0.4379     落差 0.0061  欠測 0.02/0.01
   15  |d|=0.0581  分かれ方=0.5581     落差 0.0040  欠測 0.00/0.00
   C4  |d|=0.0527  分かれ方=0.5527     落差 0.0054  欠測 0.00/0.00
   12  |d|=0.0497  分かれ方=0.4503     落差 0.0031  欠測 0.00/0.00
   11  |d|=0.0476  分かれ方=0.4524     落差 0.0021  欠測 0.00/0.00
   A3  |d|=0.0341  分かれ方=0.5341     落差 0.0135  欠測 0.00/0.00
   5p  |d|=0.0322  分かれ方=0.5322     落差 0.0019  欠測 0.92/0.85
   13  |d|=0.0295  分かれ方=0.5295     落差 0.0026  欠測 0.00/0.00
   A5  |d|=0.0219  分かれ方=0.5219     落差 0.0076  欠測 0.00/0.00
    6  |d|=0.0215  分かれ方=0.5215     落差 0.0005  欠測 0.00/0.00
   10  |d|=0.0166  分かれ方=0.5166     落差 0.0048  欠測 0.00/0.00
    3  |d|=0.0141  分かれ方=0.4859     落差 0.0025  欠測 0.00/0.00
   A4  |d|=0.0057  分かれ方=0.5057     落差 0.0085  欠測 0.00/0.01
    9  |d|=0.0029  分かれ方=0.5029     落差 0.0027  欠測 0.00/0.00
   F4  |d|=0.0024  分かれ方=0.5024     落差 0.0005  欠測 0.00/0.00
   A9  |d|=0.0000  分かれ方=0.5000     落差 0.0024  欠測 0.00/0.00
