Δ=1: bounce 平均 -0.5942 / r(0,Δ) 平均 -0.5663 / 相関 0.98131 / 平均|差| 0.164 / bounce+r(Δ,60) 平均 -6.8156
Δ=5: bounce 平均 -2.0922 / r(0,Δ) 平均 -2.0758 / 相関 0.99605 / 平均|差| 0.174 / bounce+r(Δ,60) 平均 -6.8140
Δ=10: bounce 平均 -3.0245 / r(0,Δ) 平均 -3.0158 / 相関 0.99781 / 平均|差| 0.173 / bounce+r(Δ,60) 平均 -6.8029
Δ=30: bounce 平均 -5.4622 / r(0,Δ) 平均 -5.4574 / 相関 0.99911 / 平均|差| 0.165 / bounce+r(Δ,60) 平均 -6.7786
Δ=60: bounce 平均 -6.8009 / r(0,Δ) 平均 -6.8004 / 相関 0.99937 / 平均|差| 0.165 / bounce+r(Δ,60) 平均 -6.7766
次の束が 120 秒以内: 3614/21198 = 0.1705、同側 0.945
  Δ=60 h=60 120秒以内: +8.5854 ± 0.3131 n=3614
  Δ=60 h=60 それ以外: -1.7352 ± 0.0868 n=17584
  次の束まで 180 秒以上 Δ=60 h=60: -2.3781 ± 0.0904 n=15594
  次の束まで 180 秒以上 Δ=60 h=300: -3.4268 ± 0.2157 n=15594
  次の束まで 180 秒以上 Δ=60 h=900: -3.8865 ± 0.3329 n=15594
  次の束まで 180 秒以上 Δ=0 h=60: -7.6103 ± 0.1588 n=15594
  次の束まで 180 秒以上 Δ=0 h=300: -10.9992 ± 0.2062 n=15594
  次の束まで 180 秒以上 Δ=0 h=900: -11.4075 ± 0.3130 n=15594
  Δ=0 h=60 lag==0: -6.6662 ± 0.1824 n=16850
  Δ=0 h=60 lag>0: -7.3205 ± 0.2355 n=4348
  bitFlyer Δ=0 h=1: ちょうど 0 の割合 0.9841 n=20828
  bitFlyer Δ=0 h=30: ちょうど 0 の割合 0.5163 n=20767
  bitFlyer Δ=0 h=60: ちょうど 0 の割合 0.0100 n=20667
  r(Δ,60) の Δ〜U(0,60) 平均(台形): -2.000 bp
