# 2026-09-19 段 A 出力の不変条件の検査と出発点の距離(L-231)。コマンド: python3 bugcheck.py(scratchpad)。写しは docs/DATA/probes/20260919_o3c_reaction_bugcheck.py
kind の内訳 W8 {'control_uniform': 21378, 'liq': 21198, 'control_matched': 18327} / W24 {'control_uniform': 21378, 'liq': 21198, 'control_matched': 18554}
W8: 清算行 21198 / 到達の h 単調 True / 到達秒と h の食い違い 0 行 / 目標価格=p_liq×(1+dist/1e4) の最大ずれ 1.95e-09 / reactdir = −bp×(SELL:+1,BUY:−1) の最大ずれ 0.00e+00 / mfe≥bp≥mae, mfe≥0≥mae の破れ 0 行
   |dist_vwap_bp| の分位(清算行): 25% 34.0 / 50% 66.5 / 75% 116.5 bp / 240 分の到達率 0.495
   |dist| の帯ごとの 240 分到達率: {'0-10': (1459, 0.946), '10-25': (2290, 0.817), '25-50': (4289, 0.647), '50-100': (6497, 0.449), '100-∞': (6663, 0.232)}
W24: 清算行 21198 / 到達の h 単調 True / 到達秒と h の食い違い 0 行 / 目標価格=p_liq×(1+dist/1e4) の最大ずれ 1.95e-09 / reactdir = −bp×(SELL:+1,BUY:−1) の最大ずれ 0.00e+00 / mfe≥bp≥mae, mfe≥0≥mae の破れ 0 行
   |dist_vwap_bp| の分位(清算行): 25% 48.8 / 50% 106.3 / 75% 189.6 bp / 240 分の到達率 0.353
   |dist| の帯ごとの 240 分到達率: {'0-10': (1080, 0.929), '10-25': (1615, 0.803), '25-50': (2733, 0.615), '50-100': (4652, 0.41), '100-∞': (11118, 0.144)}
清算の束の集合 W8 と W24: 同一 True / 数 21198 21198
同じ束で p_liq・side・bp_240m が同一: True True 0.0
同じ束で |dist_vwap| の中央値 W8 66.50365 / W24 106.32075 / W24 の方が遠い割合 0.7310123596565714
=== 出発点の距離(W8) ===
liq              n= 21198 |dist_vwap| 中央値   66.5 bp(25%  34.0 / 75%  116.5) |dist_node| 中央値   39.7 / 240 分 VWAP 到達率 0.495
control_matched  n= 18327 |dist_vwap| 中央値   49.5 bp(25%  26.7 / 75%   84.8) |dist_node| 中央値   30.2 / 240 分 VWAP 到達率 0.558
control_uniform  n= 21378 |dist_vwap| 中央値   35.0 bp(25%  15.5 / 75%   66.6) |dist_node| 中央値   12.7 / 240 分 VWAP 到達率 0.616
  D1 清算                  n= 5048 |dist_vwap| 中央値   72.9 bp / 240 分到達率 0.471 / bp_reactdir 平均: 1m -7.7 5m -7.1 15m -6.8 30m -6.6 60m -5.6 240m -4.5
  D1 対照(ii) 生の表の符号       n= 4126 |dist_vwap| 中央値   52.2 bp / 240 分到達率 0.536 / bp_reactdir 平均: 1m +0.3 5m +0.7 15m +0.8 30m +2.1 60m -1.4 240m -5.3
--- D1 清算行: |dist_vwap| の帯ごとの 240 分到達率と、同じ切り値の対照(ii)の同じ帯
     0-  10 bp: 清算 n= 341 到達 0.944 / 対照 n= 333 到達 0.943
    10-  25 bp: 清算 n= 494 到達 0.838 / 対照 n= 547 到達 0.751
    25-  50 bp: 清算 n= 888 到達 0.661 / 対照 n=1106 到達 0.640
    50- 100 bp: 清算 n=1548 到達 0.451 / 対照 n=1283 到達 0.462
   100- 999 bp: 清算 n=1777 到達 0.201 / 対照 n= 857 到達 0.218
--- D1 清算行の bp_reactdir の分位(1 分):  {10: -23.0, 25: -12.3, 50: -5.3, 75: 0.0, 90: 4.3} / 負(反転)の割合 0.746
--- D1 清算行の bp_reactdir の分位(240 分):  {10: -145.6, 25: -67.1, 50: -10.1, 75: 56.2, 90: 152.3} / 負(反転)の割合 0.55
