MD5 rows_prints.csv.gz: 411518873e19828533e1f1c72c3f4298
kind counts: {'print': 52000, 'control_c': 35886, 'control_b_i': 21378}
prints: 52000 days: 456

== H1 全プリント(t₀ 基準)
全プリント                                        h=1    n=52000  G=456  mean=+0.148596 clSE=0.032284 naive=0.021375 dew=+0.078312 med=+0.000000 r<0=0.441962
全プリント                                        h=5    n=52000  G=456  mean=-0.064176 clSE=0.118452 naive=0.048949 dew=-0.280556 med=-0.348070 r<0=0.550635
全プリント                                        h=10   n=52000  G=456  mean=-0.260792 clSE=0.191529 naive=0.066900 dew=-0.571990 med=-0.621606 r<0=0.559865
全プリント                                        h=30   n=52000  G=456  mean=-0.479380 clSE=0.400800 naive=0.099915 dew=-1.045693 med=-0.965245 r<0=0.551923
全プリント                                        h=60   n=52000  G=456  mean=-0.396169 clSE=0.681012 naive=0.146103 dew=-1.290338 med=-1.376614 r<0=0.551981
全プリント                                        h=300  n=52000  G=456  mean=-2.996998 clSE=0.757710 naive=0.233892 dew=-4.004454 med=-4.025844 r<0=0.575904
全プリント                                        h=900  n=52000  G=456  mean=-4.058052 clSE=1.066031 naive=0.308890 dew=-6.280575 med=-6.539660 r<0=0.576365
== H1 全プリント(ts 基準・併記)
全プリント ts                                     h=60   n=52000  G=456  mean=-0.397680 clSE=0.681378 naive=0.146156 dew=-1.290919 med=-1.379093 r<0=0.552077
全プリント ts                                     h=300  n=52000  G=456  mean=-2.993595 clSE=0.758482 naive=0.233909 dew=-4.002537 med=-4.030527 r<0=0.575788

== H0 診断: 束の位置(t₀ 基準)。探索段 4 の r_end(60) = −6.800366 との突き合わせ
bundle_pos values: {'最後': 21198, '途中': 19072, '最初': 9169, '束の外': 2561}  single: {0.0: 39971, 1.0: 12029}
位置=最初                                        h=60   n=9169   G=449  mean=+5.182166 clSE=0.225622 naive=0.166795 dew=+4.473725 med=+3.548387 r<0=0.343004
位置=最初                                        h=300  n=9169   G=449  mean=+4.551890 clSE=0.404525 naive=0.320778 dew=+2.746065 med=+1.574075 r<0=0.466899
位置=最後                                        h=60   n=21198  G=456  mean=-6.800366 clSE=0.171035 naive=0.081882 dew=-5.954339 med=-4.602330 r<0=0.737239
位置=最後                                        h=300  n=21198  G=456  mean=-7.070601 clSE=0.183581 naive=0.184894 dew=-6.719964 med=-6.127208 r<0=0.646618
位置=束の外                                       h=60   n=2561   G=75   mean=+19.688358 clSE=12.885156 naive=2.464706 dew=-6.065105 med=+5.334220 r<0=0.465443
位置=束の外                                       h=300  n=2561   G=75   mean=-4.016598 clSE=12.764756 naive=3.651786 dew=-22.248723 med=-22.264699 r<0=0.593909
位置=途中                                        h=60   n=19072  G=438  mean=+1.343130 clSE=0.357869 naive=0.168239 dew=+0.712624 med=+1.520401 r<0=0.458159
位置=途中                                        h=300  n=19072  G=438  mean=-1.961570 clSE=1.045022 naive=0.312776 dew=-4.305854 med=-3.387079 r<0=0.547294

== H2 m(T) の 10 分位帯(456 日の全プリントで切る)
T=10 cuts: [1.967588, 3.527995, 4.938159, 6.402933, 7.992376, 10.006686, 12.700654, 16.767302, 25.549409]
T=10 帯1 (m 平均 +0.1627)                       h=60   n=5200   G=450  mean=+0.091060 clSE=0.393352 naive=0.387806 dew=+0.316263 med=-0.014715 r<0=0.500769
T=10 帯1 (m 平均 +0.1627)                       h=300  n=5200   G=450  mean=-1.948305 clSE=0.752428 naive=0.503806 dew=-0.936044 med=-1.377695 r<0=0.545000
T=10 帯5 (m 平均 +7.1788)                       h=60   n=5200   G=437  mean=-0.610324 clSE=0.276657 naive=0.226534 dew=-1.226313 med=-1.337997 r<0=0.556538
T=10 帯5 (m 平均 +7.1788)                       h=300  n=5200   G=437  mean=-0.823824 clSE=0.731246 naive=0.520078 dew=-1.904505 med=-3.666037 r<0=0.571538
T=10 帯10 (m 平均 +49.6110)                     h=60   n=5200   G=341  mean=-1.275861 clSE=4.778010 naive=1.125964 dew=-9.517570 med=-10.871665 r<0=0.624231
T=10 帯10 (m 平均 +49.6110)                     h=300  n=5200   G=341  mean=-18.140465 clSE=3.341717 naive=1.524313 dew=-17.749869 med=-20.331784 r<0=0.654423
T=60 cuts: [5.904325, 8.999551, 11.886451, 14.946111, 18.358878, 22.496027, 27.951066, 35.806904, 50.836735]
T=60 帯1 (m 平均 +1.6858)                       h=60   n=5200   G=455  mean=+0.432324 clSE=0.250504 naive=0.237781 dew=+0.544700 med=+0.000000 r<0=0.495385
T=60 帯1 (m 平均 +1.6858)                       h=300  n=5200   G=455  mean=-1.536224 clSE=0.788800 naive=0.454666 dew=-1.063934 med=-1.786055 r<0=0.563846
T=60 帯5 (m 平均 +16.5840)                      h=60   n=5200   G=436  mean=-0.530995 clSE=0.284284 naive=0.207991 dew=-0.763202 med=-1.114610 r<0=0.543269
T=60 帯5 (m 平均 +16.5840)                      h=300  n=5200   G=436  mean=-1.024189 clSE=0.578078 naive=0.419812 dew=-1.912478 med=-3.345161 r<0=0.561346
T=60 帯10 (m 平均 +97.8425)                     h=60   n=5200   G=278  mean=+0.192005 clSE=6.649082 naive=1.249314 dew=-12.572997 med=-12.515162 r<0=0.621538
T=60 帯10 (m 平均 +97.8425)                     h=300  n=5200   G=278  mean=-17.110677 clSE=5.246798 naive=1.713821 dew=-22.340935 med=-22.770347 r<0=0.650385

== H3 k 4 群 × m(60) 3 分位(h = 60/300/900)
m tertile cuts: 12.883745 25.860290; k>0 tertile cuts: 0.022345 0.086693; k<=0 count: 24977; k==0: 13969
K0 × Q1                                      h=60   n=9273   G=455  mean=-0.085643 clSE=0.147366 naive=0.123168 dew=-0.153301 med=-0.490347 r<0=0.528847
K0 × Q1                                      h=300  n=9273   G=455  mean=-1.126739 clSE=0.318452 naive=0.249663 dew=-1.380762 med=-2.253764 r<0=0.566160
K0 × Q1                                      h=900  n=9273   G=455  mean=-1.553021 clSE=0.571374 naive=0.408888 dew=-2.620402 med=-3.682663 r<0=0.563248
K0 × Q2                                      h=60   n=8394   G=439  mean=-0.647708 clSE=0.219319 naive=0.173824 dew=-0.843050 med=-1.392216 r<0=0.551108
K0 × Q2                                      h=300  n=8394   G=439  mean=-1.171361 clSE=0.555009 naive=0.360492 dew=-2.475778 med=-3.558612 r<0=0.562545
K0 × Q2                                      h=900  n=8394   G=439  mean=-0.973686 clSE=1.055593 naive=0.559346 dew=-4.353848 med=-6.195127 r<0=0.576245
K0 × Q3                                      h=60   n=7310   G=403  mean=-0.576011 clSE=2.190228 naive=0.636620 dew=-4.513267 med=-3.707389 r<0=0.572367
K0 × Q3                                      h=300  n=7310   G=403  mean=-6.269903 clSE=1.977950 naive=0.963388 dew=-9.795547 med=-8.859707 r<0=0.593434
K0 × Q3                                      h=900  n=7310   G=403  mean=-9.180693 clSE=2.769246 naive=1.178439 dew=-14.357265 med=-12.633588 r<0=0.590698
K+1 × Q1                                     h=60   n=2508   G=239  mean=+0.044368 clSE=0.309343 naive=0.277088 dew=-0.017660 med=-0.416555 r<0=0.520734
K+1 × Q1                                     h=300  n=2508   G=239  mean=-1.786560 clSE=0.846745 naive=0.593345 dew=-1.802751 med=-2.370872 r<0=0.559809
K+1 × Q1                                     h=900  n=2508   G=239  mean=-3.435767 clSE=1.205591 naive=0.853421 dew=-4.422908 med=-5.744436 r<0=0.588517
K+1 × Q2                                     h=60   n=3269   G=236  mean=-0.066323 clSE=0.334795 naive=0.291761 dew=-0.321280 med=-0.676502 r<0=0.525849
K+1 × Q2                                     h=300  n=3269   G=236  mean=-0.854294 clSE=0.757418 naive=0.568789 dew=-1.942601 med=-3.583634 r<0=0.561640
K+1 × Q2                                     h=900  n=3269   G=236  mean=-1.431093 clSE=1.419638 naive=0.918839 dew=-4.416693 med=-6.274104 r<0=0.564393
K+1 × Q3                                     h=60   n=3231   G=209  mean=-2.075770 clSE=0.840706 naive=0.551516 dew=-3.191675 med=-2.794954 r<0=0.552770
K+1 × Q3                                     h=300  n=3231   G=209  mean=-6.043902 clSE=1.974925 naive=1.017688 dew=-7.402905 med=-6.922179 r<0=0.579697
K+1 × Q3                                     h=900  n=3231   G=209  mean=-6.827250 clSE=3.731966 naive=1.570552 dew=-10.664911 med=-9.933252 r<0=0.558651
K+2 × Q1                                     h=60   n=3314   G=428  mean=-0.507878 clSE=0.217857 naive=0.212833 dew=-0.221593 med=-0.785043 r<0=0.551901
K+2 × Q1                                     h=300  n=3314   G=428  mean=-1.239662 clSE=0.483372 naive=0.385487 dew=-1.650303 med=-2.182914 r<0=0.569704
K+2 × Q1                                     h=900  n=3314   G=428  mean=+0.381407 clSE=1.238841 naive=0.786304 dew=-1.288135 med=-3.533977 r<0=0.564876
K+2 × Q2                                     h=60   n=3048   G=396  mean=-1.116622 clSE=0.327072 naive=0.290609 dew=-0.515928 med=-2.356677 r<0=0.589239
K+2 × Q2                                     h=300  n=3048   G=396  mean=-2.179947 clSE=0.626520 naive=0.553536 dew=-2.945436 med=-4.783767 r<0=0.583661
K+2 × Q2                                     h=900  n=3048   G=396  mean=-1.536905 clSE=1.288135 naive=0.882975 dew=-4.150246 med=-6.767504 r<0=0.587927
K+2 × Q3                                     h=60   n=2645   G=339  mean=+3.712857 clSE=5.109264 naive=1.246869 dew=-3.618176 med=-5.144391 r<0=0.593573
K+2 × Q3                                     h=300  n=2645   G=339  mean=-1.142301 clSE=6.016196 naive=1.839500 dew=-11.040127 med=-11.707989 r<0=0.629868
K+2 × Q3                                     h=900  n=2645   G=339  mean=-6.088784 clSE=3.671025 naive=1.844079 dew=-15.566099 med=-14.524735 r<0=0.618147
K+3 × Q1                                     h=60   n=2239   G=393  mean=+0.821041 clSE=0.422537 naive=0.456050 dew=+0.502460 med=-0.221032 r<0=0.510942
K+3 × Q1                                     h=300  n=2239   G=393  mean=-0.479063 clSE=1.304299 naive=0.864642 dew=-0.268186 med=-1.339683 r<0=0.538633
K+3 × Q1                                     h=900  n=2239   G=393  mean=-2.302370 clSE=1.394309 naive=1.054404 dew=-1.428081 med=-3.254289 r<0=0.551586
K+3 × Q2                                     h=60   n=2622   G=371  mean=+0.572993 clSE=0.377652 naive=0.340943 dew=-0.155271 med=-0.960356 r<0=0.534706
K+3 × Q2                                     h=300  n=2622   G=371  mean=-0.613205 clSE=0.937638 naive=0.760260 dew=-2.891712 med=-3.479434 r<0=0.559497
K+3 × Q2                                     h=900  n=2622   G=371  mean=-0.723333 clSE=1.663607 naive=1.108944 dew=-5.126386 med=-6.236156 r<0=0.557590
K+3 × Q3                                     h=60   n=4147   G=363  mean=-2.754141 clSE=1.775217 naive=0.901835 dew=-6.537502 med=-5.234288 r<0=0.587654
K+3 × Q3                                     h=300  n=4147   G=363  mean=-11.206767 clSE=2.370800 naive=1.341954 dew=-13.301339 med=-11.697701 r<0=0.607186
K+3 × Q3                                     h=900  n=4147   G=363  mean=-14.324248 clSE=3.687700 naive=1.792725 dew=-17.347621 med=-14.676856 r<0=0.595852

== 探索段 4 のファイルから r_end(60) の全体平均を読み直す(束、gap 60)
/home/user/trade/docs/DATA/probes/20260920_o3c_signal_explore5_verify.py:70: RuntimeWarning: Mean of empty slice
  v = bb[col].to_numpy(float); print("explore4 bundles:", len(bb), col, "mean:", f"{np.nanmean(v):+.6f}", "n fin:", int(np.isfinite(v).sum()))
explore4 bundles: 0 r_end_60 mean: +nan n fin: 0
== 探索段 4 rows_gap60 の kind: {'control_c': 25095, 'control_b_i': 21378, 'liq': 21198}
explore4 r_end_60 n: 25095 mean: -1.124801
== H1 7 行: 道具の r 平均 と 本プローブの平均の最大差: 3.35e-07
== H3 36 行: r 平均の最大差: 4.82e-07  n の最大差: 0
== H2 140 行: r 平均の最大差: 4.96e-07  n の最大差: 0
== 探索段 4 束(liq)r_end_60: n 21198 mean -6.800366 (訂正: 上の行は control_c を取っていた)
