  r = pd.read_csv(D + "rows_continue.csv.gz"); p = r[r.kind == "print"].reset_index(drop=True)
== 致命 1: rule_1(前 60 秒に同じ側の清算あり = 材料 1 ≥ 1)の「続く」枝に入る群(後半)
多件の最初  n=5271   続くと言われた=0      乗った損益 平均=+5.494 SE=0.305 中央値=+4.053
途中     n=11104  続くと言われた=11104  乗った損益 平均=+2.203 SE=0.463 中央値=+2.578
単発     n=6996   続くと言われた=0      乗った損益 平均=-3.966 SE=0.158 中央値=-3.052
多件の最後  n=5271   続くと言われた=5271   乗った損益 平均=-9.715 SE=0.328 中央値=-7.257
束の外    n=1520   続くと言われた=1259   乗った損益 平均=-2.878 SE=2.952 中央値=+1.712

== 致命 2: 予測 × 実際(rule_1、後半、乗った損益)
予測続く×実際続く      n=12212  乗った損益 平均=+2.167 中央値=+2.760
予測続く×実際止まる     n=5422   乗った損益 平均=-10.884 中央値=-7.522
予測止まる×実際続く     n=5422   乗った損益 平均=+5.940 中央値=+4.135
予測止まる×実際止まる    n=7106   乗った損益 平均=-4.159 中央値=-3.085
続く枝の取り分が 0 になる適合率 = 0.834  実際の適合率 = 0.6925

== 致命 4: 全部逆張り(all_stop)の前半と後半
前半 n=21838 平均=-0.0093 SE=1.527 中央値=+1.8397
   束の外 1041 件を除く: 平均=+2.3914 SE=0.259
   日ごとの合計の最小: 2023-08-17 -30373.8
後半 n=30162 平均=+0.9915 SE=0.269 中央値=+1.0297
   束の外 1520 件を除く: 平均=+0.8914 SE=0.219
   日ごとの合計の最小: 2024-04-12 -2465.1

== 致命 5: 材料 1 = 0 の行で |材料 4| == |k(bp)|(k は探索段 5 の列)か
材料 1 = 0 の行 21597  そのうち |材料4| と |k| の差 < 1e-6: 16059

== 致命 6: rule_12 の集合 = 材料 12 が引ける行 = 材料 1 ≥ 1 か
材料 12 有限 ⟺ 材料 1 ≥ 1 の一致行: 52000 / 52000

== 直すべき: Q7 の取れた割合(後半で材料 15・9 が引ける行が分母)
候補の行 22545  後半で引ける行 30136  取れた割合 = 0.7481
== Q7 の対照の荒さ: 60 秒の動きの四分位幅 プリント(後半) 対 候補
プリント IQR 17.57  候補 IQR 6.55  比 2.68
値段の続きの割合 プリント(後半) 0.6246  候補 0.262
