[行データ] print=52000 control_c=35886 control_b_i=21378 日数=456
[切り値] m10 = [1.967588, 3.527995, 4.938159, 6.402933, 7.992376, 10.006686, 12.700654, 16.767302, 25.549409]
[切り値] m60 = [5.904325, 8.999551, 11.886451, 14.946111, 18.358878, 22.496027, 27.951066, 35.806904, 50.836735]
[切り値] m60 3分位 = [12.883745, 25.86029]  k>0 3分位 = [0.022345, 0.086693]

[突き合わせ] 行 532 / セル 9444 / 一致しないセル 0

======================================================================
E1 日ごとの寄与(h=60・h=900 の平均を日で分解する)
  h=60: 全体平均=-0.3962 上位 5 日の寄与=0.9202(-232.3%) 上位 10 日=0.8793(-222.0%) 日数=456
        上位 5 日 = [('2023-08-17', 0.6003), ('2023-10-16', 0.1575), ('2023-10-23', 0.1503), ('2024-01-03', 0.071), ('2024-01-09', -0.0588)]
        日の平均が負の日 332/456(72.8%)、日の平均の中央値=-1.5581
  h=300: 全体平均=-2.9970 上位 5 日の寄与=0.4473(-14.9%) 上位 10 日=0.1800(-6.0%) 日数=456
        上位 5 日 = [('2023-08-17', 0.4582), ('2024-01-09', -0.2183), ('2023-10-16', 0.2063), ('2024-08-05', 0.1937), ('2024-03-05', -0.1926)]
        日の平均が負の日 365/456(80.0%)、日の平均の中央値=-4.2819
  h=900: 全体平均=-4.0581 上位 5 日の寄与=-0.0743(1.8%) 上位 10 日=-0.1791(4.4%) 日数=456
        上位 5 日 = [('2024-04-13', 0.6172), ('2024-03-05', -0.357), ('2024-01-09', -0.3166), ('2023-10-16', -0.2256), ('2023-10-23', 0.2077)]
        日の平均が負の日 365/456(80.0%)、日の平均の中央値=-6.6750

E2 平均と中央値の食い違い(h=60)
  r>0: n=23187 平均=16.791 合計=389336
  r<0: n=28703 平均=-14.282 合計=-409936
  r=0: n=110
  下位 0.1%(52 件)の寄与=-0.3009 / 上位 0.1% の寄与=0.4962 / 両端を落とした平均=-0.5926
  下位 0.5%(260 件)の寄与=-0.8448 / 上位 0.5% の寄与=1.5008 / 両端を落とした平均=-1.0628
  下位 1.0%(520 件)の寄与=-1.2493 / 上位 1.0% の寄与=2.0518 / 両端を落とした平均=-1.2231
  下位 5.0%(2600 件)の寄与=-3.0291 / 上位 5.0% の寄与=3.9646 / 両端を落とした平均=-1.4797

E3 束の位置を t₀ で分かる量から当てられるか
  「最後」の割合(束に入る 49,439 件の中)= 0.4288 / 全 52,000 件の中 = 0.4077
  d: 切り値=[0.5, 2.5, 5.5, 11.5]
    群0: n=14041 「最後」の割合=0.6183 r(60)平均=0.1479 中央値=-0.4894
    群1: n=14382 「最後」の割合=0.4600 r(60)平均=-0.0385 中央値=-1.0050
    群2: n=10332 「最後」の割合=0.3274 r(60)平均=-0.9257 中央値=-1.9378
    群3: n=8014 「最後」の割合=0.2293 r(60)平均=-1.9018 中央値=-3.0547
    群4: n=5231 「最後」の割合=0.1298 r(60)平均=0.5126 中央値=-7.1855
  k: 切り値=[0.0, 0.0145, 0.0336, 0.2701]
    群0: n=11008 「最後」の割合=0.3712 r(60)平均=-1.1081 中央値=-2.5028
    群1: n=14990 「最後」の割合=0.4835 r(60)平均=0.0023 中央値=-0.5809
    群2: n=13002 「最後」の割合=0.4096 r(60)平均=-0.6800 中央値=-1.3997
    群3: n=7800 「最後」の割合=0.3842 r(60)平均=1.1040 中央値=-1.5215
    群4: n=5200 「最後」の割合=0.2965 r(60)平均=-1.5785 中央値=-2.3585
  m60: 切り値=[10.4362, 18.3589, 31.4789, 50.8367]
    群0: n=13000 「最後」の割合=0.5854 r(60)平均=0.1011 中央値=-0.3226
    群1: n=13000 「最後」の割合=0.4673 r(60)平均=-0.3783 中央値=-1.0633
    群2: n=13000 「最後」の割合=0.3600 r(60)平均=-0.6389 中央値=-1.8882
    群3: n=7800 「最後」の割合=0.2628 r(60)平均=-1.2422 中央値=-2.6349
    群4: n=5200 「最後」の割合=0.1506 r(60)平均=0.1920 中央値=-12.5152
  直前の同じ側との間隔 s: 切り値=[10.0, 60.0, 300.0, 3600.0]
    群0: n=19769 「最後」の割合=0.2676 r(60)平均=-0.9102 中央値=-3.0158
    群1: n=10635 「最後」の割合=0.3648 r(60)平均=-0.5176 中央値=-1.5198
    群2: n=7557 「最後」の割合=0.4429 r(60)平均=0.1095 中央値=-0.9025
    群3: n=8975 「最後」の割合=0.5661 r(60)平均=0.1976 中央値=-0.4899
    群4: n=5064 「最後」の割合=0.7109 r(60)平均=0.0588 中央値=-0.4868
  規則「d ≤ 0」: n=14041 的中率(「最後」)=0.6183(基準 0.4077) r(60)平均=0.1479
  規則「d ≤ 1」: n=22493 的中率(「最後」)=0.5699(基準 0.4077) r(60)平均=0.1292
  規則「d ≤ 3」: n=32820 的中率(「最後」)=0.5142(基準 0.4077) r(60)平均=-0.0443

E4 執行の視点(p₀ で入れない場合)
  h=60 を lag=1 秒遅れて入る: 平均=-0.5448 中央値=-1.3774 r<0 の割合=0.5528
  h=60 を lag=5 秒遅れて入る: 平均=-0.3320 中央値=-0.9977 r<0 の割合=0.5402
  h=60 を lag=10 秒遅れて入る: 平均=-0.1354 中央値=-0.7195 r<0 の割合=0.5314
  h=300 を lag=1 秒遅れて入る: 平均=-3.1456 中央値=-4.0672 r<0 の割合=0.5772
  h=300 を lag=5 秒遅れて入る: 平均=-2.9328 中央値=-3.7420 r<0 の割合=0.5707
  h=300 を lag=10 秒遅れて入る: 平均=-2.7362 中央値=-3.4556 r<0 の割合=0.5665
  h=900 を lag=1 秒遅れて入る: 平均=-4.2066 中央値=-6.5910 r<0 の割合=0.5773
  h=900 を lag=5 秒遅れて入る: 平均=-3.9939 中央値=-6.2177 r<0 の割合=0.5732
  h=900 を lag=10 秒遅れて入る: 平均=-3.7973 中央値=-5.9444 r<0 の割合=0.5706
  r(1) 平均=0.1486 中央値=0.0000 r>0 の割合=0.3807

E5 重なり(独立でない観測の数)
  h=60: 重ならない窓の最大数=23715 / 52,000(= 45.6%)
  h=300: 重ならない窓の最大数=15473 / 52,000(= 29.8%)
  h=900: 重ならない窓の最大数=10676 / 52,000(= 20.5%)
  同じ側の次の清算が 60 秒以内 = 0.5847

E6 対照 (c') の対応づけ(選択の偏り)
  T=10: 取れた 18943 / 52,000 = 0.3643
    h=60: 対のプリント 平均=-0.1067 中央値=-0.6091 / 対照 平均=-0.2734 中央値=0.0000 / 差 平均=0.1667 日クラスタSE=0.1266 中央値=-0.4508
    h=300: 対のプリント 平均=-0.5227 中央値=-2.1871 / 対照 平均=-1.3280 中央値=-0.8557 / 差 平均=0.8053 日クラスタSE=0.3913 中央値=-0.9688
    h=900: 対のプリント 平均=-0.8269 中央値=-4.1139 / 対照 平均=-1.8548 中央値=-1.5194 / 差 平均=1.0279 日クラスタSE=0.6761 中央値=-1.9180
    取れた側の r(60) 平均=-0.1067 / 取れなかった側=-0.5620
  T=60: 取れた 16943 / 52,000 = 0.3258
    h=60: 対のプリント 平均=0.1024 中央値=-0.5387 / 対照 平均=-0.8885 中央値=-0.4144 / 差 平均=0.9910 日クラスタSE=0.1322 中央値=0.0514
    h=300: 対のプリント 平均=-0.3869 中央値=-2.0177 / 対照 平均=-1.9785 中央値=-1.4530 / 差 平均=1.5916 日クラスタSE=0.3645 中央値=-0.2550
    h=900: 対のプリント 平均=-0.9217 中央値=-3.7794 / 対照 平均=-2.4756 中央値=-1.9849 / 差 平均=1.5539 日クラスタSE=0.5948 中央値=-1.2591
    取れた側の r(60) 平均=0.1024 / 取れなかった側=-0.6371

E7 対照 (b)(control_b_i、日集約)の中身
  行 21378 / 日 456 = 1 日あたり 46.88 行、side 列は 空
  h=60: 生(符号なし)平均=0.0683 中央値=0.0000 標準偏差=6.0017
    側 SELL: 対照(b)平均=-0.0722 プリント r 平均=-0.7772 n=32061
    側 BUY: 対照(b)平均=0.0659 プリント r 平均=0.2166 n=19939
    両側を混ぜた対照(b)平均=-0.0192(SELL 32061 / BUY 19939)
  h=300: 生(符号なし)平均=0.4295 中央値=0.1381 標準偏差=12.2800
    側 SELL: 対照(b)平均=-0.2831 プリント r 平均=-3.6272 n=32061
    側 BUY: 対照(b)平均=0.5945 プリント r 平均=-1.9837 n=19939
    両側を混ぜた対照(b)平均=0.0534(SELL 32061 / BUY 19939)
  h=900: 生(符号なし)平均=0.1165 中央値=0.2227 標準偏差=26.0669
    側 SELL: 対照(b)平均=0.9150 プリント r 平均=-5.5767 n=32061
    側 BUY: 対照(b)平均=1.1127 プリント r 平均=-1.6162 n=19939
    両側を混ぜた対照(b)平均=0.9908(SELL 32061 / BUY 19939)

E8 「束の外」2,561 件
  件数=2561 日数=75 側 SELL=1765 BUY=796
  r(60) 平均=19.6884 中央値=5.3342 / 束に入る側 平均=-1.4366
  日ごとの「束の外」の数: 最大=288(2024-08-05) 上位 5 日の合計=985
  「最初」+「途中」+「最後」の合計=61468 単発の束=12029

E9 切り値の期間の偏り(事後の切り方)
  T=10: 全期間の切り値 q9=25.549 / 前半 27.852 / 後半 24.565、帯が変わるプリント=10617(20.4%)
  T=60: 全期間の切り値 q9=50.837 / 前半 51.793 / 後半 50.428、帯が変わるプリント=14381(27.7%)
  implied_leverage 欠測 18539/52,000、有る側の日数=361 / 全 456 日、有る側の r(60) 平均=-0.4442 / 無い側=-0.3096

E10 H2 の h 依存(問い 9)
  帯1(n=5200) | h=1: +0.16±0.05(中央値 +0.00) | h=5: +0.40±0.08(中央値 +0.00) | h=10: +0.37±0.12(中央値 +0.00) | h=30: +0.18±0.23(中央値 +0.00) | h=60: +0.09±0.39(中央値 -0.01) | h=300: -1.95±0.75(中央値 -1.38) | h=900: -3.23±0.93(中央値 -3.57)
  帯5(n=5200) | h=1: +0.10±0.04(中央値 +0.00) | h=5: -0.24±0.08(中央値 -0.48) | h=10: -0.51±0.10(中央値 -0.64) | h=30: -0.72±0.18(中央値 -1.11) | h=60: -0.61±0.28(中央値 -1.34) | h=300: -0.82±0.73(中央値 -3.67) | h=900: -1.32±1.01(中央値 -5.15)
  帯9(n=5200) | h=1: +0.10±0.09(中央値 -0.14) | h=5: -0.37±0.23(中央値 -1.78) | h=10: -0.57±0.33(中央値 -2.44) | h=30: -0.43±0.56(中央値 -2.02) | h=60: -0.65±1.05(中央値 -3.45) | h=300: -2.55±1.95(中央値 -7.82) | h=900: -5.00±2.03(中央値 -10.78)
  帯10(n=5200) | h=1: +0.68±0.20(中央値 +0.00) | h=5: +0.29±0.92(中央値 -4.04) | h=10: -0.63±1.51(中央値 -6.20) | h=30: -2.10±2.97(中央値 -8.14) | h=60: -1.28±4.78(中央値 -10.87) | h=300: -18.14±3.34(中央値 -20.33) | h=900: -23.02±5.98(中央値 -23.17)

E11 重複除去(生の zip から数え直す)
  zip=472 生の行=106822 全列一致で 1 件=53398
  多重度の分布(件数)= {2: 53385, 4: 13}
  日を跨いで全列一致する組=0
