| 本 | 区切り | 基準の帯 → 本の帯 | 本数 | 基準の和 円 | 本の和 円 | 差 円/日 |
|---|---|---|---|---|---|---|
| break_delay_2 | 前半 | (無し) → 0 分 | 434 | +0 | +3,138 | +2 |
| break_delay_2 | 前半 | (無し) → 0 分超 | 563 | +0 | -6,962 | -5 |
| break_delay_2 | 前半 | 0 分 → (無し) | 1,267 | +13,055 | +0 | -9 |
| break_delay_2 | 前半 | 0 分 → 0 分 | 47,448 | +507,356 | +507,964 | +0 |
| break_delay_2 | 前半 | 0 分 → 0 分超 | 348 | -37,070 | -25,920 | +8 |
| break_delay_2 | 前半 | 0 分超 → (無し) | 2,556 | -5,802 | +0 | +4 |
| break_delay_2 | 前半 | 0 分超 → 0 分 | 548 | -6,690 | -30,815 | -16 |
| break_delay_2 | 前半 | 0 分超 → 0 分超 | 123,930 | +61,362 | +26,375 | -24 |
| break_delay_2 | 後半 | (無し) → 0 分 | 333 | +0 | +523 | +0 |
| break_delay_2 | 後半 | (無し) → 0 分超 | 633 | +0 | +864 | +1 |
| break_delay_2 | 後半 | 0 分 → (無し) | 842 | +904 | +0 | -1 |
| break_delay_2 | 後半 | 0 分 → 0 分 | 39,024 | +202,381 | +201,793 | -0 |
| break_delay_2 | 後半 | 0 分 → 0 分超 | 395 | -31,530 | -18,597 | +9 |
| break_delay_2 | 後半 | 0 分超 → (無し) | 2,054 | -11,842 | +0 | +8 |
| break_delay_2 | 後半 | 0 分超 → 0 分 | 487 | -10,254 | -23,751 | -9 |
| break_delay_2 | 後半 | 0 分超 → 0 分超 | 129,884 | -550,479 | -505,885 | +30 |
| break_delay_3 | 前半 | (無し) → 0 分 | 689 | +0 | +4,231 | +3 |
| break_delay_3 | 前半 | (無し) → 0 分超 | 925 | +0 | -8,024 | -5 |
| break_delay_3 | 前半 | 0 分 → (無し) | 1,832 | +17,007 | +0 | -12 |
| break_delay_3 | 前半 | 0 分 → 0 分 | 46,658 | +526,878 | +526,608 | -0 |
| break_delay_3 | 前半 | 0 分 → 0 分超 | 573 | -60,544 | -31,576 | +20 |
| break_delay_3 | 前半 | 0 分超 → (無し) | 3,886 | -29,028 | +0 | +20 |
| break_delay_3 | 前半 | 0 分超 → 0 分 | 977 | -22,408 | -57,721 | -24 |
| break_delay_3 | 前半 | 0 分超 → 0 分超 | 122,171 | +100,306 | +37,633 | -43 |
| break_delay_3 | 後半 | (無し) → 0 分 | 542 | +0 | -281 | -0 |
| break_delay_3 | 後半 | (無し) → 0 分超 | 1,059 | +0 | +5,250 | +4 |
| break_delay_3 | 後半 | 0 分 → (無し) | 1,309 | +3,968 | +0 | -3 |
| break_delay_3 | 後半 | 0 分 → 0 分 | 38,336 | +217,072 | +221,291 | +3 |
| break_delay_3 | 後半 | 0 分 → 0 分超 | 616 | -49,285 | -25,725 | +16 |
| break_delay_3 | 後半 | 0 分超 → (無し) | 3,422 | -21,358 | +0 | +15 |
| break_delay_3 | 後半 | 0 分超 → 0 分 | 883 | -34,564 | -39,425 | -3 |
| break_delay_3 | 後半 | 0 分超 → 0 分超 | 128,120 | -516,653 | -462,274 | +37 |
| break_delay_4 | 前半 | (無し) → 0 分 | 862 | +0 | +4,722 | +3 |
| break_delay_4 | 前半 | (無し) → 0 分超 | 1,252 | +0 | -8,126 | -6 |
| break_delay_4 | 前半 | 0 分 → (無し) | 2,333 | +19,404 | +0 | -13 |
| break_delay_4 | 前半 | 0 分 → 0 分 | 45,974 | +547,606 | +547,541 | -0 |
| break_delay_4 | 前半 | 0 分 → 0 分超 | 756 | -83,669 | -46,484 | +25 |
| break_delay_4 | 前半 | 0 分超 → (無し) | 4,955 | -41,961 | +0 | +29 |
| break_delay_4 | 前半 | 0 分超 → 0 分 | 1,361 | -26,139 | -74,303 | -33 |
| break_delay_4 | 前半 | 0 分超 → 0 分超 | 120,718 | +116,970 | +22,538 | -64 |
| break_delay_4 | 後半 | (無し) → 0 分 | 678 | +0 | +638 | +0 |
| break_delay_4 | 後半 | (無し) → 0 分超 | 1,409 | +0 | +1,781 | +1 |
| break_delay_4 | 後半 | 0 分 → (無し) | 1,602 | +6,918 | +0 | -5 |
| break_delay_4 | 後半 | 0 分 → 0 分 | 37,891 | +229,021 | +229,880 | +1 |
| break_delay_4 | 後半 | 0 分 → 0 分超 | 768 | -64,184 | -33,634 | +21 |
| break_delay_4 | 後半 | 0 分超 → (無し) | 4,374 | -24,026 | +0 | +16 |
| break_delay_4 | 後半 | 0 分超 → 0 分 | 1,167 | -54,277 | -54,142 | +0 |
| break_delay_4 | 後半 | 0 分超 → 0 分超 | 126,884 | -494,273 | -434,347 | +41 |
| break_delay_8 | 前半 | (無し) → 0 分 | 1,368 | +0 | +7,279 | +5 |
| break_delay_8 | 前半 | (無し) → 0 分超 | 2,014 | +0 | -1,898 | -1 |
| break_delay_8 | 前半 | 0 分 → (無し) | 3,558 | +31,847 | +0 | -22 |
| break_delay_8 | 前半 | 0 分 → 0 分 | 44,387 | +571,991 | +561,462 | -7 |
| break_delay_8 | 前半 | 0 分 → 0 分超 | 1,118 | -120,497 | -68,694 | +35 |
| break_delay_8 | 前半 | 0 分超 → (無し) | 7,651 | -71,876 | +0 | +49 |
| break_delay_8 | 前半 | 0 分超 → 0 分 | 2,394 | -43,331 | -120,608 | -53 |
| break_delay_8 | 前半 | 0 分超 → 0 分超 | 116,989 | +164,077 | -31,295 | -133 |
| break_delay_8 | 後半 | (無し) → 0 分 | 1,089 | +0 | -419 | -0 |
| break_delay_8 | 後半 | (無し) → 0 分超 | 2,272 | +0 | -4,897 | -3 |
| break_delay_8 | 後半 | 0 分 → (無し) | 2,515 | +9,528 | +0 | -6 |
| break_delay_8 | 後半 | 0 分 → 0 分 | 36,560 | +263,739 | +257,630 | -4 |
| break_delay_8 | 後半 | 0 分 → 0 分超 | 1,186 | -101,513 | -53,242 | +33 |
| break_delay_8 | 後半 | 0 分超 → (無し) | 7,167 | -40,332 | +0 | +27 |
| break_delay_8 | 後半 | 0 分超 → 0 分 | 2,114 | -71,218 | -91,144 | -14 |
| break_delay_8 | 後半 | 0 分超 → 0 分超 | 123,144 | -461,025 | -449,791 | +8 |
