| 本 | 帯 | 区切り | 本数 | 段の数の平均 | 上限段の割合 | 1 取引あたり 円 |
|---|---|---|---|---|---|---|
| break_delay_2 | 0 分 | 前半 | 48,430 | 1.46 | 0.040 | +9.9 |
| break_delay_2 | 0 分 | 後半 | 39,844 | 1.45 | 0.043 | +4.5 |
| break_delay_2 | 0 分超 | 前半 | 124,841 | 2.56 | 0.216 | -0.1 |
| break_delay_2 | 0 分超 | 後半 | 130,912 | 2.62 | 0.234 | -4.0 |
| break_delay_3 | 0 分 | 前半 | 48,324 | 1.45 | 0.038 | +9.8 |
| break_delay_3 | 0 分 | 後半 | 39,761 | 1.44 | 0.041 | +4.6 |
| break_delay_3 | 0 分超 | 前半 | 123,669 | 2.55 | 0.215 | -0.0 |
| break_delay_3 | 0 分超 | 後半 | 129,795 | 2.62 | 0.233 | -3.7 |
| break_delay_4 | 0 分 | 前半 | 48,197 | 1.45 | 0.037 | +9.9 |
| break_delay_4 | 0 分 | 後半 | 39,736 | 1.44 | 0.040 | +4.4 |
| break_delay_4 | 0 分超 | 前半 | 122,726 | 2.55 | 0.214 | -0.3 |
| break_delay_4 | 0 分超 | 後半 | 129,061 | 2.61 | 0.232 | -3.6 |
| break_delay_8 | 0 分 | 前半 | 48,149 | 1.45 | 0.035 | +9.3 |
| break_delay_8 | 0 分 | 後半 | 39,763 | 1.44 | 0.039 | +4.2 |
| break_delay_8 | 0 分超 | 前半 | 120,121 | 2.53 | 0.210 | -0.8 |
| break_delay_8 | 0 分超 | 後半 | 126,602 | 2.60 | 0.228 | -4.0 |
| base | 0 分 | 前半 | 49,063 | 1.46 | 0.041 | +9.9 |
| base | 0 分 | 後半 | 40,261 | 1.45 | 0.044 | +4.3 |
| base | 0 分超 | 前半 | 127,034 | 2.56 | 0.220 | +0.4 |
| base | 0 分超 | 後半 | 132,425 | 2.63 | 0.237 | -4.3 |
