| 本 | 帯 | 区切り | 出の理由 | 1 段 本 / 1 取引あたり 円 | 2 段以上 本 / 1 取引あたり 円 | 全部 本 / 1 取引あたり 円 |
|---|---|---|---|---|---|---|
| break_delay_2 | 0 分 | 前半 | close | 35,721 / +17.1 | 7,269 / +60.6 | 42,990 / +24.5 |
| break_delay_2 | 0 分 | 前半 | break | 1,091 / -14.5 | 4,349 / -127.6 | 5,440 / -104.9 |
| break_delay_2 | 0 分 | 後半 | close | 30,091 / +14.3 | 4,905 / +47.7 | 34,996 / +19.0 |
| break_delay_2 | 0 分 | 後半 | break | 806 / -18.1 | 4,042 / -116.4 | 4,848 / -100.0 |
| break_delay_2 | 0 分超 | 前半 | close | 46,113 / +18.5 | 62,584 / +67.7 | 108,697 / +46.8 |
| break_delay_2 | 0 分超 | 前半 | break | 527 / -40.6 | 15,000 / -327.2 | 15,527 / -317.5 |
| break_delay_2 | 0 分超 | 前半 | market | 30 / +96.3 | 587 / -286.8 | 617 / -268.2 |
| break_delay_2 | 0 分超 | 後半 | close | 46,882 / +14.3 | 66,126 / +52.7 | 113,008 / +36.8 |
| break_delay_2 | 0 分超 | 後半 | break | 600 / -36.9 | 17,096 / -267.3 | 17,696 / -259.5 |
| break_delay_2 | 0 分超 | 後半 | market | 1 / -1.5 | 207 / -414.9 | 208 / -412.9 |
| break_delay_3 | 0 分 | 前半 | close | 35,444 / +17.1 | 7,207 / +60.5 | 42,651 / +24.4 |
| break_delay_3 | 0 分 | 前半 | break | 1,261 / -13.8 | 4,412 / -125.0 | 5,673 / -100.3 |
| break_delay_3 | 0 分 | 後半 | close | 29,873 / +14.3 | 4,863 / +47.6 | 34,736 / +18.9 |
| break_delay_3 | 0 分 | 後半 | break | 934 / -15.9 | 4,091 / -112.8 | 5,025 / -94.8 |
| break_delay_3 | 0 分超 | 前半 | close | 45,766 / +18.6 | 61,477 / +68.2 | 107,243 / +47.0 |
| break_delay_3 | 0 分超 | 前半 | break | 545 / -40.7 | 15,289 / -318.5 | 15,834 / -309.0 |
| break_delay_3 | 0 分超 | 前半 | market | 30 / +96.3 | 562 / -272.4 | 592 / -253.7 |
| break_delay_3 | 0 分超 | 後半 | close | 46,533 / +14.3 | 65,014 / +53.3 | 111,547 / +37.1 |
| break_delay_3 | 0 分超 | 後半 | break | 603 / -35.0 | 17,452 / -258.9 | 18,055 / -251.5 |
| break_delay_3 | 0 分超 | 後半 | market | 1 / -1.5 | 192 / -393.8 | 193 / -391.8 |
| break_delay_4 | 0 分 | 前半 | close | 35,182 / +17.1 | 7,134 / +60.8 | 42,316 / +24.5 |
| break_delay_4 | 0 分 | 前半 | break | 1,402 / -13.2 | 4,479 / -120.4 | 5,881 / -94.8 |
| break_delay_4 | 0 分 | 後半 | close | 29,755 / +14.3 | 4,815 / +47.4 | 34,570 / +18.9 |
| break_delay_4 | 0 分 | 後半 | break | 1,018 / -14.8 | 4,148 / -111.2 | 5,166 / -92.2 |
| break_delay_4 | 0 分超 | 前半 | close | 45,453 / +18.6 | 60,631 / +68.6 | 106,084 / +47.2 |
| break_delay_4 | 0 分超 | 前半 | break | 590 / -37.8 | 15,470 / -314.3 | 16,060 / -304.2 |
| break_delay_4 | 0 分超 | 前半 | market | 30 / +96.3 | 552 / -278.2 | 582 / -258.9 |
| break_delay_4 | 0 分超 | 後半 | close | 46,295 / +14.3 | 64,265 / +53.8 | 110,560 / +37.2 |
| break_delay_4 | 0 分超 | 後半 | break | 613 / -33.3 | 17,704 / -253.9 | 18,317 / -246.5 |
| break_delay_4 | 0 分超 | 後半 | market | 1 / -1.5 | 183 / -376.0 | 184 / -373.9 |
| break_delay_8 | 0 分 | 前半 | close | 34,612 / +17.1 | 6,949 / +60.1 | 41,561 / +24.2 |
| break_delay_8 | 0 分 | 前半 | break | 1,826 / -11.5 | 4,762 / -113.1 | 6,588 / -84.9 |
| break_delay_8 | 0 分 | 後半 | close | 29,320 / +14.2 | 4,727 / +46.5 | 34,047 / +18.7 |
| break_delay_8 | 0 分 | 後半 | break | 1,404 / -12.8 | 4,312 / -105.1 | 5,716 / -82.4 |
| break_delay_8 | 0 分超 | 前半 | close | 44,702 / +18.6 | 58,430 / +69.4 | 103,132 / +47.4 |
| break_delay_8 | 0 分超 | 前半 | break | 725 / -32.3 | 15,725 / -307.1 | 16,450 / -295.0 |
| break_delay_8 | 0 分超 | 前半 | market | 29 / +99.8 | 510 / -267.1 | 539 / -247.4 |
| break_delay_8 | 0 分超 | 後半 | close | 45,512 / +14.3 | 62,021 / +54.3 | 107,533 / +37.4 |
| break_delay_8 | 0 分超 | 後半 | break | 721 / -31.6 | 18,191 / -244.3 | 18,912 / -236.2 |
| break_delay_8 | 0 分超 | 後半 | market | 1 / -1.5 | 156 / -383.3 | 157 / -380.8 |
| base | 0 分 | 前半 | close | 36,353 / +17.2 | 7,422 / +61.7 | 43,775 / +24.7 |
| base | 0 分 | 前半 | break | 956 / -17.2 | 4,332 / -134.6 | 5,288 / -113.4 |
| base | 0 分 | 後半 | close | 30,454 / +14.3 | 4,960 / +48.3 | 35,414 / +19.1 |
| base | 0 分 | 後半 | break | 731 / -19.4 | 4,116 / -118.8 | 4,847 / -103.8 |
| base | 0 分超 | 前半 | close | 46,846 / +18.6 | 64,921 / +67.0 | 111,767 / +46.7 |
| base | 0 分超 | 前半 | break | 491 / -43.6 | 14,125 / -352.0 | 14,616 / -341.7 |
| base | 0 分超 | 前半 | market | 31 / +93.3 | 620 / -291.7 | 651 / -273.4 |
| base | 0 分超 | 後半 | close | 47,364 / +14.3 | 68,050 / +51.4 | 115,414 / +36.2 |
| base | 0 分超 | 後半 | break | 531 / -37.8 | 16,246 / -285.1 | 16,777 / -277.2 |
| base | 0 分超 | 後半 | market | 1 / -1.5 | 233 / -433.4 | 234 / -431.6 |
