
break_delay_2
場面 | 区切り | 日数 | 1 日あたり 円 [区間]
low 全部(2017〜) 997 -47 [-120, +26]
low 前半(〜2019-12-08) 368 +240 [+141, +338]
low 後半(2019-12-09〜) 629 -215 [-304, -124]
mid 全部(2017〜) 646 +9 [-117, +141]
mid 前半(〜2019-12-08) 268 +342 [+154, +565]
mid 後半(2019-12-09〜) 378 -227 [-407, -72]
high 全部(2017〜) 899 +137 [-73, +325]
high 前半(〜2019-12-08) 436 +568 [+255, +896]
high 後半(2019-12-09〜) 463 -269 [-450, -75]

break_delay_3
場面 | 区切り | 日数 | 1 日あたり 円 [区間]
low 全部(2017〜) 997 -35 [-104, +38]
low 前半(〜2019-12-08) 368 +240 [+148, +331]
low 後半(2019-12-09〜) 629 -196 [-283, -107]
mid 全部(2017〜) 646 +38 [-91, +171]
mid 前半(〜2019-12-08) 268 +393 [+199, +627]
mid 後半(2019-12-09〜) 378 -214 [-384, -61]
high 全部(2017〜) 899 +144 [-48, +329]
high 前半(〜2019-12-08) 436 +520 [+202, +852]
high 後半(2019-12-09〜) 463 -211 [-385, -26]

break_delay_4
場面 | 区切り | 日数 | 1 日あたり 円 [区間]
low 全部(2017〜) 997 -41 [-110, +28]
low 前半(〜2019-12-08) 368 +237 [+149, +318]
low 後半(2019-12-09〜) 629 -204 [-291, -119]
mid 全部(2017〜) 646 +63 [-60, +191]
mid 前半(〜2019-12-08) 268 +426 [+256, +636]
mid 後半(2019-12-09〜) 378 -194 [-362, -47]
high 全部(2017〜) 899 +124 [-70, +305]
high 前半(〜2019-12-08) 436 +458 [+120, +791]
high 後半(2019-12-09〜) 463 -191 [-368, -15]

break_delay_8
場面 | 区切り | 日数 | 1 日あたり 円 [区間]
low 全部(2017〜) 997 -54 [-121, +19]
low 前半(〜2019-12-08) 368 +191 [+99, +275]
low 後半(2019-12-09〜) 629 -196 [-284, -106]
mid 全部(2017〜) 646 -26 [-145, +101]
mid 前半(〜2019-12-08) 268 +315 [+157, +501]
mid 後半(2019-12-09〜) 378 -269 [-427, -117]
high 全部(2017〜) 899 +44 [-139, +226]
high 前半(〜2019-12-08) 436 +360 [+50, +662]
high 後半(2019-12-09〜) 463 -253 [-433, -71]
