
break_delay_2 − base
場面 | 区切り | 日数 | 差 1 日あたり 円 [区間]
low 前半(〜2019-12-08) 368 -23 [-62, +18]
low 後半(2019-12-09〜) 629 +1 [-28, +31]
mid 前半(〜2019-12-08) 268 -69 [-162, +28]
mid 後半(2019-12-09〜) 378 +55 [+4, +99]
high 前半(〜2019-12-08) 436 -88 [-220, +33]
high 後半(2019-12-09〜) 463 +74 [+12, +137]

break_delay_3 − base
場面 | 区切り | 日数 | 差 1 日あたり 円 [区間]
low 前半(〜2019-12-08) 368 -23 [-69, +28]
low 後半(2019-12-09〜) 629 +20 [-18, +61]
mid 前半(〜2019-12-08) 268 -18 [-101, +75]
mid 後半(2019-12-09〜) 378 +68 [+12, +120]
high 前半(〜2019-12-08) 436 -136 [-293, +33]
high 後半(2019-12-09〜) 463 +133 [+51, +214]

break_delay_4 − base
場面 | 区切り | 日数 | 差 1 日あたり 円 [区間]
low 前半(〜2019-12-08) 368 -27 [-82, +38]
low 後半(2019-12-09〜) 629 +12 [-30, +52]
mid 前半(〜2019-12-08) 268 +15 [-87, +122]
mid 後半(2019-12-09〜) 378 +88 [+18, +149]
high 前半(〜2019-12-08) 436 -198 [-375, -16]
high 後半(2019-12-09〜) 463 +152 [+56, +250]

break_delay_8 − base
場面 | 区切り | 日数 | 差 1 日あたり 円 [区間]
low 前半(〜2019-12-08) 368 -73 [-135, -2]
low 後半(2019-12-09〜) 629 +20 [-31, +71]
mid 前半(〜2019-12-08) 268 -96 [-222, +29]
mid 後半(2019-12-09〜) 378 +13 [-69, +93]
high 前半(〜2019-12-08) 436 -296 [-492, -99]
high 後半(2019-12-09〜) 463 +90 [-25, +205]
