印: ＋ = 区間が 0 より上、－ = 0 より下。帯の境は標本の中。

基準 前半 全体: +362.3 [+231.8, +499.5]＋ 円/日

基準 後半 全体: -272.7 [-359.3, -187.2]－ 円/日

## 建てた時点の幅 ÷ 1 段目の約定値段(境 = 全期間の分布の 10・25・50・75・90% 点)【建ての前に決まる群】

| 群 | 前半 本 | 前半 円/日 [区間] | 後半 本 | 後半 円/日 [区間] | 1 本あたり 前半 / 後半 |
|---|---|---|---|---|---|
| 幅 〜10%点 | 30,994 | +31.3 [+16.6, +48.3]＋ | 19,865 | -23.5 [-32.2, -15.8]－ | +1.48 / -1.74 |
| 幅 10〜25% | 32,175 | +32.1 [+10.0, +55.7]＋ | 34,827 | -62.8 [-83.1, -42.5]－ | +1.47 / -2.65 |
| 幅 25〜50% | 43,047 | +77.3 [+37.1, +117.8]＋ | 54,387 | -108.6 [-144.8, -74.9]－ | +2.64 / -2.94 |
| 幅 50〜75% | 37,445 | +40.3 [-8.6, +87.3] | 42,089 | -68.4 [-114.9, -17.5]－ | +1.58 / -2.39 |
| 幅 75〜90% | 20,970 | +70.7 [+8.9, +128.7]＋ | 15,729 | -12.6 [-58.6, +30.9] | +4.96 / -1.18 |
| 幅 90%点〜 | 11,466 | +110.6 [+26.6, +203.2]＋ | 5,789 | +3.3 [-41.1, +43.7] | +14.16 / +0.84 |

## 建てた時点の、1 段目の値段から中心までの距離 ÷ 幅(四分位)【建ての前に決まる群】

| 群 | 前半 本 | 前半 円/日 [区間] | 後半 本 | 後半 円/日 [区間] | 1 本あたり 前半 / 後半 |
|---|---|---|---|---|---|
| 中心まで 〜0.35 幅 | 45,176 | +58.1 [-28.2, +142.4] | 42,020 | -147.5 [-199.7, -95.8]－ | +1.89 / -5.16 |
| 0.35〜0.42 | 43,177 | +88.9 [+36.9, +141.3]＋ | 44,035 | -84.4 [-128.5, -39.9]－ | +3.02 / -2.82 |
| 0.42〜0.49 | 43,240 | +102.0 [+52.1, +154.1]＋ | 43,939 | -43.0 [-80.1, -4.6]－ | +3.47 / -1.44 |
| 0.49 幅〜 | 44,504 | +113.3 [+68.6, +159.2]＋ | 42,692 | +2.2 [-28.8, +33.6] | +3.74 / +0.08 |

## 建てた時点の、1 段目の値段から損の側のブレイクの線までの距離 ÷ 幅(四分位)【建ての前に決まる群】

| 群 | 前半 本 | 前半 円/日 [区間] | 後半 本 | 後半 円/日 [区間] | 1 本あたり 前半 / 後半 |
|---|---|---|---|---|---|
| 線まで 〜0.52 幅 | 44,225 | -19.1 [-55.8, +17.5] | 42,971 | -84.9 [-117.2, -57.0]－ | -0.63 / -2.90 |
| 0.52〜0.63 | 44,221 | +29.2 [-28.7, +83.1] | 42,975 | -118.0 [-157.7, -76.1]－ | +0.97 / -4.04 |
| 0.63〜0.76 | 43,876 | +102.1 [+36.8, +174.1]＋ | 43,319 | -94.0 [-143.3, -46.9]－ | +3.42 / -3.19 |
| 0.76 幅〜 | 43,775 | +250.1 [+165.3, +334.8]＋ | 43,421 | +24.2 [-37.1, +80.1] | +8.39 / +0.82 |
| 線なし(ブレイク中など) | 0 | +0.0 [+0.0, +0.0] | 0 | +0.0 [+0.0, +0.0] | — / — |

## 建てた時刻(日本時間 4 時間ごと)【建ての前に決まる群】

| 群 | 前半 本 | 前半 円/日 [区間] | 後半 本 | 後半 円/日 [区間] | 1 本あたり 前半 / 後半 |
|---|---|---|---|---|---|
| 日本時間 16〜20 時 | 29,554 | +35.6 [-6.6, +76.0] | 29,087 | -38.4 [-67.9, -9.2]－ | +1.77 / -1.94 |
| 日本時間 20〜24 時 | 30,259 | +109.8 [+64.8, +155.0]＋ | 30,132 | -79.6 [-114.0, -44.2]－ | +5.33 / -3.88 |
| 日本時間 00〜04 時 | 29,664 | +133.5 [+83.3, +181.6]＋ | 29,044 | -19.2 [-59.3, +19.4] | +6.61 / -0.97 |
| 日本時間 08〜12 時 | 28,608 | -0.3 [-53.3, +48.8] | 28,408 | -55.0 [-90.2, -23.1]－ | -0.02 / -2.85 |
| 日本時間 12〜16 時 | 30,143 | +96.5 [+53.4, +140.5]＋ | 29,578 | +11.9 [-16.5, +39.9] | +4.70 / +0.59 |
| 日本時間 04〜08 時 | 27,869 | -12.8 [-56.8, +33.3] | 26,437 | -92.4 [-130.0, -56.3]－ | -0.68 / -5.14 |

## 向き【建ての前に決まる群】

| 群 | 前半 本 | 前半 円/日 [区間] | 後半 本 | 後半 円/日 [区間] | 1 本あたり 前半 / 後半 |
|---|---|---|---|---|---|
| 買い | 87,647 | +224.6 [+132.1, +319.3]＋ | 86,682 | -113.4 [-179.1, -52.4]－ | +3.76 / -1.92 |
| 売り | 88,450 | +137.7 [+51.3, +225.5]＋ | 86,004 | -159.2 [-217.4, -106.7]－ | +2.29 / -2.72 |

## 足した段の数【結果で決まる群】

| 群 | 前半 本 | 前半 円/日 [区間] | 後半 本 | 後半 円/日 [区間] | 1 本あたり 前半 / 後半 |
|---|---|---|---|---|---|
| 段 2 | 32,642 | +892.4 [+827.6, +958.2]＋ | 31,305 | +695.9 [+650.1, +743.5]＋ | +40.16 / +32.68 |
| 段 1 | 84,677 | +993.5 [+923.0, +1069.7]＋ | 79,081 | +734.8 [+683.3, +787.2]＋ | +17.24 / +13.66 |
| 段 5(上限) | 29,925 | -2631.9 [-2880.6, -2386.0]－ | 33,229 | -2608.8 [-2783.7, -2445.9]－ | -129.20 / -115.41 |
| 段 3 | 17,508 | +667.6 [+609.7, +726.4]＋ | 17,565 | +539.1 [+502.8, +575.1]＋ | +56.01 / +45.12 |
| 段 4 | 11,345 | +440.6 [+400.9, +480.5]＋ | 11,506 | +366.3 [+341.1, +395.1]＋ | +57.06 / +46.79 |

## 閉じ方【結果で決まる群】

| 群 | 前半 本 | 前半 円/日 [区間] | 後半 本 | 後半 円/日 [区間] | 1 本あたり 前半 / 後半 |
|---|---|---|---|---|---|
| 成行(時間切れ・ブレイク後) | 651 | -121.1 [-151.5, -91.7]－ | 234 | -68.7 [-84.7, -52.7]－ | -273.37 / -431.56 |
| 利確 | 155,542 | +4291.1 [+3975.3, +4601.0]＋ | 150,828 | +3302.5 [+3106.1, +3534.0]＋ | +40.53 / +32.19 |
| ブレイクの逆指値 | 19,904 | -3807.6 [-4141.8, -3492.8]－ | 21,624 | -3506.5 [-3749.2, -3294.5]－ | -281.02 / -238.37 |

## 35 本の稼ぎ(利確の和)と損(ブレイクの逆指値・成行の和)の 1 日あたり(点の値)【結果で決まる群】

| 本 | 前半 利確 | 前半 ブレイク | 前半 成行 | 後半 利確 | 後半 ブレイク | 後半 成行 | 後半 計 |
|---|---|---|---|---|---|---|---|
| alert_10 | +4312.4 | -3635.7 | -365.7 | +3421.2 | -3321.5 | -383.9 | -284.2 |
| alert_5 | +4299.9 | -3298.7 | -810.8 | +3422.4 | -2975.2 | -784.9 | -337.8 |
| alert_x1 | +4288.0 | -3872.1 | -41.5 | +3268.7 | -3539.5 | -1.3 | -272.1 |
| alert_x2 | +4275.6 | -3891.5 | -14.5 | +3269.5 | -3540.9 | -0.0 | -271.4 |
| base | +4291.1 | -3807.6 | -121.1 | +3302.5 | -3506.5 | -68.7 | -272.7 |
| beard_off | +4727.3 | -4081.5 | -154.6 | +3562.0 | -3778.6 | -110.6 | -327.2 |
| break_delay_2 | +4179.6 | -3744.4 | -112.6 | +3277.4 | -3453.7 | -58.4 | -234.7 |
| break_delay_3 | +4140.4 | -3717.5 | -102.2 | +3258.9 | -3412.4 | -51.4 | -204.9 |
| break_delay_4 | +4111.1 | -3705.0 | -102.6 | +3245.4 | -3395.8 | -46.8 | -197.2 |
| break_delay_8 | +4011.0 | -3684.6 | -90.8 | +3166.9 | -3358.8 | -40.7 | -232.6 |
| break_dist_0.25 | +3575.5 | -3161.9 | -68.1 | +2748.1 | -2883.2 | -26.6 | -161.7 |
| break_dist_1 | +4654.5 | -3926.3 | -255.8 | +3462.4 | -3551.5 | -199.8 | -288.9 |
| break_len_mult_4 | +4396.9 | -3404.2 | -287.0 | +3208.2 | -3182.0 | -231.3 | -205.0 |
| break_off | +2703.0 | +0.0 | -1916.3 | +1672.8 | +0.0 | -1785.0 | -112.2 |
| count_20 | +2453.5 | -2399.3 | -80.8 | +1898.8 | -2125.9 | -24.4 | -251.6 |
| count_80 | +4881.0 | -4202.3 | -200.0 | +3633.0 | -3863.5 | -181.4 | -412.0 |
| entry_exit_2_1 | +7101.6 | -6257.7 | -368.1 | +5349.1 | -5701.0 | -391.0 | -742.9 |
| entry_exit_3_2 | +5764.2 | -5053.2 | -205.9 | +4329.8 | -4642.8 | -171.7 | -484.7 |
| foot_5 | +2206.1 | -2007.3 | -44.1 | +1780.0 | -1750.9 | -38.5 | -9.4 |
| levels_1 | +6364.5 | -6021.0 | -199.0 | +4711.6 | -5738.3 | -106.0 | -1132.7 |
| levels_3 | +5252.4 | -4754.7 | -150.0 | +4059.0 | -4449.0 | -83.3 | -473.3 |
| levels_7 | +3531.6 | -3096.7 | -102.1 | +2646.6 | -2767.2 | -56.8 | -177.5 |
| range_hi_none | +4329.3 | -3817.5 | -121.1 | +3314.0 | -3519.7 | -68.7 | -274.4 |
| range_hi_p75 | +2335.8 | -2087.4 | -75.5 | +2291.9 | -2514.3 | -38.2 | -260.5 |
| range_hi_p90 | +3256.4 | -2910.6 | -98.2 | +2892.0 | -3113.8 | -55.0 | -276.8 |
| range_lo_none | +4291.2 | -3807.7 | -121.1 | +3302.5 | -3506.5 | -68.7 | -272.7 |
| range_lo_p10 | +4137.4 | -3683.8 | -119.2 | +3222.0 | -3409.3 | -65.9 | -253.3 |
| range_lo_p25 | +3825.7 | -3413.7 | -108.8 | +2959.5 | -3089.7 | -59.4 | -189.6 |
| range_lo_p50 | +3153.8 | -2811.9 | -86.7 | +2241.9 | -2266.6 | -48.5 | -73.3 |
| range_lo_p50_break_dist_0.25 | +2613.2 | -2336.1 | -48.5 | +1839.0 | -1846.9 | -19.1 | -27.0 |
| step_2 | +3051.8 | -2712.2 | -93.0 | +2313.1 | -2487.7 | -48.0 | -222.6 |
| step_4 | +2023.2 | -1828.6 | -65.6 | +1488.8 | -1662.6 | -32.5 | -206.3 |
| vola_gate_p10 | +4078.5 | -3643.0 | -94.2 | +3213.0 | -3402.6 | -64.2 | -253.8 |
| vola_gate_p25 | +3736.7 | -3347.3 | -66.8 | +2961.9 | -3085.6 | -55.6 | -179.3 |
| vola_gate_p50 | +3080.7 | -2751.6 | -44.6 | +2259.1 | -2299.6 | -46.0 | -86.6 |
