起点 211,131(前半 102,636・後半 108,495)。直前の動きが取れない起点 7,722

## 深さ(ボラの何倍外れて閉じたか)(境 = 前半の五分位)

| 帯 | 前半 i | 後半 i | 前半 iii | 後半 iii | 後半の起点 |
|---|---|---|---|---|---|
| 〜4.18 | 80.3% | 79.4% | 15.2% | 16.1% | 22,542 |
| 4.18〜4.40 | 78.1% | 76.5% | 17.1% | 18.3% | 22,379 |
| 4.40〜4.68 | 74.5% | 72.2% | 19.9% | 21.7% | 22,441 |
| 4.68〜5.15 | 70.0% | 67.0% | 23.6% | 26.4% | 22,001 |
| 5.15〜 | 61.8% | 57.7% | 27.0% | 33.0% | 19,132 |

## 幅 ÷ ボラ(境 = 前半の五分位)

| 帯 | 前半 i | 後半 i | 前半 iii | 後半 iii | 後半の起点 |
|---|---|---|---|---|---|
| 〜9.01 | 76.5% | 75.3% | 19.2% | 20.4% | 21,941 |
| 9.01〜9.92 | 73.6% | 70.8% | 21.8% | 24.5% | 22,465 |
| 9.92〜10.99 | 71.7% | 69.3% | 23.5% | 25.0% | 22,804 |
| 10.99〜12.75 | 71.8% | 69.1% | 22.1% | 23.9% | 23,693 |
| 12.75〜 | 71.2% | 70.5% | 16.1% | 19.2% | 17,592 |

## ボラ ÷ 値段(bp)(境 = 前半の五分位)

| 帯 | 前半 i | 後半 i | 前半 iii | 後半 iii | 後半の起点 |
|---|---|---|---|---|---|
| 〜1.94 | 73.7% | 71.4% | 18.2% | 22.0% | 13,636 |
| 1.94〜3.27 | 72.7% | 70.6% | 20.9% | 23.5% | 23,132 |
| 3.27〜5.11 | 73.0% | 71.5% | 21.1% | 23.0% | 29,617 |
| 5.11〜8.46 | 72.8% | 70.8% | 21.3% | 22.9% | 27,282 |
| 8.46〜 | 72.5% | 70.5% | 21.4% | 21.8% | 14,828 |

## ブレイクの線まで(ボラの何倍)(境 = 前半の五分位)

| 帯 | 前半 i | 後半 i | 前半 iii | 後半 iii | 後半の起点 |
|---|---|---|---|---|---|
| 〜3.98 | 54.8% | 52.8% | 39.3% | 43.3% | 22,445 |
| 3.98〜5.09 | 76.4% | 74.1% | 21.5% | 23.5% | 21,317 |
| 5.09〜6.51 | 76.2% | 73.9% | 19.8% | 21.5% | 22,407 |
| 6.51〜9.12 | 79.7% | 76.8% | 14.0% | 15.6% | 23,245 |
| 9.12〜 | 77.6% | 78.3% | 8.2% | 8.1% | 19,081 |

## 直前 5 分の動き(bp、正 = 戻り始め)(境 = 前半の五分位)

| 帯 | 前半 i | 後半 i | 前半 iii | 後半 iii | 後半の起点 |
|---|---|---|---|---|---|
| 〜-26.17 | 70.6% | 68.0% | 23.3% | 25.8% | 17,579 |
| -26.17〜-13.35 | 72.6% | 69.9% | 21.5% | 24.3% | 23,776 |
| -13.35〜-6.80 | 73.1% | 70.8% | 21.4% | 23.3% | 23,022 |
| -6.80〜-2.14 | 74.2% | 71.9% | 20.4% | 22.1% | 20,423 |
| -2.14〜 | 76.1% | 74.3% | 17.6% | 19.0% | 20,742 |

## 時刻(日本時間)

| 時刻 | 前半 i | 後半 i | 前半 iii | 後半 iii |
|---|---|---|---|---|
| 00〜04 時 | 73.9% | 71.1% | 19.2% | 22.3% |
| 04〜08 時 | 72.0% | 70.2% | 21.3% | 22.9% |
| 08〜12 時 | 72.7% | 70.4% | 20.5% | 22.5% |
| 12〜16 時 | 74.2% | 71.8% | 19.7% | 22.0% |
| 16〜20 時 | 71.9% | 71.0% | 21.4% | 23.2% |
| 20〜24 時 | 72.9% | 71.2% | 21.2% | 23.8% |

## 年ごとの i の割合と、量の帯の混ざり方を 2017〜2018 年にそろえた値(直接の標準化)

| 年 | i(実際) | 深さでそろえた | 幅 ÷ ボラでそろえた | ボラ ÷ 値段でそろえた | ブレイクの線まででそろえた | 直前 5 分の動きでそろえた | 各量の中央値: 深さ・幅÷ボラ・ボラ bp・線まで・直前の動き |
|---|---|---|---|---|---|---|---|
| 2016 | 74.2% | 77.4% | 77.4% | 71.6% | 75.5% | 74.5% | 4.81 / 12.62 / 1.96 / 7.93 / -5.39 |
| 2017 | 73.7% | 73.8% | 73.7% | 73.8% | 73.6% | 73.7% | 4.50 / 10.30 / 6.44 / 5.54 / -15.11 |
| 2018 | 72.3% | 72.1% | 72.2% | 72.3% | 72.4% | 72.2% | 4.48 / 10.06 / 5.23 / 5.40 / -11.76 |
| 2019 | 71.8% | 71.2% | 71.6% | 71.7% | 72.3% | 71.3% | 4.45 / 9.97 / 4.00 / 5.30 / -8.99 |
| 2020 | 71.6% | 71.0% | 71.4% | 71.6% | 71.9% | 71.0% | 4.46 / 10.05 / 4.16 / 5.39 / -9.23 |
| 2021 | 71.0% | 71.0% | 70.9% | 70.1% | 71.5% | 71.2% | 4.49 / 10.16 / 6.41 / 5.40 / -15.91 |
| 2022 | 71.2% | 71.1% | 71.2% | 70.6% | 71.2% | 70.5% | 4.48 / 10.19 / 4.24 / 5.56 / -9.41 |
| 2023 | 70.1% | 71.7% | 70.5% | 69.9% | 68.7% | 69.8% | 4.62 / 11.25 / 2.56 / 6.69 / -6.51 |
