| 本 | 取引 | 全期間の和(円) | 前半 本 | 後半 本 |
|---|---|---|---|---|
| 基準(利確 3 ボラ) | 348,783 | +131,389 | 176,097 | 172,686 |
| I5(利確 2 ボラ) | 237,689 | +493,279 | 121,807 | 115,882 |
| I5 + I1 0.35 | 182,338 | +470,029 | 90,670 | 91,668 |
| I5 + I1 0.42 | 121,151 | +388,927 | 60,528 | 60,623 |
| I5 + I1 0.49 | 61,905 | +265,232 | 31,005 | 30,900 |

## 本そのものの 1 日あたり(円/日)[区間]

| 期間 | 基準(利確 3 ボラ) | I5(利確 2 ボラ) | I5 + I1 0.35 | I5 + I1 0.42 | I5 + I1 0.49 |
|---|---|---|---|---|---|
| 前半 | +362 [+231, +497] | +546 [+400, +707] | +396 [+286, +502] | +272 [+183, +355] | +171 [+124, +222] |
| 後半 | -273 [-371, -182] | -210 [-310, -110] | -76 [-158, -1] | -8 [-69, +53] | +9 [-29, +49] |
| 2016 | +133 [-191, +404] | +275 [-29, +578] | +250 [+131, +362] | +146 [+83, +211] | +85 [+57, +115] |
| 2017 | +564 [+201, +920] | +885 [+545, +1251] | +271 [-27, +563] | +96 [-140, +319] | +80 [-33, +198] |
| 2018 | +543 [+321, +734] | +800 [+548, +1074] | +741 [+478, +952] | +520 [+342, +708] | +322 [+207, +439] |
| 2019 | +244 [+89, +413] | +252 [+95, +413] | +357 [+198, +507] | +357 [+236, +491] | +216 [+131, +309] |
| 2020 | +6 [-149, +173] | -8 [-186, +172] | +107 [-53, +288] | +189 [+61, +335] | +99 [+11, +198] |
| 2021 | -384 [-624, -179] | -261 [-541, -23] | -54 [-255, +126] | -40 [-194, +112] | +7 [-105, +111] |
| 2022 | -263 [-408, -132] | -267 [-452, -83] | -221 [-389, -74] | -106 [-223, +9] | -26 [-99, +45] |
| 2023 | -479 [-647, -323] | -323 [-487, -159] | -169 [-285, -59] | -101 [-170, -35] | -60 [-101, -22] |

## I5 + I1 の各本 − I5 + I1 0.49 の同じ日どうしの差(円/日)[区間]

| 期間 | 0.35 − 0.49 | 0.42 − 0.49 | I5 − 0.49 |
|---|---|---|---|
| 前半 | +225 [+139, +317] | +101 [+41, +159] | +375 [+249, +510] |
| 後半 | -86 [-158, -20] | -17 [-54, +26] | -219 [-303, -136] |
| 2016 | +164 [+63, +261] | +60 [+8, +110] | +190 [-107, +483] |
| 2017 | +190 [-53, +421] | +15 [-165, +173] | +805 [+513, +1117] |
| 2018 | +419 [+213, +607] | +198 [+62, +325] | +478 [+249, +702] |
| 2019 | +141 [+25, +262] | +142 [+56, +230] | +36 [-95, +171] |
| 2020 | +8 [-115, +126] | +90 [+6, +179] | -107 [-253, +32] |
| 2021 | -61 [-223, +96] | -47 [-155, +64] | -268 [-493, -55] |
| 2022 | -196 [-353, -66] | -80 [-167, -4] | -241 [-403, -89] |
| 2023 | -109 [-212, -17] | -42 [-90, +9] | -263 [-413, -109] |
