| 本 | 取引 | 全期間の和(円) | 前半 本 | 後半 本 |
|---|---|---|---|---|
| 基準(利確 3 ボラ) | 348,783 | +131,389 | 176,097 | 172,686 |
| I5(利確 2 ボラ) | 237,689 | +493,279 | 121,807 | 115,882 |
| I5 + I1 0.49 | 61,905 | +265,232 | 31,005 | 30,900 |
| I5 + I6 4 | 204,883 | +578,367 | 104,889 | 99,994 |
| I5 + I6 5 | 180,193 | +648,891 | 92,213 | 87,980 |
| I5 + I6 6 | 151,333 | +707,062 | 77,517 | 73,816 |
| I5 + I6 7 | 122,320 | +721,334 | 62,818 | 59,502 |
| I5 + I6 8 | 96,121 | +610,037 | 49,596 | 46,525 |

## 本そのものの 1 日あたり(円/日)[区間]

| 期間 | 基準(利確 3 ボラ) | I5(利確 2 ボラ) | I5 + I1 0.49 | I5 + I6 4 | I5 + I6 5 | I5 + I6 6 | I5 + I6 7 | I5 + I6 8 |
|---|---|---|---|---|---|---|---|---|
| 前半 | +362 [+231, +497] | +546 [+400, +707] | +171 [+121, +227] | +550 [+415, +706] | +552 [+407, +694] | +537 [+410, +674] | +498 [+370, +622] | +410 [+302, +525] |
| 後半 | -273 [-360, -183] | -210 [-300, -114] | +9 [-29, +53] | -156 [-248, -59] | -110 [-206, -19] | -56 [-139, +32] | -7 [-87, +77] | +5 [-74, +79] |
| 2016 | +133 [-175, +460] | +275 [-53, +582] | +85 [+56, +115] | +211 [-83, +509] | +165 [-128, +443] | +108 [-178, +399] | +52 [-220, +324] | -1 [-283, +263] |
| 2017 | +564 [+219, +909] | +885 [+551, +1218] | +80 [-21, +198] | +921 [+580, +1256] | +970 [+630, +1311] | +969 [+671, +1284] | +1000 [+725, +1289] | +864 [+638, +1108] |
| 2018 | +543 [+337, +736] | +800 [+505, +1067] | +322 [+197, +454] | +821 [+561, +1069] | +798 [+519, +1059] | +764 [+540, +974] | +672 [+474, +865] | +543 [+356, +720] |
| 2019 | +244 [+91, +406] | +252 [+107, +419] | +216 [+131, +305] | +273 [+105, +446] | +297 [+139, +452] | +331 [+193, +491] | +293 [+166, +418] | +258 [+134, +388] |
| 2020 | +6 [-160, +170] | -8 [-174, +174] | +99 [+8, +196] | +46 [-129, +243] | +96 [-72, +279] | +121 [-52, +332] | +175 [+0, +380] | +152 [-1, +341] |
| 2021 | -384 [-626, -158] | -261 [-531, +1] | +7 [-101, +100] | -156 [-388, +70] | -87 [-326, +128] | +33 [-173, +229] | +78 [-111, +248] | +114 [-54, +288] |
| 2022 | -263 [-409, -121] | -267 [-446, -85] | -26 [-102, +42] | -217 [-398, -46] | -164 [-329, +3] | -126 [-277, +18] | -41 [-193, +92] | -26 [-157, +108] |
| 2023 | -479 [-648, -316] | -323 [-503, -161] | -60 [-102, -20] | -312 [-480, -155] | -293 [-449, -140] | -258 [-423, -108] | -247 [-394, -109] | -228 [-364, -95] |

## I5 + I6 の各本 − I5 の同じ日どうしの差(円/日)[区間]

| 期間 | I6 4 − I5 | I6 5 − I5 | I6 6 − I5 | I6 7 − I5 | I6 8 − I5 | I1 0.49 − I5 |
|---|---|---|---|---|---|---|
| 前半 | +4 [-16, +26] | +6 [-27, +44] | -8 [-59, +49] | -48 [-105, +13] | -136 [-206, -55] | -375 [-497, -238] |
| 後半 | +54 [+35, +75] | +100 [+71, +131] | +154 [+109, +201] | +203 [+144, +260] | +215 [+143, +284] | +219 [+140, +299] |
| 2016 | -64 [-87, -46] | -110 [-143, -76] | -167 [-214, -121] | -223 [-291, -158] | -276 [-358, -200] | -190 [-504, +96] |
| 2017 | +36 [-15, +98] | +85 [-7, +183] | +84 [-50, +225] | +115 [-32, +268] | -21 [-212, +164] | -805 [-1104, -494] |
| 2018 | +22 [-29, +70] | -2 [-77, +81] | -36 [-151, +92] | -128 [-277, +23] | -257 [-421, -76] | -478 [-708, -223] |
| 2019 | +21 [-6, +49] | +45 [-1, +94] | +79 [+6, +157] | +41 [-43, +132] | +6 [-112, +135] | -36 [-164, +87] |
| 2020 | +54 [+20, +95] | +104 [+52, +161] | +130 [+58, +225] | +183 [+68, +304] | +161 [+35, +292] | +107 [-26, +249] |
| 2021 | +105 [+55, +174] | +174 [+95, +259] | +293 [+163, +429] | +339 [+184, +509] | +375 [+195, +590] | +268 [+78, +481] |
| 2022 | +49 [+21, +80] | +103 [+56, +154] | +141 [+74, +218] | +226 [+136, +320] | +241 [+132, +364] | +241 [+87, +410] |
| 2023 | +11 [-4, +27] | +29 [+4, +56] | +64 [+18, +116] | +75 [+18, +140] | +94 [+25, +165] | +263 [+108, +423] |
