| 本 | 前半 円/日 | 後半 円/日 | 全期間 円/日 |
|---|---|---|---|
| alert_10 | +311.0 | -284.2 | +13.3 |
| alert_5 | +190.4 | -337.8 | -73.8 |
| alert_x1 | +374.4 | -272.1 | +51.0 |
| alert_x2 | +369.6 | -271.4 | +49.0 |
| base | +362.3 | -272.7 | +44.7 |
| beard_off | +491.3 | -327.2 | +81.9 |
| break_delay_2 | +322.5 | -234.7 | +43.8 |
| break_delay_3 | +320.7 | -204.9 | +57.8 |
| break_delay_4 | +303.5 | -197.2 | +53.1 |
| break_delay_8 | +235.7 | -232.6 | +1.5 |
| break_dist_0.25 | +345.5 | -161.7 | +91.8 |
| break_dist_1 | +472.4 | -288.9 | +91.6 |
| break_len_mult_4 | +705.7 | -205.0 | +250.2 |
| break_off | +786.6 | -112.2 | +337.0 |
| count_20 | -26.6 | -251.6 | -139.1 |
| count_80 | +478.7 | -412.0 | +33.2 |
| entry_exit_2_1 | +475.8 | -742.9 | -133.7 |
| entry_exit_3_2 | +505.1 | -484.7 | +10.0 |
| foot_5 | +154.8 | -9.4 | +72.7 |
| levels_1 | +144.6 | -1132.7 | -494.3 |
| levels_3 | +347.6 | -473.3 | -63.0 |
| levels_7 | +332.8 | -177.5 | +77.5 |
| range_hi_none | +390.6 | -274.4 | +58.0 |
| range_hi_p75 | +172.8 | -260.5 | -43.9 |
| range_hi_p90 | +247.5 | -276.8 | -14.7 |
| range_lo_none | +362.3 | -272.7 | +44.7 |
| range_lo_p10 | +334.5 | -253.3 | +40.5 |
| range_lo_p25 | +303.2 | -189.6 | +56.7 |
| range_lo_p50 | +255.2 | -73.3 | +90.9 |
| range_lo_p50_break_dist_0.25 | +228.6 | -27.0 | +100.8 |
| step_2 | +246.6 | -222.6 | +11.9 |
| step_4 | +129.1 | -206.3 | -38.7 |
| vola_gate_p10 | +341.3 | -253.8 | +43.6 |
| vola_gate_p25 | +322.5 | -179.3 | +71.5 |
| vola_gate_p50 | +284.6 | -86.6 | +98.9 |
