足 3,946,991 本・最初 2015-11-29T11:49:00+00:00 = 1448797740000000000 ns
確かめ: 基準で 1 段のまま閉じた取引 163,758 本のうち、k = 3 の読みが基準の損益と 0.01 円以内で一致 163,758 本(100.0%)
一致しない取引の基準の閉じ方: {}  読みの理由: {}

## 1 段目だけを持ったとき、利確を 中心 − 向き × k × ボラ に置いた読み(基準の取引 348,783 本の 1 段目)

| k(中心からのボラ) | 半分 | 利確 本(割合) | ブレイク 本 | 成行 本 | 円/日 [区間] | 利確 1 本の円 | ブレイク 1 本の円 | 成行 1 本の円 |
|---|---|---|---|---|---|---|---|---|
| 3 | 前半 | 154,033(87.5%) | 21,177 | 887 | +27.4 [-25.5, +80.2] | +12.7 | -87.7 | -67.1 |
| 3 | 後半 | 149,393(86.5%) | 23,006 | 287 | -216.9 [-248.3, -188.0] | +9.4 | -73.5 | -104.1 |
| 2.5 | 前半 | 148,823(84.5%) | 26,192 | 1,082 | +179.4 [+112.8, +240.5] | +18.0 | -89.4 | -72.0 |
| 2.5 | 後半 | 143,763(83.3%) | 28,456 | 466 | -153.1 [-192.8, -117.6] | +13.7 | -75.4 | -106.6 |
| 2 | 前半 | 143,422(81.4%) | 31,358 | 1,317 | +253.9 [+177.5, +326.7] | +23.2 | -90.9 | -79.4 |
| 2 | 後半 | 138,096(80.0%) | 33,877 | 712 | -134.4 [-187.7, -86.4] | +17.9 | -76.5 | -107.8 |
| 1.5 | 前半 | 138,101(78.4%) | 36,375 | 1,621 | +269.1 [+180.8, +353.1] | +28.1 | -91.8 | -87.2 |
| 1.5 | 後半 | 132,746(76.9%) | 38,843 | 1,096 | -144.2 [-202.9, -89.0] | +22.0 | -77.6 | -105.0 |
| 1 | 前半 | 132,905(75.5%) | 41,241 | 1,951 | +245.7 [+145.3, +347.3] | +32.8 | -92.6 | -93.0 |
| 1 | 後半 | 127,682(73.9%) | 43,415 | 1,588 | -170.9 [-232.4, -106.0] | +25.9 | -78.5 | -98.4 |
| 0 | 前半 | 123,561(70.2%) | 49,504 | 3,032 | +124.9 [+13.5, +245.9] | +41.3 | -93.6 | -94.4 |
| 0 | 後半 | 118,855(68.8%) | 50,877 | 2,953 | -192.6 [-266.9, -112.0] | +33.7 | -79.0 | -91.4 |
| -1 | 前半 | 116,731(66.3%) | 55,005 | 4,361 | +28.0 [-115.9, +160.0] | +47.9 | -93.7 | -90.4 |
| -1 | 後半 | 112,363(65.1%) | 55,799 | 4,523 | -205.1 [-287.9, -122.0] | +40.0 | -79.2 | -83.8 |

## 同じ取引どうしの差: k − 3(今の利確)の円/日 [区間](日の塊で日を選び直す)

| k | 前半 | 後半 |
|---|---|---|
| 2.5 | +151.9 [+126.3, +175.9] | +63.9 [+46.7, +80.8] |
| 2 | +226.4 [+186.6, +265.5] | +82.6 [+54.8, +111.6] |
| 1.5 | +241.7 [+185.8, +297.3] | +72.7 [+36.6, +107.0] |
| 1 | +218.3 [+145.4, +289.9] | +46.0 [+1.4, +87.9] |
| 0 | +97.4 [+8.0, +186.2] | +24.4 [-36.3, +79.4] |
| -1 | +0.6 [-104.8, +103.7] | +11.8 [-60.5, +77.5] |

(データの終わり・約定点を探せなかった取引は除いた: k=3 0, k=2.5 1, k=2 1, k=1.5 1, k=1 1, k=0 1, k=-1 1)
