
## 全部の起点

| 年 | 起点の数 | i 20 分以内に利確の線 | iii ブレイクの線に先に | ii 21〜40 分に起点の値段 |
|---|---|---|---|---|
| 2016 | 167,385 | 51.2% [48.6%, 54.0%] | 20.6% [19.6%, 21.7%] | 21.4% [19.6%, 23.3%] |
| 2017 | 167,281 | 64.6% [63.8%, 65.4%] | 24.9% [24.2%, 25.7%] | 8.9% [8.5%, 9.4%] |
| 2018 | 151,375 | 63.1% [62.3%, 64.0%] | 23.7% [23.1%, 24.2%] | 10.8% [10.1%, 11.5%] |
| 2019 | 164,888 | 62.6% [61.9%, 63.3%] | 24.9% [24.2%, 25.6%] | 10.5% [9.9%, 11.2%] |
| 2020 | 184,373 | 60.7% [60.0%, 61.5%] | 25.3% [24.7%, 25.8%] | 12.2% [11.6%, 12.7%] |
| 2021 | 186,151 | 58.6% [58.0%, 59.2%] | 24.7% [24.1%, 25.3%] | 13.9% [13.3%, 14.4%] |
| 2022 | 190,073 | 59.4% [58.8%, 60.2%] | 24.7% [24.2%, 25.3%] | 13.1% [12.6%, 13.6%] |
| 2023 | 192,046 | 56.0% [54.9%, 57.1%] | 25.0% [24.3%, 25.7%] | 15.5% [14.7%, 16.4%] |

## 基準が建てる側の起点(門が開き・ブレイク中でない)

| 年 | 起点の数 | i 20 分以内に利確の線 | iii ブレイクの線に先に | ii 21〜40 分に起点の値段 |
|---|---|---|---|---|
| 2016 | 102,914 | 54.2% [51.4%, 57.0%] | 21.6% [20.4%, 22.9%] | 17.4% [15.6%, 19.3%] |
| 2017 | 92,905 | 65.9% [64.9%, 66.8%] | 27.2% [26.3%, 28.2%] | 5.5% [5.0%, 6.0%] |
| 2018 | 84,133 | 66.1% [65.3%, 66.8%] | 26.0% [25.2%, 26.8%] | 5.9% [5.5%, 6.4%] |
| 2019 | 98,065 | 63.9% [63.0%, 64.7%] | 27.5% [26.7%, 28.4%] | 6.8% [6.2%, 7.2%] |
| 2020 | 106,226 | 62.3% [61.3%, 63.2%] | 28.8% [27.9%, 29.5%] | 7.4% [7.0%, 7.9%] |
| 2021 | 101,680 | 61.5% [60.7%, 62.4%] | 29.1% [28.3%, 30.0%] | 7.5% [7.0%, 8.1%] |
| 2022 | 108,813 | 61.3% [60.4%, 62.2%] | 28.1% [27.3%, 29.1%] | 8.4% [7.9%, 8.9%] |
| 2023 | 118,751 | 57.8% [56.7%, 59.0%] | 27.0% [26.0%, 28.0%] | 12.1% [11.1%, 13.0%] |
