
## base: 年ごとの損益の分解(出の UTC の年)

| 年 | 取引 | 円/日 | 利確 本 | 利確 1 本 | ブレイク 本 | ブレイク 1 本 | 成行 本 | 成行 1 本 | ブレイクに届く割合 | 分かれ目の利確の割合 = |ブレイク| ÷ (利確 + |ブレイク|) | 実際の利確の割合 |
|---|---|---|---|---|---|---|---|---|---|---|---|
| 2016 | 37,399 | +133 | 33,171 | +27.1 | 3,736 | -193.8 | 492 | -254.2 | 9.99% | 87.75% | 88.69% |
| 2017 | 46,605 | +564 | 41,482 | +54.7 | 5,110 | -401.9 | 13 | -887.1 | 10.96% | 88.01% | 89.01% |
| 2018 | 47,519 | +543 | 41,835 | +43.5 | 5,679 | -284.9 | 5 | -801.4 | 11.95% | 86.75% | 88.04% |
| 2019 | 46,728 | +244 | 41,052 | +31.7 | 5,663 | -212.9 | 13 | -673.6 | 12.12% | 87.02% | 87.85% |
| 2020 | 45,846 | +6 | 40,213 | +32.7 | 5,624 | -231.7 | 9 | -1161.6 | 12.27% | 87.63% | 87.71% |
| 2021 | 42,523 | -384 | 37,018 | +43.6 | 5,476 | -314.4 | 29 | -1070.5 | 12.88% | 87.83% | 87.05% |
| 2022 | 45,109 | -263 | 39,516 | +29.2 | 5,561 | -220.5 | 32 | -725.6 | 12.33% | 88.31% | 87.60% |
| 2023 | 36,432 | -479 | 31,640 | +22.7 | 4,628 | -183.9 | 164 | -221.1 | 12.70% | 89.00% | 86.85% |

## exit_2_dev_0.49: 年ごとの損益の分解(出の UTC の年)

| 年 | 取引 | 円/日 | 利確 本 | 利確 1 本 | ブレイク 本 | ブレイク 1 本 | 成行 本 | 成行 1 本 | ブレイクに届く割合 | 分かれ目の利確の割合 = |ブレイク| ÷ (利確 + |ブレイク|) | 実際の利確の割合 |
|---|---|---|---|---|---|---|---|---|---|---|---|
| 2016 | 4,661 | +85 | 3,653 | +23.4 | 998 | -52.0 | 10 | -224.4 | 21.41% | 68.97% | 78.37% |
| 2017 | 7,661 | +80 | 5,903 | +85.8 | 1,757 | -271.3 | 1 | -601.9 | 22.93% | 75.97% | 77.05% |
| 2018 | 9,709 | +322 | 7,485 | +74.7 | 2,221 | -198.5 | 3 | -308.4 | 22.88% | 72.65% | 77.09% |
| 2019 | 9,712 | +216 | 7,485 | +56.6 | 2,223 | -153.1 | 4 | -1225.9 | 22.89% | 72.99% | 77.07% |
| 2020 | 9,150 | +99 | 7,002 | +56.4 | 2,141 | -165.9 | 7 | -488.6 | 23.40% | 74.64% | 76.52% |
| 2021 | 8,221 | +7 | 6,181 | +75.0 | 2,030 | -224.0 | 10 | -624.4 | 24.69% | 74.92% | 75.19% |
| 2022 | 8,557 | -26 | 6,510 | +48.3 | 2,039 | -155.8 | 8 | -754.0 | 23.83% | 76.34% | 76.08% |
| 2023 | 4,233 | -60 | 3,166 | +34.5 | 1,050 | -117.8 | 17 | -372.1 | 24.81% | 77.37% | 74.79% |

結べた取引 348,783 / 348,783

## 基準: 建ての時点の量の年ごとの中央値と、ボラ単位の損益

| 年 | ボラ ÷ 値段(bp) | 幅 ÷ 値段(%) | 4 ボラ ÷ 幅 | ブレイクの線まで(ボラの何倍) | 1 本の円 | 1 本のボラ単位の損益 | 利確 1 本(ボラ単位) | ブレイク 1 本(ボラ単位) | 5 段まで足した割合 | 5 段の 1 本の円 |
|---|---|---|---|---|---|---|---|---|---|---|
| 2016 | 1.90 | 0.240 | 0.344 | 7.9 | +1.30 | +0.423 | +4.34 | -28.64 | 17.64% | -87.3 |
| 2017 | 6.01 | 0.611 | 0.398 | 6.4 | +4.42 | +0.223 | +2.47 | -17.95 | 16.34% | -186.7 |
| 2018 | 4.90 | 0.470 | 0.416 | 6.3 | +4.17 | +0.177 | +2.51 | -17.00 | 16.58% | -135.3 |
| 2019 | 3.85 | 0.363 | 0.420 | 6.1 | +1.91 | +0.080 | +2.47 | -17.17 | 17.21% | -98.9 |
| 2020 | 4.02 | 0.382 | 0.418 | 6.2 | +0.05 | -0.126 | +2.36 | -17.82 | 17.74% | -113.2 |
| 2021 | 6.28 | 0.614 | 0.412 | 6.2 | -3.30 | -0.239 | +2.32 | -17.31 | 18.14% | -165.7 |
| 2022 | 4.07 | 0.393 | 0.411 | 6.4 | -2.13 | -0.211 | +2.33 | -18.01 | 18.36% | -110.6 |
| 2023 | 2.55 | 0.282 | 0.366 | 7.6 | -4.61 | -0.744 | +3.05 | -25.45 | 23.89% | -78.7 |

## 基準: 4 ボラ ÷ 幅 の帯 × 年(帯の境は全期間の分布の点 = 標本の中)

| 年 | 〜0.35 割合 / 1 本の円 / ブレイク割合 | 0.35〜0.42 割合 / 1 本の円 / ブレイク割合 | 0.42〜0.49 割合 / 1 本の円 / ブレイク割合 | 0.49〜 割合 / 1 本の円 / ブレイク割合 | 1 本の円(実際) | 1 本の円(帯の割合を 2016〜2018 にそろえた値) |
|---|---|---|---|---|---|---|
| 2016 | 52% / -1.00 / 9.0% | 20% / +4.42 / 8.9% | 15% / +3.78 / 9.9% | 14% / +2.79 / 15.6% | +1.30 | +2.20 |
| 2017 | 29% / +10.64 / 8.6% | 30% / +1.97 / 10.5% | 23% / +2.52 / 11.5% | 18% / +0.77 / 14.9% | +4.42 | +4.71 |
| 2018 | 21% / +0.31 / 9.5% | 30% / +5.81 / 11.0% | 26% / +4.74 / 12.4% | 23% / +4.96 / 15.0% | +4.17 | +3.62 |
| 2019 | 21% / -2.21 / 9.5% | 29% / +1.83 / 11.9% | 26% / +3.46 / 12.4% | 24% / +3.89 / 14.3% | +1.91 | +1.23 |
| 2020 | 21% / -4.62 / 10.5% | 30% / -0.31 / 12.0% | 26% / +3.48 / 12.2% | 23% / +0.92 / 14.4% | +0.05 | -0.68 |
| 2021 | 24% / -5.93 / 9.7% | 29% / -2.01 / 12.3% | 25% / -4.32 / 14.3% | 22% / -0.97 / 15.5% | -3.30 | -3.60 |
| 2022 | 24% / -2.30 / 9.7% | 30% / -3.28 / 12.0% | 25% / -0.76 / 12.8% | 21% / -1.94 / 15.2% | -2.13 | -2.17 |
| 2023 | 44% / -5.09 / 10.7% | 26% / -4.56 / 13.2% | 18% / -3.57 / 13.8% | 12% / -4.52 / 17.1% | -4.61 | -4.51 |
