
## (A) 門が開き・ブレイク中でない起点の全部: 20 分以内に利確の線(中心 ± 3 ボラ)に届く割合

| 年 | bitFlyer 起点 | bitFlyer | Binance 起点 | Binance |
|---|---|---|---|---|
| 2016 | 102,914 | 54.2% [51.3%, 57.0%] | 0 | — |
| 2017 | 92,905 | 65.9% [64.9%, 66.7%] | 35,435 | 65.0% [62.8%, 67.3%] |
| 2018 | 84,133 | 66.1% [65.3%, 66.9%] | 95,982 | 65.3% [64.3%, 66.3%] |
| 2019 | 98,065 | 63.9% [63.0%, 64.8%] | 101,690 | 65.2% [64.3%, 66.2%] |
| 2020 | 106,226 | 62.3% [61.4%, 63.2%] | 105,923 | 65.2% [64.2%, 66.2%] |
| 2021 | 101,680 | 61.5% [60.6%, 62.4%] | 97,506 | 62.6% [61.8%, 63.4%] |
| 2022 | 108,813 | 61.3% [60.5%, 62.2%] | 105,609 | 61.9% [61.0%, 62.9%] |
| 2023 | 118,751 | 57.8% [56.7%, 58.9%] | 115,934 | 57.1% [55.5%, 58.5%] |

## (A) 門が開き・ブレイク中でない起点の全部: ブレイクの線に先に届く割合

| 年 | bitFlyer 起点 | bitFlyer | Binance 起点 | Binance |
|---|---|---|---|---|
| 2016 | 102,914 | 21.6% [20.4%, 22.9%] | 0 | — |
| 2017 | 92,905 | 27.2% [26.2%, 28.1%] | 35,435 | 22.0% [19.3%, 24.7%] |
| 2018 | 84,133 | 26.0% [25.3%, 26.8%] | 95,982 | 26.8% [26.0%, 27.7%] |
| 2019 | 98,065 | 27.5% [26.7%, 28.4%] | 101,690 | 26.9% [26.1%, 27.5%] |
| 2020 | 106,226 | 28.8% [27.9%, 29.6%] | 105,923 | 26.6% [25.7%, 27.5%] |
| 2021 | 101,680 | 29.1% [28.3%, 30.0%] | 97,506 | 28.8% [27.9%, 29.7%] |
| 2022 | 108,813 | 28.1% [27.2%, 29.0%] | 105,609 | 28.2% [27.4%, 29.0%] |
| 2023 | 118,751 | 27.0% [26.1%, 28.0%] | 115,934 | 29.6% [28.7%, 30.4%] |

## (A) 門が開き・ブレイク中でない起点の全部: 21〜40 分に起点の値段に戻る割合

| 年 | bitFlyer 起点 | bitFlyer | Binance 起点 | Binance |
|---|---|---|---|---|
| 2016 | 102,914 | 17.4% [15.5%, 19.4%] | 0 | — |
| 2017 | 92,905 | 5.5% [5.1%, 6.1%] | 35,435 | 10.3% [8.6%, 12.0%] |
| 2018 | 84,133 | 5.9% [5.4%, 6.4%] | 95,982 | 6.2% [5.7%, 6.7%] |
| 2019 | 98,065 | 6.8% [6.3%, 7.3%] | 101,690 | 6.4% [5.9%, 7.0%] |
| 2020 | 106,226 | 7.4% [7.0%, 7.9%] | 105,923 | 6.8% [6.3%, 7.4%] |
| 2021 | 101,680 | 7.5% [7.0%, 8.0%] | 97,506 | 7.0% [6.5%, 7.6%] |
| 2022 | 108,813 | 8.4% [7.9%, 8.9%] | 105,609 | 7.8% [7.3%, 8.5%] |
| 2023 | 118,751 | 12.1% [11.1%, 13.0%] | 115,934 | 10.7% [9.8%, 11.5%] |

## (B) そのうち外れた最初の足(entry): 20 分以内に利確の線(中心 ± 3 ボラ)に届く割合

| 年 | bitFlyer 起点 | bitFlyer | Binance 起点 | Binance |
|---|---|---|---|---|
| 2016 | 23,668 | 74.2% [72.5%, 75.7%] | 0 | — |
| 2017 | 25,851 | 73.7% [73.0%, 74.4%] | 9,564 | 77.9% [75.8%, 80.0%] |
| 2018 | 25,696 | 72.3% [71.6%, 72.9%] | 26,109 | 73.6% [72.8%, 74.3%] |
| 2019 | 27,421 | 71.8% [71.3%, 72.3%] | 27,879 | 73.0% [72.3%, 73.6%] |
| 2020 | 27,684 | 71.6% [70.9%, 72.1%] | 28,372 | 73.0% [72.3%, 73.7%] |
| 2021 | 27,018 | 71.0% [70.4%, 71.5%] | 26,680 | 71.1% [70.5%, 71.7%] |
| 2022 | 27,617 | 71.2% [70.5%, 71.9%] | 27,358 | 70.5% [69.8%, 71.2%] |
| 2023 | 26,176 | 70.1% [69.3%, 70.9%] | 25,720 | 66.1% [64.9%, 67.1%] |

## (B) そのうち外れた最初の足(entry): ブレイクの線に先に届く割合

| 年 | bitFlyer 起点 | bitFlyer | Binance 起点 | Binance |
|---|---|---|---|---|
| 2016 | 23,668 | 14.7% [13.7%, 15.5%] | 0 | — |
| 2017 | 25,851 | 21.8% [21.0%, 22.5%] | 9,564 | 14.5% [12.7%, 16.3%] |
| 2018 | 25,696 | 22.3% [21.7%, 23.0%] | 26,109 | 21.3% [20.7%, 22.0%] |
| 2019 | 27,421 | 22.8% [22.3%, 23.4%] | 27,879 | 22.1% [21.5%, 22.7%] |
| 2020 | 27,684 | 23.6% [23.1%, 24.2%] | 28,372 | 22.4% [21.7%, 23.0%] |
| 2021 | 27,018 | 23.7% [23.1%, 24.3%] | 26,680 | 23.8% [23.2%, 24.4%] |
| 2022 | 27,617 | 22.7% [22.1%, 23.4%] | 27,358 | 23.7% [23.1%, 24.4%] |
| 2023 | 26,176 | 21.1% [20.2%, 22.0%] | 25,720 | 25.9% [25.2%, 26.5%] |

## (B) そのうち外れた最初の足(entry): 21〜40 分に起点の値段に戻る割合

| 年 | bitFlyer 起点 | bitFlyer | Binance 起点 | Binance |
|---|---|---|---|---|
| 2016 | 23,668 | 6.8% [6.0%, 7.7%] | 0 | — |
| 2017 | 25,851 | 2.8% [2.6%, 3.1%] | 9,564 | 5.4% [4.6%, 6.3%] |
| 2018 | 25,696 | 2.7% [2.5%, 2.9%] | 26,109 | 3.1% [2.8%, 3.3%] |
| 2019 | 27,421 | 3.2% [3.0%, 3.5%] | 27,879 | 3.2% [3.0%, 3.4%] |
| 2020 | 27,684 | 3.2% [3.0%, 3.4%] | 28,372 | 3.3% [3.0%, 3.5%] |
| 2021 | 27,018 | 3.6% [3.3%, 3.9%] | 26,680 | 3.3% [3.1%, 3.6%] |
| 2022 | 27,617 | 4.0% [3.7%, 4.2%] | 27,358 | 3.7% [3.4%, 3.9%] |
| 2023 | 26,176 | 5.9% [5.4%, 6.4%] | 25,720 | 5.3% [4.8%, 5.8%] |
