## 基準との同じ日どうしの差(円/日 [区間](MDE))

| 本 | 全期間 | 前半 | 後半 |
|---|---|---|---|
| alert 5 分 | -118.5 [-143.7, -91.8](36.8) | -171.9 [-212.2, -132.1](59.8) | -65.1 [-94.0, -35.4](41.6) |
| alert 10 分 | -31.4 [-44.5, -18.8](19.6) | -51.3 [-73.8, -29.4](30.8) | -11.6 [-29.4, +5.2](24.6) |
| alert 40 分 | +6.3 [-1.3, +13.5](10.8) | +12.1 [-0.2, +25.5](18.7) | +0.6 [-7.1, +7.9](11.0) |
| alert 80 分 | +4.3 [-3.5, +11.3](10.5) | +7.3 [-5.1, +19.7](17.4) | +1.2 [-6.5, +8.9](11.1) |

## 閉じ方ごとの本数と和(円、記述、【結果で決まる群】。半分は合図の UTC の日)

| 本 | 半分 | 利確 本・和 | ブレイク 本・和 | 時間切れの成行 本・和 | 計 本・和 |
|---|---|---|---|---|---|
| alert 5 分 | 前半 | 166032・+6316595 | 19639・-4845728 | 5736・-1191108 | 191407・+279759 |
| alert 5 分 | 後半 | 164564・+5030882 | 21353・-4373578 | 5496・-1153818 | 191413・-496514 |
| alert 10 分 | 前半 | 158969・+6334933 | 19860・-5340854 | 2141・-537260 | 180970・+456819 |
| alert 10 分 | 後半 | 154927・+5029156 | 21577・-4882578 | 1868・-564392 | 178372・-417814 |
| alert 20 分(基準) | 前半 | 155542・+6303581 | 19904・-5593409 | 651・-177962 | 176097・+532210 |
| alert 20 分(基準) | 後半 | 150828・+4854661 | 21624・-5154496 | 234・-100985 | 172686・-400821 |
| alert 40 分 | 前半 | 154424・+6299035 | 19916・-5688081 | 207・-60979 | 174547・+549974 |
| alert 40 分 | 後半 | 149672・+4805045 | 21631・-5203134 | 12・-1854 | 171315・-399943 |
| alert 80 分 | 前半 | 154208・+6280841 | 19918・-5716650 | 49・-21261 | 174175・+542930 |
| alert 80 分 | 後半 | 149661・+4806215 | 21632・-5205176 | 1・-52 | 171294・-399012 |
