## 1 取引あたり(円、記述。区間なし)

| 本 | 半分 | 取引 | 損益の和 | 1 取引あたり |
|---|---|---|---|---|
| base | 前半 | 176097 | +532210 | +3.022 |
| base | 後半 | 172686 | -400821 | -2.321 |
| alert_10 | 前半 | 180970 | +456819 | +2.524 |
| alert_10 | 後半 | 178372 | -417814 | -2.342 |
| alert_5 | 前半 | 191407 | +279759 | +1.462 |
| alert_5 | 後半 | 191413 | -496514 | -2.594 |

## alert_5 と基準の、同じ合図の取引(両方にある 346244 本、差の和 -276282 円)

| 半分 | 基準の閉じ方 | alert_5 の閉じ方 | 本 | 差の和(円) | 1 本あたりの差(円) |
|---|---|---|---|---|---|
| 前半 | ブレイク | ブレイク | 17742 | +0 | +0.00 |
| 前半 | ブレイク | 利確 | 1047 | +550126 | +525.43 |
| 前半 | ブレイク | 時間切れの成行 | 880 | +341735 | +388.34 |
| 前半 | 利確 | 利確 | 151575 | -700003 | -4.62 |
| 前半 | 利確 | 時間切れの成行 | 2787 | -492936 | -176.87 |
| 前半 | 時間切れの成行 | 利確 | 117 | +41103 | +351.31 |
| 前半 | 時間切れの成行 | 時間切れの成行 | 441 | +53054 | +120.30 |
| 前半 | 計 | | 174589 | -206921 | -1.19 |
| 後半 | ブレイク | ブレイク | 18893 | +0 | +0.00 |
| 後半 | ブレイク | 利確 | 1380 | +606662 | +439.61 |
| 後半 | ブレイク | 時間切れの成行 | 1203 | +336947 | +280.09 |
| 後半 | 利確 | 利確 | 146841 | -630030 | -4.29 |
| 後半 | 利確 | 時間切れの成行 | 3105 | -439753 | -141.63 |
| 後半 | 時間切れの成行 | 利確 | 75 | +23224 | +309.66 |
| 後半 | 時間切れの成行 | 時間切れの成行 | 158 | +33590 | +212.59 |
| 後半 | 計 | | 171655 | -69361 | -0.40 |

- alert_5 だけの取引 36576 本(和 -86913 円)/ 基準だけの取引 2539 本(和 -15050 円)

## alert_10 と基準の、同じ合図の取引(両方にある 346494 本、差の和 -57829 円)

| 半分 | 基準の閉じ方 | alert_10 の閉じ方 | 本 | 差の和(円) | 1 本あたりの差(円) |
|---|---|---|---|---|---|
| 前半 | ブレイク | ブレイク | 19042 | +0 | +0.00 |
| 前半 | ブレイク | 利確 | 358 | +192259 | +537.04 |
| 前半 | ブレイク | 時間切れの成行 | 281 | +92300 | +328.47 |
| 前半 | 利確 | 利確 | 153526 | -280297 | -1.83 |
| 前半 | 利確 | 時間切れの成行 | 929 | -118341 | -127.39 |
| 前半 | 時間切れの成行 | 利確 | 104 | +25541 | +245.59 |
| 前半 | 時間切れの成行 | 時間切れの成行 | 449 | +27402 | +61.03 |
| 前半 | 計 | | 174689 | -61136 | -0.35 |
| 後半 | ブレイク | ブレイク | 20641 | +0 | +0.00 |
| 後半 | ブレイク | 利確 | 491 | +219641 | +447.33 |
| 後半 | ブレイク | 時間切れの成行 | 370 | +108305 | +292.72 |
| 後半 | 利確 | 利確 | 148896 | -226655 | -1.52 |
| 後半 | 利確 | 時間切れの成行 | 1174 | -137006 | -116.70 |
| 後半 | 時間切れの成行 | 利確 | 55 | +18967 | +344.86 |
| 後半 | 時間切れの成行 | 時間切れの成行 | 178 | +20055 | +112.67 |
| 後半 | 計 | | 171805 | +3306 | +0.02 |

- alert_10 だけの取引 12848 本(和 -52723 円)/ 基準だけの取引 2289 本(和 -18167 円)
