## 利確のうち「1 円の値段」で付いた本数(円)

| 本 | 半分 | 利確 本 | うち 1 円の値段 本(割合) | その和 | それ以外の利確 本 | 和 | 1 本あたり |
|---|---|---|---|---|---|---|---|
| base | 前半 | 155542 | 5042(3.2%) | +19220 | 150500 | +6284361 | +41.76 |
| base | 後半 | 150828 | 5313(3.5%) | +21786 | 145515 | +4832875 | +33.21 |
| alert_10 | 前半 | 158969 | 6028(3.8%) | +22896 | 152941 | +6312037 | +41.27 |
| alert_10 | 後半 | 154927 | 6880(4.4%) | +28218 | 148047 | +5000938 | +33.78 |
| alert_5 | 前半 | 166032 | 10207(6.1%) | +38673 | 155825 | +6277922 | +40.29 |
| alert_5 | 後半 | 164564 | 12402(7.5%) | +48729 | 152162 | +4982153 | +32.74 |

## 基準でも alert_5 でも利確の取引(298416 本、差の和 -1330033 円)を「1 円の値段」で割る

| 半分 | 基準 | alert_5 | 本 | 差の和(円) | 1 本あたり |
|---|---|---|---|---|---|
| 前半 | 満額側 | 満額側 | 142444 | -233934 | -1.64 |
| 前半 | 満額側 | 1 円 | 4968 | -403674 | -81.25 |
| 前半 | 1 円 | 満額側 | 1124 | -62055 | -55.21 |
| 前半 | 1 円 | 1 円 | 3039 | -340 | -0.11 |
| 後半 | 満額側 | 満額側 | 136190 | -192405 | -1.41 |
| 後半 | 満額側 | 1 円 | 6335 | -377665 | -59.62 |
| 後半 | 1 円 | 満額側 | 1444 | -59462 | -41.18 |
| 後半 | 1 円 | 1 円 | 2872 | -498 | -0.17 |

## 基準でも alert_10 でも利確の取引(302422 本、差の和 -506953 円)を「1 円の値段」で割る

| 半分 | 基準 | alert_10 | 本 | 差の和(円) | 1 本あたり |
|---|---|---|---|---|---|
| 前半 | 満額側 | 満額側 | 147000 | -65352 | -0.44 |
| 前半 | 満額側 | 1 円 | 1713 | -125376 | -73.19 |
| 前半 | 1 円 | 満額側 | 1081 | -89423 | -82.72 |
| 前半 | 1 円 | 1 円 | 3732 | -147 | -0.04 |
| 後半 | 満額側 | 満額側 | 141436 | -35128 | -0.25 |
| 後半 | 満額側 | 1 円 | 2360 | -114048 | -48.33 |
| 後半 | 1 円 | 満額側 | 1327 | -77270 | -58.23 |
| 後半 | 1 円 | 1 円 | 3773 | -209 | -0.06 |

## 満額側どうしの利確(alert_5、278634 本)を段数で割る

| 半分 | 段数 | 本 | 差の和(円) | 1 本あたり |
|---|---|---|---|---|
| 前半 | 同じ | 141694 | -206889 | -1.46 |
| 前半 | alert_5 が少ない | 750 | -27045 | -36.06 |
| 後半 | 同じ | 135384 | -179688 | -1.33 |
| 後半 | alert_5 が少ない | 806 | -12717 | -15.78 |

## 満額側どうしの利確(alert_10、288436 本)を段数で割る

| 半分 | 段数 | 本 | 差の和(円) | 1 本あたり |
|---|---|---|---|---|
| 前半 | 同じ | 146790 | -61834 | -0.42 |
| 前半 | alert_10 が少ない | 210 | -3518 | -16.75 |
| 後半 | 同じ | 141254 | -39763 | -0.28 |
| 後半 | alert_10 が少ない | 182 | +4635 | +25.46 |
