
alert_x1
場面 | 区切り | 日数 | 1 日あたり 円 [区間]
low 全部(2017〜) 997 -32 [-107, +46]
low 前半(〜2019-12-08) 368 +266 [+157, +359]
low 後半(2019-12-09〜) 629 -206 [-296, -112]
mid 全部(2017〜) 646 -0 [-142, +136]
mid 前半(〜2019-12-08) 268 +404 [+221, +621]
mid 後半(2019-12-09〜) 378 -287 [-468, -115]
high 全部(2017〜) 899 +145 [-82, +346]
high 前半(〜2019-12-08) 436 +673 [+352, +1019]
high 後半(2019-12-09〜) 463 -351 [-542, -146]

alert_x2
場面 | 区切り | 日数 | 1 日あたり 円 [区間]
low 全部(2017〜) 997 -31 [-107, +47]
low 前半(〜2019-12-08) 368 +266 [+157, +359]
low 後半(2019-12-09〜) 629 -205 [-295, -112]
mid 全部(2017〜) 646 -0 [-142, +137]
mid 前半(〜2019-12-08) 268 +404 [+222, +622]
mid 後半(2019-12-09〜) 378 -287 [-468, -115]
high 全部(2017〜) 899 +146 [-81, +347]
high 前半(〜2019-12-08) 436 +673 [+352, +1019]
high 後半(2019-12-09〜) 463 -351 [-541, -144]
