
alert_5
場面 | 区切り | 日数 | 1 日あたり 円 [区間]
low 全部(2017〜) 997 -88 [-160, -14]
low 前半(〜2019-12-08) 368 +202 [+93, +302]
low 後半(2019-12-09〜) 629 -258 [-345, -176]
mid 全部(2017〜) 646 -82 [-210, +55]
mid 前半(〜2019-12-08) 268 +281 [+94, +502]
mid 後半(2019-12-09〜) 378 -339 [-515, -169]
high 全部(2017〜) 899 -103 [-311, +112]
high 前半(〜2019-12-08) 436 +261 [-45, +602]
high 後半(2019-12-09〜) 463 -446 [-656, -256]

alert_10
場面 | 区切り | 日数 | 1 日あたり 円 [区間]
low 全部(2017〜) 997 -49 [-121, +27]
low 前半(〜2019-12-08) 368 +256 [+151, +355]
low 後半(2019-12-09〜) 629 -228 [-316, -136]
mid 全部(2017〜) 646 -18 [-155, +123]
mid 前半(〜2019-12-08) 268 +374 [+191, +600]
mid 後半(2019-12-09〜) 378 -295 [-481, -125]
high 全部(2017〜) 899 +97 [-116, +301]
high 前半(〜2019-12-08) 436 +575 [+264, +919]
high 後半(2019-12-09〜) 463 -353 [-546, -150]
