# 逆張りの期待値の指標 k = 4(戻りの線 = 3 ボラ、待ち 20 分)

起点: bitFlyer 270,827(作る 130,080)・Binance 208,498

## 帯の境(作る期間の五分位)

- ブレイクの線まで(ボラ): 4.3 / 5.45 / 6.99 / 9.55
- 外れの深さ(ボラ): 4.19 / 4.42 / 4.73 / 5.23
- 直前 5 分(bp、負 = 外れる向き): -25.8 / -12.8 / -6.26 / -1.48
- 直前 60 分(bp): -61.9 / -28.1 / -12.4 / -0.553
- 幅 ÷ ボラ: 9.18 / 10.2 / 11.5 / 13.5
- ボラ ÷ 値段(bp): 2.02 / 3.47 / 5.45 / 9.06
- ボラ加速度: 0.818 / 0.934 / 1.05 / 1.21
- レンジ加速度: 0.741 / 0.912 / 1.08 / 1.37

## 戻る確率の式(対数オッズ。基準 = 各量の真ん中の帯・12〜16 時・買いの側)

| 項 | 係数 | 値動きの式の係数(ボラ) |
|---|---|---|
| 切片 | +1.351 | +0.151 |
| line:0 | -0.872 | -0.232 |
| line:1 | -0.118 | -0.257 |
| line:3 | +0.148 | +0.254 |
| line:4 | +0.138 | +0.160 |
| line:5 | +0.000 | +0.000 |
| depth:0 | +0.378 | -0.110 |
| depth:1 | +0.188 | -0.110 |
| depth:3 | -0.204 | +0.107 |
| depth:4 | -0.542 | +0.267 |
| mom5:0 | +0.004 | -0.156 |
| mom5:1 | +0.019 | +0.069 |
| mom5:3 | +0.003 | +0.123 |
| mom5:4 | +0.085 | +0.168 |
| mom60:0 | -0.085 | +0.061 |
| mom60:1 | -0.065 | -0.050 |
| mom60:3 | +0.084 | -0.037 |
| mom60:4 | +0.075 | +0.213 |
| w_v:0 | +0.071 | +0.223 |
| w_v:1 | -0.036 | +0.179 |
| w_v:3 | -0.074 | -0.043 |
| w_v:4 | -0.224 | +0.102 |
| v_bp:0 | +0.053 | -0.083 |
| v_bp:1 | -0.008 | -0.143 |
| v_bp:3 | +0.006 | -0.064 |
| v_bp:4 | -0.040 | +0.017 |
| vacc:0 | -0.028 | -0.144 |
| vacc:1 | +0.004 | -0.189 |
| vacc:3 | +0.036 | -0.016 |
| vacc:4 | +0.032 | -0.070 |
| racc:0 | -0.011 | +0.060 |
| racc:1 | +0.029 | -0.045 |
| racc:3 | +0.021 | -0.035 |
| racc:4 | +0.046 | -0.237 |
| hour:0 | +0.024 | +0.165 |
| hour:4 | -0.081 | -0.090 |
| hour:8 | -0.102 | -0.403 |
| hour:16 | -0.112 | -0.277 |
| hour:20 | -0.052 | -0.093 |
| side:売りの側 | -0.070 | -0.213 |

## 当たり具合

| 集まり | 起点 | 戻った割合 | 予想の平均 | AUC | Brier(式) | Brier(割合一定) | 20 分の値動き 実際 | 予想 |
|---|---|---|---|---|---|---|---|---|
| bitFlyer 作る(2016〜2019-12-08) | 130,080 | 73.6% | 73.6% | 0.638 | 0.1841 | 0.1941 | -0.080 | -0.080 |
| bitFlyer 当てる(2019-12-09〜2023) | 140,747 | 71.6% | 73.9% | 0.638 | 0.1930 | 0.2033 | -0.001 | -0.079 |
| Binance 当てる(2018〜2023) | 208,498 | 72.2% | 74.0% | 0.638 | 0.1905 | 0.2008 | +0.090 | -0.103 |

## 較正(予想した戻る確率の十分位ごと。十分位の境は各集まりの中)

| 十分位 | bitFlyer 作る(2016〜2019-12-08) 予想 / 実際 / 20 分の値動き | bitFlyer 当てる(2019-12-09〜2023) 予想 / 実際 / 20 分の値動き | Binance 当てる(2018〜2023) 予想 / 実際 / 20 分の値動き |
|---|---|---|---|
| 1 | 52.4% / 51.0% / -0.29 | 52.1% / 48.3% / -0.07 | 52.5% / 48.7% / -0.01 |
| 2 | 64.2% / 64.2% / -0.28 | 64.1% / 61.8% / -0.11 | 64.1% / 62.3% / -0.06 |
| 3 | 67.8% / 68.4% / -0.07 | 68.0% / 66.0% / -0.10 | 68.1% / 66.6% / -0.00 |
| 4 | 70.8% / 71.7% / +0.06 | 71.3% / 69.6% / -0.06 | 71.5% / 70.5% / +0.01 |
| 5 | 74.0% / 75.3% / -0.10 | 74.6% / 73.0% / +0.00 | 74.7% / 73.4% / +0.07 |
| 6 | 76.9% / 77.2% / -0.05 | 77.4% / 74.9% / +0.03 | 77.5% / 75.4% / +0.14 |
| 7 | 79.3% / 79.2% / -0.07 | 79.7% / 77.0% / +0.11 | 79.8% / 79.0% / +0.19 |
| 8 | 81.5% / 81.1% / -0.07 | 81.8% / 80.1% / +0.09 | 81.8% / 80.3% / +0.20 |
| 9 | 83.5% / 83.1% / +0.09 | 83.7% / 81.7% / -0.06 | 83.8% / 81.7% / +0.15 |
| 10 | 86.0% / 85.3% / -0.04 | 86.2% / 83.8% / +0.16 | 86.2% / 83.7% / +0.23 |

## 2. 年ごとのずれ(実際に戻った割合 − 予想の平均。値動きは 実際 − 予想、ボラ)。区間は日の塊

| 年 | bitFlyer 起点 | bitFlyer 戻る: 実際 − 予想 | bitFlyer 値動き: 実際 − 予想 | Binance 起点 | Binance 戻る: 実際 − 予想 | Binance 値動き: 実際 − 予想 |
|---|---|---|---|---|---|---|
| 2016 | 28,981 | +0.015 [-0.001, +0.030] | +0.284 [+0.037, +0.536] | — | — | — |
| 2017 | 33,942 | +0.009 [+0.002, +0.016] | -0.232 [-0.358, -0.095] | — | — | — |
| 2018 | 34,047 | -0.006 [-0.013, +0.000] | -0.147 [-0.250, -0.030] | 33,968 | +0.006 [-0.001, +0.013] | -0.119 [-0.242, +0.003] |
| 2019 | 35,320 | -0.016 [-0.021, -0.010] | +0.150 [+0.025, +0.266] | 35,691 | -0.004 [-0.009, +0.002] | +0.209 [+0.092, +0.321] |
| 2020 | 35,591 | -0.017 [-0.022, -0.012] | +0.167 [+0.066, +0.272] | 36,029 | +0.000 [-0.006, +0.007] | +0.472 [+0.359, +0.580] |
| 2021 | 35,118 | -0.016 [-0.021, -0.011] | +0.146 [+0.049, +0.247] | 34,851 | -0.014 [-0.019, -0.008] | +0.362 [+0.273, +0.453] |
| 2022 | 35,276 | -0.025 [-0.030, -0.019] | +0.031 [-0.080, +0.143] | 35,445 | -0.025 [-0.031, -0.018] | +0.177 [+0.056, +0.282] |
| 2023 | 32,552 | -0.036 [-0.044, -0.027] | -0.057 [-0.191, +0.083] | 32,514 | -0.078 [-0.089, -0.067] | +0.030 [-0.113, +0.160] |
