# 逆張りの期待値の指標 k = 3(戻りの線 = 2 ボラ、待ち 20 分)。作る期間 2016-01-01〜2019-12-08

起点: bitFlyer 311,221(作る 152,803)・Binance 240,969

## 帯の境(作る期間の五分位)

- ブレイクの線まで(ボラ): 4.36 / 5.89 / 7.59 / 10.2
- 外れの深さ(ボラ): 3.21 / 3.46 / 3.79 / 4.33
- 直前 5 分(bp、負 = 外れる向き): -21.8 / -10.5 / -4.72 / -0.285
- 直前 60 分(bp): -48.9 / -20.5 / -7.36 / 4.68
- 幅 ÷ ボラ: 8.15 / 9.35 / 10.7 / 12.7
- ボラ ÷ 値段(bp): 2.02 / 3.45 / 5.38 / 8.92
- ボラ加速度: 0.814 / 0.926 / 1.03 / 1.19
- レンジ加速度: 0.675 / 0.835 / 1 / 1.25

## 戻る確率の式(対数オッズ。基準 = 各量の真ん中の帯・12〜16 時・買いの側)

| 項 | 係数 | 値動きの式の係数(ボラ) |
|---|---|---|
| 切片 | +1.257 | -0.202 |
| line:0 | -0.634 | -0.234 |
| line:1 | -0.149 | -0.267 |
| line:3 | +0.149 | +0.243 |
| line:4 | +0.136 | +0.176 |
| line:5 | +0.000 | +0.000 |
| depth:0 | +0.358 | -0.032 |
| depth:1 | +0.207 | +0.075 |
| depth:3 | -0.223 | +0.030 |
| depth:4 | -0.645 | +0.316 |
| mom5:0 | +0.049 | -0.119 |
| mom5:1 | +0.035 | +0.018 |
| mom5:3 | +0.001 | +0.124 |
| mom5:4 | +0.065 | +0.132 |
| mom60:0 | -0.054 | +0.061 |
| mom60:1 | -0.035 | +0.053 |
| mom60:3 | +0.080 | -0.034 |
| mom60:4 | +0.053 | +0.241 |
| w_v:0 | +0.050 | +0.151 |
| w_v:1 | +0.028 | +0.116 |
| w_v:3 | -0.038 | -0.042 |
| w_v:4 | -0.169 | +0.094 |
| v_bp:0 | +0.140 | +0.036 |
| v_bp:1 | +0.051 | +0.001 |
| v_bp:3 | -0.016 | +0.016 |
| v_bp:4 | -0.077 | +0.047 |
| vacc:0 | -0.051 | -0.199 |
| vacc:1 | -0.025 | -0.179 |
| vacc:3 | +0.036 | -0.056 |
| vacc:4 | +0.041 | -0.053 |
| racc:0 | -0.033 | +0.176 |
| racc:1 | +0.014 | +0.090 |
| racc:3 | +0.030 | +0.029 |
| racc:4 | +0.016 | +0.031 |
| hour:0 | +0.064 | +0.222 |
| hour:4 | -0.061 | -0.001 |
| hour:8 | -0.089 | -0.306 |
| hour:16 | -0.075 | -0.121 |
| hour:20 | -0.047 | -0.119 |
| side:売りの側 | -0.070 | -0.083 |

## 当たり具合

| 集まり | 起点 | 戻った割合 | 予想の平均 | AUC | Brier(式) | Brier(割合一定) | 20 分の値動き 実際 | 予想 |
|---|---|---|---|---|---|---|---|---|
| bitFlyer 作る(2016〜2019-12-08) | 152,803 | 73.4% | 73.4% | 0.632 | 0.1864 | 0.1952 | -0.089 | -0.089 |
| bitFlyer 当てる(2019-12-09〜2023) | 158,418 | 71.3% | 73.6% | 0.638 | 0.1948 | 0.2048 | +0.001 | -0.093 |
| Binance 当てる(2018〜2023) | 240,969 | 71.3% | 73.6% | 0.631 | 0.1953 | 0.2045 | +0.023 | -0.113 |

## 較正(予想した戻る確率の十分位ごと。十分位の境は各集まりの中)

| 十分位 | bitFlyer 作る(2016〜2019-12-08) 予想 / 実際 / 20 分の値動き | bitFlyer 当てる(2019-12-09〜2023) 予想 / 実際 / 20 分の値動き | Binance 当てる(2018〜2023) 予想 / 実際 / 20 分の値動き |
|---|---|---|---|
| 1 | 55.0% / 54.1% / -0.39 | 54.9% / 50.6% / -0.07 | 55.0% / 51.4% / -0.09 |
| 2 | 62.7% / 63.4% / -0.07 | 62.7% / 60.0% / +0.02 | 62.6% / 59.9% / -0.11 |
| 3 | 66.6% / 67.4% / +0.08 | 67.0% / 63.9% / -0.06 | 67.2% / 65.1% / -0.03 |
| 4 | 70.7% / 71.4% / -0.15 | 71.2% / 69.0% / -0.11 | 71.3% / 69.5% / +0.05 |
| 5 | 74.1% / 74.0% / -0.16 | 74.4% / 71.7% / -0.11 | 74.4% / 72.3% / -0.01 |
| 6 | 76.7% / 76.3% / -0.18 | 77.0% / 74.8% / +0.07 | 77.1% / 74.5% / +0.03 |
| 7 | 79.1% / 79.3% / +0.01 | 79.3% / 78.0% / +0.07 | 79.3% / 77.4% / +0.09 |
| 8 | 81.1% / 80.7% / -0.07 | 81.2% / 79.7% / -0.02 | 81.2% / 79.8% / +0.08 |
| 9 | 82.9% / 82.4% / -0.04 | 82.9% / 81.2% / +0.00 | 83.0% / 81.4% / +0.05 |
| 10 | 85.2% / 85.2% / +0.08 | 85.2% / 83.6% / +0.22 | 85.2% / 82.1% / +0.16 |

## 2. 年ごとのずれ(実際に戻った割合 − 予想の平均。値動きは 実際 − 予想、ボラ)。区間は日の塊

(作る期間の中の年 = bitFlyer の FIT0〜2019 年は、足し合わせると機械的にほぼ 0 になる残りの配り方なので、記述だけ。ずれの読みは作る期間の外 = bitFlyer 2020〜・Binance だけ)

| 年 | bitFlyer 起点 | bitFlyer 戻る: 実際 − 予想 | bitFlyer 値動き: 実際 − 予想 | Binance 起点 | Binance 戻る: 実際 − 予想 | Binance 値動き: 実際 − 予想 |
|---|---|---|---|---|---|---|
| 2016(作る期間の中) | 33,999 | +0.022 [+0.007, +0.036] | +0.342 [+0.128, +0.566] | — | — | — |
| 2017(作る期間の中) | 39,946 | +0.012 [+0.006, +0.018] | -0.183 [-0.301, -0.060] | — | — | — |
| 2018(作る期間の中) | 40,491 | -0.009 [-0.017, -0.003] | -0.148 [-0.245, -0.037] | 40,196 | +0.006 [-0.002, +0.014] | -0.133 [-0.229, -0.038] |
| 2019(作る期間の中) | 41,035 | -0.021 [-0.027, -0.014] | +0.057 [-0.047, +0.152] | 41,872 | -0.009 [-0.016, -0.002] | +0.135 [+0.042, +0.232] |
| 2020 | 40,078 | -0.021 [-0.026, -0.016] | +0.111 [+0.025, +0.210] | 41,809 | -0.008 [-0.014, -0.003] | +0.373 [+0.265, +0.466] |
| 2021 | 40,055 | -0.014 [-0.020, -0.009] | +0.160 [+0.079, +0.245] | 40,632 | -0.018 [-0.023, -0.012] | +0.272 [+0.204, +0.346] |
| 2022 | 40,148 | -0.027 [-0.032, -0.021] | +0.043 [-0.063, +0.150] | 40,429 | -0.032 [-0.038, -0.026] | +0.169 [+0.065, +0.269] |
| 2023 | 35,469 | -0.033 [-0.040, -0.026] | +0.042 [-0.076, +0.163] | 36,031 | -0.084 [-0.095, -0.073] | -0.027 [-0.132, +0.078] |

## 期待値の式の十分位(予想した 20 分の値動き / 実際の 20 分の値動き、ボラ)

| 十分位 | bitFlyer 作る(2016〜2019-12-08) | bitFlyer 当てる(2019-12-09〜2023) | Binance 当てる(2018〜2023) |
|---|---|---|---|
| 1 | -0.62 / -0.62 | -0.63 / -0.29 | -0.64 / -0.26 |
| 2 | -0.44 / -0.48 | -0.44 / -0.15 | -0.46 / -0.05 |
| 3 | -0.33 / -0.30 | -0.33 / -0.03 | -0.35 / -0.13 |
| 4 | -0.24 / -0.16 | -0.24 / -0.00 | -0.26 / +0.03 |
| 5 | -0.15 / -0.05 | -0.15 / -0.01 | -0.18 / +0.00 |
| 6 | -0.06 / -0.24 | -0.06 / +0.04 | -0.09 / +0.06 |
| 7 | +0.04 / +0.08 | +0.03 / +0.16 | +0.01 / +0.11 |
| 8 | +0.14 / +0.08 | +0.14 / +0.09 | +0.11 / +0.08 |
| 9 | +0.27 / +0.26 | +0.26 / +0.06 | +0.24 / +0.14 |
| 10 | +0.50 / +0.54 | +0.50 / +0.14 | +0.48 / +0.25 |

月ごとのずれ: docs/RESEARCH/reversion_index/monthly_gap_k3_fit2016.csv(168 行)
