# 逆張りの期待値の指標 k = 4(戻りの線 = 3 ボラ、待ち 20 分)。作る期間 2017-01-01〜2019-12-08

起点: bitFlyer 270,827(作る 101,099)・Binance 208,498

## 帯の境(作る期間の五分位)

- ブレイクの線まで(ボラ): 4.23 / 5.26 / 6.59 / 8.66
- 外れの深さ(ボラ): 4.18 / 4.39 / 4.66 / 5.08
- 直前 5 分(bp、負 = 外れる向き): -29.5 / -15.2 / -7.6 / -1.88
- 直前 60 分(bp): -73.2 / -34.9 / -15.4 / -0.474
- 幅 ÷ ボラ: 9.07 / 10 / 11.1 / 12.7
- ボラ ÷ 値段(bp): 2.74 / 4.4 / 6.51 / 10.3
- ボラ加速度: 0.826 / 0.936 / 1.04 / 1.2
- レンジ加速度: 0.753 / 0.92 / 1.09 / 1.39

## 戻る確率の式(対数オッズ。基準 = 各量の真ん中の帯・12〜16 時・買いの側)

| 項 | 係数 | 値動きの式の係数(ボラ) |
|---|---|---|
| 切片 | +1.330 | +0.131 |
| line:0 | -0.917 | -0.150 |
| line:1 | -0.076 | -0.078 |
| line:3 | +0.145 | +0.333 |
| line:4 | +0.277 | +0.397 |
| line:5 | +0.000 | +0.000 |
| depth:0 | +0.406 | -0.065 |
| depth:1 | +0.180 | -0.073 |
| depth:3 | -0.165 | +0.085 |
| depth:4 | -0.531 | +0.164 |
| mom5:0 | +0.016 | -0.281 |
| mom5:1 | +0.020 | +0.024 |
| mom5:3 | -0.050 | +0.176 |
| mom5:4 | +0.003 | -0.015 |
| mom60:0 | -0.069 | +0.158 |
| mom60:1 | -0.006 | +0.031 |
| mom60:3 | +0.066 | -0.148 |
| mom60:4 | +0.083 | +0.211 |
| w_v:0 | +0.006 | +0.105 |
| w_v:1 | -0.056 | +0.145 |
| w_v:3 | -0.022 | -0.072 |
| w_v:4 | -0.130 | -0.124 |
| v_bp:0 | -0.026 | -0.380 |
| v_bp:1 | -0.007 | -0.221 |
| v_bp:3 | -0.009 | -0.164 |
| v_bp:4 | -0.046 | +0.038 |
| vacc:0 | -0.040 | -0.195 |
| vacc:1 | +0.009 | -0.154 |
| vacc:3 | +0.053 | -0.007 |
| vacc:4 | +0.004 | -0.130 |
| racc:0 | +0.039 | +0.201 |
| racc:1 | +0.029 | -0.032 |
| racc:3 | +0.001 | +0.014 |
| racc:4 | +0.024 | -0.150 |
| hour:0 | +0.029 | +0.102 |
| hour:4 | -0.128 | -0.268 |
| hour:8 | -0.098 | -0.363 |
| hour:16 | -0.111 | -0.242 |
| hour:20 | -0.031 | +0.042 |
| side:売りの側 | -0.072 | -0.251 |

## 当たり具合

| 集まり | 起点 | 戻った割合 | 予想の平均 | AUC | Brier(式) | Brier(割合一定) | 20 分の値動き 実際 | 予想 |
|---|---|---|---|---|---|---|---|---|
| bitFlyer 作る(2017〜2019-12-08) | 101,099 | 73.4% | 73.4% | 0.647 | 0.1834 | 0.1951 | -0.190 | -0.190 |
| bitFlyer 当てる(2019-12-09〜2023) | 140,747 | 71.6% | 73.5% | 0.639 | 0.1928 | 0.2033 | -0.001 | -0.176 |
| Binance 当てる(2018〜2023) | 208,498 | 72.2% | 73.5% | 0.641 | 0.1899 | 0.2008 | +0.090 | -0.191 |

## 較正(予想した戻る確率の十分位ごと。十分位の境は各集まりの中)

| 十分位 | bitFlyer 作る(2017〜2019-12-08) 予想 / 実際 / 20 分の値動き | bitFlyer 当てる(2019-12-09〜2023) 予想 / 実際 / 20 分の値動き | Binance 当てる(2018〜2023) 予想 / 実際 / 20 分の値動き |
|---|---|---|---|
| 1 | 49.6% / 48.0% / -0.40 | 49.7% / 48.0% / -0.11 | 50.0% / 48.2% / -0.05 |
| 2 | 62.7% / 63.2% / -0.40 | 63.0% / 62.3% / -0.07 | 62.7% / 62.7% / +0.01 |
| 3 | 67.4% / 69.4% / -0.21 | 67.6% / 65.8% / -0.06 | 67.4% / 66.1% / -0.03 |
| 4 | 71.0% / 71.5% / -0.35 | 71.1% / 69.1% / -0.07 | 71.0% / 69.6% / +0.06 |
| 5 | 74.8% / 75.3% / -0.22 | 74.8% / 73.0% / +0.07 | 74.8% / 74.0% / +0.08 |
| 6 | 77.4% / 77.1% / -0.14 | 77.5% / 75.3% / +0.07 | 77.4% / 76.0% / +0.08 |
| 7 | 79.6% / 79.8% / -0.11 | 79.7% / 77.1% / +0.05 | 79.6% / 78.8% / +0.23 |
| 8 | 81.6% / 81.2% / -0.04 | 81.7% / 79.4% / -0.06 | 81.6% / 79.7% / +0.07 |
| 9 | 83.7% / 82.9% / -0.06 | 83.9% / 82.1% / +0.09 | 83.8% / 81.9% / +0.20 |
| 10 | 86.4% / 85.8% / +0.05 | 86.5% / 84.0% / +0.08 | 86.4% / 84.7% / +0.27 |

## 2. 年ごとのずれ(実際に戻った割合 − 予想の平均。値動きは 実際 − 予想、ボラ)。区間は日の塊

(作る期間の中の年 = bitFlyer の FIT0〜2019 年は、足し合わせると機械的にほぼ 0 になる残りの配り方なので、記述だけ。ずれの読みは作る期間の外 = bitFlyer 2020〜・Binance だけ)

| 年 | bitFlyer 起点 | bitFlyer 戻る: 実際 − 予想 | bitFlyer 値動き: 実際 − 予想 | Binance 起点 | Binance 戻る: 実際 − 予想 | Binance 値動き: 実際 − 予想 |
|---|---|---|---|---|---|---|
| 2016 | — | — | — | — | — | — |
| 2017(作る期間の中) | 33,942 | +0.012 [+0.005, +0.018] | -0.167 [-0.299, -0.039] | — | — | — |
| 2018(作る期間の中) | 34,047 | -0.002 [-0.008, +0.004] | -0.066 [-0.190, +0.050] | 33,968 | +0.008 [+0.001, +0.016] | -0.052 [-0.179, +0.076] |
| 2019(作る期間の中) | 35,320 | -0.009 [-0.015, -0.004] | +0.250 [+0.126, +0.366] | 35,691 | +0.002 [-0.004, +0.008] | +0.309 [+0.191, +0.435] |
| 2020 | 35,591 | -0.012 [-0.017, -0.007] | +0.254 [+0.148, +0.359] | 36,029 | +0.006 [-0.000, +0.012] | +0.559 [+0.452, +0.686] |
| 2021 | 35,118 | -0.015 [-0.020, -0.010] | +0.167 [+0.068, +0.266] | 34,851 | -0.011 [-0.017, -0.006] | +0.378 [+0.294, +0.459] |
| 2022 | 35,276 | -0.020 [-0.027, -0.014] | +0.118 [+0.004, +0.234] | 35,445 | -0.019 [-0.026, -0.012] | +0.261 [+0.149, +0.372] |
| 2023 | 32,552 | -0.032 [-0.041, -0.023] | +0.142 [-0.001, +0.290] | 32,514 | -0.069 [-0.080, -0.058] | +0.207 [+0.068, +0.338] |

## 期待値の式の十分位(予想した 20 分の値動き / 実際の 20 分の値動き、ボラ)

| 十分位 | bitFlyer 作る(2017〜2019-12-08) | bitFlyer 当てる(2019-12-09〜2023) | Binance 当てる(2018〜2023) |
|---|---|---|---|
| 1 | -0.87 / -0.86 | -0.86 / -0.31 | -0.87 / -0.10 |
| 2 | -0.61 / -0.61 | -0.60 / -0.20 | -0.62 / -0.17 |
| 3 | -0.47 / -0.45 | -0.46 / -0.03 | -0.48 / -0.11 |
| 4 | -0.36 / -0.56 | -0.35 / +0.00 | -0.36 / +0.05 |
| 5 | -0.25 / -0.18 | -0.24 / +0.07 | -0.26 / +0.06 |
| 6 | -0.15 / -0.14 | -0.14 / +0.07 | -0.15 / +0.10 |
| 7 | -0.04 / +0.09 | -0.03 / +0.07 | -0.04 / +0.17 |
| 8 | +0.08 / +0.10 | +0.10 / +0.05 | +0.08 / +0.23 |
| 9 | +0.24 / +0.21 | +0.26 / +0.04 | +0.24 / +0.25 |
| 10 | +0.54 / +0.50 | +0.56 / +0.23 | +0.55 / +0.42 |

月ごとのずれ: docs/RESEARCH/reversion_index/monthly_gap_k4_fit2017.csv(156 行)
