# 逆張りの期待値の指標 k = 5(戻りの線 = 4 ボラ、待ち 20 分)。作る期間 2017-01-01〜2019-12-08

起点: bitFlyer 209,054(作る 75,263)・Binance 157,420

## 帯の境(作る期間の五分位)

- ブレイクの線まで(ボラ): 4 / 5.53 / 6.43 / 8.2
- 外れの深さ(ボラ): 5.16 / 5.36 / 5.61 / 6.02
- 直前 5 分(bp、負 = 外れる向き): -36.2 / -19.1 / -10 / -3.47
- 直前 60 分(bp): -94 / -48.1 / -24.6 / -7.91
- 幅 ÷ ボラ: 10.7 / 11.4 / 12.3 / 13.8
- ボラ ÷ 値段(bp): 2.75 / 4.47 / 6.66 / 10.6
- ボラ加速度: 0.84 / 0.957 / 1.07 / 1.24
- レンジ加速度: 0.867 / 1.05 / 1.26 / 1.6

## 戻る確率の式(対数オッズ。基準 = 各量の真ん中の帯・12〜16 時・買いの側)

| 項 | 係数 | 値動きの式の係数(ボラ) |
|---|---|---|
| 切片 | +1.569 | +0.590 |
| line:0 | -1.320 | -0.343 |
| line:1 | -0.133 | -0.154 |
| line:3 | -0.013 | +0.108 |
| line:4 | +0.163 | +0.346 |
| line:5 | +0.000 | +0.000 |
| depth:0 | +0.268 | -0.197 |
| depth:1 | +0.116 | -0.184 |
| depth:3 | -0.189 | -0.051 |
| depth:4 | -0.509 | +0.030 |
| mom5:0 | -0.035 | -0.341 |
| mom5:1 | -0.002 | +0.028 |
| mom5:3 | -0.064 | +0.190 |
| mom5:4 | -0.035 | +0.147 |
| mom60:0 | -0.044 | +0.112 |
| mom60:1 | +0.033 | +0.152 |
| mom60:3 | +0.058 | -0.050 |
| mom60:4 | +0.139 | +0.064 |
| w_v:0 | +0.065 | +0.282 |
| w_v:1 | +0.048 | +0.135 |
| w_v:3 | +0.065 | -0.030 |
| w_v:4 | -0.103 | -0.362 |
| v_bp:0 | -0.051 | -0.308 |
| v_bp:1 | +0.009 | -0.142 |
| v_bp:3 | +0.005 | -0.081 |
| v_bp:4 | +0.024 | +0.332 |
| vacc:0 | -0.055 | -0.192 |
| vacc:1 | -0.018 | -0.239 |
| vacc:3 | +0.010 | -0.052 |
| vacc:4 | -0.052 | -0.349 |
| racc:0 | -0.058 | -0.069 |
| racc:1 | -0.059 | -0.149 |
| racc:3 | -0.007 | +0.017 |
| racc:4 | +0.007 | -0.302 |
| hour:0 | -0.026 | -0.116 |
| hour:4 | -0.145 | -0.446 |
| hour:8 | -0.097 | -0.545 |
| hour:16 | -0.113 | -0.245 |
| hour:20 | -0.058 | -0.101 |
| side:売りの側 | -0.047 | -0.261 |

## 当たり具合

| 集まり | 起点 | 戻った割合 | 予想の平均 | AUC | Brier(式) | Brier(割合一定) | 20 分の値動き 実際 | 予想 |
|---|---|---|---|---|---|---|---|---|
| bitFlyer 作る(2017〜2019-12-08) | 75,263 | 74.0% | 74.0% | 0.668 | 0.1772 | 0.1923 | -0.120 | -0.120 |
| bitFlyer 当てる(2019-12-09〜2023) | 110,102 | 72.6% | 74.2% | 0.653 | 0.1866 | 0.1989 | +0.045 | -0.119 |
| Binance 当てる(2018〜2023) | 157,420 | 73.1% | 74.3% | 0.654 | 0.1836 | 0.1966 | +0.184 | -0.119 |

## 較正(予想した戻る確率の十分位ごと。十分位の境は各集まりの中)

| 十分位 | bitFlyer 作る(2017〜2019-12-08) 予想 / 実際 / 20 分の値動き | bitFlyer 当てる(2019-12-09〜2023) 予想 / 実際 / 20 分の値動き | Binance 当てる(2018〜2023) 予想 / 実際 / 20 分の値動き |
|---|---|---|---|
| 1 | 46.0% / 47.1% / -0.41 | 46.1% / 48.1% / -0.09 | 46.4% / 47.8% / +0.12 |
| 2 | 57.8% / 56.6% / -0.35 | 58.9% / 58.9% / -0.08 | 58.2% / 57.7% / +0.13 |
| 3 | 70.1% / 70.1% / -0.30 | 70.6% / 66.3% / -0.21 | 70.4% / 68.4% / +0.05 |
| 4 | 74.5% / 74.6% / +0.02 | 74.5% / 70.8% / -0.09 | 74.9% / 73.0% / +0.20 |
| 5 | 77.9% / 77.8% / -0.12 | 77.9% / 76.1% / +0.12 | 78.2% / 76.9% / +0.27 |
| 6 | 79.8% / 78.9% / -0.10 | 79.8% / 77.7% / +0.20 | 80.1% / 77.8% / +0.14 |
| 7 | 81.3% / 81.6% / -0.12 | 81.4% / 79.0% / +0.01 | 81.5% / 80.0% / +0.12 |
| 8 | 82.7% / 82.8% / +0.03 | 82.7% / 80.9% / +0.20 | 82.8% / 81.7% / +0.26 |
| 9 | 84.0% / 84.0% / -0.08 | 84.2% / 83.2% / +0.11 | 84.2% / 83.1% / +0.21 |
| 10 | 86.1% / 86.9% / +0.24 | 86.2% / 84.9% / +0.29 | 86.2% / 84.7% / +0.36 |

## 2. 年ごとのずれ(実際に戻った割合 − 予想の平均。値動きは 実際 − 予想、ボラ)。区間は日の塊

(作る期間の中の年 = bitFlyer の FIT0〜2019 年は、足し合わせると機械的にほぼ 0 になる残りの配り方なので、記述だけ。ずれの読みは作る期間の外 = bitFlyer 2020〜・Binance だけ)

| 年 | bitFlyer 起点 | bitFlyer 戻る: 実際 − 予想 | bitFlyer 値動き: 実際 − 予想 | Binance 起点 | Binance 戻る: 実際 − 予想 | Binance 値動き: 実際 − 予想 |
|---|---|---|---|---|---|---|
| 2016 | — | — | — | — | — | — |
| 2017(作る期間の中) | 25,790 | +0.009 [+0.002, +0.016] | -0.247 [-0.397, -0.099] | — | — | — |
| 2018(作る期間の中) | 24,959 | +0.001 [-0.005, +0.006] | +0.044 [-0.084, +0.180] | 25,711 | +0.006 [-0.001, +0.013] | +0.007 [-0.155, +0.160] |
| 2019(作る期間の中) | 26,049 | -0.009 [-0.016, -0.003] | +0.237 [+0.093, +0.379] | 26,640 | +0.004 [-0.003, +0.011] | +0.370 [+0.234, +0.520] |
| 2020 | 27,086 | -0.010 [-0.016, -0.004] | +0.260 [+0.127, +0.385] | 26,741 | +0.006 [-0.001, +0.012] | +0.592 [+0.466, +0.724] |
| 2021 | 27,009 | -0.013 [-0.019, -0.007] | +0.211 [+0.105, +0.308] | 25,693 | -0.009 [-0.014, -0.003] | +0.375 [+0.278, +0.471] |
| 2022 | 27,168 | -0.017 [-0.022, -0.011] | +0.030 [-0.083, +0.148] | 26,639 | -0.017 [-0.023, -0.011] | +0.248 [+0.108, +0.380] |
| 2023 | 27,304 | -0.027 [-0.035, -0.018] | +0.135 [-0.009, +0.293] | 25,996 | -0.061 [-0.071, -0.051] | +0.218 [+0.068, +0.368] |

## 期待値の式の十分位(予想した 20 分の値動き / 実際の 20 分の値動き、ボラ)

| 十分位 | bitFlyer 作る(2017〜2019-12-08) | bitFlyer 当てる(2019-12-09〜2023) | Binance 当てる(2018〜2023) |
|---|---|---|---|
| 1 | -0.86 / -0.78 | -0.86 / -0.21 | -0.85 / -0.05 |
| 2 | -0.56 / -0.57 | -0.55 / -0.26 | -0.55 / -0.01 |
| 3 | -0.40 / -0.53 | -0.39 / -0.08 | -0.39 / +0.18 |
| 4 | -0.28 / -0.37 | -0.27 / -0.06 | -0.27 / +0.03 |
| 5 | -0.17 / -0.37 | -0.16 / +0.01 | -0.16 / +0.18 |
| 6 | -0.06 / +0.27 | -0.06 / +0.17 | -0.06 / +0.18 |
| 7 | +0.05 / +0.05 | +0.05 / +0.12 | +0.05 / +0.31 |
| 8 | +0.17 / +0.18 | +0.16 / +0.14 | +0.16 / +0.20 |
| 9 | +0.31 / +0.40 | +0.31 / +0.36 | +0.31 / +0.42 |
| 10 | +0.60 / +0.52 | +0.58 / +0.27 | +0.58 / +0.40 |

月ごとのずれ: docs/RESEARCH/reversion_index/monthly_gap_k5_fit2017.csv(156 行)
