# 逆張りの期待値の指標 k = 3(戻りの線 = 2 ボラ、待ち 20 分)。作る期間 2017-01-01〜2019-12-08

起点: bitFlyer 311,221(作る 118,804)・Binance 240,969

## 帯の境(作る期間の五分位)

- ブレイクの線まで(ボラ): 4.33 / 5.75 / 7.29 / 9.41
- 外れの深さ(ボラ): 3.19 / 3.42 / 3.72 / 4.19
- 直前 5 分(bp、負 = 外れる向き): -24.9 / -12.4 / -5.64 / -0.308
- 直前 60 分(bp): -58.1 / -25.5 / -8.65 / 6.46
- 幅 ÷ ボラ: 8.06 / 9.16 / 10.3 / 12
- ボラ ÷ 値段(bp): 2.74 / 4.37 / 6.46 / 10.2
- ボラ加速度: 0.818 / 0.925 / 1.03 / 1.17
- レンジ加速度: 0.677 / 0.834 / 1 / 1.25

## 戻る確率の式(対数オッズ。基準 = 各量の真ん中の帯・12〜16 時・買いの側)

| 項 | 係数 | 値動きの式の係数(ボラ) |
|---|---|---|
| 切片 | +1.271 | -0.079 |
| line:0 | -0.655 | -0.198 |
| line:1 | -0.153 | -0.220 |
| line:3 | +0.175 | +0.296 |
| line:4 | +0.275 | +0.343 |
| line:5 | +0.000 | -0.000 |
| depth:0 | +0.333 | -0.090 |
| depth:1 | +0.188 | +0.051 |
| depth:3 | -0.213 | +0.011 |
| depth:4 | -0.651 | +0.031 |
| mom5:0 | +0.079 | -0.071 |
| mom5:1 | +0.034 | -0.014 |
| mom5:3 | -0.044 | +0.077 |
| mom5:4 | +0.017 | +0.024 |
| mom60:0 | -0.057 | +0.128 |
| mom60:1 | -0.032 | +0.046 |
| mom60:3 | +0.056 | -0.124 |
| mom60:4 | +0.016 | +0.229 |
| w_v:0 | +0.007 | +0.014 |
| w_v:1 | +0.039 | +0.085 |
| w_v:3 | -0.001 | -0.076 |
| w_v:4 | -0.089 | -0.145 |
| v_bp:0 | +0.004 | -0.284 |
| v_bp:1 | +0.006 | -0.180 |
| v_bp:3 | -0.018 | -0.120 |
| v_bp:4 | -0.098 | -0.062 |
| vacc:0 | -0.090 | -0.236 |
| vacc:1 | -0.031 | -0.202 |
| vacc:3 | +0.043 | -0.036 |
| vacc:4 | +0.026 | -0.063 |
| racc:0 | +0.020 | +0.291 |
| racc:1 | +0.065 | +0.196 |
| racc:3 | +0.009 | +0.064 |
| racc:4 | -0.009 | +0.100 |
| hour:0 | +0.074 | +0.184 |
| hour:4 | -0.100 | -0.159 |
| hour:8 | -0.091 | -0.225 |
| hour:16 | -0.077 | -0.109 |
| hour:20 | -0.031 | -0.055 |
| side:売りの側 | -0.069 | -0.091 |

## 当たり具合

| 集まり | 起点 | 戻った割合 | 予想の平均 | AUC | Brier(式) | Brier(割合一定) | 20 分の値動き 実際 | 予想 |
|---|---|---|---|---|---|---|---|---|
| bitFlyer 作る(2017〜2019-12-08) | 118,804 | 73.0% | 73.0% | 0.640 | 0.1868 | 0.1969 | -0.210 | -0.210 |
| bitFlyer 当てる(2019-12-09〜2023) | 158,418 | 71.3% | 73.0% | 0.637 | 0.1947 | 0.2048 | +0.001 | -0.208 |
| Binance 当てる(2018〜2023) | 240,969 | 71.3% | 73.0% | 0.632 | 0.1951 | 0.2045 | +0.023 | -0.220 |

## 較正(予想した戻る確率の十分位ごと。十分位の境は各集まりの中)

| 十分位 | bitFlyer 作る(2017〜2019-12-08) 予想 / 実際 / 20 分の値動き | bitFlyer 当てる(2019-12-09〜2023) 予想 / 実際 / 20 分の値動き | Binance 当てる(2018〜2023) 予想 / 実際 / 20 分の値動き |
|---|---|---|---|
| 1 | 53.0% / 52.3% / -0.67 | 53.0% / 50.8% / -0.10 | 53.1% / 51.7% / -0.14 |
| 2 | 61.5% / 62.4% / -0.33 | 61.7% / 60.5% / +0.00 | 61.5% / 60.4% / -0.10 |
| 3 | 65.8% / 66.2% / -0.22 | 65.9% / 64.0% / -0.01 | 65.7% / 64.7% / +0.02 |
| 4 | 70.2% / 71.3% / -0.23 | 70.0% / 67.9% / -0.14 | 70.0% / 68.9% / +0.04 |
| 5 | 74.1% / 74.2% / -0.23 | 73.9% / 71.9% / -0.07 | 73.8% / 71.7% / -0.02 |
| 6 | 77.1% / 75.8% / -0.13 | 76.9% / 75.0% / -0.04 | 76.8% / 75.0% / -0.02 |
| 7 | 79.3% / 79.2% / -0.19 | 79.2% / 78.0% / +0.09 | 79.2% / 77.6% / +0.13 |
| 8 | 81.2% / 81.1% / -0.07 | 81.2% / 79.6% / +0.04 | 81.1% / 79.2% / +0.06 |
| 9 | 83.0% / 82.4% / -0.09 | 83.1% / 81.4% / +0.02 | 83.0% / 81.4% / +0.07 |
| 10 | 85.3% / 85.5% / +0.07 | 85.4% / 83.7% / +0.21 | 85.4% / 82.9% / +0.18 |

## 2. 年ごとのずれ(実際に戻った割合 − 予想の平均。値動きは 実際 − 予想、ボラ)。区間は日の塊

(作る期間の中の年 = bitFlyer の FIT0〜2019 年は、足し合わせると機械的にほぼ 0 になる残りの配り方なので、記述だけ。ずれの読みは作る期間の外 = bitFlyer 2020〜・Binance だけ)

| 年 | bitFlyer 起点 | bitFlyer 戻る: 実際 − 予想 | bitFlyer 値動き: 実際 − 予想 | Binance 起点 | Binance 戻る: 実際 − 予想 | Binance 値動き: 実際 − 予想 |
|---|---|---|---|---|---|---|
| 2016 | — | — | — | — | — | — |
| 2017(作る期間の中) | 39,946 | +0.016 [+0.010, +0.022] | -0.102 [-0.223, +0.022] | — | — | — |
| 2018(作る期間の中) | 40,491 | -0.003 [-0.009, +0.003] | -0.051 [-0.154, +0.055] | 40,196 | +0.011 [+0.002, +0.019] | -0.045 [-0.143, +0.056] |
| 2019(作る期間の中) | 41,035 | -0.012 [-0.018, -0.006] | +0.177 [+0.075, +0.279] | 41,872 | -0.001 [-0.008, +0.006] | +0.257 [+0.155, +0.365] |
| 2020 | 40,078 | -0.014 [-0.019, -0.009] | +0.218 [+0.121, +0.315] | 41,809 | -0.001 [-0.006, +0.005] | +0.477 [+0.377, +0.586] |
| 2021 | 40,055 | -0.014 [-0.019, -0.009] | +0.188 [+0.104, +0.279] | 40,632 | -0.016 [-0.021, -0.010] | +0.299 [+0.219, +0.365] |
| 2022 | 40,148 | -0.021 [-0.026, -0.015] | +0.150 [+0.038, +0.264] | 40,429 | -0.025 [-0.032, -0.018] | +0.273 [+0.163, +0.383] |
| 2023 | 35,469 | -0.025 [-0.034, -0.017] | +0.270 [+0.147, +0.398] | 36,031 | -0.072 [-0.083, -0.062] | +0.173 [+0.071, +0.274] |

## 期待値の式の十分位(予想した 20 分の値動き / 実際の 20 分の値動き、ボラ)

| 十分位 | bitFlyer 作る(2017〜2019-12-08) | bitFlyer 当てる(2019-12-09〜2023) | Binance 当てる(2018〜2023) |
|---|---|---|---|
| 1 | -0.79 / -0.85 | -0.79 / -0.25 | -0.80 / -0.21 |
| 2 | -0.59 / -0.58 | -0.59 / -0.12 | -0.60 / -0.18 |
| 3 | -0.47 / -0.44 | -0.47 / +0.02 | -0.49 / -0.04 |
| 4 | -0.37 / -0.44 | -0.37 / -0.06 | -0.39 / -0.01 |
| 5 | -0.28 / -0.24 | -0.28 / -0.00 | -0.29 / +0.01 |
| 6 | -0.18 / -0.11 | -0.18 / -0.02 | -0.19 / +0.02 |
| 7 | -0.07 / -0.01 | -0.08 / +0.05 | -0.09 / +0.11 |
| 8 | +0.04 / +0.08 | +0.04 / +0.00 | +0.03 / +0.06 |
| 9 | +0.18 / +0.04 | +0.19 / +0.06 | +0.18 / +0.12 |
| 10 | +0.44 / +0.44 | +0.46 / +0.32 | +0.45 / +0.36 |

月ごとのずれ: docs/RESEARCH/reversion_index/monthly_gap_k3_fit2017.csv(156 行)
