# 逆張りの期待値の指標 k = 5(戻りの線 = 4 ボラ、待ち 20 分)。作る期間 2016-01-01〜2019-12-08

起点: bitFlyer 209,054(作る 98,952)・Binance 157,420

## 帯の境(作る期間の五分位)

- ブレイクの線まで(ボラ): 4.51 / 5.71 / 6.89 / 9.33
- 外れの深さ(ボラ): 5.18 / 5.4 / 5.69 / 6.19
- 直前 5 分(bp、負 = 外れる向き): -30.9 / -15.6 / -7.92 / -2.56
- 直前 60 分(bp): -78.4 / -37.8 / -18.9 / -5.98
- 幅 ÷ ボラ: 10.8 / 11.6 / 12.8 / 14.8
- ボラ ÷ 値段(bp): 1.98 / 3.43 / 5.46 / 9.22
- ボラ加速度: 0.826 / 0.949 / 1.07 / 1.24
- レンジ加速度: 0.831 / 1.02 / 1.23 / 1.56

## 戻る確率の式(対数オッズ。基準 = 各量の真ん中の帯・12〜16 時・買いの側)

| 項 | 係数 | 値動きの式の係数(ボラ) |
|---|---|---|
| 切片 | +1.525 | +0.488 |
| line:0 | -1.186 | -0.254 |
| line:1 | -0.097 | -0.083 |
| line:3 | +0.022 | +0.163 |
| line:4 | +0.051 | +0.136 |
| line:5 | +0.000 | +0.000 |
| depth:0 | +0.305 | -0.119 |
| depth:1 | +0.155 | +0.011 |
| depth:3 | -0.181 | +0.108 |
| depth:4 | -0.485 | +0.148 |
| mom5:0 | -0.017 | -0.374 |
| mom5:1 | -0.002 | -0.070 |
| mom5:3 | +0.004 | +0.073 |
| mom5:4 | +0.063 | +0.090 |
| mom60:0 | -0.073 | -0.070 |
| mom60:1 | -0.046 | -0.101 |
| mom60:3 | +0.018 | -0.197 |
| mom60:4 | +0.091 | +0.072 |
| w_v:0 | +0.055 | +0.131 |
| w_v:1 | +0.082 | +0.179 |
| w_v:3 | +0.029 | -0.004 |
| w_v:4 | -0.212 | +0.044 |
| v_bp:0 | +0.023 | -0.126 |
| v_bp:1 | -0.034 | -0.138 |
| v_bp:3 | +0.007 | +0.059 |
| v_bp:4 | +0.014 | +0.262 |
| vacc:0 | -0.038 | -0.093 |
| vacc:1 | +0.006 | -0.214 |
| vacc:3 | +0.016 | -0.017 |
| vacc:4 | +0.003 | -0.165 |
| racc:0 | -0.125 | -0.068 |
| racc:1 | -0.073 | -0.006 |
| racc:3 | -0.044 | +0.090 |
| racc:4 | -0.003 | -0.347 |
| hour:0 | +0.000 | +0.017 |
| hour:4 | -0.076 | -0.178 |
| hour:8 | -0.093 | -0.644 |
| hour:16 | -0.104 | -0.312 |
| hour:20 | -0.048 | -0.196 |
| side:売りの側 | -0.060 | -0.276 |

## 当たり具合

| 集まり | 起点 | 戻った割合 | 予想の平均 | AUC | Brier(式) | Brier(割合一定) | 20 分の値動き 実際 | 予想 |
|---|---|---|---|---|---|---|---|---|
| bitFlyer 作る(2016〜2019-12-08) | 98,952 | 73.9% | 73.9% | 0.655 | 0.1807 | 0.1929 | -0.053 | -0.053 |
| bitFlyer 当てる(2019-12-09〜2023) | 110,102 | 72.6% | 74.2% | 0.649 | 0.1872 | 0.1989 | +0.045 | -0.041 |
| Binance 当てる(2018〜2023) | 157,420 | 73.1% | 74.4% | 0.649 | 0.1844 | 0.1966 | +0.184 | -0.057 |

## 較正(予想した戻る確率の十分位ごと。十分位の境は各集まりの中)

| 十分位 | bitFlyer 作る(2016〜2019-12-08) 予想 / 実際 / 20 分の値動き | bitFlyer 当てる(2019-12-09〜2023) 予想 / 実際 / 20 分の値動き | Binance 当てる(2018〜2023) 予想 / 実際 / 20 分の値動き |
|---|---|---|---|
| 1 | 49.3% / 50.3% / -0.34 | 49.2% / 48.8% / -0.11 | 49.7% / 49.2% / +0.09 |
| 2 | 61.0% / 59.6% / -0.29 | 60.4% / 59.5% / -0.09 | 60.1% / 58.4% / +0.15 |
| 3 | 68.1% / 67.4% / +0.06 | 68.5% / 65.8% / -0.14 | 68.5% / 66.8% / +0.07 |
| 4 | 72.8% / 73.2% / +0.07 | 74.0% / 71.3% / +0.07 | 74.6% / 73.0% / +0.17 |
| 5 | 76.7% / 76.5% / -0.03 | 77.4% / 75.4% / -0.01 | 77.8% / 76.9% / +0.20 |
| 6 | 78.9% / 78.9% / -0.01 | 79.4% / 77.2% / +0.04 | 79.7% / 78.2% / +0.16 |
| 7 | 80.6% / 80.7% / -0.04 | 81.0% / 80.1% / +0.30 | 81.3% / 80.4% / +0.26 |
| 8 | 82.2% / 82.1% / -0.00 | 82.4% / 81.3% / +0.09 | 82.7% / 81.4% / +0.23 |
| 9 | 83.7% / 84.4% / -0.10 | 83.9% / 82.2% / +0.09 | 84.0% / 83.1% / +0.22 |
| 10 | 85.6% / 86.0% / +0.17 | 85.7% / 84.2% / +0.22 | 85.8% / 83.7% / +0.28 |

## 2. 年ごとのずれ(実際に戻った割合 − 予想の平均。値動きは 実際 − 予想、ボラ)。区間は日の塊

(作る期間の中の年 = bitFlyer の FIT0〜2019 年は、足し合わせると機械的にほぼ 0 になる残りの配り方なので、記述だけ。ずれの読みは作る期間の外 = bitFlyer 2020〜・Binance だけ)

| 年 | bitFlyer 起点 | bitFlyer 戻る: 実際 − 予想 | bitFlyer 値動き: 実際 − 予想 | Binance 起点 | Binance 戻る: 実際 − 予想 | Binance 値動き: 実際 − 予想 |
|---|---|---|---|---|---|---|
| 2016(作る期間の中) | 23,689 | +0.005 [-0.011, +0.021] | +0.171 [-0.095, +0.448] | — | — | — |
| 2017(作る期間の中) | 25,790 | +0.009 [+0.002, +0.017] | -0.286 [-0.435, -0.130] | — | — | — |
| 2018(作る期間の中) | 24,959 | -0.001 [-0.006, +0.004] | -0.006 [-0.130, +0.124] | 25,711 | +0.008 [+0.001, +0.014] | -0.040 [-0.191, +0.103] |
| 2019(作る期間の中) | 26,049 | -0.013 [-0.019, -0.007] | +0.163 [+0.018, +0.300] | 26,640 | +0.003 [-0.004, +0.009] | +0.298 [+0.157, +0.442] |
| 2020 | 27,086 | -0.011 [-0.017, -0.005] | +0.197 [+0.078, +0.304] | 26,741 | +0.004 [-0.003, +0.010] | +0.530 [+0.405, +0.651] |
| 2021 | 27,009 | -0.011 [-0.017, -0.006] | +0.191 [+0.084, +0.304] | 25,693 | -0.008 [-0.014, -0.002] | +0.370 [+0.254, +0.473] |
| 2022 | 27,168 | -0.017 [-0.023, -0.012] | -0.034 [-0.150, +0.083] | 26,639 | -0.019 [-0.025, -0.013] | +0.194 [+0.062, +0.321] |
| 2023 | 27,304 | -0.025 [-0.032, -0.017] | -0.031 [-0.179, +0.107] | 25,996 | -0.066 [-0.077, -0.056] | +0.090 [-0.063, +0.246] |

## 期待値の式の十分位(予想した 20 分の値動き / 実際の 20 分の値動き、ボラ)

| 十分位 | bitFlyer 作る(2016〜2019-12-08) | bitFlyer 当てる(2019-12-09〜2023) | Binance 当てる(2018〜2023) |
|---|---|---|---|
| 1 | -0.75 / -0.86 | -0.74 / -0.21 | -0.76 / -0.10 |
| 2 | -0.46 / -0.31 | -0.45 / -0.20 | -0.46 / +0.20 |
| 3 | -0.31 / -0.43 | -0.30 / +0.05 | -0.31 / +0.12 |
| 4 | -0.19 / -0.24 | -0.18 / +0.04 | -0.19 / +0.07 |
| 5 | -0.09 / -0.14 | -0.07 / +0.10 | -0.09 / +0.14 |
| 6 | +0.01 / +0.15 | +0.02 / +0.21 | +0.01 / +0.19 |
| 7 | +0.11 / +0.27 | +0.12 / +0.08 | +0.10 / +0.28 |
| 8 | +0.22 / +0.19 | +0.23 / +0.12 | +0.21 / +0.30 |
| 9 | +0.35 / +0.35 | +0.36 / +0.10 | +0.34 / +0.31 |
| 10 | +0.58 / +0.49 | +0.59 / +0.16 | +0.58 / +0.32 |

月ごとのずれ: docs/RESEARCH/reversion_index/monthly_gap_k5_fit2016.csv(168 行)
