
count_20
場面 | 区切り | 日数 | 1 日あたり 円 [区間]
low 全部(2017〜) 997 -147 [-198, -96]
low 前半(〜2019-12-08) 368 +52 [-13, +123]
low 後半(2019-12-09〜) 629 -263 [-331, -198]
mid 全部(2017〜) 646 -81 [-158, +7]
mid 前半(〜2019-12-08) 268 +79 [-47, +198]
mid 後半(2019-12-09〜) 378 -195 [-299, -87]
high 全部(2017〜) 899 -136 [-269, +10]
high 前半(〜2019-12-08) 436 +20 [-197, +239]
high 後半(2019-12-09〜) 463 -282 [-435, -116]

count_80
場面 | 区切り | 日数 | 1 日あたり 円 [区間]
low 全部(2017〜) 997 +0 [-89, +85]
low 前半(〜2019-12-08) 368 +293 [+171, +432]
low 後半(2019-12-09〜) 629 -171 [-280, -61]
mid 全部(2017〜) 646 +1 [-190, +200]
mid 前半(〜2019-12-08) 268 +450 [+45, +882]
mid 後半(2019-12-09〜) 378 -318 [-508, -114]
high 全部(2017〜) 899 -74 [-359, +202]
high 前半(〜2019-12-08) 436 +714 [+257, +1170]
high 後半(2019-12-09〜) 463 -816 [-1102, -539]
