| 本 | 帯 | 区切り | 出の理由 | 1 段 本 / 1 取引あたり 円 | 2 段以上 本 / 1 取引あたり 円 | 全部 本 / 1 取引あたり 円 |
|---|---|---|---|---|---|---|
| break_len_mult_4 | 0 分 | 前半 | close | 39,397 / +17.4 | 8,137 / +63.0 | 47,534 / +25.2 |
| break_len_mult_4 | 0 分 | 前半 | break | 526 / -22.6 | 2,651 / -156.2 | 3,177 / -134.1 |
| break_len_mult_4 | 0 分 | 後半 | close | 32,690 / +14.4 | 5,328 / +48.9 | 38,018 / +19.2 |
| break_len_mult_4 | 0 分 | 後半 | break | 426 / -22.3 | 2,712 / -139.5 | 3,138 / -123.6 |
| break_len_mult_4 | 0 分超 | 前半 | close | 50,167 / +18.4 | 77,680 / +55.9 | 127,847 / +41.2 |
| break_len_mult_4 | 0 分超 | 前半 | break | 281 / -55.6 | 9,873 / -461.8 | 10,154 / -450.6 |
| break_len_mult_4 | 0 分超 | 前半 | market | 32 / +61.7 | 970 / -436.7 | 1,002 / -420.7 |
| break_len_mult_4 | 0 分超 | 後半 | close | 50,722 / +14.4 | 80,572 / +40.4 | 131,294 / +30.4 |
| break_len_mult_4 | 0 分超 | 後半 | break | 327 / -45.4 | 11,396 / -375.1 | 11,723 / -365.9 |
| break_len_mult_4 | 0 分超 | 後半 | market | 1 / -1.5 | 538 / -632.0 | 539 / -630.8 |
| base | 0 分 | 前半 | close | 36,353 / +17.2 | 7,422 / +61.7 | 43,775 / +24.7 |
| base | 0 分 | 前半 | break | 956 / -17.2 | 4,332 / -134.6 | 5,288 / -113.4 |
| base | 0 分 | 後半 | close | 30,454 / +14.3 | 4,960 / +48.3 | 35,414 / +19.1 |
| base | 0 分 | 後半 | break | 731 / -19.4 | 4,116 / -118.8 | 4,847 / -103.8 |
| base | 0 分超 | 前半 | close | 46,846 / +18.6 | 64,921 / +67.0 | 111,767 / +46.7 |
| base | 0 分超 | 前半 | break | 491 / -43.6 | 14,125 / -352.0 | 14,616 / -341.7 |
| base | 0 分超 | 前半 | market | 31 / +93.3 | 620 / -291.7 | 651 / -273.4 |
| base | 0 分超 | 後半 | close | 47,364 / +14.3 | 68,050 / +51.4 | 115,414 / +36.2 |
| base | 0 分超 | 後半 | break | 531 / -37.8 | 16,246 / -285.1 | 16,777 / -277.2 |
| base | 0 分超 | 後半 | market | 1 / -1.5 | 233 / -433.4 | 234 / -431.6 |
