| 本 | 区切り | 基準の帯 → 本の帯 | 本数 | 基準の和 円 | 本の和 円 | 差 円/日 |
|---|---|---|---|---|---|---|
| range_hi_p75 | 前半 | (無し) → 0 分 | 192 | +0 | +4,723 | +3 |
| range_hi_p75 | 前半 | (無し) → 0 分超 | 900 | +0 | -10,285 | -7 |
| range_hi_p75 | 前半 | 0 分 → (無し) | 7,594 | +278,550 | +0 | -190 |
| range_hi_p75 | 前半 | 0 分 → 0 分 | 41,469 | +204,791 | +204,791 | +0 |
| range_hi_p75 | 前半 | 0 分超 → (無し) | 24,975 | -12,699 | +0 | +9 |
| range_hi_p75 | 前半 | 0 分超 → 0 分超 | 102,059 | +61,569 | +54,604 | -5 |
| range_hi_p75 | 後半 | (無し) → 0 分 | 193 | +0 | +2,575 | +2 |
| range_hi_p75 | 後半 | (無し) → 0 分超 | 859 | +0 | -1,609 | -1 |
| range_hi_p75 | 後半 | 0 分 → (無し) | 4,365 | +90,466 | +0 | -62 |
| range_hi_p75 | 後半 | 0 分 → 0 分 | 35,896 | +81,288 | +81,288 | +0 |
| range_hi_p75 | 後半 | 0 分超 → (無し) | 17,261 | -103,518 | +0 | +70 |
| range_hi_p75 | 後半 | 0 分超 → 0 分超 | 115,164 | -469,057 | -465,243 | +3 |
| range_hi_p90 | 前半 | (無し) → 0 分 | 103 | +0 | +1,768 | +1 |
| range_hi_p90 | 前半 | (無し) → 0 分超 | 458 | +0 | +2,930 | +2 |
| range_hi_p90 | 前半 | 0 分 → (無し) | 2,606 | +182,278 | +0 | -124 |
| range_hi_p90 | 前半 | 0 分 → 0 分 | 46,457 | +301,062 | +301,062 | +0 |
| range_hi_p90 | 前半 | 0 分超 → (無し) | 8,916 | -19,595 | +0 | +13 |
| range_hi_p90 | 前半 | 0 分超 → 0 分超 | 118,118 | +68,464 | +57,881 | -7 |
| range_hi_p90 | 後半 | (無し) → 0 分 | 68 | +0 | +655 | +0 |
| range_hi_p90 | 後半 | (無し) → 0 分超 | 307 | +0 | -4,287 | -3 |
| range_hi_p90 | 後半 | 0 分 → (無し) | 1,167 | +41,059 | +0 | -28 |
| range_hi_p90 | 後半 | 0 分 → 0 分 | 39,094 | +130,696 | +130,696 | +0 |
| range_hi_p90 | 後半 | 0 分超 → (無し) | 4,641 | -36,624 | +0 | +25 |
| range_hi_p90 | 後半 | 0 分超 → 0 分超 | 127,784 | -535,951 | -533,887 | +1 |
| range_hi_none | 前半 | (無し) → 0 分 | 13 | +0 | +12,745 | +9 |
| range_hi_none | 前半 | (無し) → 0 分超 | 26 | +0 | +21,844 | +15 |
| range_hi_none | 前半 | 0 分 → 0 分 | 49,063 | +483,341 | +483,341 | +0 |
| range_hi_none | 前半 | 0 分超 → (無し) | 7 | -6,987 | +0 | +5 |
| range_hi_none | 前半 | 0 分超 → 0 分超 | 127,027 | +55,856 | +55,856 | +0 |
| range_hi_none | 後半 | (無し) → 0 分 | 7 | +0 | +6,724 | +5 |
| range_hi_none | 後半 | (無し) → 0 分超 | 16 | +0 | -8,475 | -6 |
| range_hi_none | 後半 | 0 分 → 0 分 | 40,261 | +171,755 | +171,755 | +0 |
| range_hi_none | 後半 | 0 分超 → (無し) | 3 | +737 | +0 | -1 |
| range_hi_none | 後半 | 0 分超 → 0 分超 | 132,422 | -573,312 | -573,312 | +0 |
