| 本 | 帯 | 区切り | 出の理由 | 1 段 本 / 1 取引あたり 円 | 2 段以上 本 / 1 取引あたり 円 | 全部 本 / 1 取引あたり 円 |
|---|---|---|---|---|---|---|
| range_hi_p75 | 0 分 | 前半 | close | 30,422 / +11.6 | 6,466 / +41.1 | 36,888 / +16.8 |
| range_hi_p75 | 0 分 | 前半 | break | 866 / -13.2 | 3,907 / -101.8 | 4,773 / -85.7 |
| range_hi_p75 | 0 分 | 後半 | close | 27,004 / +11.5 | 4,552 / +39.7 | 31,556 / +15.6 |
| range_hi_p75 | 0 分 | 後半 | break | 668 / -14.4 | 3,865 / -103.1 | 4,533 / -90.0 |
| range_hi_p75 | 0 分超 | 前半 | close | 38,005 / +12.3 | 52,337 / +44.8 | 90,342 / +31.1 |
| range_hi_p75 | 0 分超 | 前半 | break | 518 / -50.6 | 11,602 / -226.8 | 12,120 / -219.2 |
| range_hi_p75 | 0 分超 | 前半 | market | 7 / +23.3 | 490 / -226.7 | 497 / -223.2 |
| range_hi_p75 | 0 分超 | 後半 | close | 41,413 / +11.3 | 59,329 / +40.6 | 100,742 / +28.6 |
| range_hi_p75 | 0 分超 | 後半 | break | 560 / -46.7 | 14,521 / -224.6 | 15,081 / -218.0 |
| range_hi_p75 | 0 分超 | 後半 | market | 4 / -270.5 | 196 / -280.8 | 200 / -280.6 |
| range_hi_p90 | 0 分 | 前半 | close | 34,327 / +14.1 | 7,076 / +47.9 | 41,403 / +19.9 |
| range_hi_p90 | 0 分 | 前半 | break | 927 / -15.7 | 4,230 / -119.5 | 5,157 / -100.8 |
| range_hi_p90 | 0 分 | 後半 | close | 29,523 / +13.0 | 4,860 / +44.7 | 34,383 / +17.5 |
| range_hi_p90 | 0 分 | 後半 | break | 715 / -18.4 | 4,064 / -112.4 | 4,779 / -98.3 |
| range_hi_p90 | 0 分超 | 前半 | close | 43,679 / +14.9 | 60,533 / +54.7 | 104,212 / +38.0 |
| range_hi_p90 | 0 分超 | 前半 | break | 514 / -55.6 | 13,267 / -280.9 | 13,781 / -272.5 |
| range_hi_p90 | 0 分超 | 前半 | market | 16 / -1.1 | 567 / -254.3 | 583 / -247.4 |
| range_hi_p90 | 0 分超 | 後半 | close | 45,784 / +13.0 | 65,740 / +46.5 | 111,524 / +32.7 |
| range_hi_p90 | 0 分超 | 後半 | break | 544 / -44.3 | 15,800 / -258.4 | 16,344 / -251.3 |
| range_hi_p90 | 0 分超 | 後半 | market | 1 / -1.5 | 222 / -364.2 | 223 / -362.6 |
| range_hi_none | 0 分 | 前半 | close | 36,362 / +17.4 | 7,426 / +62.4 | 43,788 / +25.0 |
| range_hi_none | 0 分 | 前半 | break | 956 / -17.2 | 4,332 / -134.6 | 5,288 / -113.4 |
| range_hi_none | 0 分 | 後半 | close | 30,459 / +14.4 | 4,962 / +48.9 | 35,421 / +19.2 |
| range_hi_none | 0 分 | 後半 | break | 731 / -19.4 | 4,116 / -118.8 | 4,847 / -103.8 |
| range_hi_none | 0 分超 | 前半 | close | 46,852 / +18.6 | 64,933 / +67.6 | 111,785 / +47.1 |
| range_hi_none | 0 分超 | 前半 | break | 491 / -43.6 | 14,126 / -353.0 | 14,617 / -342.6 |
| range_hi_none | 0 分超 | 前半 | market | 31 / +93.3 | 620 / -291.7 | 651 / -273.4 |
| range_hi_none | 0 分超 | 後半 | close | 47,368 / +14.4 | 68,058 / +51.6 | 115,426 / +36.3 |
| range_hi_none | 0 分超 | 後半 | break | 531 / -37.8 | 16,247 / -286.2 | 16,778 / -278.4 |
| range_hi_none | 0 分超 | 後半 | market | 1 / -1.5 | 233 / -433.4 | 234 / -431.6 |
| base | 0 分 | 前半 | close | 36,353 / +17.2 | 7,422 / +61.7 | 43,775 / +24.7 |
| base | 0 分 | 前半 | break | 956 / -17.2 | 4,332 / -134.6 | 5,288 / -113.4 |
| base | 0 分 | 後半 | close | 30,454 / +14.3 | 4,960 / +48.3 | 35,414 / +19.1 |
| base | 0 分 | 後半 | break | 731 / -19.4 | 4,116 / -118.8 | 4,847 / -103.8 |
| base | 0 分超 | 前半 | close | 46,846 / +18.6 | 64,921 / +67.0 | 111,767 / +46.7 |
| base | 0 分超 | 前半 | break | 491 / -43.6 | 14,125 / -352.0 | 14,616 / -341.7 |
| base | 0 分超 | 前半 | market | 31 / +93.3 | 620 / -291.7 | 651 / -273.4 |
| base | 0 分超 | 後半 | close | 47,364 / +14.3 | 68,050 / +51.4 | 115,414 / +36.2 |
| base | 0 分超 | 後半 | break | 531 / -37.8 | 16,246 / -285.1 | 16,777 / -277.2 |
| base | 0 分超 | 後半 | market | 1 / -1.5 | 233 / -433.4 | 234 / -431.6 |
