
range_hi_p75
場面 | 区切り | 日数 | 1 日あたり 円 [区間]
low 全部(2017〜) 997 -27 [-98, +41]
low 前半(〜2019-12-08) 368 +284 [+183, +379]
low 後半(2019-12-09〜) 629 -210 [-296, -127]
mid 全部(2017〜) 646 -2 [-108, +109]
mid 前半(〜2019-12-08) 268 +289 [+158, +451]
mid 後半(2019-12-09〜) 378 -208 [-354, -57]
high 全部(2017〜) 899 -158 [-252, -62]
high 前半(〜2019-12-08) 436 +71 [-56, +199]
high 後半(2019-12-09〜) 463 -374 [-491, -248]

range_hi_p90
場面 | 区切り | 日数 | 1 日あたり 円 [区間]
low 全部(2017〜) 997 -36 [-113, +37]
low 前半(〜2019-12-08) 368 +270 [+164, +376]
low 後半(2019-12-09〜) 629 -215 [-306, -131]
mid 全部(2017〜) 646 +8 [-117, +141]
mid 前半(〜2019-12-08) 268 +391 [+234, +590]
mid 後半(2019-12-09〜) 378 -263 [-426, -103]
high 全部(2017〜) 899 -49 [-196, +96]
high 前半(〜2019-12-08) 436 +294 [+92, +499]
high 後半(2019-12-09〜) 463 -373 [-537, -207]

range_hi_none
場面 | 区切り | 日数 | 1 日あたり 円 [区間]
low 全部(2017〜) 997 -38 [-112, +39]
low 前半(〜2019-12-08) 368 +268 [+161, +358]
low 後半(2019-12-09〜) 629 -216 [-307, -126]
mid 全部(2017〜) 646 -18 [-163, +119]
mid 前半(〜2019-12-08) 268 +353 [+135, +591]
mid 後半(2019-12-09〜) 378 -282 [-464, -111]
high 全部(2017〜) 899 +201 [-23, +411]
high 前半(〜2019-12-08) 436 +784 [+455, +1130]
high 後半(2019-12-09〜) 463 -348 [-543, -142]
