
range_hi_p75 − base
場面 | 区切り | 日数 | 差 1 日あたり 円 [区間]
low 前半(〜2019-12-08) 368 +21 [-36, +80]
low 後半(2019-12-09〜) 629 +7 [-37, +45]
mid 前半(〜2019-12-08) 268 -123 [-271, +17]
mid 後半(2019-12-09〜) 378 +73 [-3, +157]
high 前半(〜2019-12-08) 436 -585 [-926, -282]
high 後半(2019-12-09〜) 463 -30 [-193, +128]

range_hi_p90 − base
場面 | 区切り | 日数 | 差 1 日あたり 円 [区間]
low 前半(〜2019-12-08) 368 +6 [-39, +57]
low 後半(2019-12-09〜) 629 +1 [-27, +25]
mid 前半(〜2019-12-08) 268 -20 [-119, +79]
mid 後半(2019-12-09〜) 378 +19 [-25, +69]
high 前半(〜2019-12-08) 436 -362 [-634, -107]
high 後半(2019-12-09〜) 463 -29 [-144, +97]

range_hi_none − base
場面 | 区切り | 日数 | 差 1 日あたり 円 [区間]
low 前半(〜2019-12-08) 368 +4 [+0, +12]
low 後半(2019-12-09〜) 629 +0 [+0, +0]
mid 前半(〜2019-12-08) 268 -58 [-175, +0]
mid 後半(2019-12-09〜) 378 -0 [-1, +0]
high 前半(〜2019-12-08) 436 +127 [+17, +267]
high 後半(2019-12-09〜) 463 -5 [-52, +25]
