<scratchpad>/w4/measure/runs/c2_owner_xvenue_wick/a_1m.npz
  2017 trades/day  85.9 per_trade   0.88 win 0.47 median  -1.83 hold_med     4 mean|1m move| 12.09bp
  2018 trades/day  38.0 per_trade   3.22 win 0.45 median  -4.67 hold_med     4 mean|1m move|  7.83bp
  2019 trades/day  12.3 per_trade   3.60 win 0.41 median -15.03 hold_med     7 mean|1m move|  5.58bp
  2020 trades/day  12.5 per_trade   3.31 win 0.41 median -16.24 hold_med     5 mean|1m move|  5.78bp
  2021 trades/day  23.9 per_trade   2.79 win 0.39 median -17.07 hold_med     5 mean|1m move|  8.20bp
  2022 trades/day  10.2 per_trade   0.47 win 0.37 median -21.80 hold_med     6 mean|1m move|  5.41bp
  2023 trades/day   3.4 per_trade  -0.26 win 0.38 median -21.59 hold_med    11 mean|1m move|  3.68bp
<scratchpad>/w4/measure/runs/c2_owner_xvenue_wick/a_3m.npz
  2017 trades/day  63.2 per_trade   2.43 win 0.48 median  -1.40 hold_med     9 mean|1m move| 12.09bp
  2018 trades/day  31.3 per_trade   2.82 win 0.47 median  -3.38 hold_med     9 mean|1m move|  7.83bp
  2019 trades/day  14.7 per_trade   1.87 win 0.44 median  -8.85 hold_med    12 mean|1m move|  5.58bp
  2020 trades/day  13.8 per_trade  -0.61 win 0.42 median -13.03 hold_med    12 mean|1m move|  5.78bp
  2021 trades/day  28.7 per_trade   2.24 win 0.44 median  -8.93 hold_med    12 mean|1m move|  8.20bp
  2022 trades/day  13.4 per_trade   0.98 win 0.42 median -13.17 hold_med    12 mean|1m move|  5.41bp
  2023 trades/day   4.8 per_trade  -0.58 win 0.40 median -14.81 hold_med    21 mean|1m move|  3.68bp
<scratchpad>/w4/measure/runs/c2_owner_xvenue_wick/b_1m.npz
  2020 trades/day  13.0 per_trade   2.72 win 0.43 median -13.99 hold_med     5 mean|1m move|  5.79bp
  2021 trades/day  24.1 per_trade   2.67 win 0.39 median -17.34 hold_med     5 mean|1m move|  8.20bp
  2022 trades/day  10.9 per_trade   0.58 win 0.39 median -19.90 hold_med     7 mean|1m move|  5.41bp
  2023 trades/day   3.9 per_trade  -1.76 win 0.39 median -18.17 hold_med    14 mean|1m move|  3.68bp
<scratchpad>/w4/measure/runs/c2_owner_xvenue_wick/c_1m.npz
  2017 trades/day  38.6 per_trade   7.67 win 0.45 median  -5.40 hold_med     4 mean|1m move| 12.09bp
  2018 trades/day  20.4 per_trade   5.24 win 0.44 median  -8.23 hold_med     5 mean|1m move|  7.83bp
  2019 trades/day  10.0 per_trade   3.05 win 0.38 median -19.42 hold_med     7 mean|1m move|  5.58bp
  2020 trades/day   9.2 per_trade   1.64 win 0.40 median -20.89 hold_med     5 mean|1m move|  5.78bp
  2021 trades/day  15.8 per_trade   2.43 win 0.36 median -22.13 hold_med     5 mean|1m move|  8.20bp
<scratchpad>/w4/measure/runs/c2_owner_xvenue_wick/c_3m.npz
  2017 trades/day  42.2 per_trade   3.88 win 0.46 median  -5.49 hold_med     9 mean|1m move| 12.09bp
  2018 trades/day  22.1 per_trade   4.39 win 0.48 median  -3.85 hold_med     9 mean|1m move|  7.83bp
  2019 trades/day  11.0 per_trade   0.43 win 0.44 median -12.09 hold_med    14 mean|1m move|  5.58bp
  2020 trades/day  10.1 per_trade  -1.47 win 0.42 median -16.90 hold_med    12 mean|1m move|  5.78bp
  2021 trades/day  21.2 per_trade   1.64 win 0.41 median -14.72 hold_med    12 mean|1m move|  8.20bp
<scratchpad>/w4/measure/runs/c1_xborder_mom/default.npz
  2017 trades/day  27.5 per_trade   5.02 win 0.45 median  -4.14 hold_med    21 mean|1m move| 12.09bp
  2018 trades/day  13.2 per_trade   9.35 win 0.40 median -12.63 hold_med    29 mean|1m move|  7.83bp
  2019 trades/day   7.3 per_trade   1.90 win 0.36 median -15.22 hold_med    29 mean|1m move|  5.58bp
  2020 trades/day   7.4 per_trade   1.02 win 0.39 median -12.84 hold_med    29 mean|1m move|  5.78bp
  2021 trades/day  14.8 per_trade  -4.49 win 0.37 median -15.18 hold_med    28 mean|1m move|  8.20bp
  2022 trades/day   7.6 per_trade   2.09 win 0.41 median -10.03 hold_med    30 mean|1m move|  5.41bp
  2023 trades/day   3.0 per_trade   4.14 win 0.40 median  -9.93 hold_med    30 mean|1m move|  3.68bp
