| 本 | 区切り | 基準の帯 → 本の帯 | 本数 | 基準の和 円 | 本の和 円 | 差 円/日 |
|---|---|---|---|---|---|---|
| range_lo_none | 前半 | (無し) → 0 分 | 21 | +0 | +29 | +0 |
| range_lo_none | 前半 | (無し) → 0 分超 | 59 | +0 | +59 | +0 |
| range_lo_none | 前半 | 0 分 → (無し) | 5 | +6 | +0 | -0 |
| range_lo_none | 前半 | 0 分 → 0 分 | 49,058 | +483,334 | +483,334 | +0 |
| range_lo_none | 前半 | 0 分超 → (無し) | 9 | +15 | +0 | -0 |
| range_lo_none | 前半 | 0 分超 → 0 分超 | 127,025 | +48,854 | +48,854 | +0 |
| range_lo_none | 後半 | (無し) → 0 分 | 4 | +0 | +5 | +0 |
| range_lo_none | 後半 | (無し) → 0 分超 | 1 | +0 | +1 | +0 |
| range_lo_none | 後半 | 0 分 → 0 分 | 40,261 | +171,755 | +171,755 | +0 |
| range_lo_none | 後半 | 0 分超 → 0 分超 | 132,425 | -572,575 | -572,575 | +0 |
| range_lo_p10 | 前半 | (無し) → 0 分 | 1,021 | +0 | +1,600 | +1 |
| range_lo_p10 | 前半 | (無し) → 0 分超 | 2,088 | +0 | +4,070 | +3 |
| range_lo_p10 | 前半 | 0 分 → (無し) | 10,920 | +19,919 | +0 | -14 |
| range_lo_p10 | 前半 | 0 分 → 0 分 | 38,143 | +463,422 | +463,422 | +0 |
| range_lo_p10 | 前半 | 0 分超 → (無し) | 20,238 | +26,993 | +0 | -18 |
| range_lo_p10 | 前半 | 0 分超 → 0 分超 | 106,796 | +21,877 | +22,297 | +0 |
| range_lo_p10 | 後半 | (無し) → 0 分 | 990 | +0 | -274 | -0 |
| range_lo_p10 | 後半 | (無し) → 0 分超 | 2,234 | +0 | -6,085 | -4 |
| range_lo_p10 | 後半 | 0 分 → (無し) | 5,701 | +1,683 | +0 | -1 |
| range_lo_p10 | 後半 | 0 分 → 0 分 | 34,560 | +170,072 | +170,072 | +0 |
| range_lo_p10 | 後半 | 0 分超 → (無し) | 14,293 | -36,192 | +0 | +25 |
| range_lo_p10 | 後半 | 0 分超 → 0 分超 | 118,132 | -536,383 | -536,030 | +0 |
| range_lo_p25 | 前半 | (無し) → 0 分 | 1,581 | +0 | +222 | +0 |
| range_lo_p25 | 前半 | (無し) → 0 分超 | 3,254 | +0 | +11,689 | +8 |
| range_lo_p25 | 前半 | 0 分 → (無し) | 20,213 | +44,210 | +0 | -30 |
| range_lo_p25 | 前半 | 0 分 → 0 分 | 28,850 | +439,131 | +439,131 | +0 |
| range_lo_p25 | 前半 | 0 分超 → (無し) | 43,214 | +53,282 | +0 | -36 |
| range_lo_p25 | 前半 | 0 分超 → 0 分超 | 83,820 | -4,413 | -5,683 | -1 |
| range_lo_p25 | 後半 | (無し) → 0 分 | 1,778 | +0 | -3,757 | -3 |
| range_lo_p25 | 後半 | (無し) → 0 分超 | 4,863 | +0 | +394 | +0 |
| range_lo_p25 | 後半 | 0 分 → (無し) | 14,403 | +3,235 | +0 | -2 |
| range_lo_p25 | 後半 | 0 分 → 0 分 | 25,858 | +168,520 | +168,520 | +0 |
| range_lo_p25 | 後半 | 0 分超 → (無し) | 40,528 | -128,513 | +0 | +87 |
| range_lo_p25 | 後半 | 0 分超 → 0 分超 | 91,897 | -444,063 | -443,846 | +0 |
| range_lo_p50 | 前半 | (無し) → 0 分 | 1,749 | +0 | -323 | -0 |
| range_lo_p50 | 前半 | (無し) → 0 分超 | 3,743 | +0 | +49,678 | +34 |
| range_lo_p50 | 前半 | 0 分 → (無し) | 31,835 | +106,167 | +0 | -72 |
| range_lo_p50 | 前半 | 0 分 → 0 分 | 17,228 | +377,173 | +377,173 | +0 |
| range_lo_p50 | 前半 | 0 分超 → (無し) | 74,633 | +98,442 | +0 | -67 |
| range_lo_p50 | 前半 | 0 分超 → 0 分超 | 52,401 | -49,572 | -51,694 | -1 |
| range_lo_p50 | 後半 | (無し) → 0 分 | 2,025 | +0 | -16,386 | -11 |
| range_lo_p50 | 後半 | (無し) → 0 分超 | 5,873 | +0 | +24,260 | +17 |
| range_lo_p50 | 後半 | 0 分 → (無し) | 26,915 | +26,115 | +0 | -18 |
| range_lo_p50 | 後半 | 0 分 → 0 分 | 13,346 | +145,639 | +145,639 | +0 |
| range_lo_p50 | 後半 | 0 分超 → (無し) | 82,329 | -312,028 | +0 | +212 |
| range_lo_p50 | 後半 | 0 分超 → 0 分超 | 50,096 | -260,547 | -261,246 | -0 |
