| 本 | 帯 | 区切り | 本数 | 段の数の平均 | 上限段の割合 | 1 取引あたり 円 |
|---|---|---|---|---|---|---|
| range_lo_none | 0 分 | 前半 | 49,079 | 1.46 | 0.041 | +9.8 |
| range_lo_none | 0 分 | 後半 | 40,265 | 1.45 | 0.044 | +4.3 |
| range_lo_none | 0 分超 | 前半 | 127,084 | 2.56 | 0.220 | +0.4 |
| range_lo_none | 0 分超 | 後半 | 132,426 | 2.63 | 0.237 | -4.3 |
| range_lo_p10 | 0 分 | 前半 | 39,164 | 1.44 | 0.040 | +11.9 |
| range_lo_p10 | 0 分 | 後半 | 35,550 | 1.43 | 0.043 | +4.8 |
| range_lo_p10 | 0 分超 | 前半 | 108,884 | 2.59 | 0.225 | +0.2 |
| range_lo_p10 | 0 分超 | 後半 | 120,366 | 2.63 | 0.239 | -4.5 |
| range_lo_p25 | 0 分 | 前半 | 30,431 | 1.42 | 0.037 | +14.4 |
| range_lo_p25 | 0 分 | 後半 | 27,636 | 1.40 | 0.039 | +6.0 |
| range_lo_p25 | 0 分超 | 前半 | 87,074 | 2.60 | 0.229 | +0.1 |
| range_lo_p25 | 0 分超 | 後半 | 96,760 | 2.64 | 0.240 | -4.6 |
| range_lo_p50 | 0 分 | 前半 | 18,977 | 1.40 | 0.034 | +19.9 |
| range_lo_p50 | 0 分 | 後半 | 15,371 | 1.39 | 0.036 | +8.4 |
| range_lo_p50 | 0 分超 | 前半 | 56,144 | 2.61 | 0.231 | -0.0 |
| range_lo_p50 | 0 分超 | 後半 | 55,969 | 2.63 | 0.239 | -4.2 |
| base | 0 分 | 前半 | 49,063 | 1.46 | 0.041 | +9.9 |
| base | 0 分 | 後半 | 40,261 | 1.45 | 0.044 | +4.3 |
| base | 0 分超 | 前半 | 127,034 | 2.56 | 0.220 | +0.4 |
| base | 0 分超 | 後半 | 132,425 | 2.63 | 0.237 | -4.3 |
