| 本 | 帯 | 区切り | 出の理由 | 1 段 本 / 1 取引あたり 円 | 2 段以上 本 / 1 取引あたり 円 | 全部 本 / 1 取引あたり 円 |
|---|---|---|---|---|---|---|
| range_lo_none | 0 分 | 前半 | close | 36,361 / +17.2 | 7,429 / +61.7 | 43,790 / +24.7 |
| range_lo_none | 0 分 | 前半 | break | 955 / -17.2 | 4,334 / -134.6 | 5,289 / -113.4 |
| range_lo_none | 0 分 | 後半 | close | 30,457 / +14.3 | 4,961 / +48.3 | 35,418 / +19.1 |
| range_lo_none | 0 分 | 後半 | break | 731 / -19.4 | 4,116 / -118.8 | 4,847 / -103.8 |
| range_lo_none | 0 分超 | 前半 | close | 46,861 / +18.6 | 64,950 / +67.0 | 111,811 / +46.7 |
| range_lo_none | 0 分超 | 前半 | break | 491 / -43.6 | 14,131 / -351.9 | 14,622 / -341.5 |
| range_lo_none | 0 分超 | 前半 | market | 31 / +93.3 | 620 / -291.7 | 651 / -273.4 |
| range_lo_none | 0 分超 | 後半 | close | 47,365 / +14.3 | 68,050 / +51.4 | 115,415 / +36.2 |
| range_lo_none | 0 分超 | 後半 | break | 531 / -37.8 | 16,246 / -285.1 | 16,777 / -277.2 |
| range_lo_none | 0 分超 | 後半 | market | 1 / -1.5 | 233 / -433.4 | 234 / -431.6 |
| range_lo_p10 | 0 分 | 前半 | close | 29,401 / +20.3 | 5,640 / +76.0 | 35,041 / +29.3 |
| range_lo_p10 | 0 分 | 前半 | break | 810 / -20.4 | 3,313 / -164.0 | 4,123 / -135.8 |
| range_lo_p10 | 0 分 | 後半 | close | 27,175 / +15.6 | 4,092 / +55.3 | 31,267 / +20.8 |
| range_lo_p10 | 0 分 | 後半 | break | 714 / -20.0 | 3,569 / -130.5 | 4,283 / -112.1 |
| range_lo_p10 | 0 分超 | 前半 | close | 39,595 / +21.1 | 55,982 / +75.4 | 95,577 / +52.9 |
| range_lo_p10 | 0 分超 | 前半 | break | 401 / -50.8 | 12,275 / -393.6 | 12,676 / -382.7 |
| range_lo_p10 | 0 分超 | 前半 | market | 31 / +93.3 | 600 / -296.6 | 631 / -277.4 |
| range_lo_p10 | 0 分超 | 後半 | close | 42,991 / +15.4 | 61,789 / +55.4 | 104,780 / +39.0 |
| range_lo_p10 | 0 分超 | 後半 | break | 493 / -39.7 | 14,892 / -303.0 | 15,385 / -294.5 |
| range_lo_p10 | 0 分超 | 後半 | market | — | 201 / -482.1 | 201 / -482.1 |
| range_lo_p25 | 0 分 | 前半 | close | 23,028 / +23.9 | 4,210 / +92.0 | 27,238 / +34.4 |
| range_lo_p25 | 0 分 | 前半 | break | 661 / -23.5 | 2,532 / -190.7 | 3,193 / -156.1 |
| range_lo_p25 | 0 分 | 後半 | close | 21,363 / +18.0 | 2,917 / +66.0 | 24,280 / +23.8 |
| range_lo_p25 | 0 分 | 後半 | break | 648 / -21.7 | 2,708 / -147.3 | 3,356 / -123.1 |
| range_lo_p25 | 0 分超 | 前半 | close | 31,480 / +24.4 | 44,857 / +87.3 | 76,337 / +61.3 |
| range_lo_p25 | 0 分超 | 前半 | break | 295 / -61.0 | 9,902 / -454.3 | 10,197 / -442.9 |
| range_lo_p25 | 0 分超 | 前半 | market | 31 / +91.3 | 509 / -319.6 | 540 / -296.0 |
| range_lo_p25 | 0 分超 | 後半 | close | 34,440 / +17.7 | 49,664 / +63.7 | 84,104 / +44.9 |
| range_lo_p25 | 0 分超 | 後半 | break | 406 / -44.4 | 12,098 / -339.8 | 12,504 / -330.2 |
| range_lo_p25 | 0 分超 | 後半 | market | — | 152 / -574.1 | 152 / -574.1 |
| range_lo_p50 | 0 分 | 前半 | close | 14,439 / +31.4 | 2,470 / +126.2 | 16,909 / +45.2 |
| range_lo_p50 | 0 分 | 前半 | break | 505 / -27.0 | 1,563 / -239.3 | 2,068 / -187.4 |
| range_lo_p50 | 0 分 | 後半 | close | 11,834 / +23.9 | 1,505 / +89.5 | 13,339 / +31.3 |
| range_lo_p50 | 0 分 | 後半 | break | 486 / -25.4 | 1,546 / -178.8 | 2,032 / -142.1 |
| range_lo_p50 | 0 分超 | 前半 | close | 20,297 / +31.5 | 28,827 / +112.0 | 49,124 / +78.7 |
| range_lo_p50 | 0 分超 | 前半 | break | 178 / -78.7 | 6,470 / -576.4 | 6,648 / -563.0 |
| range_lo_p50 | 0 分超 | 前半 | market | 27 / +103.1 | 345 / -377.2 | 372 / -342.3 |
| range_lo_p50 | 0 分超 | 後半 | close | 20,014 / +23.5 | 28,643 / +84.0 | 48,657 / +59.1 |
| range_lo_p50 | 0 分超 | 後半 | break | 233 / -52.4 | 6,991 / -433.6 | 7,224 / -421.3 |
| range_lo_p50 | 0 分超 | 後半 | market | — | 88 / -810.4 | 88 / -810.4 |
| base | 0 分 | 前半 | close | 36,353 / +17.2 | 7,422 / +61.7 | 43,775 / +24.7 |
| base | 0 分 | 前半 | break | 956 / -17.2 | 4,332 / -134.6 | 5,288 / -113.4 |
| base | 0 分 | 後半 | close | 30,454 / +14.3 | 4,960 / +48.3 | 35,414 / +19.1 |
| base | 0 分 | 後半 | break | 731 / -19.4 | 4,116 / -118.8 | 4,847 / -103.8 |
| base | 0 分超 | 前半 | close | 46,846 / +18.6 | 64,921 / +67.0 | 111,767 / +46.7 |
| base | 0 分超 | 前半 | break | 491 / -43.6 | 14,125 / -352.0 | 14,616 / -341.7 |
| base | 0 分超 | 前半 | market | 31 / +93.3 | 620 / -291.7 | 651 / -273.4 |
| base | 0 分超 | 後半 | close | 47,364 / +14.3 | 68,050 / +51.4 | 115,414 / +36.2 |
| base | 0 分超 | 後半 | break | 531 / -37.8 | 16,246 / -285.1 | 16,777 / -277.2 |
| base | 0 分超 | 後半 | market | 1 / -1.5 | 233 / -433.4 | 234 / -431.6 |
