
range_lo_none − base
場面 | 区切り | 日数 | 差 1 日あたり 円 [区間]
low 前半(〜2019-12-08) 368 +0 [-0, +1]
low 後半(2019-12-09〜) 629 +0 [+0, +0]
mid 前半(〜2019-12-08) 268 +0 [+0, +0]
mid 後半(2019-12-09〜) 378 +0 [+0, +0]
high 前半(〜2019-12-08) 436 +0 [+0, +0]
high 後半(2019-12-09〜) 463 +0 [+0, +0]

range_lo_p10 − base
場面 | 区切り | 日数 | 差 1 日あたり 円 [区間]
low 前半(〜2019-12-08) 368 +23 [+3, +47]
low 後半(2019-12-09〜) 629 +37 [+24, +50]
mid 前半(〜2019-12-08) 268 -10 [-30, +3]
mid 後半(2019-12-09〜) 378 +13 [+5, +21]
high 前半(〜2019-12-08) 436 -2 [-8, +3]
high 後半(2019-12-09〜) 463 +2 [+0, +4]

range_lo_p25 − base
場面 | 区切り | 日数 | 差 1 日あたり 円 [区間]
low 前半(〜2019-12-08) 368 -19 [-60, +21]
low 後半(2019-12-09〜) 629 +115 [+80, +148]
mid 前半(〜2019-12-08) 268 +22 [-20, +52]
mid 後半(2019-12-09〜) 378 +106 [+73, +141]
high 前半(〜2019-12-08) 436 +8 [-8, +23]
high 後半(2019-12-09〜) 463 +23 [+11, +33]

range_lo_p50 − base
場面 | 区切り | 日数 | 差 1 日あたり 円 [区間]
low 前半(〜2019-12-08) 368 -142 [-212, -69]
low 後半(2019-12-09〜) 629 +205 [+145, +264]
mid 前半(〜2019-12-08) 268 -34 [-136, +47]
mid 後半(2019-12-09〜) 378 +206 [+116, +304]
high 前半(〜2019-12-08) 436 +28 [-19, +74]
high 後半(2019-12-09〜) 463 +187 [+137, +231]
