
range_lo_none
場面 | 区切り | 日数 | 1 日あたり 円 [区間]
low 全部(2017〜) 997 -39 [-113, +38]
low 前半(〜2019-12-08) 368 +264 [+155, +357]
low 後半(2019-12-09〜) 629 -216 [-307, -126]
mid 全部(2017〜) 646 +6 [-135, +143]
mid 前半(〜2019-12-08) 268 +411 [+226, +634]
mid 後半(2019-12-09〜) 378 -282 [-462, -111]
high 全部(2017〜) 899 +141 [-82, +345]
high 前半(〜2019-12-08) 436 +656 [+336, +1007]
high 後半(2019-12-09〜) 463 -343 [-529, -135]

range_lo_p10
場面 | 区切り | 日数 | 1 日あたり 円 [区間]
low 全部(2017〜) 997 -8 [-79, +67]
low 前半(〜2019-12-08) 368 +286 [+185, +384]
low 後半(2019-12-09〜) 629 -180 [-269, -89]
mid 全部(2017〜) 646 +9 [-128, +144]
mid 前半(〜2019-12-08) 268 +401 [+215, +621]
mid 後半(2019-12-09〜) 378 -269 [-444, -101]
high 全部(2017〜) 899 +141 [-83, +344]
high 前半(〜2019-12-08) 436 +654 [+338, +1004]
high 後半(2019-12-09〜) 463 -342 [-528, -134]

range_lo_p25
場面 | 区切り | 日数 | 1 日あたり 円 [区間]
low 全部(2017〜) 997 +26 [-39, +90]
low 前半(〜2019-12-08) 368 +244 [+145, +337]
low 後半(2019-12-09〜) 629 -102 [-184, -22]
mid 全部(2017〜) 646 +77 [-55, +207]
mid 前半(〜2019-12-08) 268 +434 [+250, +644]
mid 後半(2019-12-09〜) 378 -176 [-335, -16]
high 全部(2017〜) 899 +157 [-66, +359]
high 前半(〜2019-12-08) 436 +664 [+346, +1016]
high 後半(2019-12-09〜) 463 -321 [-510, -111]

range_lo_p50
場面 | 区切り | 日数 | 1 日あたり 円 [区間]
low 全部(2017〜) 997 +38 [-14, +88]
low 前半(〜2019-12-08) 368 +122 [+46, +202]
low 後半(2019-12-09〜) 629 -11 [-73, +54]
mid 全部(2017〜) 646 +113 [-7, +226]
mid 前半(〜2019-12-08) 268 +378 [+200, +576]
mid 後半(2019-12-09〜) 378 -75 [-216, +60]
high 全部(2017〜) 899 +251 [+46, +444]
high 前半(〜2019-12-08) 436 +684 [+366, +1044]
high 後半(2019-12-09〜) 463 -156 [-352, +47]
