2026-10-03T16:14:52Z	store_built	188.95s	FX_BTC_JPY-d95cfc899909dfdbf393 rows=3983555 cache_bytes=207251681
2026-10-03T16:17:00Z	store_built	125.82s	BTCUSDT-75c07ccdcf3882a4762f rows=3323359 cache_bytes=171251518
2026-10-03T16:22:49Z	GET /api/backtest/catalog	164.16s	HTTP 200
2026-10-03T16:27:26Z	store_built	625.72s	BTC_JPY-d28f6f29c7f328131962 rows=4031847 cache_bytes=210630078
2026-10-03T16:28:37Z	GET /api/backtest/catalog	143.09s	HTTP 200
2026-10-03T16:29:49Z	store_built	140.22s	XBTUSD-820c5a0f4756434be6be rows=1523877 cache_bytes=79085597
2026-10-03T16:29:49Z	warmup	1087.37s	done
2026-10-03T19:05:34Z	store_loaded	5.01s	FX_BTC_JPY-d95cfc899909dfdbf393 rows=3983555 cache_bytes=207251681
2026-10-03T19:05:40Z	store_loaded	5.86s	BTCUSDT-75c07ccdcf3882a4762f rows=3323359 cache_bytes=171251518
2026-10-03T19:05:43Z	store_loaded	2.29s	BTC_JPY-d28f6f29c7f328131962 rows=4031847 cache_bytes=210630078
2026-10-03T19:05:46Z	store_loaded	3.20s	XBTUSD-820c5a0f4756434be6be rows=1523877 cache_bytes=79085597
2026-10-03T19:05:46Z	warmup	22.04s	done
2026-10-04T04:04:39Z	warmup	-	instruments: XBTUSD, FX_BTC_JPY, BTCUSDT
2026-10-04T04:04:52Z	store_loaded	12.43s	XBTUSD-820c5a0f4756434be6be rows=1523877 cache_bytes=79085597
2026-10-04T04:05:05Z	store_loaded	12.12s	FX_BTC_JPY-d95cfc899909dfdbf393 rows=3983555 cache_bytes=207251681
2026-10-04T04:05:24Z	store_loaded	16.98s	BTCUSDT-75c07ccdcf3882a4762f rows=3323359 cache_bytes=171251518
2026-10-04T04:05:25Z	warmup	100.30s	done
2026-10-04T04:08:47Z	GET /api/backtest/catalog	218.60s	HTTP 200
2026-10-04T04:57:48Z	GET /api/backtest/catalog	243.08s	HTTP 200
2026-10-04T07:49:53Z	GET /api/backtest/catalog	56.44s	HTTP 200
2026-10-04T07:50:16Z	GET /api/backtest/summary/f48fb707d2028d4981767cfc02ba0c5f3ce4a3a937ace82e0f07e04c41b73d7d	23.10s	HTTP 200
2026-10-04T07:50:31Z	store_loaded	13.89s	XBTUSD-820c5a0f4756434be6be rows=1523877 cache_bytes=79085597
2026-10-04T07:50:32Z	GET /api/backtest/chart/f48fb707d2028d4981767cfc02ba0c5f3ce4a3a937ace82e0f07e04c41b73d7d	14.87s	HTTP 200
2026-10-04T07:52:39Z	GET /api/backtest/chart/f48fb707d2028d4981767cfc02ba0c5f3ce4a3a937ace82e0f07e04c41b73d7d	9.57s	HTTP 200
2026-10-04T07:52:39Z	GET /api/backtest/chart/f48fb707d2028d4981767cfc02ba0c5f3ce4a3a937ace82e0f07e04c41b73d7d	8.46s	HTTP 200
2026-10-04T07:56:13Z	GET /api/backtest/chart/f48fb707d2028d4981767cfc02ba0c5f3ce4a3a937ace82e0f07e04c41b73d7d	17.67s	HTTP 200
2026-10-04T07:59:03Z	GET /api/backtest/chart/f48fb707d2028d4981767cfc02ba0c5f3ce4a3a937ace82e0f07e04c41b73d7d	10.86s	HTTP 200
2026-10-04T07:59:03Z	GET /api/backtest/chart/f48fb707d2028d4981767cfc02ba0c5f3ce4a3a937ace82e0f07e04c41b73d7d	15.90s	HTTP 200
2026-10-04T07:59:03Z	GET /api/backtest/chart/f48fb707d2028d4981767cfc02ba0c5f3ce4a3a937ace82e0f07e04c41b73d7d	10.37s	HTTP 200
2026-10-04T07:59:03Z	GET /api/backtest/chart/f48fb707d2028d4981767cfc02ba0c5f3ce4a3a937ace82e0f07e04c41b73d7d	16.38s	HTTP 200
2026-10-04T07:59:03Z	GET /api/backtest/chart/f48fb707d2028d4981767cfc02ba0c5f3ce4a3a937ace82e0f07e04c41b73d7d	6.36s	HTTP 200
2026-10-04T07:59:12Z	GET /api/backtest/chart/f48fb707d2028d4981767cfc02ba0c5f3ce4a3a937ace82e0f07e04c41b73d7d	4.33s	HTTP 200
2026-10-04T07:59:13Z	GET /api/backtest/chart/f48fb707d2028d4981767cfc02ba0c5f3ce4a3a937ace82e0f07e04c41b73d7d	3.21s	HTTP 200
2026-10-04T07:59:13Z	GET /api/backtest/chart/f48fb707d2028d4981767cfc02ba0c5f3ce4a3a937ace82e0f07e04c41b73d7d	2.37s	HTTP 200
2026-10-04T08:04:16Z	GET /api/backtest/summary/cards%2Fc3_yen_premium_revert%2F1h	108.40s	HTTP 200
2026-10-04T11:09:01Z	store_loaded	25.00s	FX_BTC_JPY-d95cfc899909dfdbf393 rows=3983555 cache_bytes=207251681
2026-10-04T11:09:05Z	GET /api/backtest/chart/cards%2Fc3_yen_premium_revert%2F1h	67.82s	HTTP 200
2026-10-04T11:16:11Z	GET /api/backtest/chart/cards%2Fc3_yen_premium_revert%2F1h	17.61s	HTTP 200
2026-10-04T11:16:12Z	GET /api/backtest/chart/cards%2Fc3_yen_premium_revert%2F1h	22.77s	HTTP 200
2026-10-04T11:23:45Z	GET /api/backtest/chart/cards%2Fc3_yen_premium_revert%2F1h	1.70s	HTTP 200
2026-10-04T11:23:45Z	GET /api/backtest/chart/cards%2Fc3_yen_premium_revert%2F1h	2.43s	HTTP 200
2026-10-04T11:23:45Z	GET /api/backtest/chart/cards%2Fc3_yen_premium_revert%2F1h	3.29s	HTTP 200
2026-10-04T11:23:45Z	GET /api/backtest/chart/cards%2Fc3_yen_premium_revert%2F1h	11.07s	HTTP 200
2026-10-04T11:23:53Z	GET /api/backtest/chart/cards%2Fc3_yen_premium_revert%2F1h	3.23s	HTTP 200
2026-10-04T11:23:54Z	GET /api/backtest/chart/cards%2Fc3_yen_premium_revert%2F1h	6.58s	HTTP 200
2026-10-04T11:23:54Z	GET /api/backtest/chart/cards%2Fc3_yen_premium_revert%2F1h	5.14s	HTTP 200
2026-10-04T11:23:54Z	GET /api/backtest/chart/cards%2Fc3_yen_premium_revert%2F1h	3.97s	HTTP 200
2026-10-04T11:23:55Z	GET /api/backtest/chart/cards%2Fc3_yen_premium_revert%2F1h	1.30s	HTTP 200
2026-10-04T11:23:55Z	GET /api/backtest/chart/cards%2Fc3_yen_premium_revert%2F1h	3.48s	HTTP 200
2026-10-04T11:24:41Z	GET /api/backtest/chart/cards%2Fc3_yen_premium_revert%2F1h	1.02s	HTTP 200
2026-10-04T11:24:57Z	GET /api/backtest/chart/cards%2Fc3_yen_premium_revert%2F1h	8.86s	HTTP 200
2026-10-04T11:24:57Z	GET /api/backtest/chart/cards%2Fc3_yen_premium_revert%2F1h	12.54s	HTTP 200
2026-10-04T11:24:57Z	GET /api/backtest/chart/cards%2Fc3_yen_premium_revert%2F1h	11.67s	HTTP 200
2026-10-04T11:24:58Z	GET /api/backtest/chart/cards%2Fc3_yen_premium_revert%2F1h	4.27s	HTTP 200
2026-10-04T11:24:59Z	GET /api/backtest/chart/cards%2Fc3_yen_premium_revert%2F1h	3.41s	HTTP 200
2026-10-04T11:24:59Z	GET /api/backtest/chart/cards%2Fc3_yen_premium_revert%2F1h	1.93s	HTTP 200
2026-10-04T11:25:00Z	GET /api/backtest/chart/cards%2Fc3_yen_premium_revert%2F1h	0.77s	HTTP 200
2026-10-04T11:25:03Z	GET /api/backtest/chart/cards%2Fc3_yen_premium_revert%2F1h	1.05s	HTTP 200
2026-10-04T11:25:05Z	GET /api/backtest/chart/cards%2Fc3_yen_premium_revert%2F1h	0.70s	HTTP 200
2026-10-04T11:25:09Z	GET /api/backtest/chart/cards%2Fc3_yen_premium_revert%2F1h	1.09s	HTTP 200
2026-10-04T11:25:09Z	GET /api/backtest/chart/cards%2Fc3_yen_premium_revert%2F1h	0.95s	HTTP 200
2026-10-04T11:25:10Z	GET /api/backtest/chart/cards%2Fc3_yen_premium_revert%2F1h	1.08s	HTTP 200
2026-10-04T11:25:12Z	GET /api/backtest/chart/cards%2Fc3_yen_premium_revert%2F1h	0.89s	HTTP 200
2026-10-04T11:25:13Z	GET /api/backtest/chart/cards%2Fc3_yen_premium_revert%2F1h	1.50s	HTTP 200
2026-10-04T11:25:14Z	GET /api/backtest/chart/cards%2Fc3_yen_premium_revert%2F1h	1.44s	HTTP 200
2026-10-04T11:25:14Z	GET /api/backtest/chart/cards%2Fc3_yen_premium_revert%2F1h	0.95s	HTTP 200
2026-10-04T11:25:16Z	GET /api/backtest/chart/cards%2Fc3_yen_premium_revert%2F1h	1.58s	HTTP 200
2026-10-04T11:25:17Z	GET /api/backtest/chart/cards%2Fc3_yen_premium_revert%2F1h	1.06s	HTTP 200
2026-10-04T11:25:17Z	GET /api/backtest/chart/cards%2Fc3_yen_premium_revert%2F1h	1.86s	HTTP 200
2026-10-04T11:26:57Z	GET /api/backtest/chart/cards%2Fc3_yen_premium_revert%2F1h	8.04s	HTTP 200
2026-10-04T11:26:57Z	GET /api/backtest/chart/cards%2Fc3_yen_premium_revert%2F1h	8.47s	HTTP 200
2026-10-04T11:27:08Z	GET /api/backtest/chart/cards%2Fc3_yen_premium_revert%2F1h	1.43s	HTTP 200
2026-10-04T11:27:12Z	GET /api/backtest/chart/cards%2Fc3_yen_premium_revert%2F1h	2.14s	HTTP 200
2026-10-04T11:27:12Z	GET /api/backtest/chart/cards%2Fc3_yen_premium_revert%2F1h	0.76s	HTTP 200
2026-10-04T11:27:12Z	GET /api/backtest/chart/cards%2Fc3_yen_premium_revert%2F1h	1.48s	HTTP 200
2026-10-04T11:27:12Z	GET /api/backtest/chart/cards%2Fc3_yen_premium_revert%2F1h	2.04s	HTTP 200
2026-10-04T11:27:17Z	GET /api/backtest/chart/cards%2Fc3_yen_premium_revert%2F1h	2.97s	HTTP 200
2026-10-04T11:27:17Z	GET /api/backtest/chart/cards%2Fc3_yen_premium_revert%2F1h	2.69s	HTTP 200
2026-10-04T11:27:22Z	GET /api/backtest/chart/cards%2Fc3_yen_premium_revert%2F1h	2.62s	HTTP 200
2026-10-04T11:27:22Z	GET /api/backtest/chart/cards%2Fc3_yen_premium_revert%2F1h	3.07s	HTTP 200
2026-10-04T11:27:22Z	GET /api/backtest/chart/cards%2Fc3_yen_premium_revert%2F1h	1.61s	HTTP 200
2026-10-04T19:06:03Z	warmup	-	instruments: XBTUSD, FX_BTC_JPY, BTCUSDT
2026-10-04T19:06:08Z	store_loaded	4.57s	XBTUSD-820c5a0f4756434be6be rows=1523877 cache_bytes=79085597
2026-10-04T19:06:13Z	store_loaded	4.12s	FX_BTC_JPY-d95cfc899909dfdbf393 rows=3983555 cache_bytes=207251681
2026-10-04T19:06:19Z	store_loaded	6.68s	BTCUSDT-75c07ccdcf3882a4762f rows=3323359 cache_bytes=171251518
2026-10-04T19:06:19Z	warmup	102.19s	done
