record_funding_basis: +0 funding row(s), 1 basis row
fetch_binance_daily: GET failed after 3 tries: https://data.binance.vision/data/futures/um/daily/metrics/BTCUSDT/BTCUSDT-metrics-2026-10-01.zip (404 Client Error: Not Found for url: https://data.binance.vision/data/futures/um/daily/metrics/BTCUSDT/BTCUSDT-metrics-2026-10-01.zip)
extract_tape: 0 file(s) advanced, 0 execution row(s) written, 0 ticker row(s) written, 0 board row(s) written
record_funding_basis: +0 funding row(s), 1 basis row
fetch_binance_daily: GET failed after 3 tries: https://data.binance.vision/data/futures/um/daily/metrics/BTCUSDT/BTCUSDT-metrics-2026-10-01.zip (404 Client Error: Not Found for url: https://data.binance.vision/data/futures/um/daily/metrics/BTCUSDT/BTCUSDT-metrics-2026-10-01.zip)
extract_tape: 0 file(s) advanced, 0 execution row(s) written, 0 ticker row(s) written, 0 board row(s) written
record_funding_basis: +0 funding row(s), 1 basis row
fetch_binance_daily: GET failed after 3 tries: https://data.binance.vision/data/futures/um/daily/metrics/BTCUSDT/BTCUSDT-metrics-2026-10-01.zip (404 Client Error: Not Found for url: https://data.binance.vision/data/futures/um/daily/metrics/BTCUSDT/BTCUSDT-metrics-2026-10-01.zip)
extract_tape: 0 file(s) advanced, 0 execution row(s) written, 0 ticker row(s) written, 0 board row(s) written
record_funding_basis: +0 funding row(s), 1 basis row
fetch_binance_daily: GET failed after 3 tries: https://data.binance.vision/data/futures/um/daily/metrics/BTCUSDT/BTCUSDT-metrics-2026-10-01.zip (404 Client Error: Not Found for url: https://data.binance.vision/data/futures/um/daily/metrics/BTCUSDT/BTCUSDT-metrics-2026-10-01.zip)
extract_tape: 2 file(s) advanced, 28498 execution row(s) written, 41189 ticker row(s) written, 27126 board row(s) written
record_funding_basis: +0 funding row(s), 1 basis row
fetch_binance_daily: GET failed after 3 tries: https://data.binance.vision/data/futures/um/daily/metrics/BTCUSDT/BTCUSDT-metrics-2026-10-01.zip (404 Client Error: Not Found for url: https://data.binance.vision/data/futures/um/daily/metrics/BTCUSDT/BTCUSDT-metrics-2026-10-01.zip)
extract_tape: 1 file(s) advanced, 1268 execution row(s) written, 3554 ticker row(s) written, 2955 board row(s) written
record_funding_basis: +1 funding row(s), 1 basis row
fetch_binance_daily: GET failed after 3 tries: https://data.binance.vision/data/futures/um/daily/metrics/BTCUSDT/BTCUSDT-metrics-2026-10-01.zip (404 Client Error: Not Found for url: https://data.binance.vision/data/futures/um/daily/metrics/BTCUSDT/BTCUSDT-metrics-2026-10-01.zip)
extract_tape: 1 file(s) advanced, 1039 execution row(s) written, 3542 ticker row(s) written, 3431 board row(s) written
record_funding_basis: +0 funding row(s), 1 basis row
fetch_binance_daily: GET failed after 3 tries: https://data.binance.vision/data/futures/um/daily/metrics/BTCUSDT/BTCUSDT-metrics-2026-10-01.zip (404 Client Error: Not Found for url: https://data.binance.vision/data/futures/um/daily/metrics/BTCUSDT/BTCUSDT-metrics-2026-10-01.zip)
intake_ledger: scan failed for paper_logs/venues/trades_bitbank_xrp_jpy_20260930.csv.gz: error: Error -3 while decompressing data: invalid block type
extract_tape: 2 file(s) advanced, 1428 execution row(s) written, 4502 ticker row(s) written, 4039 board row(s) written
record_funding_basis: +0 funding row(s), 1 basis row
fetch_binance_daily: GET failed after 3 tries: https://data.binance.vision/data/futures/um/daily/metrics/BTCUSDT/BTCUSDT-metrics-2026-10-01.zip (404 Client Error: Not Found for url: https://data.binance.vision/data/futures/um/daily/metrics/BTCUSDT/BTCUSDT-metrics-2026-10-01.zip)
extract_tape: 0 file(s) advanced, 0 execution row(s) written, 0 ticker row(s) written, 0 board row(s) written
record_funding_basis: +0 funding row(s), 1 basis row
fetch_binance_daily: GET failed after 3 tries: https://data.binance.vision/data/futures/um/daily/metrics/BTCUSDT/BTCUSDT-metrics-2026-10-01.zip (404 Client Error: Not Found for url: https://data.binance.vision/data/futures/um/daily/metrics/BTCUSDT/BTCUSDT-metrics-2026-10-01.zip)
extract_tape: 0 file(s) advanced, 0 execution row(s) written, 0 ticker row(s) written, 0 board row(s) written
record_funding_basis: +0 funding row(s), 1 basis row
fetch_binance_daily: GET failed after 3 tries: https://data.binance.vision/data/futures/um/daily/metrics/BTCUSDT/BTCUSDT-metrics-2026-10-01.zip (404 Client Error: Not Found for url: https://data.binance.vision/data/futures/um/daily/metrics/BTCUSDT/BTCUSDT-metrics-2026-10-01.zip)
extract_tape: 0 file(s) advanced, 0 execution row(s) written, 0 ticker row(s) written, 0 board row(s) written
record_funding_basis: +0 funding row(s), 1 basis row
fetch_binance_daily: GET failed after 3 tries: https://data.binance.vision/data/futures/um/daily/metrics/BTCUSDT/BTCUSDT-metrics-2026-10-01.zip (404 Client Error: Not Found for url: https://data.binance.vision/data/futures/um/daily/metrics/BTCUSDT/BTCUSDT-metrics-2026-10-01.zip)
extract_tape: 0 file(s) advanced, 0 execution row(s) written, 0 ticker row(s) written, 0 board row(s) written
record_funding_basis: +0 funding row(s), 1 basis row
fetch_binance_daily: GET failed after 3 tries: https://data.binance.vision/data/futures/um/daily/metrics/BTCUSDT/BTCUSDT-metrics-2026-10-01.zip (404 Client Error: Not Found for url: https://data.binance.vision/data/futures/um/daily/metrics/BTCUSDT/BTCUSDT-metrics-2026-10-01.zip)
extract_tape: 0 file(s) advanced, 0 execution row(s) written, 0 ticker row(s) written, 0 board row(s) written
record_funding_basis: +0 funding row(s), 1 basis row
fetch_binance_daily: GET failed after 3 tries: https://data.binance.vision/data/futures/um/daily/metrics/BTCUSDT/BTCUSDT-metrics-2026-10-01.zip (404 Client Error: Not Found for url: https://data.binance.vision/data/futures/um/daily/metrics/BTCUSDT/BTCUSDT-metrics-2026-10-01.zip)
extract_tape: 0 file(s) advanced, 0 execution row(s) written, 0 ticker row(s) written, 0 board row(s) written
record_funding_basis: +0 funding row(s), 1 basis row
fetch_binance_daily: GET failed after 3 tries: https://data.binance.vision/data/futures/um/daily/metrics/BTCUSDT/BTCUSDT-metrics-2026-10-01.zip (404 Client Error: Not Found for url: https://data.binance.vision/data/futures/um/daily/metrics/BTCUSDT/BTCUSDT-metrics-2026-10-01.zip)
extract_tape: 0 file(s) advanced, 0 execution row(s) written, 0 ticker row(s) written, 0 board row(s) written
record_funding_basis: +1 funding row(s), 1 basis row
fetch_binance_daily: GET failed after 3 tries: https://data.binance.vision/data/futures/um/daily/metrics/BTCUSDT/BTCUSDT-metrics-2026-10-01.zip (404 Client Error: Not Found for url: https://data.binance.vision/data/futures/um/daily/metrics/BTCUSDT/BTCUSDT-metrics-2026-10-01.zip)
extract_tape: 1 file(s) advanced, 16618 execution row(s) written, 31471 ticker row(s) written, 23950 board row(s) written
record_funding_basis: +0 funding row(s), 1 basis row
fetch_binance_daily: GET failed after 3 tries: https://data.binance.vision/data/futures/um/daily/metrics/BTCUSDT/BTCUSDT-metrics-2026-10-01.zip (404 Client Error: Not Found for url: https://data.binance.vision/data/futures/um/daily/metrics/BTCUSDT/BTCUSDT-metrics-2026-10-01.zip)
extract_tape: 0 file(s) advanced, 0 execution row(s) written, 0 ticker row(s) written, 0 board row(s) written
record_funding_basis: +0 funding row(s), 1 basis row
extract_tape: 0 file(s) advanced, 0 execution row(s) written, 0 ticker row(s) written, 0 board row(s) written
record_funding_basis: +0 funding row(s), 1 basis row
extract_tape: 0 file(s) advanced, 0 execution row(s) written, 0 ticker row(s) written, 0 board row(s) written
record_funding_basis: +0 funding row(s), 1 basis row
extract_tape: 0 file(s) advanced, 0 execution row(s) written, 0 ticker row(s) written, 0 board row(s) written
record_funding_basis: +0 funding row(s), 1 basis row
extract_tape: 1 file(s) advanced, 9106 execution row(s) written, 19364 ticker row(s) written, 13884 board row(s) written
record_funding_basis: +0 funding row(s), 1 basis row
extract_tape: 2 file(s) advanced, 2687 execution row(s) written, 5760 ticker row(s) written, 4405 board row(s) written
record_funding_basis: +0 funding row(s), 1 basis row
extract_tape: 2 file(s) advanced, 2267 execution row(s) written, 5386 ticker row(s) written, 4167 board row(s) written
record_funding_basis: +1 funding row(s), 1 basis row
extract_tape: 2 file(s) advanced, 8326 execution row(s) written, 7918 ticker row(s) written, 5050 board row(s) written
record_funding_basis: +0 funding row(s), 1 basis row
extract_tape: 0 file(s) advanced, 0 execution row(s) written, 0 ticker row(s) written, 0 board row(s) written
record_funding_basis: +0 funding row(s), 1 basis row
fetch_binance_daily: GET failed after 3 tries: https://data.binance.vision/data/futures/um/daily/metrics/BTCUSDT/BTCUSDT-metrics-2026-10-02.zip (404 Client Error: Not Found for url: https://data.binance.vision/data/futures/um/daily/metrics/BTCUSDT/BTCUSDT-metrics-2026-10-02.zip)
extract_tape: 0 file(s) advanced, 0 execution row(s) written, 0 ticker row(s) written, 0 board row(s) written
record_funding_basis: +0 funding row(s), 1 basis row
fetch_binance_daily: GET failed after 3 tries: https://data.binance.vision/data/futures/um/daily/metrics/BTCUSDT/BTCUSDT-metrics-2026-10-02.zip (404 Client Error: Not Found for url: https://data.binance.vision/data/futures/um/daily/metrics/BTCUSDT/BTCUSDT-metrics-2026-10-02.zip)
extract_tape: 1 file(s) advanced, 15022 execution row(s) written, 18892 ticker row(s) written, 11707 board row(s) written
record_funding_basis: +0 funding row(s), 1 basis row
fetch_binance_daily: GET failed after 3 tries: https://data.binance.vision/data/futures/um/daily/metrics/BTCUSDT/BTCUSDT-metrics-2026-10-02.zip (404 Client Error: Not Found for url: https://data.binance.vision/data/futures/um/daily/metrics/BTCUSDT/BTCUSDT-metrics-2026-10-02.zip)
extract_tape: 0 file(s) advanced, 0 execution row(s) written, 0 ticker row(s) written, 0 board row(s) written
record_funding_basis: +0 funding row(s), 1 basis row
fetch_binance_daily: GET failed after 3 tries: https://data.binance.vision/data/futures/um/daily/metrics/BTCUSDT/BTCUSDT-metrics-2026-10-02.zip (404 Client Error: Not Found for url: https://data.binance.vision/data/futures/um/daily/metrics/BTCUSDT/BTCUSDT-metrics-2026-10-02.zip)
extract_tape: 2 file(s) advanced, 6438 execution row(s) written, 10688 ticker row(s) written, 7560 board row(s) written
record_funding_basis: +0 funding row(s), 1 basis row
fetch_binance_daily: GET failed after 3 tries: https://data.binance.vision/data/futures/um/daily/metrics/BTCUSDT/BTCUSDT-metrics-2026-10-02.zip (404 Client Error: Not Found for url: https://data.binance.vision/data/futures/um/daily/metrics/BTCUSDT/BTCUSDT-metrics-2026-10-02.zip)
extract_tape: 0 file(s) advanced, 0 execution row(s) written, 0 ticker row(s) written, 0 board row(s) written
record_funding_basis: +1 funding row(s), 1 basis row
fetch_binance_daily: GET failed after 3 tries: https://data.binance.vision/data/futures/um/daily/metrics/BTCUSDT/BTCUSDT-metrics-2026-10-02.zip (404 Client Error: Not Found for url: https://data.binance.vision/data/futures/um/daily/metrics/BTCUSDT/BTCUSDT-metrics-2026-10-02.zip)
extract_tape: 0 file(s) advanced, 0 execution row(s) written, 0 ticker row(s) written, 0 board row(s) written
extract_tape: 0 file(s) advanced, 0 execution row(s) written, 0 ticker row(s) written, 0 board row(s) written
record_funding_basis: +0 funding row(s), 1 basis row
fetch_binance_daily: GET failed after 3 tries: https://data.binance.vision/data/futures/um/daily/metrics/BTCUSDT/BTCUSDT-metrics-2026-10-02.zip (404 Client Error: Not Found for url: https://data.binance.vision/data/futures/um/daily/metrics/BTCUSDT/BTCUSDT-metrics-2026-10-02.zip)
Traceback (most recent call last):
PermissionError: [WinError 5] アクセスが拒否されました。: 'C:\\Users\\ryoma\\trade\\data\\QUALITY.cache.json.tmp' -> 'C:\\Users\\ryoma\\trade\\data\\QUALITY.cache.json'
extract_tape: 0 file(s) advanced, 0 execution row(s) written, 0 ticker row(s) written, 0 board row(s) written
record_funding_basis: +0 funding row(s), 1 basis row
fetch_binance_daily: GET failed after 3 tries: https://data.binance.vision/data/futures/um/daily/metrics/BTCUSDT/BTCUSDT-metrics-2026-10-02.zip (404 Client Error: Not Found for url: https://data.binance.vision/data/futures/um/daily/metrics/BTCUSDT/BTCUSDT-metrics-2026-10-02.zip)
extract_tape: 0 file(s) advanced, 0 execution row(s) written, 0 ticker row(s) written, 0 board row(s) written
record_funding_basis: +0 funding row(s), 1 basis row
fetch_binance_daily: GET failed after 3 tries: https://data.binance.vision/data/futures/um/daily/metrics/BTCUSDT/BTCUSDT-metrics-2026-10-02.zip (404 Client Error: Not Found for url: https://data.binance.vision/data/futures/um/daily/metrics/BTCUSDT/BTCUSDT-metrics-2026-10-02.zip)
extract_tape: 0 file(s) advanced, 0 execution row(s) written, 0 ticker row(s) written, 0 board row(s) written
record_funding_basis: +0 funding row(s), 1 basis row
fetch_binance_daily: GET failed after 3 tries: https://data.binance.vision/data/futures/um/daily/metrics/BTCUSDT/BTCUSDT-metrics-2026-10-02.zip (404 Client Error: Not Found for url: https://data.binance.vision/data/futures/um/daily/metrics/BTCUSDT/BTCUSDT-metrics-2026-10-02.zip)
extract_tape: 1 file(s) advanced, 7402 execution row(s) written, 20747 ticker row(s) written, 19469 board row(s) written
record_funding_basis: +0 funding row(s), 1 basis row
fetch_binance_daily: GET failed after 3 tries: https://data.binance.vision/data/futures/um/daily/metrics/BTCUSDT/BTCUSDT-metrics-2026-10-02.zip (404 Client Error: Not Found for url: https://data.binance.vision/data/futures/um/daily/metrics/BTCUSDT/BTCUSDT-metrics-2026-10-02.zip)
extract_tape: 0 file(s) advanced, 0 execution row(s) written, 0 ticker row(s) written, 0 board row(s) written
record_funding_basis: +0 funding row(s), 1 basis row
fetch_binance_daily: GET failed after 3 tries: https://data.binance.vision/data/futures/um/daily/metrics/BTCUSDT/BTCUSDT-metrics-2026-10-02.zip (404 Client Error: Not Found for url: https://data.binance.vision/data/futures/um/daily/metrics/BTCUSDT/BTCUSDT-metrics-2026-10-02.zip)
extract_tape: 0 file(s) advanced, 0 execution row(s) written, 0 ticker row(s) written, 0 board row(s) written
record_funding_basis: +0 funding row(s), 1 basis row
fetch_binance_daily: GET failed after 3 tries: https://data.binance.vision/data/futures/um/daily/metrics/BTCUSDT/BTCUSDT-metrics-2026-10-02.zip (404 Client Error: Not Found for url: https://data.binance.vision/data/futures/um/daily/metrics/BTCUSDT/BTCUSDT-metrics-2026-10-02.zip)
extract_tape: 0 file(s) advanced, 0 execution row(s) written, 0 ticker row(s) written, 0 board row(s) written
record_funding_basis: +0 funding row(s), 1 basis row
fetch_binance_daily: GET failed after 3 tries: https://data.binance.vision/data/futures/um/daily/metrics/BTCUSDT/BTCUSDT-metrics-2026-10-02.zip (404 Client Error: Not Found for url: https://data.binance.vision/data/futures/um/daily/metrics/BTCUSDT/BTCUSDT-metrics-2026-10-02.zip)
extract_tape: 0 file(s) advanced, 0 execution row(s) written, 0 ticker row(s) written, 0 board row(s) written
record_funding_basis: +1 funding row(s), 1 basis row
fetch_binance_daily: GET failed after 3 tries: https://data.binance.vision/data/futures/um/daily/metrics/BTCUSDT/BTCUSDT-metrics-2026-10-02.zip (404 Client Error: Not Found for url: https://data.binance.vision/data/futures/um/daily/metrics/BTCUSDT/BTCUSDT-metrics-2026-10-02.zip)
extract_tape: 0 file(s) advanced, 0 execution row(s) written, 0 ticker row(s) written, 0 board row(s) written
record_funding_basis: +0 funding row(s), 1 basis row
fetch_binance_daily: GET failed after 3 tries: https://data.binance.vision/data/futures/um/daily/metrics/BTCUSDT/BTCUSDT-metrics-2026-10-02.zip (404 Client Error: Not Found for url: https://data.binance.vision/data/futures/um/daily/metrics/BTCUSDT/BTCUSDT-metrics-2026-10-02.zip)
extract_tape: 0 file(s) advanced, 0 execution row(s) written, 0 ticker row(s) written, 0 board row(s) written
record_funding_basis: +0 funding row(s), 1 basis row
extract_tape: 0 file(s) advanced, 0 execution row(s) written, 0 ticker row(s) written, 0 board row(s) written
record_funding_basis: +0 funding row(s), 1 basis row
extract_tape: 0 file(s) advanced, 0 execution row(s) written, 0 ticker row(s) written, 0 board row(s) written
record_funding_basis: +0 funding row(s), 1 basis row
extract_tape: 0 file(s) advanced, 0 execution row(s) written, 0 ticker row(s) written, 0 board row(s) written
record_funding_basis: +0 funding row(s), 1 basis row
extract_tape: 0 file(s) advanced, 0 execution row(s) written, 0 ticker row(s) written, 0 board row(s) written
record_funding_basis: +0 funding row(s), 1 basis row
extract_tape: 0 file(s) advanced, 0 execution row(s) written, 0 ticker row(s) written, 0 board row(s) written
record_funding_basis: +0 funding row(s), 1 basis row
extract_tape: 0 file(s) advanced, 0 execution row(s) written, 0 ticker row(s) written, 0 board row(s) written
record_funding_basis: +1 funding row(s), 1 basis row
extract_tape: 0 file(s) advanced, 0 execution row(s) written, 0 ticker row(s) written, 0 board row(s) written
record_funding_basis: +0 funding row(s), 1 basis row
fetch_binance_daily: GET failed after 3 tries: https://data.binance.vision/data/futures/um/daily/metrics/BTCUSDT/BTCUSDT-metrics-2026-10-03.zip (404 Client Error: Not Found for url: https://data.binance.vision/data/futures/um/daily/metrics/BTCUSDT/BTCUSDT-metrics-2026-10-03.zip)
extract_tape: 2 file(s) advanced, 11345 execution row(s) written, 54095 ticker row(s) written, 55683 board row(s) written
record_funding_basis: +0 funding row(s), 1 basis row
fetch_binance_daily: GET failed after 3 tries: https://data.binance.vision/data/futures/um/daily/metrics/BTCUSDT/BTCUSDT-metrics-2026-10-03.zip (404 Client Error: Not Found for url: https://data.binance.vision/data/futures/um/daily/metrics/BTCUSDT/BTCUSDT-metrics-2026-10-03.zip)
extract_tape: 0 file(s) advanced, 0 execution row(s) written, 0 ticker row(s) written, 0 board row(s) written
record_funding_basis: +0 funding row(s), 1 basis row
fetch_binance_daily: GET failed after 3 tries: https://data.binance.vision/data/futures/um/daily/metrics/BTCUSDT/BTCUSDT-metrics-2026-10-03.zip (404 Client Error: Not Found for url: https://data.binance.vision/data/futures/um/daily/metrics/BTCUSDT/BTCUSDT-metrics-2026-10-03.zip)
extract_tape: 0 file(s) advanced, 0 execution row(s) written, 0 ticker row(s) written, 0 board row(s) written
record_funding_basis: +0 funding row(s), 1 basis row
fetch_binance_daily: GET failed after 3 tries: https://data.binance.vision/data/futures/um/daily/metrics/BTCUSDT/BTCUSDT-metrics-2026-10-03.zip (404 Client Error: Not Found for url: https://data.binance.vision/data/futures/um/daily/metrics/BTCUSDT/BTCUSDT-metrics-2026-10-03.zip)
extract_tape: 2 file(s) advanced, 1424 execution row(s) written, 9798 ticker row(s) written, 10147 board row(s) written
record_funding_basis: +0 funding row(s), 1 basis row
fetch_binance_daily: GET failed after 3 tries: https://data.binance.vision/data/futures/um/daily/metrics/BTCUSDT/BTCUSDT-metrics-2026-10-03.zip (404 Client Error: Not Found for url: https://data.binance.vision/data/futures/um/daily/metrics/BTCUSDT/BTCUSDT-metrics-2026-10-03.zip)
extract_tape: 0 file(s) advanced, 0 execution row(s) written, 0 ticker row(s) written, 0 board row(s) written
record_funding_basis: +1 funding row(s), 1 basis row
fetch_binance_daily: GET failed after 3 tries: https://data.binance.vision/data/futures/um/daily/metrics/BTCUSDT/BTCUSDT-metrics-2026-10-03.zip (404 Client Error: Not Found for url: https://data.binance.vision/data/futures/um/daily/metrics/BTCUSDT/BTCUSDT-metrics-2026-10-03.zip)
extract_tape: 0 file(s) advanced, 0 execution row(s) written, 0 ticker row(s) written, 0 board row(s) written
record_funding_basis: +0 funding row(s), 1 basis row
fetch_binance_daily: GET failed after 3 tries: https://data.binance.vision/data/futures/um/daily/metrics/BTCUSDT/BTCUSDT-metrics-2026-10-03.zip (404 Client Error: Not Found for url: https://data.binance.vision/data/futures/um/daily/metrics/BTCUSDT/BTCUSDT-metrics-2026-10-03.zip)
extract_tape: 0 file(s) advanced, 0 execution row(s) written, 0 ticker row(s) written, 0 board row(s) written
record_funding_basis: +0 funding row(s), 1 basis row
fetch_binance_daily: GET failed after 3 tries: https://data.binance.vision/data/futures/um/daily/metrics/BTCUSDT/BTCUSDT-metrics-2026-10-03.zip (404 Client Error: Not Found for url: https://data.binance.vision/data/futures/um/daily/metrics/BTCUSDT/BTCUSDT-metrics-2026-10-03.zip)
extract_tape: 0 file(s) advanced, 0 execution row(s) written, 0 ticker row(s) written, 0 board row(s) written
record_funding_basis: +0 funding row(s), 1 basis row
fetch_binance_daily: GET failed after 3 tries: https://data.binance.vision/data/futures/um/daily/metrics/BTCUSDT/BTCUSDT-metrics-2026-10-03.zip (404 Client Error: Not Found for url: https://data.binance.vision/data/futures/um/daily/metrics/BTCUSDT/BTCUSDT-metrics-2026-10-03.zip)
extract_tape: 0 file(s) advanced, 0 execution row(s) written, 0 ticker row(s) written, 0 board row(s) written
record_funding_basis: +0 funding row(s), 1 basis row
fetch_binance_daily: GET failed after 3 tries: https://data.binance.vision/data/futures/um/daily/metrics/BTCUSDT/BTCUSDT-metrics-2026-10-03.zip (404 Client Error: Not Found for url: https://data.binance.vision/data/futures/um/daily/metrics/BTCUSDT/BTCUSDT-metrics-2026-10-03.zip)
extract_tape: 0 file(s) advanced, 0 execution row(s) written, 0 ticker row(s) written, 0 board row(s) written
record_funding_basis: +0 funding row(s), 1 basis row
fetch_binance_daily: GET failed after 3 tries: https://data.binance.vision/data/futures/um/daily/metrics/BTCUSDT/BTCUSDT-metrics-2026-10-03.zip (404 Client Error: Not Found for url: https://data.binance.vision/data/futures/um/daily/metrics/BTCUSDT/BTCUSDT-metrics-2026-10-03.zip)
extract_tape: 0 file(s) advanced, 0 execution row(s) written, 0 ticker row(s) written, 0 board row(s) written
record_funding_basis: +0 funding row(s), 1 basis row
fetch_binance_daily: GET failed after 3 tries: https://data.binance.vision/data/futures/um/daily/metrics/BTCUSDT/BTCUSDT-metrics-2026-10-03.zip (404 Client Error: Not Found for url: https://data.binance.vision/data/futures/um/daily/metrics/BTCUSDT/BTCUSDT-metrics-2026-10-03.zip)
extract_tape: 0 file(s) advanced, 0 execution row(s) written, 0 ticker row(s) written, 0 board row(s) written
record_funding_basis: +0 funding row(s), 1 basis row
fetch_binance_daily: GET failed after 3 tries: https://data.binance.vision/data/futures/um/daily/metrics/BTCUSDT/BTCUSDT-metrics-2026-10-03.zip (404 Client Error: Not Found for url: https://data.binance.vision/data/futures/um/daily/metrics/BTCUSDT/BTCUSDT-metrics-2026-10-03.zip)
extract_tape: 2 file(s) advanced, 4812 execution row(s) written, 29622 ticker row(s) written, 31809 board row(s) written
record_funding_basis: +0 funding row(s), 1 basis row
fetch_binance_daily: GET failed after 3 tries: https://data.binance.vision/data/futures/um/daily/metrics/BTCUSDT/BTCUSDT-metrics-2026-10-03.zip (404 Client Error: Not Found for url: https://data.binance.vision/data/futures/um/daily/metrics/BTCUSDT/BTCUSDT-metrics-2026-10-03.zip)
extract_tape: 0 file(s) advanced, 0 execution row(s) written, 0 ticker row(s) written, 0 board row(s) written
record_funding_basis: +1 funding row(s), 1 basis row
fetch_binance_daily: GET failed after 3 tries: https://data.binance.vision/data/futures/um/daily/metrics/BTCUSDT/BTCUSDT-metrics-2026-10-03.zip (404 Client Error: Not Found for url: https://data.binance.vision/data/futures/um/daily/metrics/BTCUSDT/BTCUSDT-metrics-2026-10-03.zip)
extract_tape: 0 file(s) advanced, 0 execution row(s) written, 0 ticker row(s) written, 0 board row(s) written
record_funding_basis: +0 funding row(s), 1 basis row
extract_tape: 0 file(s) advanced, 0 execution row(s) written, 0 ticker row(s) written, 0 board row(s) written
record_funding_basis: +0 funding row(s), 1 basis row
extract_tape: 0 file(s) advanced, 0 execution row(s) written, 0 ticker row(s) written, 0 board row(s) written
record_funding_basis: +0 funding row(s), 1 basis row
extract_tape: 0 file(s) advanced, 0 execution row(s) written, 0 ticker row(s) written, 0 board row(s) written
record_funding_basis: +0 funding row(s), 1 basis row
extract_tape: 0 file(s) advanced, 0 execution row(s) written, 0 ticker row(s) written, 0 board row(s) written
record_funding_basis: +0 funding row(s), 1 basis row
extract_tape: 0 file(s) advanced, 0 execution row(s) written, 0 ticker row(s) written, 0 board row(s) written
record_funding_basis: +0 funding row(s), 1 basis row
extract_tape: 0 file(s) advanced, 0 execution row(s) written, 0 ticker row(s) written, 0 board row(s) written
record_funding_basis: +1 funding row(s), 1 basis row
extract_tape: 0 file(s) advanced, 0 execution row(s) written, 0 ticker row(s) written, 0 board row(s) written
record_funding_basis: +0 funding row(s), 1 basis row
fetch_binance_daily: GET failed after 3 tries: https://data.binance.vision/data/futures/um/daily/metrics/BTCUSDT/BTCUSDT-metrics-2026-10-04.zip (404 Client Error: Not Found for url: https://data.binance.vision/data/futures/um/daily/metrics/BTCUSDT/BTCUSDT-metrics-2026-10-04.zip)
extract_tape: 0 file(s) advanced, 0 execution row(s) written, 0 ticker row(s) written, 0 board row(s) written
record_funding_basis: +0 funding row(s), 1 basis row
fetch_binance_daily: GET failed after 3 tries: https://data.binance.vision/data/futures/um/daily/metrics/BTCUSDT/BTCUSDT-metrics-2026-10-04.zip (404 Client Error: Not Found for url: https://data.binance.vision/data/futures/um/daily/metrics/BTCUSDT/BTCUSDT-metrics-2026-10-04.zip)
extract_tape: 0 file(s) advanced, 0 execution row(s) written, 0 ticker row(s) written, 0 board row(s) written
record_funding_basis: +0 funding row(s), 1 basis row
fetch_binance_daily: GET failed after 3 tries: https://data.binance.vision/data/futures/um/daily/metrics/BTCUSDT/BTCUSDT-metrics-2026-10-04.zip (404 Client Error: Not Found for url: https://data.binance.vision/data/futures/um/daily/metrics/BTCUSDT/BTCUSDT-metrics-2026-10-04.zip)
extract_tape: 1 file(s) advanced, 9938 execution row(s) written, 49691 ticker row(s) written, 53769 board row(s) written
record_funding_basis: +0 funding row(s), 1 basis row
fetch_binance_daily: GET failed after 3 tries: https://data.binance.vision/data/futures/um/daily/metrics/BTCUSDT/BTCUSDT-metrics-2026-10-04.zip (404 Client Error: Not Found for url: https://data.binance.vision/data/futures/um/daily/metrics/BTCUSDT/BTCUSDT-metrics-2026-10-04.zip)
