| 本 | 区切り | 基準の帯 → 本の帯 | 本数 | 基準の和 円 | 本の和 円 | 差 円/日 |
|---|---|---|---|---|---|---|
| step_2 | 前半 | (無し) → 0 分 | 513 | +0 | +7,956 | +5 |
| step_2 | 前半 | (無し) → 0 分超 | 1,338 | +0 | -18,701 | -13 |
| step_2 | 前半 | 0 分 → (無し) | 251 | +4,067 | +0 | -3 |
| step_2 | 前半 | 0 分 → 0 分 | 48,812 | +479,273 | +452,964 | -18 |
| step_2 | 前半 | 0 分超 → (無し) | 698 | -16,761 | +0 | +11 |
| step_2 | 前半 | 0 分超 → 0 分超 | 126,336 | +65,631 | -79,954 | -99 |
| step_2 | 後半 | (無し) → 0 分 | 490 | +0 | +5,611 | +4 |
| step_2 | 後半 | (無し) → 0 分超 | 1,575 | +0 | -6,043 | -4 |
| step_2 | 後半 | 0 分 → (無し) | 257 | +433 | +0 | -0 |
| step_2 | 後半 | 0 分 → 0 分 | 40,004 | +171,322 | +216,564 | +31 |
| step_2 | 後半 | 0 分超 → (無し) | 654 | -4,559 | +0 | +3 |
| step_2 | 後半 | 0 分超 → 0 分超 | 131,771 | -568,016 | -543,372 | +17 |
| step_4 | 前半 | (無し) → 0 分 | 603 | +0 | +9,118 | +6 |
| step_4 | 前半 | (無し) → 0 分超 | 1,435 | +0 | -11,622 | -8 |
| step_4 | 前半 | 0 分 → (無し) | 978 | +11,792 | +0 | -8 |
| step_4 | 前半 | 0 分 → 0 分 | 48,085 | +471,549 | +471,978 | +0 |
| step_4 | 前半 | 0 分超 → (無し) | 2,431 | -21,146 | +0 | +14 |
| step_4 | 前半 | 0 分超 → 0 分超 | 124,603 | +70,015 | -279,891 | -238 |
| step_4 | 後半 | (無し) → 0 分 | 463 | +0 | +6,111 | +4 |
| step_4 | 後半 | (無し) → 0 分超 | 1,585 | +0 | -9,122 | -6 |
| step_4 | 後半 | 0 分 → (無し) | 1,013 | +5,318 | +0 | -4 |
| step_4 | 後半 | 0 分 → 0 分 | 39,248 | +166,437 | +264,629 | +67 |
| step_4 | 後半 | 0 分超 → (無し) | 2,711 | -7,268 | +0 | +5 |
| step_4 | 後半 | 0 分超 → 0 分超 | 129,714 | -565,307 | -564,945 | +0 |
