| 本 | 帯 | 区切り | 出の理由 | 1 段 本 / 1 取引あたり 円 | 2 段以上 本 / 1 取引あたり 円 | 全部 本 / 1 取引あたり 円 |
|---|---|---|---|---|---|---|
| step_2 | 0 分 | 前半 | close | 41,825 / +16.9 | 2,145 / +70.6 | 43,970 / +19.5 |
| step_2 | 0 分 | 前半 | break | 1,898 / -19.3 | 3,457 / -104.5 | 5,355 / -74.3 |
| step_2 | 0 分 | 後半 | close | 34,319 / +14.1 | 1,324 / +51.8 | 35,643 / +15.5 |
| step_2 | 0 分 | 後半 | break | 1,590 / -19.8 | 3,261 / -91.5 | 4,851 / -68.0 |
| step_2 | 0 分超 | 前半 | close | 72,858 / +17.2 | 39,568 / +59.9 | 112,426 / +32.2 |
| step_2 | 0 分超 | 前半 | break | 1,407 / -42.7 | 13,230 / -266.6 | 14,637 / -245.0 |
| step_2 | 0 分超 | 前半 | market | 43 / +70.7 | 568 / -245.8 | 611 / -223.6 |
| step_2 | 0 分超 | 後半 | close | 74,435 / +13.5 | 41,897 / +44.0 | 116,332 / +24.5 |
| step_2 | 0 分超 | 後半 | break | 1,588 / -36.7 | 15,220 / -214.8 | 16,808 / -197.9 |
| step_2 | 0 分超 | 後半 | market | 1 / -1.5 | 205 / -343.9 | 206 / -342.3 |
| step_4 | 0 分 | 前半 | close | 43,006 / +16.8 | 383 / +100.4 | 43,389 / +17.5 |
| step_4 | 0 分 | 前半 | break | 3,682 / -29.8 | 1,617 / -104.2 | 5,299 / -52.5 |
| step_4 | 0 分 | 後半 | close | 34,768 / +14.0 | 216 / +63.2 | 34,984 / +14.3 |
| step_4 | 0 分 | 後半 | break | 3,181 / -28.9 | 1,546 / -88.3 | 4,727 / -48.3 |
| step_4 | 0 分超 | 前半 | close | 94,022 / +15.3 | 16,593 / +46.9 | 110,615 / +20.0 |
| step_4 | 0 分超 | 前半 | break | 4,382 / -53.1 | 10,421 / -208.8 | 14,803 / -162.7 |
| step_4 | 0 分超 | 前半 | market | 86 / +26.0 | 534 / -184.5 | 620 / -155.3 |
| step_4 | 0 分超 | 後半 | close | 96,322 / +11.9 | 17,808 / +30.4 | 114,130 / +14.8 |
| step_4 | 0 分超 | 後半 | break | 4,950 / -44.4 | 12,012 / -166.2 | 16,962 / -130.6 |
| step_4 | 0 分超 | 後半 | market | 3 / -7.3 | 204 / -234.3 | 207 / -231.1 |
| base | 0 分 | 前半 | close | 36,353 / +17.2 | 7,422 / +61.7 | 43,775 / +24.7 |
| base | 0 分 | 前半 | break | 956 / -17.2 | 4,332 / -134.6 | 5,288 / -113.4 |
| base | 0 分 | 後半 | close | 30,454 / +14.3 | 4,960 / +48.3 | 35,414 / +19.1 |
| base | 0 分 | 後半 | break | 731 / -19.4 | 4,116 / -118.8 | 4,847 / -103.8 |
| base | 0 分超 | 前半 | close | 46,846 / +18.6 | 64,921 / +67.0 | 111,767 / +46.7 |
| base | 0 分超 | 前半 | break | 491 / -43.6 | 14,125 / -352.0 | 14,616 / -341.7 |
| base | 0 分超 | 前半 | market | 31 / +93.3 | 620 / -291.7 | 651 / -273.4 |
| base | 0 分超 | 後半 | close | 47,364 / +14.3 | 68,050 / +51.4 | 115,414 / +36.2 |
| base | 0 分超 | 後半 | break | 531 / -37.8 | 16,246 / -285.1 | 16,777 / -277.2 |
| base | 0 分超 | 後半 | market | 1 / -1.5 | 233 / -433.4 | 234 / -431.6 |
