
step_2
場面 | 区切り | 日数 | 1 日あたり 円 [区間]
low 全部(2017〜) 997 -41 [-93, +13]
low 前半(〜2019-12-08) 368 +178 [+104, +244]
low 後半(2019-12-09〜) 629 -168 [-235, -100]
mid 全部(2017〜) 646 -43 [-144, +61]
mid 前半(〜2019-12-08) 268 +236 [+93, +392]
mid 後半(2019-12-09〜) 378 -242 [-371, -120]
high 全部(2017〜) 899 +85 [-75, +232]
high 前半(〜2019-12-08) 436 +474 [+239, +723]
high 後半(2019-12-09〜) 463 -282 [-429, -131]

step_4
場面 | 区切り | 日数 | 1 日あたり 円 [区間]
low 全部(2017〜) 997 -61 [-95, -24]
low 前半(〜2019-12-08) 368 +82 [+30, +126]
low 後半(2019-12-09〜) 629 -144 [-189, -102]
mid 全部(2017〜) 646 -91 [-160, -21]
mid 前半(〜2019-12-08) 268 +78 [-27, +189]
mid 後半(2019-12-09〜) 378 -211 [-294, -131]
high 全部(2017〜) 899 -32 [-142, +62]
high 前半(〜2019-12-08) 436 +241 [+88, +391]
high 後半(2019-12-09〜) 463 -289 [-390, -188]
