ファイル: candles_1m_2015.csv.gz candles_1m_2016.csv.gz candles_1m_2017.csv.gz candles_1m_2018.csv.gz candles_1m_2019.csv.gz candles_1m_2020.csv.gz candles_1m_2021.csv.gz candles_1m_2022.csv.gz candles_1m_2023.csv.gz
走らせの時間 354 秒・起点 1408851・日 2939・最初の日 2015-12-01・最後の日 2023-12-17

## 1. 年ごとの足と起点
| 年 | 読んだ足 | ts が +00:00 でない | 飛ばさない足 | 評価した足 | ボラ ≤ 0 | 起点(時点・全部) | 起点の率 | point_open | entry_open | n_win 中央値 |
|---|---|---|---|---|---|---|---|---|---|---|
| 2015 | 7511 | 0 | 6530 | 6451 | 0 | 5279 | 81.8% | 3444 | 428 | 11 |
| 2016 | 398453 | 0 | 381021 | 381021 | 0 | 167385 | 43.9% | 102914 | 23668 | 35 |
| 2017 | 519072 | 0 | 514890 | 514890 | 0 | 167281 | 32.5% | 92905 | 25851 | 40 |
| 2018 | 521307 | 0 | 519068 | 519068 | 0 | 151375 | 29.2% | 84133 | 25696 | 40 |
| 2019 | 519892 | 0 | 519504 | 519504 | 0 | 164888 | 31.7% | 98065 | 27421 | 40 |
| 2020 | 519967 | 0 | 519742 | 519742 | 0 | 184373 | 35.5% | 106226 | 27684 | 40 |
| 2021 | 518630 | 0 | 517634 | 517634 | 0 | 186151 | 36.0% | 101680 | 27018 | 40 |
| 2022 | 520884 | 0 | 520648 | 520648 | 0 | 190073 | 36.5% | 108813 | 27617 | 40 |
| 2023 | 457414 | 0 | 447954 | 447954 | 0 | 192046 | 42.9% | 118751 | 26176 | 39 |

## 2. tables.md の割合と、起点の記録からの数え直しの差の最大: 0(0 なら一致)

## 3. 層に分けた比べ — entry_open(入りごと × 門が開いていて足が閉じた時点の判定でブレイク中でない)。前半 101407・後半 110152
全体: 前半 i 72.8% iii 20.5% iv 1.5% / 後半 i 71.0% iii 22.8% iv 1.2%

### 外れの深さ |c0−中心|÷ボラ(帯の境は前半の起点の五分位 = 4.18, 4.40, 4.69, 5.16。帯の境は前半で決めて後半に当てた)
| 帯 | 前半の数 | 後半の数 | 前半 i | 後半 i | i の差 [区間] | 前半 iii | 後半 iii | iii の差 [区間] | 前半 iv | 後半 iv | iv の差 [区間] |
|---|---|---|---|---|---|---|---|---|---|---|---|
| 1 | 20282 | 23071 | 80.3 | 79.3 | -1.0 [-1.9, -0.2] | 15.1 | 16.2 | 1.1 [0.4, 1.9] | 1.1 | 1.2 | 0.1 [-0.2, 0.3] |
| 2 | 20268 | 22865 | 78.0 | 76.6 | -1.4 [-2.2, -0.5] | 17.2 | 18.2 | 1.0 [0.2, 1.8] | 1.0 | 1.2 | 0.2 [-0.0, 0.4] |
| 3 | 20294 | 22963 | 74.5 | 72.2 | -2.3 [-3.1, -1.4] | 19.8 | 21.7 | 1.9 [0.9, 2.7] | 1.2 | 1.2 | 0.1 [-0.2, 0.3] |
| 4 | 20281 | 22338 | 69.8 | 66.8 | -2.9 [-4.0, -1.8] | 23.6 | 26.6 | 2.9 [1.8, 4.0] | 1.3 | 1.2 | -0.1 [-0.4, 0.2] |
| 5 | 20282 | 18915 | 61.4 | 57.5 | -3.9 [-6.0, -1.9] | 26.6 | 33.1 | 6.5 [4.5, 8.4] | 2.9 | 1.4 | -1.5 [-2.2, -0.8] |
- i: 前半 72.8% / 後半そのまま 71.0% / 後半を前半の帯の混ざり方にそろえた値 70.5%(帯の中の違いだけが残る)。後半の帯の混ざり方: 21% 21% 21% 20% 17%
- iii: 前半 20.5% / 後半そのまま 22.8% / 後半を前半の帯の混ざり方にそろえた値 23.2%(帯の中の違いだけが残る)。後半の帯の混ざり方: 21% 21% 21% 20% 17%
- iv: 前半 1.5% / 後半そのまま 1.2% / 後半を前半の帯の混ざり方にそろえた値 1.2%(帯の中の違いだけが残る)。後半の帯の混ざり方: 21% 21% 21% 20% 17%

### 幅÷ボラ(帯の境は前半の起点の五分位 = 9.02, 9.94, 11.02, 12.82。帯の境は前半で決めて後半に当てた)
| 帯 | 前半の数 | 後半の数 | 前半 i | 後半 i | i の差 [区間] | 前半 iii | 後半 iii | iii の差 [区間] | 前半 iv | 後半 iv | iv の差 [区間] |
|---|---|---|---|---|---|---|---|---|---|---|---|
| 1 | 20282 | 22678 | 76.4 | 75.3 | -1.1 [-1.9, -0.3] | 19.3 | 20.4 | 1.1 [0.4, 1.9] | 0.5 | 0.7 | 0.2 [0.0, 0.3] |
| 2 | 20281 | 23111 | 73.6 | 70.8 | -2.8 [-3.6, -1.9] | 21.9 | 24.5 | 2.6 [1.8, 3.5] | 0.4 | 0.8 | 0.3 [0.2, 0.5] |
| 3 | 20281 | 23299 | 71.7 | 69.3 | -2.4 [-3.3, -1.4] | 23.5 | 24.9 | 1.4 [0.5, 2.3] | 0.6 | 1.0 | 0.4 [0.3, 0.7] |
| 4 | 20281 | 23959 | 71.9 | 69.1 | -2.8 [-3.8, -1.8] | 22.0 | 23.8 | 1.9 [0.9, 2.8] | 1.0 | 1.4 | 0.5 [0.2, 0.7] |
| 5 | 20282 | 17105 | 70.4 | 70.5 | 0.1 [-1.7, 2.0] | 15.7 | 19.2 | 3.5 [2.2, 4.7] | 5.0 | 2.6 | -2.4 [-3.3, -1.5] |
- i: 前半 72.8% / 後半そのまま 71.0% / 後半を前半の帯の混ざり方にそろえた値 71.0%(帯の中の違いだけが残る)。後半の帯の混ざり方: 21% 21% 21% 22% 16%
- iii: 前半 20.5% / 後半そのまま 22.8% / 後半を前半の帯の混ざり方にそろえた値 22.6%(帯の中の違いだけが残る)。後半の帯の混ざり方: 21% 21% 21% 22% 16%
- iv: 前半 1.5% / 後半そのまま 1.2% / 後半を前半の帯の混ざり方にそろえた値 1.3%(帯の中の違いだけが残る)。後半の帯の混ざり方: 21% 21% 21% 22% 16%

### ブレイクの線までの距離÷ボラ(帯の境は前半の起点の五分位 = 4.00, 5.11, 6.56, 9.21。帯の境は前半で決めて後半に当てた)
| 帯 | 前半の数 | 後半の数 | 前半 i | 後半 i | i の差 [区間] | 前半 iii | 後半 iii | iii の差 [区間] | 前半 iv | 後半 iv | iv の差 [区間] |
|---|---|---|---|---|---|---|---|---|---|---|---|
| 1 | 20282 | 23082 | 55.0 | 53.0 | -2.0 [-3.3, -0.8] | 39.2 | 43.2 | 4.0 [2.8, 5.2] | 0.0 | 0.0 | -0.0 [-0.0, 0.0] |
| 2 | 20281 | 21894 | 76.4 | 74.1 | -2.3 [-3.3, -1.4] | 21.5 | 23.5 | 2.0 [1.2, 3.0] | 0.1 | 0.1 | 0.0 [-0.1, 0.1] |
| 3 | 20281 | 23016 | 76.3 | 74.1 | -2.2 [-3.1, -1.3] | 19.6 | 21.3 | 1.6 [0.7, 2.5] | 0.3 | 0.4 | 0.1 [0.0, 0.2] |
| 4 | 20281 | 23412 | 79.6 | 77.0 | -2.6 [-3.6, -1.7] | 14.0 | 15.4 | 1.4 [0.6, 2.2] | 1.1 | 1.4 | 0.3 [0.0, 0.5] |
| 5 | 20282 | 18748 | 76.6 | 78.2 | 1.6 [-0.3, 3.5] | 8.1 | 8.0 | -0.1 [-0.9, 0.8] | 6.0 | 4.9 | -1.1 [-2.0, -0.1] |
- i: 前半 72.8% / 後半そのまま 71.0% / 後半を前半の帯の混ざり方にそろえた値 71.3%(帯の中の違いだけが残る)。後半の帯の混ざり方: 21% 20% 21% 21% 17%
- iii: 前半 20.5% / 後半そのまま 22.8% / 後半を前半の帯の混ざり方にそろえた値 22.3%(帯の中の違いだけが残る)。後半の帯の混ざり方: 21% 20% 21% 21% 17%
- iv: 前半 1.5% / 後半そのまま 1.2% / 後半を前半の帯の混ざり方にそろえた値 1.4%(帯の中の違いだけが残る)。後半の帯の混ざり方: 21% 20% 21% 21% 17%

### 足の揃った起点だけ(n_win ≥ 36): 前半 86637・後半 99384
- i: 前半 73.1% / 後半 70.7% / 差 -2.4 [-2.9, -1.8] MDE 0.8
- ii: 前半 3.0% / 後半 3.8% / 差 0.8 [0.6, 1.0] MDE 0.3
- iii: 前半 21.7% / 後半 23.6% / 差 1.8 [1.3, 2.4] MDE 0.7
- iv: 前半 0.7% / 後半 1.0% / 差 0.3 [0.2, 0.4] MDE 0.2
- both: 前半 1.4% / 後半 0.9% / 差 -0.5 [-0.7, -0.4] MDE 0.2

## 3. 層に分けた比べ — point_open(時点ごと × 門が開いていて足が閉じた時点の判定でブレイク中でない)。前半 376123・後半 440808
全体: 前半 i 61.8% iii 25.4% iv 2.7% / 後半 i 60.7% iii 28.2% iv 1.7%

### 外れの深さ |c0−中心|÷ボラ(帯の境は前半の起点の五分位 = 4.43, 4.94, 5.62, 6.75。帯の境は前半で決めて後半に当てた)
| 帯 | 前半の数 | 後半の数 | 前半 i | 後半 i | i の差 [区間] | 前半 iii | 後半 iii | iii の差 [区間] | 前半 iv | 後半 iv | iv の差 [区間] |
|---|---|---|---|---|---|---|---|---|---|---|---|
| 1 | 75224 | 87855 | 78.8 | 77.8 | -1.0 [-1.5, -0.5] | 16.0 | 17.1 | 1.1 [0.6, 1.6] | 1.3 | 1.3 | 0.1 [-0.2, 0.3] |
| 2 | 75225 | 89386 | 72.3 | 70.5 | -1.9 [-2.4, -1.2] | 20.9 | 22.5 | 1.5 [0.9, 2.1] | 1.5 | 1.6 | 0.1 [-0.2, 0.3] |
| 3 | 75225 | 92469 | 65.2 | 62.6 | -2.6 [-3.4, -1.8] | 25.8 | 28.1 | 2.4 [1.5, 3.2] | 1.8 | 1.7 | -0.1 [-0.4, 0.2] |
| 4 | 75224 | 96405 | 55.6 | 52.3 | -3.3 [-4.3, -2.3] | 31.7 | 34.1 | 2.5 [1.3, 3.6] | 2.1 | 1.8 | -0.3 [-0.8, 0.1] |
| 5 | 75225 | 74693 | 37.1 | 37.5 | 0.5 [-1.9, 2.5] | 32.4 | 40.6 | 8.2 [5.7, 10.5] | 6.8 | 2.2 | -4.6 [-5.9, -3.1] |
- i: 前半 61.8% / 後半そのまま 60.7% / 後半を前半の帯の混ざり方にそろえた値 60.1%(帯の中の違いだけが残る)。後半の帯の混ざり方: 20% 20% 21% 22% 17%
- iii: 前半 25.4% / 後半そのまま 28.2% / 後半を前半の帯の混ざり方にそろえた値 28.5%(帯の中の違いだけが残る)。後半の帯の混ざり方: 20% 20% 21% 22% 17%
- iv: 前半 2.7% / 後半そのまま 1.7% / 後半を前半の帯の混ざり方にそろえた値 1.7%(帯の中の違いだけが残る)。後半の帯の混ざり方: 20% 20% 21% 22% 17%

### 幅÷ボラ(帯の境は前半の起点の五分位 = 10.24, 11.68, 13.31, 16.12。帯の境は前半で決めて後半に当てた)
| 帯 | 前半の数 | 後半の数 | 前半 i | 後半 i | i の差 [区間] | 前半 iii | 後半 iii | iii の差 [区間] | 前半 iv | 後半 iv | iv の差 [区間] |
|---|---|---|---|---|---|---|---|---|---|---|---|
| 1 | 75225 | 87486 | 74.1 | 71.8 | -2.3 [-3.0, -1.7] | 21.4 | 23.4 | 2.0 [1.5, 2.6] | 0.5 | 0.8 | 0.3 [0.2, 0.4] |
| 2 | 75223 | 91889 | 69.1 | 66.0 | -3.1 [-3.8, -2.3] | 25.1 | 27.0 | 1.9 [1.1, 2.6] | 0.8 | 1.2 | 0.5 [0.3, 0.7] |
| 3 | 75226 | 96775 | 64.3 | 61.3 | -3.0 [-3.9, -2.0] | 27.4 | 28.8 | 1.5 [0.5, 2.3] | 1.1 | 1.6 | 0.4 [0.2, 0.7] |
| 4 | 75224 | 103966 | 58.7 | 55.0 | -3.8 [-5.1, -2.5] | 28.8 | 30.5 | 1.7 [0.5, 3.0] | 2.1 | 2.1 | 0.1 [-0.3, 0.5] |
| 5 | 75225 | 60692 | 42.8 | 45.6 | 2.8 [0.1, 5.6] | 24.1 | 32.0 | 7.9 [5.6, 10.1] | 9.0 | 3.1 | -5.8 [-7.4, -4.2] |
- i: 前半 61.8% / 後半そのまま 60.7% / 後半を前半の帯の混ざり方にそろえた値 59.9%(帯の中の違いだけが残る)。後半の帯の混ざり方: 20% 21% 22% 24% 14%
- iii: 前半 25.4% / 後半そのまま 28.2% / 後半を前半の帯の混ざり方にそろえた値 28.4%(帯の中の違いだけが残る)。後半の帯の混ざり方: 20% 21% 22% 24% 14%
- iv: 前半 2.7% / 後半そのまま 1.7% / 後半を前半の帯の混ざり方にそろえた値 1.8%(帯の中の違いだけが残る)。後半の帯の混ざり方: 20% 21% 22% 24% 14%

### ブレイクの線までの距離÷ボラ(帯の境は前半の起点の五分位 = 3.57, 5.46, 7.05, 9.91。帯の境は前半で決めて後半に当てた)
| 帯 | 前半の数 | 後半の数 | 前半 i | 後半 i | i の差 [区間] | 前半 iii | 後半 iii | iii の差 [区間] | 前半 iv | 後半 iv | iv の差 [区間] |
|---|---|---|---|---|---|---|---|---|---|---|---|
| 1 | 75225 | 96019 | 44.6 | 41.9 | -2.6 [-3.6, -1.6] | 50.7 | 54.2 | 3.5 [2.4, 4.6] | 0.0 | 0.0 | -0.0 [-0.0, 0.0] |
| 2 | 75224 | 91803 | 68.5 | 65.3 | -3.2 [-4.3, -2.1] | 26.4 | 29.0 | 2.6 [1.6, 3.5] | 0.2 | 0.2 | -0.0 [-0.1, 0.1] |
| 3 | 75225 | 94351 | 69.3 | 66.2 | -3.1 [-4.1, -2.1] | 21.7 | 23.3 | 1.6 [0.8, 2.5] | 0.7 | 0.9 | 0.2 [-0.0, 0.3] |
| 4 | 75224 | 97322 | 68.9 | 65.6 | -3.3 [-4.7, -2.0] | 17.2 | 18.0 | 0.8 [-0.1, 1.8] | 2.1 | 2.5 | 0.5 [0.1, 0.8] |
| 5 | 75225 | 61313 | 57.7 | 66.9 | 9.3 [5.4, 12.7] | 10.8 | 10.2 | -0.6 [-1.8, 0.8] | 10.5 | 6.6 | -3.9 [-5.4, -2.2] |
- i: 前半 61.8% / 後半そのまま 60.7% / 後半を前半の帯の混ざり方にそろえた値 61.2%(帯の中の違いだけが残る)。後半の帯の混ざり方: 22% 21% 21% 22% 14%
- iii: 前半 25.4% / 後半そのまま 28.2% / 後半を前半の帯の混ざり方にそろえた値 26.9%(帯の中の違いだけが残る)。後半の帯の混ざり方: 22% 21% 21% 22% 14%
- iv: 前半 2.7% / 後半そのまま 1.7% / 後半を前半の帯の混ざり方にそろえた値 2.0%(帯の中の違いだけが残る)。後半の帯の混ざり方: 22% 21% 21% 22% 14%

### 足の揃った起点だけ(n_win ≥ 36): 前半 304866・後半 392460
- i: 前半 64.7% / 後半 60.9% / 差 -3.9 [-4.6, -3.1] MDE 1.1
- ii: 前半 6.5% / 後半 8.1% / 差 1.5 [1.1, 2.0] MDE 0.6
- iii: 前半 26.8% / 後半 29.1% / 差 2.3 [1.6, 3.0] MDE 1.0
- iv: 前半 1.1% / 後半 1.4% / 差 0.3 [0.1, 0.5] MDE 0.3
- both: 前半 0.8% / 後半 0.5% / 差 -0.3 [-0.4, -0.2] MDE 0.1

全体の時間 434 秒
