entry_open: 2017〜2019 年 78968 本・2020〜2022 年 82319 本
  i: 72.6% → 71.2%  差 -1.3 [-1.9, -0.8] MDE 0.8 pt
  ii: 2.9% → 3.6%  差 +0.7 [+0.5, +0.9] MDE 0.3 pt
  iii: 22.3% → 23.3%  差 +1.0 [+0.5, +1.5] MDE 0.7 pt
  iv: 0.7% → 0.9%  差 +0.3 [+0.2, +0.4] MDE 0.2 pt
  both: 1.5% → 0.9%  差 -0.6 [-0.7, -0.5] MDE 0.2 pt
point_open: 2017〜2019 年 275103 本・2020〜2022 年 316719 本
  i: 65.2% → 61.7%  差 -3.5 [-4.2, -2.8] MDE 1.0 pt
  ii: 6.1% → 7.8%  差 +1.7 [+1.3, +2.1] MDE 0.6 pt
  iii: 27.0% → 28.7%  差 +1.7 [+1.0, +2.4] MDE 1.0 pt
  iv: 0.9% → 1.4%  差 +0.4 [+0.3, +0.6] MDE 0.2 pt
  both: 0.8% → 0.5%  差 -0.3 [-0.4, -0.3] MDE 0.1 pt
entry_all: 2017〜2019 年 103309 本・2020〜2022 年 105985 本
  i: 73.4% → 71.9%  差 -1.5 [-2.0, -1.1] MDE 0.7 pt
  ii: 3.3% → 4.0%  差 +0.7 [+0.5, +0.9] MDE 0.3 pt
  iii: 21.3% → 22.3%  差 +0.9 [+0.5, +1.4] MDE 0.6 pt
  iv: 0.7% → 1.1%  差 +0.3 [+0.2, +0.5] MDE 0.1 pt
  both: 1.2% → 0.7%  差 -0.5 [-0.6, -0.4] MDE 0.2 pt
point_all: 2017〜2019 年 483544 本・2020〜2022 年 560597 本
  i: 63.5% → 59.6%  差 -3.9 [-4.5, -3.3] MDE 0.9 pt
  ii: 10.1% → 13.1%  差 +3.0 [+2.5, +3.5] MDE 0.7 pt
  iii: 24.5% → 24.9%  差 +0.4 [-0.1, +0.9] MDE 0.7 pt
  iv: 1.5% → 2.2%  差 +0.7 [+0.5, +0.9] MDE 0.2 pt
  both: 0.5% → 0.3%  差 -0.2 [-0.2, -0.2] MDE 0.1 pt
