| 仕分け | 数 |
|---|---|
| 値動き(書いてある) | 12 |
| 口座(× 20 で円と書いてある) | 55 |
| 口座(書いてある) | 45 |
| 種類の書き無し | 29 |
| 計 | 141 |

| 文書 | 行 | 仕分け | 前後 |
|---|---|---|---|
| 2026-10-09_matilda_main_base.md | 30 | 口座(書いてある) | ＿＿＿＿＿ は「損益 ÷ 証拠金 20 万円 × 10,000」(口座に対する bp。1 bp = 20 円)と定義する。値 |
| 2026-10-09_matilda_main_base.md | 30 | 口座(書いてある) | は「損益 ÷ 証拠金 20 万円 × 10,000」(口座に対する bp。1 bp = 20 円)と定義する。値動きの b |
| 2026-10-09_matilda_main_base.md | 30 | 値動き(書いてある) | 0,000」(口座に対する bp。1 bp = 20 円)と定義する。値動きの bp(D4・D5 の MFE・MAE・合図の |
| 2026-10-09_matilda_main_base.md | 129 | 口座(書いてある) | 「D1 時間」)。日 = 出の時刻の UTC の暦日。読み口の値は口座に対する bp(1 bp = 20 円)なので、円の列 |
| 2026-10-09_matilda_main_base.md | 129 | 口座(書いてある) | 間」)。日 = 出の時刻の UTC の暦日。読み口の値は口座に対する bp(1 bp = 20 円)なので、円の列を × 2 |
| 2026-10-09_matilda_main_base.md | 133 | 口座(書いてある) | / 期間 / 日数 / 1 日あたり bp [区間](1 bp = 20 円) / |
| 2026-10-09_matilda_main_base.md | 133 | 口座(書いてある) | / 期間 / 日数 / 1 日あたり bp [区間](1 bp = 20 円) / 1 日あたり 円 |
| 2026-10-09_matilda_main_base.md | 133 | 口座(書いてある) | [区間](1 bp = 20 円) / 1 日あたり 円 [区間] / MDE(bp) / 区間が 0 を / |
| 2026-10-09_matilda_main_base.md | 148 | 種類の書き無し | / 区切り / 期間 / 日数 / 1 日あたり bp [区間] / 1 日あたり 円 [区間 |
| 2026-10-09_matilda_main_base.md | 148 | 種類の書き無し | / 1 日あたり bp [区間] / 1 日あたり 円 [区間] / MDE(bp) / |
| 2026-10-09_matilda_main_base.md | 218 | 口座(書いてある) | 読み口 `diag_tables.py` の「D3 集まり」(bp、1 bp = 20 円。円は × 20 |
| 2026-10-09_matilda_main_base.md | 218 | 口座(書いてある) | 読み口 `diag_tables.py` の「D3 集まり」(bp、1 bp = 20 円。円は × 20 した写し |
| 2026-10-09_matilda_main_base.md | 284 | 値動き(書いてある) | g_paths.md`(約 6 分)。値動きは取引の向きを掛けた **値動きの bp(＿＿＿＿＿＿＿。1 段目の約定の値段に |
| 2026-10-09_matilda_main_base.md | 284 | 種類の書き無し | 向きを掛けた **値動きの bp(＿＿＿＿＿＿＿。1 段目の約定の値段に対する bp)**。「損益の和」の列だけは読み口の |
| 2026-10-09_matilda_main_base.md | 284 | 口座(書いてある) | 対する bp)**。「損益の和」の列だけは読み口の ＿＿＿＿＿＿(口座に対する bp、1 bp = 20 円)なので円に直し |
| 2026-10-09_matilda_main_base.md | 284 | 口座(書いてある) | p)**。「損益の和」の列だけは読み口の ＿＿＿＿＿＿(口座に対する bp、1 bp = 20 円)なので円に直して写す。e |
| 2026-10-09_matilda_main_base.md | 352 | 口座(× 20 で円と書いてある) | 読み口 `diag_tables.py` の「D6 固まり」(bp を × 20 で円に。間隔 = 前の取 |
| 2026-10-09_matilda_main_levels.md | 30 | 口座(書いてある) | - 損益の単位: 円。読み口の ＿＿＿＿＿＿ は口座に対する bp(1 bp = 20 円)、値動きの b |
| 2026-10-09_matilda_main_levels.md | 30 | 口座(書いてある) | - 損益の単位: 円。読み口の ＿＿＿＿＿＿ は口座に対する bp(1 bp = 20 円)、値動きの bp は ＿ |
| 2026-10-09_matilda_main_levels.md | 30 | 口座(書いてある) | み口の ＿＿＿＿＿＿ は口座に対する bp(1 bp = 20 円)、値動きの bp は ＿＿＿＿＿＿＿(基準の文書 P と |
| 2026-10-09_matilda_main_levels.md | 109 | 種類の書き無し | tilda_main/<本>/diag_tables.md` の「D1 時間」(bp/日。1 bp = 20 円。円は × |
| 2026-10-09_matilda_main_levels.md | 109 | 口座(書いてある) | ain/<本>/diag_tables.md` の「D1 時間」(bp/日。1 bp = 20 円。円は × 20 した写し |
| 2026-10-09_matilda_main_levels.md | 120 | 種類の書き無し | 年ごと(1 日あたり bp、[区間]。記述。区切りの判断には使わな |
| 2026-10-09_matilda_main_levels.md | 134 | 種類の書き無し | 0 と区別がつかない。年では、1 段は 2016 年が最も良く(+42.83 bp/日)2018 年から負、3〜7 段は |
| 2026-10-09_matilda_main_levels.md | 237 | 値動き(書いてある) | 本)。値動きは取引の向きを掛けた ＿＿＿＿＿＿＿(1 段目の約定の値段に対する bp)。母数は 1 段目の足の後まで持った取 |
| 2026-10-09_matilda_main_levels.md | 237 | 口座(書いてある) | る bp)。母数は 1 段目の足の後まで持った取引。「損益の和」は口座に対する bp なので × 20 で円に。記述だけ(D |
| 2026-10-09_matilda_main_levels.md | 288 | 口座(書いてある) | 読み口の「D6 固まり」(1 取引あたり bp、1 bp = 20 円。帯は四分位の境 |
| 2026-10-09_matilda_main_levels.md | 288 | 口座(書いてある) | 読み口の「D6 固まり」(1 取引あたり bp、1 bp = 20 円。帯は四分位の境、境は標本 |
| 2026-10-09_matilda_main_levels.md | 297 | 種類の書き無し | 分)に建った取引は、どの段数でも 1 取引あたりが正(+0.10〜+0.13 bp = +2.0〜+2.6 円)で、区間が |
| 2026-10-09_matilda_main_levels.md | 314 | 種類の書き無し | --vs base` の「D7 比べ」(本 − 基準、同じ日どうしの日ごとの差、bp/日。1 bp = 20 円)。 |
| 2026-10-09_matilda_main_levels.md | 314 | 口座(書いてある) | se` の「D7 比べ」(本 − 基準、同じ日どうしの日ごとの差、bp/日。1 bp = 20 円)。 |
| 2026-10-09_matilda_main_levels.md | 330 | 種類の書き無し | の時刻): levels_1 両方 330,893 本(差の和 −79,594 bp)・こちらだけ 3,417 本・相手だけ |
| 2026-10-09_matilda_main_levels.md | 330 | 種類の書き無し | 7,890 本 / levels_3 両方 343,280 本(−14,683 bp)・こちらだけ 1,448 本・相手だけ |
| 2026-10-09_matilda_main_levels.md | 330 | 種類の書き無し | 5,503 本 / levels_7 両方 347,873 本(+4,220 bp)・こちらだけ 2,705 本・相手だけ |
| 2026-10-09_matilda_main_levels.md | 430 | 口座(× 20 で円と書いてある) | 表 3 基準との日ごとの差(円/日 [区間]。D7。年は bp/日 × 20、区間略): |
| 2026-10-09_matilda_main_foot.md | 30 | 口座(書いてある) | 通り、成行は次の 1 分足の始値、経費の前。円。＿＿＿＿＿＿ は口座に対する bp(1 bp = 20 円)、値動きは ＿ |
| 2026-10-09_matilda_main_foot.md | 30 | 口座(書いてある) | 行は次の 1 分足の始値、経費の前。円。＿＿＿＿＿＿ は口座に対する bp(1 bp = 20 円)、値動きは ＿＿＿＿＿＿ |
| 2026-10-09_matilda_main_foot.md | 112 | 口座(× 20 で円と書いてある) | 読み口の「D1 時間」(bp/日 × 20 = 円)。基準は基準の文 |
| 2026-10-09_matilda_main_foot.md | 175 | 口座(× 20 で円と書いてある) | `compare.md`(円)と読み口の D3(bp × 20 = 円)。結果で決まる群なの |
| 2026-10-09_matilda_main_foot.md | 260 | 口座(× 20 で円と書いてある) | 読み口の「D6 固まり」(1 取引あたり bp × 20 = 円。帯の境は標本の中)。 |
| 2026-10-09_matilda_main_foot.md | 286 | 口座(× 20 で円と書いてある) | 読み口の「D7 比べ」(foot_5 − base、同じ日どうしの日ごとの差、bp/日 × 20 = 円)。 |
| 2026-10-09_matilda_main_foot.md | 303 | 種類の書き無し | 引の突き合わせ(合図の時刻): 両方 20,774 本(差の和 +17,157 bp)/ foot_5 だけ 68,614 |
| 2026-10-09_matilda_main_foot.md | 303 | 種類の書き無し | 7,157 bp)/ foot_5 だけ 68,614 本(和 +12,897 bp)/ 基準だけ 328,009 本(和 |
| 2026-10-09_matilda_main_foot.md | 303 | 種類の書き無し | 和 +12,897 bp)/ 基準だけ 328,009 本(和 +25,946 bp)。 |
| 2026-10-09_matilda_main_count.md | 30 | 口座(書いてある) | 通り、成行は次の 1 分足の始値、経費の前。円。＿＿＿＿＿＿ は口座に対する bp(1 bp = 20 円)、値動きは ＿ |
| 2026-10-09_matilda_main_count.md | 30 | 口座(書いてある) | 行は次の 1 分足の始値、経費の前。円。＿＿＿＿＿＿ は口座に対する bp(1 bp = 20 円)、値動きは ＿＿＿＿＿＿ |
| 2026-10-09_matilda_main_count.md | 114 | 口座(× 20 で円と書いてある) | ag_tables.md`・`count_80/diag_tables.md`、bp/日 × 20 = 円)。基準は基準の文 |
| 2026-10-09_matilda_main_count.md | 197 | 口座(× 20 で円と書いてある) | `count/compare.md`(円)と読み口の D3(bp × 20 = 円)。結果で決まる群なの |
| 2026-10-09_matilda_main_count.md | 214 | 種類の書き無し | - 上位・下位 5% の日の和(bp): count_20 は全体 −20, |
| 2026-10-09_matilda_main_count.md | 215 | 種類の書き無し | - 取引の損益の分位(bp): count_20 1% −18.0 |
| 2026-10-09_matilda_main_count.md | 236 | 口座(× 20 で円と書いてある) | 6,006,000 = −523,700、表は −523,706。D4 の和は bp の 2 桁の丸めの後に × 20)。 |
| 2026-10-09_matilda_main_count.md | 338 | 口座(× 20 で円と書いてある) | 読み口の「D6 固まり」(1 取引あたり bp × 20 = 円。帯の境は走らせごとの |
| 2026-10-09_matilda_main_count.md | 368 | 口座(× 20 で円と書いてある) | 読み口の「D7 比べ」(本 − base、同じ日どうしの日ごとの差、bp/日 × 20 = 円)と、前半・後半( |
| 2026-10-09_matilda_main_count.md | 387 | 口座(× 20 で円と書いてある) | 取引の突き合わせ(合図の時刻。bp × 20 = 円): |
| 2026-10-09_matilda_main_alert.md | 29 | 口座(書いてある) | 通り、成行は次の 1 分足の始値、経費の前。円。＿＿＿＿＿＿ は口座に対する bp(1 bp = 20 円)、値動きは ＿ |
| 2026-10-09_matilda_main_alert.md | 29 | 口座(書いてある) | 行は次の 1 分足の始値、経費の前。円。＿＿＿＿＿＿ は口座に対する bp(1 bp = 20 円)、値動きは ＿＿＿＿＿＿ |
| 2026-10-09_matilda_main_alert.md | 108 | 口座(× 20 で円と書いてある) | ag_tables.md`・`alert_x2/diag_tables.md`、bp/日 × 20 = 円)。境 = 後半の |
| 2026-10-09_matilda_main_alert.md | 185 | 口座(× 20 で円と書いてある) | `alert/compare.md`(円)と読み口の D3(bp × 20 = 円)。結果で決まる群なの |
| 2026-10-09_matilda_main_alert.md | 284 | 口座(× 20 で円と書いてある) | 読み口の「D6 固まり」(1 取引あたり bp × 20 = 円。帯の境は標本の中)。 |
| 2026-10-09_matilda_main_alert.md | 310 | 口座(× 20 で円と書いてある) | 読み口の「D7 比べ」(本 − base、同じ日どうしの日ごとの差、bp/日 × 20 = 円)と前半・後半(` |
| 2026-10-09_matilda_main_alert.md | 320 | 口座(× 20 で円と書いてある) | 取引の突き合わせ(合図の時刻。bp × 20 = 円): |
| 2026-10-09_matilda_main_alert.md | 424 | 口座(× 20 で円と書いてある) | (年の値は bp/日 × 20。合図の時刻で 99% 以 |
| 2026-10-09_matilda_main_entry_exit.md | 29 | 口座(書いてある) | 876、成行は次の 1 分足の始値、経費の前。円。＿＿＿＿＿＿ は口座に対する bp(1 bp = 20 円)、値動きは ＿ |
| 2026-10-09_matilda_main_entry_exit.md | 29 | 口座(書いてある) | 行は次の 1 分足の始値、経費の前。円。＿＿＿＿＿＿ は口座に対する bp(1 bp = 20 円)、値動きは ＿＿＿＿＿＿ |
| 2026-10-09_matilda_main_entry_exit.md | 109 | 口座(× 20 で円と書いてある) | les.md`・`entry_exit_2_1/diag_tables.md`、bp/日 × 20 = 円。写しは `ent |
| 2026-10-09_matilda_main_entry_exit.md | 187 | 口座(× 20 で円と書いてある) | `entry_exit/compare.md`(円)と読み口の D3(bp × 20 = 円。写しは `entry |
| 2026-10-09_matilda_main_entry_exit.md | 321 | 口座(× 20 で円と書いてある) | 読み口の「D7 比べ」(本 − base、同じ日どうしの日ごとの差、bp/日 × 20 = 円)と前半・後半(` |
| 2026-10-09_matilda_main_entry_exit.md | 443 | 口座(× 20 で円と書いてある) | (年の値は bp/日 × 20。線が変わると合図も変わり |
| 2026-10-09_matilda_main_step.md | 29 | 口座(書いてある) | 876、成行は次の 1 分足の始値、経費の前。円。＿＿＿＿＿＿ は口座に対する bp(1 bp = 20 円)、値動きは ＿ |
| 2026-10-09_matilda_main_step.md | 29 | 口座(書いてある) | 行は次の 1 分足の始値、経費の前。円。＿＿＿＿＿＿ は口座に対する bp(1 bp = 20 円)、値動きは ＿＿＿＿＿＿ |
| 2026-10-09_matilda_main_step.md | 108 | 口座(× 20 で円と書いてある) | diag_tables.md`・`step_4/diag_tables.md`、bp/日 × 20 = 円。写しは `ste |
| 2026-10-09_matilda_main_step.md | 186 | 口座(× 20 で円と書いてある) | `step/compare.md`(円)と読み口の D3(bp × 20 = 円。写しは `step/ |
| 2026-10-09_matilda_main_step.md | 315 | 口座(× 20 で円と書いてある) | 読み口の「D7 比べ」(本 − base、同じ日どうしの日ごとの差、bp/日 × 20 = 円)と前半・後半(` |
| 2026-10-09_matilda_main_step.md | 436 | 口座(× 20 で円と書いてある) | (年の値は bp/日 × 20。合図の時刻で 99% 近 |
| 2026-10-09_matilda_main_break_dist.md | 29 | 口座(書いてある) | 876、成行は次の 1 分足の始値、経費の前。円。＿＿＿＿＿＿ は口座に対する bp(1 bp = 20 円)、値動きは ＿ |
| 2026-10-09_matilda_main_break_dist.md | 29 | 口座(書いてある) | 行は次の 1 分足の始値、経費の前。円。＿＿＿＿＿＿ は口座に対する bp(1 bp = 20 円)、値動きは ＿＿＿＿＿＿ |
| 2026-10-09_matilda_main_break_dist.md | 108 | 口座(× 20 で円と書いてある) | ables.md`・`break_dist_1/diag_tables.md`、bp/日 × 20 = 円。写しは `bre |
| 2026-10-09_matilda_main_break_dist.md | 186 | 口座(× 20 で円と書いてある) | `break_dist/compare.md`(円)と読み口の D3(bp × 20 = 円。写しは `break |
| 2026-10-09_matilda_main_break_dist.md | 300 | 口座(× 20 で円と書いてある) | 読み口の「D7 比べ」(本 − base、同じ日どうしの日ごとの差、bp/日 × 20 = 円)と前半・後半(` |
| 2026-10-09_matilda_main_break_dist.md | 445 | 口座(× 20 で円と書いてある) | (年の値は bp/日 × 20。合図の時刻で結べた取引は |
| 2026-10-09_matilda_main_break_len_mult.md | 29 | 口座(書いてある) | 876、成行は次の 1 分足の始値、経費の前。円。＿＿＿＿＿＿ は口座に対する bp(1 bp = 20 円)、値動きは ＿ |
| 2026-10-09_matilda_main_break_len_mult.md | 29 | 口座(書いてある) | 行は次の 1 分足の始値、経費の前。円。＿＿＿＿＿＿ は口座に対する bp(1 bp = 20 円)、値動きは ＿＿＿＿＿＿ |
| 2026-10-09_matilda_main_break_len_mult.md | 109 | 口座(× 20 で円と書いてある) | 1 時間」(`break_len_mult_4/diag_tables.md`、bp/日 × 20 = 円。写しは `fam |
| 2026-10-09_matilda_main_break_len_mult.md | 278 | 口座(× 20 で円と書いてある) | 読み口の「D7 比べ」(本 − base、同じ日どうしの日ごとの差、bp/日 × 20 = 円)と前半・後半(` |
| 2026-10-09_matilda_main_break_len_mult.md | 401 | 口座(× 20 で円と書いてある) | (年の値は bp/日 × 20。合図の時刻で基準の 99 |
| 2026-10-09_matilda_main_beard.md | 29 | 口座(書いてある) | 876、成行は次の 1 分足の始値、経費の前。円。＿＿＿＿＿＿ は口座に対する bp(1 bp = 20 円)、値動きは ＿ |
| 2026-10-09_matilda_main_beard.md | 29 | 口座(書いてある) | 行は次の 1 分足の始値、経費の前。円。＿＿＿＿＿＿ は口座に対する bp(1 bp = 20 円)、値動きは ＿＿＿＿＿＿ |
| 2026-10-09_matilda_main_beard.md | 109 | 口座(× 20 で円と書いてある) | 読み口の「D1 時間」(`beard_off/diag_tables.md`、bp/日 × 20 = 円。写しは `fam |
| 2026-10-09_matilda_main_beard.md | 278 | 口座(× 20 で円と書いてある) | 読み口の「D7 比べ」(本 − base、同じ日どうしの日ごとの差、bp/日 × 20 = 円)と前半・後半(` |
| 2026-10-09_matilda_main_beard.md | 415 | 口座(× 20 で円と書いてある) | (年の値は bp/日 × 20。合図の時刻で結べた取引は |
| 2026-10-09_matilda_main_break_delay.md | 29 | 口座(書いてある) | 876、成行は次の 1 分足の始値、経費の前。円。＿＿＿＿＿＿ は口座に対する bp(1 bp = 20 円)、値動きは ＿ |
| 2026-10-09_matilda_main_break_delay.md | 29 | 口座(書いてある) | 行は次の 1 分足の始値、経費の前。円。＿＿＿＿＿＿ は口座に対する bp(1 bp = 20 円)、値動きは ＿＿＿＿＿＿ |
| 2026-10-09_matilda_main_break_delay.md | 109 | 口座(× 20 で円と書いてある) | D1 時間」(`break_delay_<k>/diag_tables.md`、bp/日 × 20 = 円。写しは `fam |
| 2026-10-09_matilda_main_break_delay.md | 298 | 口座(× 20 で円と書いてある) | 読み口の「D7 比べ」(本 − base、同じ日どうしの日ごとの差、bp/日 × 20 = 円)と前半・後半(` |
| 2026-10-09_matilda_main_break_delay.md | 435 | 口座(× 20 で円と書いてある) | (年の値は bp/日 × 20。合図の時刻で結べた取引は |
| 2026-10-09_matilda_main_break_off.md | 29 | 口座(書いてある) | 876、成行は次の 1 分足の始値、経費の前。円。＿＿＿＿＿＿ は口座に対する bp(1 bp = 20 円)、値動きは ＿ |
| 2026-10-09_matilda_main_break_off.md | 29 | 口座(書いてある) | 行は次の 1 分足の始値、経費の前。円。＿＿＿＿＿＿ は口座に対する bp(1 bp = 20 円)、値動きは ＿＿＿＿＿＿ |
| 2026-10-09_matilda_main_break_off.md | 109 | 口座(× 20 で円と書いてある) | 読み口の「D1 時間」(`break_off/diag_tables.md`、bp/日 × 20 = 円。写しは `fam |
| 2026-10-09_matilda_main_break_off.md | 199 | 種類の書き無し | - 取引の損益の分位(読み口の D3、bp。× 20 = 円): 1% −50.6 |
| 2026-10-09_matilda_main_break_off.md | 282 | 口座(× 20 で円と書いてある) | 読み口の「D7 比べ」(本 − base、同じ日どうしの日ごとの差、bp/日 × 20 = 円)と前半・後半(` |
| 2026-10-09_matilda_main_break_off.md | 412 | 口座(× 20 で円と書いてある) | (年の値は bp/日 × 20。合図の時刻で結べた取引は |
| 2026-10-09_matilda_main_range_lo.md | 29 | 口座(書いてある) | 876、成行は次の 1 分足の始値、経費の前。円。＿＿＿＿＿＿ は口座に対する bp(1 bp = 20 円)、値動きは ＿ |
| 2026-10-09_matilda_main_range_lo.md | 29 | 口座(書いてある) | 行は次の 1 分足の始値、経費の前。円。＿＿＿＿＿＿ は口座に対する bp(1 bp = 20 円)、値動きは ＿＿＿＿＿＿ |
| 2026-10-09_matilda_main_range_lo.md | 110 | 口座(× 20 で円と書いてある) | 口の「D1 時間」(`range_lo_<v>/diag_tables.md`、bp/日 × 20 = 円。写しは `fam |
| 2026-10-09_matilda_main_range_lo.md | 260 | 値動き(書いてある) | 、門を上げるほど 1〜15 分の逆向きの動きが大きい(幅の広いレンジで値動きの bp が大きい)。マチルダの合図の向きは直近 |
| 2026-10-09_matilda_main_range_lo.md | 269 | 値動き(書いてある) | は合図の向きと逆に動き、1〜15 分の動きは建てた合図(広いレンジ)より小さい(bp の値動きの大きさの違い)。60 分では |
| 2026-10-09_matilda_main_range_lo.md | 303 | 口座(× 20 で円と書いてある) | 読み口の「D7 比べ」(本 − base、同じ日どうしの日ごとの差、bp/日 × 20 = 円)と前半・後半(` |
| 2026-10-09_matilda_main_range_lo.md | 376 | 値動き(書いてある) | 円) / D3・D4 / c / 結果で決まる群 / 幅の広いレンジは値動きの bp が大きい / 新しい行は足さない(取引 |
| 2026-10-09_matilda_main_range_lo.md | 424 | 口座(× 20 で円と書いてある) | (none − base は全部 +0。年の値は bp/日 × 20) |
| 2026-10-09_matilda_main_range_hi.md | 29 | 口座(書いてある) | 876、成行は次の 1 分足の始値、経費の前。円。＿＿＿＿＿＿ は口座に対する bp(1 bp = 20 円)、値動きは ＿ |
| 2026-10-09_matilda_main_range_hi.md | 29 | 口座(書いてある) | 行は次の 1 分足の始値、経費の前。円。＿＿＿＿＿＿ は口座に対する bp(1 bp = 20 円)、値動きは ＿＿＿＿＿＿ |
| 2026-10-09_matilda_main_range_hi.md | 107 | 口座(× 20 で円と書いてある) | 読み口の「D1 時間」(bp/日 × 20 = 円。写しは `fam |
| 2026-10-09_matilda_main_range_hi.md | 255 | 種類の書き無し | 広いレンジで外した合図は、建ての後 1〜15 分に合図の向きと逆へ大きく動き(bp の大きさが大きい)、60 分では区間が |
| 2026-10-09_matilda_main_range_hi.md | 372 | 種類の書き無し | の値は標本の中、半分の分けは無い、外した集まりに持ち高の違いの合図が混ざる / bp の物差しに幅の違いが混ざる / トレン |
| 2026-10-09_matilda_main_vola_gate.md | 29 | 口座(書いてある) | 876、成行は次の 1 分足の始値、経費の前。円。＿＿＿＿＿＿ は口座に対する bp(1 bp = 20 円)、値動きは ＿ |
| 2026-10-09_matilda_main_vola_gate.md | 29 | 口座(書いてある) | 行は次の 1 分足の始値、経費の前。円。＿＿＿＿＿＿ は口座に対する bp(1 bp = 20 円)、値動きは ＿＿＿＿＿＿ |
| 2026-10-09_matilda_main_vola_gate.md | 107 | 口座(× 20 で円と書いてある) | 読み口の「D1 時間」(bp/日 × 20 = 円。写しは `fam |
| 2026-10-09_matilda_main_vola_gate.md | 247 | 種類の書き無し | 合図も建ての後は合図の向きと逆に動き、1〜15 分の動きは建てた合図より小さい(bp の大きさの違い。range_lo の |
| 2026-10-09_matilda_main_vola_gate.md | 382 | 種類の書き無し | 対 −1.03) / D5 / b(半分まとめ)・d / 半分の分けは無い / bp の物差しに大きさの違いが混ざる / K |
| FINDINGS_LEDGER.md | 62 | 値動き(書いてある) | 目の足の終わりから 1・5・15・60 分の値動き(取引の向きを掛けた値動きの bp)は −0.25・−0.51・−0.74 |
| FINDINGS_LEDGER.md | 67 | 値動き(書いてある) | - 大きさ: −0.25〜−0.74 値動きの bp、区間は 0 より下(1・5・15 分) |
| FINDINGS_LEDGER.md | 215 | 値動き(書いてある) | - 観察: 出の後 5・15 分の値動き(取引の向きを掛けた値動きの bp)は −0.34 [−0.45, −0. |
| FINDINGS_LEDGER.md | 220 | 値動き(書いてある) | - 大きさ: −0.34・−0.66 値動きの bp(5・15 分) |
| FINDINGS_LEDGER.md | 237 | 値動き(書いてある) | - 大きさ: +0.54 値動きの bp [+0.04, +1.03] |
| FINDINGS_LEDGER.md | 336 | 種類の書き無し | 0.25・後半 −2.29 ポイント。年では 2016 年だけ正(+42.83 bp/日)(型 a) |
| FINDINGS_LEDGER.md | 976 | 種類の書き無し | - 次の問い: 両項の 1 本の円を、取引の値幅(建ての時のボラの bp)で割って前半・後半を並べ、非対称が値幅 |
| FINDINGS_LEDGER.md | 1017 | 種類の書き無し | ・45・54 / 42・42・42 分。取引の損益の 1% 点は −50.60 bp(−1,012 円。基準 −33.70 |
| FINDINGS_LEDGER.md | 1017 | 種類の書き無し | の損益の 1% 点は −50.60 bp(−1,012 円。基準 −33.70 bp = −674 円)、5% 点は −6. |
| FINDINGS_LEDGER.md | 1017 | 種類の書き無し | 12 円。基準 −33.70 bp = −674 円)、5% 点は −6.10 bp(基準 −10.40 bp)で、尾は 1 |
| FINDINGS_LEDGER.md | 1017 | 種類の書き無し | 0 bp = −674 円)、5% 点は −6.10 bp(基準 −10.40 bp)で、尾は 1% 点で重く 5% 点では |
| FINDINGS_LEDGER.md | 1102 | 種類の書き無し | 外の走らせ range_lo_p50 を含む)(型 b(前半・後半まとめ)・d(bp の動きの大きさが幅で違うので、同じ b |
| FINDINGS_LEDGER.md | 1102 | 種類の書き無し | む)(型 b(前半・後半まとめ)・d(bp の動きの大きさが幅で違うので、同じ bp の物差しで比べると幅の違いが混ざる)) |
| FINDINGS_LEDGER.md | 1113 | 値動き(書いてある) | - なぜの仮説: ① 広いレンジは値動きの bp が大きいだけで、幅で割れば同じ(物差し |
| STAGE1_FAMILY_TABLES.md | 32 | 口座(× 20 で円と書いてある) | (年の値は bp/日 × 20。線が変わると合図も変わり |
| STAGE1_FAMILY_TABLES.md | 60 | 口座(× 20 で円と書いてある) | (年の値は bp/日 × 20。合図の時刻で 99% 近 |
| STAGE1_FAMILY_TABLES.md | 88 | 口座(× 20 で円と書いてある) | (年の値は bp/日 × 20。合図の時刻で結べた取引は |
| STAGE1_FAMILY_TABLES.md | 113 | 口座(× 20 で円と書いてある) | (年の値は bp/日 × 20。合図の時刻で基準の 99 |
| STAGE1_FAMILY_TABLES.md | 138 | 口座(× 20 で円と書いてある) | (年の値は bp/日 × 20。合図の時刻で結べた取引は |
| STAGE1_FAMILY_TABLES.md | 172 | 口座(× 20 で円と書いてある) | (年の値は bp/日 × 20。合図の時刻で結べた取引は |
| STAGE1_FAMILY_TABLES.md | 197 | 口座(× 20 で円と書いてある) | (年の値は bp/日 × 20。合図の時刻で結べた取引は |
| STAGE1_FAMILY_TABLES.md | 229 | 口座(× 20 で円と書いてある) | (none − base は全部 +0。年の値は bp/日 × 20) |
