alert_x1 | 前半 +12 [-0, +26] | 後半 +1 [-7, +8] | 
alert_x2 | 前半 +7 [-5, +20] | 後半 +1 [-6, +9] | 
beard_off | 前半 +129 [+37, +221] | 後半 -55 [-127, +11] | 
break_delay_2 | 前半 -40 [-89, +3] | 後半 +38 [+13, +64] | 
break_delay_3 | 前半 -42 [-105, +14] | 後半 +68 [+35, +101] | 
break_delay_4 | 前半 -59 [-126, -1] | 後半 +76 [+37, +114] | 
break_delay_8 | 前半 -127 [-200, -59] | 後半 +40 [-8, +87] | 
break_dist_0.25 | 前半 -17 [-94, +61] | 後半 +111 [+54, +174] | 
break_dist_1 | 前半 +110 [+19, +213] | 後半 -16 [-96, +58] | 
break_len_mult_4 | 前半 +356 [+264, +459] | 後半 +68 [+10, +124] | 両半分 正
break_off | 前半 +424 [+235, +634] | 後半 +160 [+21, +289] | 両半分 正
count_20 | 前半 -392 [-499, -277] | 後半 +21 [-66, +104] | 
count_80 | 前半 +128 [-23, +266] | 後半 -139 [-247, -39] | 
entry_exit_2_1 | 前半 +114 [-30, +238] | 後半 -470 [-565, -372] | 
entry_exit_3_2 | 前半 +143 [+68, +219] | 後半 -212 [-273, -154] | 
foot_5 | 前半 -204 [-367, -57] | 後半 +263 [+150, +376] | 
levels_1 | 前半 -218 [-382, -53] | 後半 -860 [-953, -773] | 両半分 負
levels_3 | 前半 -15 [-67, +37] | 後半 -201 [-237, -166] | 
levels_7 | 前半 -30 [-58, +2] | 後半 +95 [+70, +121] | 
range_hi_none | 前半 +28 [-1, +71] | 後半 -2 [-18, +12] | 
range_hi_p75 | 前半 -176 [-288, -74] | 後半 +12 [-50, +73] | 
range_hi_p90 | 前半 -101 [-186, -22] | 後半 -4 [-48, +36] | 
range_lo_none | 前半 +0 [-0, +0] | 後半 +0 [+0, +0] | 
range_lo_p10 | 前半 -28 [-42, -14] | 後半 +19 [+13, +25] | 
range_lo_p25 | 前半 -59 [-89, -30] | 後半 +83 [+67, +103] | 
range_lo_p50 | 前半 -107 [-157, -53] | 後半 +199 [+163, +242] | 
step_2 | 前半 -116 [-163, -72] | 後半 +50 [+16, +84] | 
step_4 | 前半 -233 [-314, -160] | 後半 +66 [+12, +116] | 
vola_gate_p10 | 前半 -21 [-47, +5] | 後半 +19 [+11, +27] | 
vola_gate_p25 | 前半 -40 [-87, +8] | 後半 +93 [+74, +120] | 
vola_gate_p50 | 前半 -78 [-144, -7] | 後半 +186 [+148, +228] | 
