1 分足 3,983,489 本を読んだ

| 本 | 負けた取引(足の後まで持った) | 1 段目の MFE > 0 | 持ち高の含み > 0(前) | 持ち高の含み > 0(後) | 入れ替わり(前): 1 段目 ≤ 0 → 持ち高 > 0 | 入れ替わり(前): 1 段目 > 0 → 持ち高 ≤ 0 | 入れ替わり(後): ≤0→>0 | 入れ替わり(後): >0→≤0 | 円の和: 1 段目 MFE > 0 の群 / ≤ 0 の群 | 円の和: 持ち高(前)> 0 / ≤ 0 |
|---|---|---|---|---|---|---|---|---|---|---|
| alert_x1 | 34,481 | 15,887 | 24,403 | 30,095 | 8,516 | 0 | 14,208 | 0 | -4,725,914 / -5,963,676 | -7,625,887 / -3,063,703 |
| alert_x2 | 34,372 | 15,843 | 24,350 | 30,028 | 8,507 | 0 | 14,185 | 0 | -4,733,391 / -5,958,322 | -7,634,358 / -3,057,356 |
| base | 35,757 | 16,489 | 25,390 | 31,202 | 8,901 | 0 | 14,713 | 0 | -4,695,044 / -6,006,006 | -7,603,576 / -3,097,473 |
| beard_off | 34,356 | 15,805 | 24,280 | 29,824 | 8,475 | 0 | 14,019 | 0 | -5,418,507 / -6,983,067 | -8,644,029 / -3,757,545 |
| break_delay_2 | 37,072 | 16,959 | 26,086 | 32,199 | 9,127 | 0 | 15,240 | 0 | -4,547,674 / -5,872,394 | -7,377,764 / -3,042,304 |
| break_delay_3 | 37,436 | 17,148 | 26,394 | 32,518 | 9,246 | 0 | 15,370 | 0 | -4,468,290 / -5,771,864 | -7,258,135 / -2,982,019 |
| break_delay_4 | 37,723 | 17,408 | 26,646 | 32,765 | 9,238 | 0 | 15,357 | 0 | -4,467,779 / -5,687,520 | -7,194,418 / -2,960,881 |
| break_delay_8 | 38,177 | 17,908 | 27,116 | 33,257 | 9,208 | 0 | 15,349 | 0 | -4,365,487 / -5,566,233 | -7,002,065 / -2,929,655 |
| break_dist_0.25 | 39,745 | 20,097 | 28,622 | 35,158 | 8,525 | 0 | 15,061 | 0 | -3,761,000 / -4,379,743 | -5,846,953 / -2,293,790 |
| break_dist_1 | 30,326 | 13,189 | 21,243 | 25,851 | 8,054 | 0 | 12,662 | 0 | -5,419,801 / -7,739,320 | -9,031,611 / -4,127,509 |
| break_len_mult_4 | 31,430 | 14,120 | 22,231 | 27,152 | 8,111 | 0 | 13,032 | 0 | -5,111,738 / -6,850,264 | -8,395,120 / -3,566,882 |
| break_off | 26,356 | 11,245 | 18,492 | 22,016 | 7,247 | 0 | 10,771 | 0 | -6,512,367 / -9,688,250 | -10,784,489 / -5,416,128 |
| count_20 | 35,743 | 15,102 | 21,783 | 28,849 | 6,681 | 0 | 13,747 | 0 | -1,892,368 / -3,391,400 | -3,065,389 / -2,218,378 |
| count_80 | 24,059 | 12,644 | 18,817 | 21,710 | 6,173 | 0 | 9,066 | 0 | -7,061,192 / -6,421,876 | -10,548,045 / -2,935,023 |
| entry_exit_2_1 | 50,164 | 27,057 | 39,616 | 45,932 | 12,559 | 0 | 18,875 | 0 | -10,236,845 / -9,122,079 | -15,342,179 / -4,016,746 |
| entry_exit_3_2 | 43,922 | 22,171 | 33,199 | 39,646 | 11,028 | 0 | 17,475 | 0 | -7,480,333 / -7,587,775 | -11,496,641 / -3,571,468 |
| foot_5 | 9,528 | 6,268 | 7,900 | 8,959 | 1,632 | 0 | 2,691 | 0 | -3,855,972 / -1,940,447 | -4,952,410 / -844,009 |
| levels_1 | 42,823 | 19,850 | 19,850 | 19,850 | 0 | 0 | 0 | 0 | -8,190,316 / -10,162,942 | -8,190,316 / -10,162,942 |
| levels_3 | 38,018 | 17,552 | 24,985 | 29,177 | 7,433 | 0 | 11,625 | 0 | -6,073,359 / -7,696,876 | -8,845,919 / -4,924,316 |
| levels_7 | 34,561 | 15,949 | 25,009 | 31,186 | 9,060 | 0 | 15,237 | 0 | -3,716,953 / -4,753,352 | -6,220,813 / -2,249,493 |
| range_hi_none | 35,763 | 16,492 | 25,394 | 31,206 | 8,902 | 0 | 14,714 | 0 | -4,700,442 / -6,042,222 | -7,623,497 / -3,119,167 |
| range_hi_p75 | 30,698 | 13,986 | 21,571 | 26,544 | 7,585 | 0 | 12,558 | 0 | -2,738,640 / -3,775,147 | -4,491,567 / -2,022,220 |
| range_hi_p90 | 34,179 | 15,674 | 24,174 | 29,725 | 8,500 | 0 | 14,051 | 0 | -3,692,328 / -4,977,357 | -6,052,017 / -2,617,668 |
| range_lo_none | 35,763 | 16,495 | 25,396 | 31,208 | 8,901 | 0 | 14,713 | 0 | -4,695,104 / -6,006,006 | -7,603,636 / -3,097,473 |
| range_lo_p10 | 32,069 | 15,139 | 23,036 | 28,143 | 7,897 | 0 | 13,004 | 0 | -4,601,157 / -5,812,359 | -7,425,142 / -2,988,373 |
| range_lo_p25 | 26,062 | 12,646 | 18,954 | 23,071 | 6,308 | 0 | 10,425 | 0 | -4,306,773 / -5,295,748 | -6,899,906 / -2,702,615 |
| range_lo_p50 | 16,114 | 8,187 | 11,961 | 14,420 | 3,774 | 0 | 6,233 | 0 | -3,493,012 / -4,079,631 | -5,509,951 / -2,062,691 |
| step_2 | 34,018 | 15,696 | 22,223 | 29,285 | 6,527 | 0 | 13,589 | 0 | -3,227,696 / -4,186,111 | -4,997,660 / -2,416,147 |
| step_4 | 34,383 | 16,065 | 19,137 | 25,140 | 3,072 | 0 | 9,075 | 0 | -2,139,633 / -2,754,523 | -2,784,378 / -2,109,778 |
| vola_gate_p10 | 31,596 | 14,845 | 22,745 | 27,853 | 7,900 | 0 | 13,008 | 0 | -4,545,193 / -5,735,605 | -7,355,647 / -2,925,151 |
| vola_gate_p25 | 25,409 | 12,158 | 18,497 | 22,619 | 6,339 | 0 | 10,461 | 0 | -4,195,580 / -5,176,924 | -6,779,177 / -2,593,327 |
| vola_gate_p50 | 15,921 | 7,778 | 11,754 | 14,335 | 3,976 | 0 | 6,557 | 0 | -3,369,593 / -4,040,708 | -5,412,678 / -1,997,624 |
