| 本 | 区切り | 日数 | 本の最初の取引の日 | 差 円/日 [区間] |
|---|---|---|---|---|
| range_hi_p75 | 全期間 | 2939 | 2015-12-08 | -88.7 [-149.6, -25.0] |
| range_hi_p75 | 前半 | 1469 | 2015-12-08 | -189.5 [-305.2, -80.7] |
| range_hi_p75 | 後半 | 1470 | 2015-12-08 | +12.1 [-50.0, +73.4] |
| range_hi_p75 | 2015 | 31 | 2015-12-08 | -179.6 [-1490.7, +1235.4] |
| range_hi_p90 | 全期間 | 2939 | 2015-12-08 | -59.4 [-111.0, -8.3] |
| range_hi_p90 | 前半 | 1469 | 2015-12-08 | -114.8 [-209.1, -29.7] |
| range_hi_p90 | 後半 | 1470 | 2015-12-08 | -4.1 [-48.4, +36.3] |
| range_hi_p90 | 2015 | 31 | 2015-12-08 | -326.8 [-1539.4, +989.0] |
| break_len_mult_4 | 全期間 | 2939 | 2015-12-05 | +205.5 [+150.0, +263.2] |
| break_len_mult_4 | 前半 | 1469 | 2015-12-05 | +343.4 [+245.7, +441.8] |
| break_len_mult_4 | 後半 | 1470 | 2015-12-05 | +67.6 [+9.6, +124.0] |
| break_len_mult_4 | 2015 | 31 | 2015-12-05 | -1070.4 [-2179.8, -147.5] |
| count_80 | 全期間 | 2939 | 2015-12-05 | -11.5 [-105.6, +78.2] |
| count_80 | 前半 | 1469 | 2015-12-05 | +116.4 [-35.0, +257.9] |
| count_80 | 後半 | 1470 | 2015-12-05 | -139.3 [-246.8, -39.1] |
| count_80 | 2015 | 31 | 2015-12-05 | -140.1 [-1585.6, +1141.6] |
| foot_5 | 全期間 | 2939 | 2015-12-02 | +28.0 [-63.8, +134.1] |
| foot_5 | 前半 | 1469 | 2015-12-02 | -207.6 [-363.0, -63.7] |
| foot_5 | 後半 | 1470 | 2015-12-02 | +263.3 [+150.3, +375.8] |
| foot_5 | 2015 | 31 | 2015-12-02 | +19.2 [-846.4, +778.6] |
| count_20 | 全期間 | 2939 | 2015-11-30 | -185.2 [-253.4, -110.7] |
| count_20 | 前半 | 1469 | 2015-11-30 | -391.6 [-499.2, -277.4] |
| count_20 | 後半 | 1470 | 2015-11-30 | +21.1 [-65.5, +104.4] |
| count_20 | 2015 | 31 | 2015-11-30 | -31.4 [-723.2, +600.9] |
