## 幅の下の門 0.1857%(range_lo_p10)

| 半分 | 合図の後 | 外した合図の本数 | 外した合図 | 24 時間後 | 24 時間前 | 通った合図の本数 | 通った合図 | 24 時間後 | 24 時間前 |
|---|---|---|---|---|---|---|---|---|---|
| 前半 | 1 分 | 30286 | -0.03 [-0.10, +0.02] | -0.08 [-0.17, +0.01] | +0.03 [-0.03, +0.08] | 144261 | -0.29 [-0.40, -0.19] | +0.01 [-0.07, +0.08] | +0.02 [-0.04, +0.09] |
| 前半 | 5 分 | 31058 | -0.35 [-0.47, -0.24] | -0.06 [-0.32, +0.29] | -0.03 [-0.17, +0.10] | 147249 | -0.69 [-0.94, -0.46] | -0.08 [-0.29, +0.12] | +0.06 [-0.13, +0.26] |
| 前半 | 15 分 | 30875 | -0.71 [-0.95, -0.50] | -0.38 [-0.85, +0.11] | -0.01 [-0.29, +0.24] | 146366 | -1.24 [-1.70, -0.82] | +0.04 [-0.34, +0.46] | -0.20 [-0.56, +0.20] |
| 前半 | 60 分 | 30811 | -1.19 [-1.82, -0.60] | -1.02 [-1.95, -0.19] | -0.11 [-0.68, +0.39] | 146098 | -1.04 [-1.99, -0.08] | +0.75 [-0.14, +1.62] | -1.24 [-2.16, -0.37] |
| 後半 | 1 分 | 19268 | -0.13 [-0.19, -0.07] | -0.05 [-0.12, +0.02] | +0.01 [-0.05, +0.08] | 154423 | -0.29 [-0.34, -0.22] | +0.07 [+0.01, +0.14] | -0.01 [-0.06, +0.05] |
| 後半 | 5 分 | 19944 | -0.24 [-0.38, -0.11] | -0.13 [-0.33, +0.08] | -0.02 [-0.17, +0.14] | 155794 | -0.41 [-0.56, -0.26] | +0.08 [-0.07, +0.24] | +0.06 [-0.07, +0.21] |
| 後半 | 15 分 | 19850 | -0.14 [-0.40, +0.10] | -0.02 [-0.44, +0.40] | -0.14 [-0.43, +0.18] | 155043 | -0.35 [-0.65, -0.09] | +0.27 [-0.01, +0.57] | +0.32 [+0.01, +0.72] |
| 後半 | 60 分 | 19881 | +0.02 [-0.64, +0.69] | +0.14 [-0.67, +1.02] | +0.09 [-0.52, +0.72] | 155002 | -0.10 [-0.69, +0.47] | +0.58 [-0.05, +1.26] | +0.38 [-0.26, +1.01] |

## 幅の下の門 0.3010%(range_lo_p25)

| 半分 | 合図の後 | 外した合図の本数 | 外した合図 | 24 時間後 | 24 時間前 | 通った合図の本数 | 通った合図 | 24 時間後 | 24 時間前 |
|---|---|---|---|---|---|---|---|---|---|
| 前半 | 1 分 | 61413 | -0.04 [-0.11, +0.01] | -0.03 [-0.09, +0.04] | +0.03 [-0.01, +0.08] | 114769 | -0.35 [-0.47, -0.23] | +0.02 [-0.08, +0.11] | +0.02 [-0.06, +0.10] |
| 前半 | 5 分 | 63150 | -0.31 [-0.42, -0.20] | +0.02 [-0.16, +0.22] | -0.02 [-0.14, +0.09] | 116869 | -0.80 [-1.11, -0.52] | -0.11 [-0.37, +0.13] | +0.09 [-0.16, +0.33] |
| 前半 | 15 分 | 62758 | -0.68 [-0.93, -0.46] | -0.16 [-0.48, +0.16] | -0.06 [-0.30, +0.15] | 116179 | -1.42 [-1.97, -0.90] | +0.06 [-0.41, +0.57] | -0.18 [-0.62, +0.29] |
| 前半 | 60 分 | 62643 | -1.41 [-2.11, -0.81] | -0.48 [-1.25, +0.25] | -0.31 [-0.86, +0.24] | 115956 | -0.98 [-2.10, +0.17] | +0.94 [-0.15, +1.99] | -1.42 [-2.50, -0.36] |
| 後半 | 1 分 | 53526 | -0.12 [-0.16, -0.07] | -0.04 [-0.09, +0.01] | +0.01 [-0.04, +0.05] | 123564 | -0.32 [-0.40, -0.25] | +0.10 [+0.03, +0.18] | -0.00 [-0.07, +0.07] |
| 後半 | 5 分 | 54838 | -0.30 [-0.40, -0.20] | -0.12 [-0.25, +0.02] | -0.01 [-0.12, +0.11] | 124314 | -0.43 [-0.62, -0.24] | +0.16 [-0.03, +0.36] | +0.09 [-0.07, +0.28] |
| 後半 | 15 分 | 54568 | -0.34 [-0.58, -0.13] | -0.00 [-0.33, +0.30] | +0.02 [-0.23, +0.26] | 123725 | -0.32 [-0.69, +0.02] | +0.35 [+0.01, +0.71] | +0.40 [+0.03, +0.91] |
| 後半 | 60 分 | 54647 | -0.19 [-0.70, +0.28] | +0.17 [-0.45, +0.82] | +0.26 [-0.25, +0.78] | 123651 | +0.04 [-0.68, +0.69] | +0.73 [-0.03, +1.56] | +0.36 [-0.43, +1.16] |

## 幅の下の門 0.5133%(range_lo_p50)

| 半分 | 合図の後 | 外した合図の本数 | 外した合図 | 24 時間後 | 24 時間前 | 通った合図の本数 | 通った合図 | 24 時間後 | 24 時間前 |
|---|---|---|---|---|---|---|---|---|---|
| 前半 | 1 分 | 103203 | -0.08 [-0.15, -0.02] | -0.05 [-0.13, +0.01] | +0.03 [-0.02, +0.07] | 73659 | -0.46 [-0.64, -0.29] | +0.08 [-0.05, +0.20] | +0.03 [-0.09, +0.15] |
| 前半 | 5 分 | 105971 | -0.37 [-0.50, -0.26] | -0.07 [-0.22, +0.09] | +0.03 [-0.09, +0.14] | 74705 | -0.92 [-1.36, -0.49] | -0.09 [-0.43, +0.24] | +0.12 [-0.22, +0.46] |
| 前半 | 15 分 | 105338 | -0.71 [-0.96, -0.49] | -0.22 [-0.49, +0.06] | -0.04 [-0.27, +0.20] | 74271 | -1.66 [-2.41, -0.91] | +0.20 [-0.52, +0.94] | -0.28 [-0.92, +0.44] |
| 前半 | 60 分 | 105122 | -1.32 [-1.98, -0.67] | -0.49 [-1.19, +0.18] | -0.75 [-1.32, -0.19] | 74126 | -0.67 [-2.18, +0.90] | +1.81 [+0.39, +3.23] | -1.54 [-3.07, -0.01] |
| 後半 | 1 分 | 107273 | -0.18 [-0.22, -0.13] | +0.03 [-0.02, +0.09] | -0.01 [-0.07, +0.03] | 71128 | -0.37 [-0.49, -0.26] | +0.10 [-0.00, +0.24] | +0.03 [-0.07, +0.13] |
| 後半 | 5 分 | 109097 | -0.32 [-0.42, -0.23] | -0.06 [-0.18, +0.06] | -0.01 [-0.11, +0.09] | 71314 | -0.44 [-0.75, -0.13] | +0.27 [+0.01, +0.56] | +0.21 [-0.07, +0.47] |
| 後半 | 15 分 | 108581 | -0.29 [-0.50, -0.12] | +0.16 [-0.10, +0.40] | +0.13 [-0.08, +0.35] | 70960 | -0.31 [-0.87, +0.22] | +0.46 [-0.01, +1.00] | +0.51 [-0.13, +1.30] |
| 後半 | 60 分 | 108649 | +0.11 [-0.31, +0.51] | +0.28 [-0.26, +0.81] | -0.04 [-0.56, +0.43] | 70870 | -0.40 [-1.41, +0.61] | +1.01 [-0.11, +2.33] | +0.98 [-0.27, +2.27] |

## 幅の上の門 1.4995%(range_hi_p90)

| 半分 | 合図の後 | 外した合図の本数 | 外した合図 | 24 時間後 | 24 時間前 | 通った合図の本数 | 通った合図 | 24 時間後 | 24 時間前 |
|---|---|---|---|---|---|---|---|---|---|
| 前半 | 1 分 | 11290 | -0.63 [-1.47, +0.21] | -0.15 [-0.64, +0.34] | -0.02 [-0.54, +0.50] | 160758 | -0.23 [-0.30, -0.16] | +0.01 [-0.07, +0.08] | +0.03 [-0.03, +0.08] |
| 前半 | 5 分 | 11407 | -1.39 [-3.13, +0.50] | +0.04 [-0.99, +1.12] | +0.31 [-1.42, +1.93] | 164336 | -0.57 [-0.73, -0.42] | -0.07 [-0.25, +0.10] | +0.04 [-0.10, +0.17] |
| 前半 | 15 分 | 11341 | -3.73 [-6.94, -0.30] | +0.57 [-1.71, +2.69] | +0.19 [-2.97, +3.45] | 163365 | -0.97 [-1.25, -0.70] | -0.06 [-0.44, +0.27] | -0.20 [-0.50, +0.06] |
| 前半 | 60 分 | 11324 | +0.30 [-4.84, +5.87] | +6.72 [+1.77, +11.47] | -2.51 [-8.30, +3.63] | 163050 | -1.15 [-1.85, -0.51] | +0.08 [-0.68, +0.84] | -0.96 [-1.62, -0.27] |
| 後半 | 1 分 | 5804 | -0.93 [-1.50, -0.30] | +0.54 [+0.06, +1.07] | +0.14 [-0.43, +0.65] | 165106 | -0.25 [-0.30, -0.19] | +0.05 [-0.00, +0.10] | -0.01 [-0.06, +0.04] |
| 後半 | 5 分 | 5806 | -2.51 [-4.75, -0.41] | +1.36 [-0.28, +3.00] | +0.95 [-0.33, +2.10] | 167084 | -0.32 [-0.44, -0.21] | +0.02 [-0.09, +0.15] | +0.02 [-0.09, +0.14] |
| 後半 | 15 分 | 5774 | -2.83 [-5.73, +0.46] | +1.18 [-1.30, +3.60] | +4.20 [+0.25, +8.41] | 166286 | -0.25 [-0.50, -0.05] | +0.22 [-0.04, +0.47] | +0.14 [-0.12, +0.42] |
| 後半 | 60 分 | 5773 | +1.83 [-4.62, +7.87] | +5.13 [-0.78, +10.66] | +10.60 [+4.06, +16.35] | 166277 | -0.16 [-0.64, +0.25] | +0.41 [-0.13, +0.97] | -0.01 [-0.55, +0.51] |

## 幅の上の門 0.8844%(range_hi_p75)

| 半分 | 合図の後 | 外した合図の本数 | 外した合図 | 24 時間後 | 24 時間前 | 通った合図の本数 | 通った合図 | 24 時間後 | 24 時間前 |
|---|---|---|---|---|---|---|---|---|---|
| 前半 | 1 分 | 31981 | -0.64 [-1.00, -0.27] | +0.03 [-0.20, +0.26] | -0.08 [-0.30, +0.14] | 140555 | -0.16 [-0.22, -0.10] | -0.02 [-0.09, +0.05] | +0.04 [-0.01, +0.10] |
| 前半 | 5 分 | 32340 | -1.22 [-2.10, -0.35] | +0.38 [-0.16, +0.95] | -0.04 [-0.74, +0.65] | 143923 | -0.50 [-0.64, -0.37] | -0.17 [-0.34, -0.01] | +0.06 [-0.07, +0.19] |
| 前半 | 15 分 | 32120 | -2.20 [-3.71, -0.69] | +0.87 [-0.34, +2.01] | -0.56 [-1.83, +0.75] | 143097 | -0.92 [-1.17, -0.67] | -0.24 [-0.57, +0.11] | -0.10 [-0.40, +0.17] |
| 前半 | 60 分 | 32106 | +0.16 [-2.78, +3.00] | +4.93 [+2.41, +7.18] | -1.77 [-4.74, +1.15] | 142788 | -1.32 [-2.01, -0.73] | -0.51 [-1.24, +0.27] | -0.95 [-1.55, -0.27] |
| 後半 | 1 分 | 21602 | -0.56 [-0.81, -0.31] | +0.20 [-0.06, +0.54] | +0.15 [-0.10, +0.37] | 149982 | -0.23 [-0.27, -0.18] | +0.04 [-0.00, +0.09] | -0.02 [-0.07, +0.02] |
| 後半 | 5 分 | 21617 | -1.00 [-1.83, -0.27] | +0.61 [-0.08, +1.43] | +0.56 [-0.07, +1.16] | 151951 | -0.31 [-0.42, -0.21] | -0.02 [-0.14, +0.09] | -0.01 [-0.11, +0.09] |
| 後半 | 15 分 | 21527 | -1.18 [-2.46, +0.22] | +0.64 [-0.28, +1.62] | +1.75 [+0.14, +3.58] | 151209 | -0.22 [-0.44, -0.03] | +0.18 [-0.09, +0.44] | +0.06 [-0.18, +0.33] |
| 後半 | 60 分 | 21490 | +0.56 [-2.04, +3.13] | +1.81 [-0.95, +4.94] | +3.70 [+0.83, +6.69] | 151230 | -0.23 [-0.70, +0.18] | +0.37 [-0.18, +0.91] | -0.15 [-0.65, +0.34] |

## ボラの門 0.0170%(vola_gate_p10)

| 半分 | 合図の後 | 外した合図の本数 | 外した合図 | 24 時間後 | 24 時間前 | 通った合図の本数 | 通った合図 | 24 時間後 | 24 時間前 |
|---|---|---|---|---|---|---|---|---|---|
| 前半 | 1 分 | 26897 | +0.04 [-0.04, +0.11] | -0.02 [-0.11, +0.06] | +0.06 [+0.01, +0.11] | 145739 | -0.30 [-0.40, -0.20] | -0.00 [-0.08, +0.08] | +0.02 [-0.05, +0.08] |
| 前半 | 5 分 | 28765 | -0.13 [-0.27, +0.02] | -0.07 [-0.32, +0.23] | +0.05 [-0.06, +0.16] | 147659 | -0.73 [-0.98, -0.50] | -0.08 [-0.30, +0.12] | +0.05 [-0.15, +0.24] |
| 前半 | 15 分 | 28476 | -0.44 [-0.67, -0.24] | -0.42 [-0.84, -0.00] | +0.13 [-0.13, +0.35] | 146897 | -1.29 [-1.75, -0.88] | +0.04 [-0.36, +0.46] | -0.22 [-0.58, +0.18] |
| 前半 | 60 分 | 28332 | -1.07 [-1.64, -0.53] | -0.83 [-1.77, -0.03] | -0.03 [-0.61, +0.48] | 146691 | -1.08 [-2.02, -0.12] | +0.73 [-0.15, +1.60] | -1.25 [-2.15, -0.40] |
| 後半 | 1 分 | 15006 | -0.08 [-0.14, -0.02] | -0.02 [-0.10, +0.05] | +0.06 [-0.01, +0.13] | 156568 | -0.29 [-0.35, -0.22] | +0.07 [+0.01, +0.14] | -0.01 [-0.06, +0.05] |
| 後半 | 5 分 | 15900 | -0.18 [-0.30, -0.05] | -0.07 [-0.27, +0.13] | +0.06 [-0.11, +0.23] | 157689 | -0.41 [-0.57, -0.26] | +0.08 [-0.07, +0.24] | +0.06 [-0.07, +0.21] |
| 後半 | 15 分 | 15832 | -0.19 [-0.42, +0.06] | -0.18 [-0.58, +0.23] | -0.04 [-0.30, +0.26] | 156923 | -0.35 [-0.65, -0.09] | +0.29 [+0.02, +0.58] | +0.31 [+0.00, +0.70] |
| 後半 | 60 分 | 15854 | -0.22 [-0.81, +0.35] | -0.18 [-1.02, +0.75] | +0.24 [-0.39, +0.99] | 156889 | -0.08 [-0.64, +0.46] | +0.64 [+0.04, +1.30] | +0.37 [-0.25, +0.97] |

## ボラの門 0.0276%(vola_gate_p25)

| 半分 | 合図の後 | 外した合図の本数 | 外した合図 | 24 時間後 | 24 時間前 | 通った合図の本数 | 通った合図 | 24 時間後 | 24 時間前 |
|---|---|---|---|---|---|---|---|---|---|
| 前半 | 1 分 | 55977 | +0.01 [-0.06, +0.09] | -0.02 [-0.09, +0.04] | +0.04 [-0.01, +0.08] | 117159 | -0.37 [-0.49, -0.25] | +0.00 [-0.09, +0.10] | +0.02 [-0.06, +0.10] |
| 前半 | 5 分 | 58858 | -0.23 [-0.36, -0.10] | -0.04 [-0.23, +0.16] | -0.04 [-0.15, +0.06] | 118041 | -0.83 [-1.14, -0.54] | -0.10 [-0.36, +0.14] | +0.09 [-0.15, +0.32] |
| 前半 | 15 分 | 58388 | -0.60 [-0.81, -0.39] | -0.32 [-0.66, +0.03] | -0.13 [-0.36, +0.08] | 117455 | -1.43 [-1.97, -0.92] | +0.12 [-0.35, +0.61] | -0.20 [-0.66, +0.26] |
| 前半 | 60 分 | 58160 | -1.21 [-1.82, -0.62] | -0.77 [-1.52, -0.11] | -0.09 [-0.70, +0.48] | 117344 | -1.05 [-2.15, +0.13] | +1.07 [-0.00, +2.13] | -1.51 [-2.59, -0.45] |
| 後半 | 1 分 | 43354 | -0.11 [-0.16, -0.07] | -0.01 [-0.06, +0.05] | +0.01 [-0.04, +0.05] | 129228 | -0.32 [-0.40, -0.25] | +0.09 [+0.02, +0.16] | -0.00 [-0.07, +0.06] |
| 後半 | 5 分 | 44920 | -0.27 [-0.37, -0.17] | -0.04 [-0.19, +0.10] | -0.03 [-0.16, +0.09] | 129677 | -0.43 [-0.62, -0.24] | +0.10 [-0.08, +0.29] | +0.09 [-0.06, +0.27] |
| 後半 | 15 分 | 44716 | -0.30 [-0.53, -0.09] | +0.00 [-0.28, +0.29] | -0.01 [-0.26, +0.21] | 129038 | -0.34 [-0.68, -0.02] | +0.32 [-0.01, +0.68] | +0.37 [-0.00, +0.86] |
| 後半 | 60 分 | 44786 | -0.32 [-0.79, +0.13] | +0.04 [-0.56, +0.69] | +0.17 [-0.38, +0.70] | 128962 | +0.02 [-0.67, +0.68] | +0.73 [+0.01, +1.53] | +0.39 [-0.36, +1.15] |

## ボラの門 0.0465%(vola_gate_p50)

| 半分 | 合図の後 | 外した合図の本数 | 外した合図 | 24 時間後 | 24 時間前 | 通った合図の本数 | 通った合図 | 24 時間後 | 24 時間前 |
|---|---|---|---|---|---|---|---|---|---|
| 前半 | 1 分 | 96095 | -0.05 [-0.12, +0.02] | -0.03 [-0.10, +0.02] | +0.02 [-0.03, +0.06] | 77293 | -0.48 [-0.65, -0.31] | +0.04 [-0.09, +0.16] | +0.03 [-0.08, +0.15] |
| 前半 | 5 分 | 99513 | -0.28 [-0.40, -0.17] | -0.06 [-0.22, +0.09] | -0.01 [-0.12, +0.10] | 77588 | -1.06 [-1.48, -0.65] | -0.07 [-0.40, +0.25] | +0.12 [-0.22, +0.46] |
| 前半 | 15 分 | 98847 | -0.66 [-0.92, -0.44] | -0.19 [-0.46, +0.08] | -0.12 [-0.36, +0.10] | 77209 | -1.72 [-2.46, -1.01] | +0.19 [-0.49, +0.89] | -0.21 [-0.82, +0.47] |
| 前半 | 60 分 | 98542 | -1.38 [-2.00, -0.78] | -0.60 [-1.34, +0.08] | -0.67 [-1.24, -0.13] | 77168 | -0.62 [-2.08, +0.88] | +1.82 [+0.54, +3.12] | -1.57 [-3.07, -0.07] |
| 後半 | 1 分 | 95357 | -0.15 [-0.19, -0.11] | +0.03 [-0.02, +0.09] | +0.02 [-0.03, +0.06] | 77916 | -0.41 [-0.52, -0.30] | +0.10 [+0.01, +0.23] | -0.03 [-0.13, +0.07] |
| 後半 | 5 分 | 97264 | -0.27 [-0.35, -0.18] | -0.03 [-0.14, +0.09] | -0.00 [-0.10, +0.09] | 77998 | -0.53 [-0.80, -0.25] | +0.20 [-0.07, +0.51] | +0.14 [-0.12, +0.40] |
| 後半 | 15 分 | 96810 | -0.30 [-0.50, -0.13] | +0.08 [-0.19, +0.36] | +0.06 [-0.16, +0.28] | 77610 | -0.35 [-0.88, +0.18] | +0.46 [-0.03, +0.97] | +0.52 [-0.07, +1.26] |
| 後半 | 60 分 | 96894 | -0.16 [-0.57, +0.23] | +0.27 [-0.27, +0.88] | -0.25 [-0.77, +0.27] | 77514 | -0.00 [-0.99, +1.00] | +0.91 [-0.22, +2.21] | +0.99 [-0.18, +2.18] |

## 幅の下の門 無し(基準より緩い)(range_lo_none)

| 半分 | 合図の後 | 外した合図の本数 | 外した合図 | 24 時間後 | 24 時間前 | 通った合図の本数 | 通った合図 | 24 時間後 | 24 時間前 |
|---|---|---|---|---|---|---|---|---|---|
| 前半 | 1 分 | 13 | -0.04 [-0.23, +0.15] | +1.48 [-1.16, +2.21] | -0.05 [-0.99, +0.43] | 171591 | -0.25 [-0.34, -0.16] | -0.00 [-0.07, +0.06] | +0.03 [-0.03, +0.08] |
| 前半 | 5 分 | 13 | -0.68 [-1.43, +2.54] | -0.21 [-2.54, +1.05] | -0.83 [-3.01, -0.10] | 175280 | -0.63 [-0.85, -0.43] | -0.08 [-0.26, +0.10] | +0.05 [-0.12, +0.21] |
| 前半 | 15 分 | 14 | +0.00 [-0.53, +2.91] | +0.51 [-1.28, +3.25] | -1.56 [-14.15, -0.25] | 174238 | -1.15 [-1.55, -0.79] | -0.03 [-0.37, +0.32] | -0.16 [-0.48, +0.16] |
| 前半 | 60 分 | 14 | +0.45 [-8.10, +22.46] | +28.63 [-1.32, +42.54] | -3.38 [-30.01, +0.61] | 173906 | -1.06 [-1.86, -0.25] | +0.49 [-0.30, +1.23] | -1.05 [-1.85, -0.32] |
| 後半 | 1 分 | 0 | — | — | — | 170540 | -0.27 [-0.32, -0.21] | +0.06 [+0.01, +0.12] | -0.00 [-0.05, +0.05] |
| 後半 | 5 分 | 0 | — | — | — | 172520 | -0.39 [-0.53, -0.25] | +0.07 [-0.07, +0.21] | +0.06 [-0.07, +0.19] |
| 後半 | 15 分 | 0 | — | — | — | 171692 | -0.33 [-0.60, -0.10] | +0.25 [-0.00, +0.52] | +0.28 [-0.01, +0.63] |
| 後半 | 60 分 | 0 | — | — | — | 171679 | -0.08 [-0.60, +0.41] | +0.57 [-0.01, +1.17] | +0.35 [-0.22, +0.94] |

## 幅の上の門 無し(基準より緩い)(range_hi_none)

| 半分 | 合図の後 | 外した合図の本数 | 外した合図 | 24 時間後 | 24 時間前 | 通った合図の本数 | 通った合図 | 24 時間後 | 24 時間前 |
|---|---|---|---|---|---|---|---|---|---|
| 前半 | 1 分 | 6 | -5.86 [-77.82, +54.69] | -16.93 [-37.47, +9.75] | -4.02 [-12.34, +3.71] | 171553 | -0.22 [-0.32, -0.13] | -0.00 [-0.07, +0.06] | +0.03 [-0.03, +0.08] |
| 前半 | 5 分 | 7 | -92.60 [-245.40, +49.13] | -6.65 [-59.63, +71.13] | +6.72 [-2.97, +13.23] | 175243 | -0.59 [-0.81, -0.39] | -0.08 [-0.27, +0.09] | +0.05 [-0.12, +0.21] |
| 前半 | 15 分 | 7 | -156.78 [-213.50, -76.20] | +10.29 [-33.54, +112.76] | +5.75 [-28.28, +24.93] | 174203 | -1.10 [-1.49, -0.76] | -0.04 [-0.38, +0.32] | -0.16 [-0.48, +0.16] |
| 前半 | 60 分 | 7 | -301.01 [-676.98, +90.48] | +20.09 [-109.24, +228.36] | -104.30 [-320.12, +42.75] | 173872 | -1.02 [-1.78, -0.22] | +0.47 [-0.32, +1.22] | -1.05 [-1.84, -0.31] |
| 後半 | 1 分 | 3 | -34.83 [-54.67, -9.73] | +2.95 [-7.77, +15.55] | -2.09 [-16.90, +16.23] | 170555 | -0.26 [-0.32, -0.20] | +0.07 [+0.01, +0.12] | -0.00 [-0.05, +0.05] |
| 後半 | 5 分 | 3 | -46.81 [-99.36, +30.82] | -7.25 [-9.35, -4.98] | -51.41 [-98.90, -6.75] | 172535 | -0.37 [-0.51, -0.24] | +0.07 [-0.07, +0.22] | +0.06 [-0.07, +0.19] |
| 後半 | 15 分 | 3 | -103.96 [-464.68, +210.34] | +63.28 [-4.76, +178.25] | -46.70 [-75.36, -4.65] | 171707 | -0.32 [-0.59, -0.09] | +0.24 [-0.01, +0.52] | +0.28 [-0.01, +0.63] |
| 後半 | 60 分 | 3 | -308.09 [-824.04, -13.47] | -5.65 [-176.46, +137.08] | -96.61 [-174.60, +17.48] | 171697 | -0.09 [-0.61, +0.40] | +0.57 [-0.01, +1.18] | +0.35 [-0.22, +0.94] |

## 外した合図の群に混ざる、門の走らせが持ち高を持っていた間の合図

| 門 | 外した合図 | 建て ≤ 合図 ≤ 出(出の時刻ちょうどを含む) | 割合 | 建て ≤ 合図 < 出(含まない。批評家の数え方) | 割合 |
|---|---|---|---|---|---|
| 幅の下の門 0.1857% | 51152 | 1252 | 2.45% | 350 | 0.68% |
| 幅の下の門 0.3010% | 118358 | 2119 | 1.79% | 593 | 0.50% |
| 幅の下の門 0.5133% | 215712 | 2492 | 1.16% | 550 | 0.25% |
| 幅の上の門 1.4995% | 17330 | 1102 | 6.36% | 160 | 0.92% |
| 幅の上の門 0.8844% | 54195 | 2911 | 5.37% | 481 | 0.89% |
| ボラの門 0.0170% | 45110 | 1368 | 3.03% | 226 | 0.50% |
| ボラの門 0.0276% | 104498 | 2179 | 2.09% | 312 | 0.30% |
| ボラの門 0.0465% | 197695 | 2685 | 1.36% | 370 | 0.19% |
