| 本 − base | 前半 | 後半 | 境 |
|---|---|---|---|
| count_20 | -392 [-499, -277](MDE 166) | +21 [-66, +104](MDE 122) | 前半 2015-12-01〜2019-12-08・後半 2019-12-09〜2023-12-17 |
| count_80 | +126 [-27, +271](MDE 212) | -138 [-250, -25](MDE 161) | 前半 2015-12-05〜2019-12-10・後半 2019-12-11〜2023-12-17 |
| alert_x1 | +12 [-0, +26](MDE 19) | +1 [-7, +8](MDE 11) | 前半 2015-12-01〜2019-12-08・後半 2019-12-09〜2023-12-17 |
| alert_x2 | +7 [-5, +20](MDE 17) | +1 [-6, +9](MDE 11) | 前半 2015-12-01〜2019-12-08・後半 2019-12-09〜2023-12-17 |
| entry_exit_3_2 | +143 [+68, +219](MDE 110) | -212 [-273, -154](MDE 83) | 前半 2015-12-01〜2019-12-08・後半 2019-12-09〜2023-12-17 |
| entry_exit_2_1 | +114 [-30, +238](MDE 196) | -470 [-565, -372](MDE 134) | 前半 2015-12-01〜2019-12-08・後半 2019-12-09〜2023-12-17 |
| step_2 | -116 [-163, -72](MDE 66) | +50 [+16, +84](MDE 47) | 前半 2015-12-01〜2019-12-08・後半 2019-12-09〜2023-12-17 |
| step_4 | -233 [-314, -160](MDE 112) | +66 [+12, +116](MDE 72) | 前半 2015-12-01〜2019-12-08・後半 2019-12-09〜2023-12-17 |
| break_dist_0.25 | -17 [-94, +61](MDE 109) | +111 [+54, +174](MDE 84) | 前半 2015-12-01〜2019-12-08・後半 2019-12-09〜2023-12-17 |
| break_dist_1 | +110 [+19, +213](MDE 144) | -16 [-96, +58](MDE 110) | 前半 2015-12-01〜2019-12-08・後半 2019-12-09〜2023-12-17 |
| break_len_mult_4 | +356 [+265, +449](MDE 139) | +67 [+9, +126](MDE 85) | 前半 2015-12-05〜2019-12-10・後半 2019-12-11〜2023-12-17 |
| beard_off | +129 [+37, +221](MDE 132) | -55 [-127, +11](MDE 99) | 前半 2015-12-01〜2019-12-08・後半 2019-12-09〜2023-12-17 |
| break_delay_2 | -40 [-89, +3](MDE 64) | +38 [+13, +64](MDE 38) | 前半 2015-12-01〜2019-12-08・後半 2019-12-09〜2023-12-17 |
| break_delay_3 | -42 [-105, +14](MDE 82) | +68 [+35, +101](MDE 48) | 前半 2015-12-01〜2019-12-08・後半 2019-12-09〜2023-12-17 |
| break_delay_4 | -59 [-126, -1](MDE 90) | +76 [+37, +114](MDE 57) | 前半 2015-12-01〜2019-12-08・後半 2019-12-09〜2023-12-17 |
| break_delay_8 | -127 [-200, -59](MDE 104) | +40 [-8, +87](MDE 69) | 前半 2015-12-01〜2019-12-08・後半 2019-12-09〜2023-12-17 |
| break_off | +424 [+235, +634](MDE 289) | +160 [+21, +289](MDE 192) | 前半 2015-12-01〜2019-12-08・後半 2019-12-09〜2023-12-17 |
| range_lo_none | +0 [-0, +0](MDE 0) | +0 [+0, +0](MDE 0) | 前半 2015-12-01〜2019-12-08・後半 2019-12-09〜2023-12-17 |
| range_lo_p10 | -28 [-42, -14](MDE 20) | +19 [+13, +25](MDE 9) | 前半 2015-12-01〜2019-12-08・後半 2019-12-09〜2023-12-17 |
| range_lo_p25 | -59 [-89, -30](MDE 42) | +83 [+67, +103](MDE 25) | 前半 2015-12-01〜2019-12-08・後半 2019-12-09〜2023-12-17 |
| range_lo_p50 | -107 [-157, -53](MDE 77) | +199 [+163, +242](MDE 55) | 前半 2015-12-01〜2019-12-08・後半 2019-12-09〜2023-12-17 |
| range_hi_p75 | -174 [-279, -77](MDE 150) | +10 [-56, +73](MDE 91) | 前半 2015-12-08〜2019-12-12・後半 2019-12-13〜2023-12-17 |
| range_hi_p90 | -99 [-184, -18](MDE 118) | -6 [-47, +37](MDE 60) | 前半 2015-12-08〜2019-12-12・後半 2019-12-13〜2023-12-17 |
| range_hi_none | +28 [-1, +71](MDE 53) | -2 [-18, +12](MDE 21) | 前半 2015-12-01〜2019-12-08・後半 2019-12-09〜2023-12-17 |
| vola_gate_p10 | -21 [-47, +5](MDE 39) | +19 [+11, +27](MDE 11) | 前半 2015-12-01〜2019-12-08・後半 2019-12-09〜2023-12-17 |
| vola_gate_p25 | -40 [-87, +8](MDE 66) | +93 [+74, +120](MDE 32) | 前半 2015-12-01〜2019-12-08・後半 2019-12-09〜2023-12-17 |
| vola_gate_p50 | -78 [-144, -7](MDE 97) | +186 [+148, +228](MDE 58) | 前半 2015-12-01〜2019-12-08・後半 2019-12-09〜2023-12-17 |
