値動きの 3 つ組 528・口座の bp の 3 つ組 999・円(× 20)の 3 つ組 1,911・MFE・MAE の組 114

| 何を | 仕分け | 数 |
|---|---|---|
| 3 つ組 | どれでもない | 920 |
| 3 つ組 | 値動き | 238 |
| 3 つ組 | 値動き・口座の bp | 5 |
| 3 つ組 | 円 | 550 |
| 3 つ組 | 口座の bp | 94 |
| MFE・MAE の組の単位 | 値動き | 65 |
| 値動きの 3 つ組の単位 | bp だけ | 1 |
| 値動きの 3 つ組の単位 | 値動き | 240 |
| 値動きの 3 つ組の単位 | 口座の bp | 1 |
| 値動きの 3 つ組の単位 | 無し | 1 |

## 値動きの 3 つ組の写しのうち、単位が「値動き」でないもの

| 文書 | 行 | 写し | 合った出力の種類 | 書かれた単位 | どこから読んだか | 合った出力 |
|---|---|---|---|---|---|---|
| 2026-10-09_matilda_main_base.md | 335 | +0.54 [+0.04, +1.03] | 値動き | 無し | 同じ行 | base/diag_paths.json.d5.建てた合図(起点 = 合図の時刻).60.control_24h |
| 2026-10-09_matilda_main_levels.md | 294 | −0.51 [−0.62, −0.40] | 値動き・口座の bp | 口座の bp | 表の前の文 | entry_exit_3_2/diag_paths.json.d5.建てた合図(起点 = 建ての時刻).5.signal |
| 2026-10-09_matilda_main_vola_gate.md | 247 | +1.36 [+0.43, +2.34] | 値動き | bp だけ | 同じ行 | vola_gate_p50/diag_paths.json.d5.建てた合図(起点 = 建ての時刻).60.control_24h |

## MFE・MAE の組の写しのうち、単位が「値動き」でないもの

| 文書 | 行 | 写し | 書かれた単位 | 合った出力 |
|---|---|---|---|---|
