値動きの bp の出力: 35 ファイル、葉 3,132

| 仕分け | 単位の書き方 | 数 |
|---|---|---|
| M1 | bp だけ | 5 |
| M1 | 値動き | 1,030 |
| M1 | 円 | 91 |
| M1 | 口座の bp | 43 |
| M1 | 無し | 299 |
| M20 | bp だけ | 5 |
| M20 | 値動き | 3 |
| M20 | 円 | 39 |
| M20 | 口座の bp | 7 |
| M20 | 無し | 35 |

計 1,557(偶然の一致を含む。M1 の「円」「口座の bp」「bp だけ」「無し」と M20 は行の中身を見て仕分ける)

| 文書 | 行 | 数 | 仕分け | 単位の書き方 | 手がかり | 合った出力 | 行の頭 |
|---|---|---|---|---|---|---|---|
| 2026-10-09_matilda_main_base.md | 104 | −156 | M20 | 円 | 直後「円(2015 年 128」 | base/diag_paths.json -7.817373677997322 × 20 | - 成行の約定の側(第 6 版の行): `PYTHONPATH=src python3 docs/RESEARCH/ma |
| 2026-10-09_matilda_main_base.md | 141 | +0.30 | M20 | 口座の bp | 列「1 日あたり bp [区間](1 bp = 20 円)」 | base/diag_paths.json -0.01508404927316087 × 20 | / 2020 / 366 / +0.30 [-7.90, +8.16] / +6 [-158, +163] / +11. |
| 2026-10-09_matilda_main_base.md | 143 | +10.16 | M20 | bp だけ | 列「MDE(bp)」 | base/diag_paths.json -0.5080019365380556 × 20 | / 2022 / 365 / -13.15 [-20.44, -6.51] / -263 [-409, -130] /  |
| 2026-10-09_matilda_main_base.md | 144 | +11.60 | M20 | bp だけ | 列「MDE(bp)」 | base/diag_paths.json -0.5756531747537047(表示) × 20 | / 2023 / 351 / -23.94 [-31.95, -15.74] / -479 [-639, -315] / |
| 2026-10-09_matilda_main_base.md | 261 | −134.7 | M20 | 円 | 列「前半 ブレイク 本 / 和 / 1 本あたり」 | base/diag_paths.json -6.734514518354876 × 20 | / 4 / 8,901 / +975,868 / +109.6 / 2,416 / −325,457 / −134.7  |
| 2026-10-09_matilda_main_base.md | 335 | +0.54 | M1 | 無し | 直後「[+0.04, +1.03」 | base/diag_paths.json 0.5398815675342171 | - 対照の 60 分に +0.54 [+0.04, +1.03] が出ている。合図の向き(売りが多いか買いが多いか)と全 |
| 2026-10-09_matilda_main_base.md | 335 | +0.04 | M1 | 無し | 直後「, +1.03] が出ている」 | base/diag_paths.json 0.03947260265398528 | - 対照の 60 分に +0.54 [+0.04, +1.03] が出ている。合図の向き(売りが多いか買いが多いか)と全 |
| 2026-10-09_matilda_main_base.md | 335 | +1.03 | M1 | 無し | 直後「] が出ている。合図の向き(」 | base/diag_paths.json 1.027940914404314 | - 対照の 60 分に +0.54 [+0.04, +1.03] が出ている。合図の向き(売りが多いか買いが多いか)と全 |
| 2026-10-09_matilda_main_base.md | 432 | +0.54 | M1 | 無し | 列「観察」 | base/diag_paths.json 0.5398815675342171 | / 11 / D5 の 24 時間後の対照の 60 分に +0.54 の偏り / D5 対照の 60 分の行 / d / |
| 2026-10-09_matilda_main_base.md | 465 | 10.80 | M20 | 無し | 列「50%」 | base/diag_paths.json 0.5398815675342171 × 20 | / 2017 / 514,890 / 8.90 / 10.80 / 13.24 / 0.8719 / |
| 2026-10-09_matilda_main_base.md | 476 | +0.80 | M20 | 無し | 直後「ポイント、D9b の行 1」 | base/diag_paths.json 0.03947260265398528(表示) × 20 | - 読み【事実】: 幅 ÷ ボラ の中央値は前半 10.90 → 後半 11.20 と少し上がり、式のとんとん(1 段) |
| 2026-10-09_matilda_main_base.md | 476 | 10.80 | M20 | 無し | 直後「)、2021〜2023 年に」 | base/diag_paths.json 0.5398815675342171 × 20 | - 読み【事実】: 幅 ÷ ボラ の中央値は前半 10.90 → 後半 11.20 と少し上がり、式のとんとん(1 段) |
| 2026-10-09_matilda_main_base.md | 477 | 10.80 | M20 | 無し | 直後「で正、2020〜2022」 | base/diag_paths.json 0.5398815675342171 × 20 | - 読み【推定】: 取引のとんとんの上がりの一部は、市場の 幅 ÷ ボラ の上がり(同じボラに対してレンジが広い = ブ |
| 2026-10-09_matilda_main_levels.md | 124 | +0.76 | M1 | bp だけ | 列「levels_3」 | levels_3/diag_paths.json -0.7552789744645282 | / 2015 / +80.72 [−53.91, +292.43] / +0.76 [−76.71, +97.34] / |
| 2026-10-09_matilda_main_levels.md | 125 | +6.63 | M1 | bp だけ | 列「base(5)」 | levels_3/diag_paths.json -6.628557617263805 | / 2016 / +42.83 [+17.11, +69.95] / +15.01 [−3.14, +33.52] /  |
| 2026-10-09_matilda_main_levels.md | 129 | +2.82 | M20 | bp だけ | 列「levels_3」 | levels_3/diag_paths.json 0.1411006835968457 × 20 | / 2020 / −36.61 [−48.14, −26.20] / −5.86 [−15.88, +2.82] / + |
| 2026-10-09_matilda_main_levels.md | 129 | +0.30 | M1 | bp だけ | 列「base(5)」 | levels_1/diag_paths.json 0.30421048851641797 | / 2020 / −36.61 [−48.14, −26.20] / −5.86 [−15.88, +2.82] / + |
| 2026-10-09_matilda_main_levels.md | 132 | −17.80 | M20 | bp だけ | 列「levels_7」 | levels_3/diag_paths.json -0.8928998786431115(表示) × 20 | / 2023 / −54.01 [−66.85, −40.76] / −34.30 [−44.16, −24.15] / |
| 2026-10-09_matilda_main_levels.md | 196 | +0.25 | M1 | 円 | 列「差(ポイント)」 | levels_7/diag_paths.json -0.25302341963671204 | / 前半 / levels_1 / 169,107 / 0.8771 / 0.8746 / +0.25 / +63.0  |
| 2026-10-09_matilda_main_levels.md | 197 | +0.73 | M1 | 円 | 列「差(ポイント)」 | levels_7/diag_paths.json -0.7267400927013923 | / 前半 / levels_3 / 174,160 / 0.8816 / 0.8743 / +0.73 / +50.3  |
| 2026-10-09_matilda_main_levels.md | 198 | +0.94 | M1 | 円 | 列「差(ポイント)」 | levels_1/diag_paths.json 0.9417848317834496 | / 前半 / base(5) / 176,097 / 0.8833 / 0.8739 / +0.94 / +40.5 / |
| 2026-10-09_matilda_main_levels.md | 199 | +1.06 | M1 | 円 | 列「差(ポイント)」 | levels_3/diag_paths.json 1.0629907431426253 | / 前半 / levels_7 / 176,894 / 0.8838 / 0.8732 / +1.06 / +33.2  |
| 2026-10-09_matilda_main_levels.md | 200 | −2.29 | M20 | 円 | 列「差(ポイント)」 | levels_1/diag_paths.json -0.11441605676364938 × 20 | / 後半 / levels_1 / 165,203 / 0.8671 / 0.8901 / −2.29 / +48.3  |
| 2026-10-09_matilda_main_levels.md | 201 | −1.18 | M20 | 円 | 列「差(ポイント)」 | base/diag_paths.json 0.058799172312870684 × 20 | / 後半 / levels_3 / 170,568 / 0.8717 / 0.8836 / −1.18 / +40.1  |
| 2026-10-09_matilda_main_levels.md | 207 | −2.29 | M20 | 無し | 直後「→ −0.70)。」 | levels_1/diag_paths.json -0.11441605676364938 × 20 | - 読み(記述): 段数を増やすほど、利確で閉じる割合が上がり(後半 0.8671 → 0.8741)、取引のとんとんが |
| 2026-10-09_matilda_main_levels.md | 292 | +0.12 | M1 | 口座の bp | 列「levels_1」 | levels_1/diag_paths.json 0.11992897063345825 | / 〜1 分 / +0.12 [+0.02, +0.20] / +0.13 [+0.07, +0.19] / +0.12 |
| 2026-10-09_matilda_main_levels.md | 292 | +0.02 | M1 | 口座の bp | 列「levels_1」 | levels_1/diag_paths.json 0.022249275608366578 | / 〜1 分 / +0.12 [+0.02, +0.20] / +0.13 [+0.07, +0.19] / +0.12 |
| 2026-10-09_matilda_main_levels.md | 292 | +0.20 | M1 | 口座の bp | 列「levels_1」 | levels_1/diag_paths.json -0.2041780853248277 | / 〜1 分 / +0.12 [+0.02, +0.20] / +0.13 [+0.07, +0.19] / +0.12 |
| 2026-10-09_matilda_main_levels.md | 292 | +0.13 | M1 | 口座の bp | 列「levels_3」 | levels_3/diag_paths.json 0.13062793898705294 | / 〜1 分 / +0.12 [+0.02, +0.20] / +0.13 [+0.07, +0.19] / +0.12 |
| 2026-10-09_matilda_main_levels.md | 292 | +0.07 | M1 | 口座の bp | 列「levels_3」 | levels_1/diag_paths.json 0.06533151249742096 | / 〜1 分 / +0.12 [+0.02, +0.20] / +0.13 [+0.07, +0.19] / +0.12 |
| 2026-10-09_matilda_main_levels.md | 292 | +0.12 | M1 | 口座の bp | 列「base(5)」 | levels_1/diag_paths.json 0.11992897063345825 | / 〜1 分 / +0.12 [+0.02, +0.20] / +0.13 [+0.07, +0.19] / +0.12 |
| 2026-10-09_matilda_main_levels.md | 292 | +0.07 | M1 | 口座の bp | 列「base(5)」 | levels_1/diag_paths.json 0.06533151249742096 | / 〜1 分 / +0.12 [+0.02, +0.20] / +0.13 [+0.07, +0.19] / +0.12 |
| 2026-10-09_matilda_main_levels.md | 292 | +0.10 | M1 | 口座の bp | 列「levels_7」 | levels_1/diag_paths.json -0.09812350107041606 | / 〜1 分 / +0.12 [+0.02, +0.20] / +0.13 [+0.07, +0.19] / +0.12 |
| 2026-10-09_matilda_main_levels.md | 292 | +0.06 | M1 | 口座の bp | 列「levels_7」 | levels_1/diag_paths.json 0.06480579343351518 | / 〜1 分 / +0.12 [+0.02, +0.20] / +0.13 [+0.07, +0.19] / +0.12 |
| 2026-10-09_matilda_main_levels.md | 292 | +0.14 | M1 | 口座の bp | 列「levels_7」 | levels_1/diag_paths.json 0.13948960810300773 | / 〜1 分 / +0.12 [+0.02, +0.20] / +0.13 [+0.07, +0.19] / +0.12 |
| 2026-10-09_matilda_main_levels.md | 293 | −0.30 | M1 | 口座の bp | 列「levels_1」 | levels_1/diag_paths.json 0.30421048851641797 | / 1 分超〜3 分 / −0.30 [−0.43, −0.17] / −0.07 [−0.17, +0.02] / − |
| 2026-10-09_matilda_main_levels.md | 293 | −0.43 | M1 | 口座の bp | 列「levels_1」 | levels_3/diag_paths.json 0.43057050592043566 | / 1 分超〜3 分 / −0.30 [−0.43, −0.17] / −0.07 [−0.17, +0.02] / − |
| 2026-10-09_matilda_main_levels.md | 293 | −0.07 | M1 | 口座の bp | 列「levels_3」 | levels_1/diag_paths.json 0.06533151249742096 | / 1 分超〜3 分 / −0.30 [−0.43, −0.17] / −0.07 [−0.17, +0.02] / − |
| 2026-10-09_matilda_main_levels.md | 293 | +0.02 | M1 | 口座の bp | 列「levels_3」 | levels_1/diag_paths.json 0.022249275608366578 | / 1 分超〜3 分 / −0.30 [−0.43, −0.17] / −0.07 [−0.17, +0.02] / − |
| 2026-10-09_matilda_main_levels.md | 293 | −0.00 | M1 | 口座の bp | 列「base(5)」 | levels_3/diag_paths.json -0.0038246239627672206 | / 1 分超〜3 分 / −0.30 [−0.43, −0.17] / −0.07 [−0.17, +0.02] / − |
| 2026-10-09_matilda_main_levels.md | 293 | −0.08 | M1 | 口座の bp | 列「base(5)」 | levels_1/diag_paths.json 0.07869359409605987 | / 1 分超〜3 分 / −0.30 [−0.43, −0.17] / −0.07 [−0.17, +0.02] / − |
| 2026-10-09_matilda_main_levels.md | 293 | +0.07 | M1 | 口座の bp | 列「base(5)」 | levels_1/diag_paths.json 0.06533151249742096 | / 1 分超〜3 分 / −0.30 [−0.43, −0.17] / −0.07 [−0.17, +0.02] / − |
| 2026-10-09_matilda_main_levels.md | 293 | +0.02 | M1 | 口座の bp | 列「levels_7」 | levels_1/diag_paths.json 0.022249275608366578 | / 1 分超〜3 分 / −0.30 [−0.43, −0.17] / −0.07 [−0.17, +0.02] / − |
| 2026-10-09_matilda_main_levels.md | 293 | −0.05 | M1 | 口座の bp | 列「levels_7」 | levels_3/diag_paths.json 0.048314429130480334 | / 1 分超〜3 分 / −0.30 [−0.43, −0.17] / −0.07 [−0.17, +0.02] / − |
| 2026-10-09_matilda_main_levels.md | 293 | +0.08 | M1 | 口座の bp | 列「levels_7」 | levels_1/diag_paths.json 0.07869359409605987 | / 1 分超〜3 分 / −0.30 [−0.43, −0.17] / −0.07 [−0.17, +0.02] / − |
| 2026-10-09_matilda_main_levels.md | 294 | −0.51 | M1 | 口座の bp | 列「levels_1」 | levels_1/diag_paths.json -0.5074743084534958 | / 3 分超〜11 分 / −0.51 [−0.62, −0.40] / −0.19 [−0.27, −0.11] /  |
| 2026-10-09_matilda_main_levels.md | 294 | −0.62 | M1 | 口座の bp | 列「levels_1」 | levels_1/diag_paths.json -0.6234309685987115 | / 3 分超〜11 分 / −0.51 [−0.62, −0.40] / −0.19 [−0.27, −0.11] /  |
| 2026-10-09_matilda_main_levels.md | 294 | −0.40 | M20 | 口座の bp | 列「levels_1」 | levels_1/diag_paths.json 0.022249275608366578(表示) × 20 | / 3 分超〜11 分 / −0.51 [−0.62, −0.40] / −0.19 [−0.27, −0.11] /  |
| 2026-10-09_matilda_main_levels.md | 294 | −0.11 | M1 | 口座の bp | 列「levels_3」 | levels_1/diag_paths.json -0.11441605676364938 | / 3 分超〜11 分 / −0.51 [−0.62, −0.40] / −0.19 [−0.27, −0.11] /  |
| 2026-10-09_matilda_main_levels.md | 294 | −0.10 | M1 | 口座の bp | 列「base(5)」 | levels_1/diag_paths.json -0.09812350107041606 | / 3 分超〜11 分 / −0.51 [−0.62, −0.40] / −0.19 [−0.27, −0.11] /  |
| 2026-10-09_matilda_main_levels.md | 294 | −0.04 | M1 | 口座の bp | 列「base(5)」 | levels_1/diag_paths.json -0.03707141955456625 | / 3 分超〜11 分 / −0.51 [−0.62, −0.40] / −0.19 [−0.27, −0.11] /  |
| 2026-10-09_matilda_main_levels.md | 294 | −0.04 | M1 | 口座の bp | 列「levels_7」 | levels_1/diag_paths.json -0.03707141955456625 | / 3 分超〜11 分 / −0.51 [−0.62, −0.40] / −0.19 [−0.27, −0.11] /  |
| 2026-10-09_matilda_main_levels.md | 294 | −0.09 | M1 | 口座の bp | 列「levels_7」 | levels_1/diag_paths.json -0.09088275715934657 | / 3 分超〜11 分 / −0.51 [−0.62, −0.40] / −0.19 [−0.27, −0.11] /  |
| 2026-10-09_matilda_main_levels.md | 294 | +0.01 | M1 | 口座の bp | 列「levels_7」 | levels_1/diag_paths.json 0.005809589409460573 | / 3 分超〜11 分 / −0.51 [−0.62, −0.40] / −0.19 [−0.27, −0.11] /  |
| 2026-10-09_matilda_main_levels.md | 295 | −0.38 | M1 | 口座の bp | 列「levels_1」 | levels_1/diag_paths.json -0.3764783358460949 | / 11 分超 / −0.38 [−0.51, −0.27] / −0.09 [−0.18, −0.00] / −0.0 |
| 2026-10-09_matilda_main_levels.md | 295 | −0.51 | M1 | 口座の bp | 列「levels_1」 | levels_1/diag_paths.json -0.5074743084534958 | / 11 分超 / −0.38 [−0.51, −0.27] / −0.09 [−0.18, −0.00] / −0.0 |
| 2026-10-09_matilda_main_levels.md | 295 | −0.09 | M1 | 口座の bp | 列「levels_3」 | levels_1/diag_paths.json -0.09088275715934657 | / 11 分超 / −0.38 [−0.51, −0.27] / −0.09 [−0.18, −0.00] / −0.0 |
| 2026-10-09_matilda_main_levels.md | 295 | −0.18 | M20 | 口座の bp | 列「levels_3」 | base/diag_paths.json 0.008956094163282228 × 20 | / 11 分超 / −0.38 [−0.51, −0.27] / −0.09 [−0.18, −0.00] / −0.0 |
| 2026-10-09_matilda_main_levels.md | 295 | −0.00 | M1 | 口座の bp | 列「levels_3」 | levels_3/diag_paths.json -0.0038246239627672206 | / 11 分超 / −0.38 [−0.51, −0.27] / −0.09 [−0.18, −0.00] / −0.0 |
| 2026-10-09_matilda_main_levels.md | 295 | −0.01 | M1 | 口座の bp | 列「base(5)」 | levels_1/diag_paths.json 0.005809589409460573 | / 11 分超 / −0.38 [−0.51, −0.27] / −0.09 [−0.18, −0.00] / −0.0 |
| 2026-10-09_matilda_main_levels.md | 295 | −0.09 | M1 | 口座の bp | 列「base(5)」 | levels_1/diag_paths.json -0.09088275715934657 | / 11 分超 / −0.38 [−0.51, −0.27] / −0.09 [−0.18, −0.00] / −0.0 |
| 2026-10-09_matilda_main_levels.md | 295 | +0.06 | M1 | 口座の bp | 列「base(5)」 | levels_1/diag_paths.json 0.06480579343351518 | / 11 分超 / −0.38 [−0.51, −0.27] / −0.09 [−0.18, −0.00] / −0.0 |
| 2026-10-09_matilda_main_levels.md | 295 | −0.01 | M1 | 口座の bp | 列「levels_7」 | levels_1/diag_paths.json 0.005809589409460573 | / 11 分超 / −0.38 [−0.51, −0.27] / −0.09 [−0.18, −0.00] / −0.0 |
| 2026-10-09_matilda_main_levels.md | 295 | −0.07 | M1 | 口座の bp | 列「levels_7」 | levels_1/diag_paths.json 0.06533151249742096 | / 11 分超 / −0.38 [−0.51, −0.27] / −0.09 [−0.18, −0.00] / −0.0 |
| 2026-10-09_matilda_main_levels.md | 295 | +0.06 | M1 | 口座の bp | 列「levels_7」 | levels_1/diag_paths.json 0.06480579343351518 | / 11 分超 / −0.38 [−0.51, −0.27] / −0.09 [−0.18, −0.00] / −0.0 |
| 2026-10-09_matilda_main_levels.md | 297 | +0.10 | M1 | 円 | 直後「〜+0.13 bp = +2」 | levels_1/diag_paths.json -0.09812350107041606 | - 読み(記述。崩れたので回数・間隔の案は出さない): 前の取引のすぐ後(〜1 分)に建った取引は、どの段数でも 1 取 |
| 2026-10-09_matilda_main_levels.md | 297 | +0.13 | M1 | 円 | 直後「bp = +2.0〜+2.」 | levels_3/diag_paths.json 0.13062793898705294 | - 読み(記述。崩れたので回数・間隔の案は出さない): 前の取引のすぐ後(〜1 分)に建った取引は、どの段数でも 1 取 |
| 2026-10-09_matilda_main_levels.md | 318 | +1.64 | M20 | 口座の bp | 列「levels_7 − base」 | base/diag_paths.json -0.08205885346694691 × 20 | / 全期間 / −26.95 [−31.52, −21.88](= −539 円/日) / −5.38 [−7.01,  |
| 2026-10-09_matilda_main_levels.md | 318 | +0.66 | M1 | 口座の bp | 列「levels_7 − base」 | levels_3/diag_paths.json -0.6619414627034743 | / 全期間 / −26.95 [−31.52, −21.88](= −539 円/日) / −5.38 [−7.01,  |
| 2026-10-09_matilda_main_levels.md | 321 | +0.02 | M1 | 口座の bp | 列「levels_7 − base」 | levels_1/diag_paths.json 0.022249275608366578 | / 2017 / −14.49 [−32.45, +0.82] / −2.48 [−9.31, +3.92] / +0. |
| 2026-10-09_matilda_main_levels.md | 321 | +4.35 | M20 | 口座の bp | 列「levels_7 − base」 | levels_7/diag_paths.json -0.21772362494432296 × 20 | / 2017 / −14.49 [−32.45, +0.82] / −2.48 [−9.31, +3.92] / +0. |
| 2026-10-09_matilda_main_levels.md | 322 | −0.53 | M1 | 口座の bp | 列「levels_3 − base」 | levels_3/diag_paths.json -0.5279634042399979 | / 2018 / −40.59 [−56.17, −27.37] / −5.12 [−9.70, −0.53] / −1 |
| 2026-10-09_matilda_main_levels.md | 323 | −8.60 | M20 | 口座の bp | 列「levels_3 − base」 | levels_3/diag_paths.json 0.43057050592043566(表示) × 20 | / 2019 / −34.43 [−42.36, −26.77] / −5.10 [−8.60, −2.02] / −0 |
| 2026-10-09_matilda_main_levels.md | 323 | −0.28 | M20 | 口座の bp | 列「levels_7 − base」 | levels_7/diag_paths.json 0.014115728301997064 × 20 | / 2019 / −34.43 [−42.36, −26.77] / −5.10 [−8.60, −2.02] / −0 |
| 2026-10-09_matilda_main_levels.md | 324 | −0.89 | M1 | 口座の bp | 列「levels_7 − base」 | levels_3/diag_paths.json -0.8928998786431115 | / 2020 / −36.90 [−44.14, −29.88] / −6.16 [−8.76, −3.78] / +1 |
| 2026-10-09_matilda_main_levels.md | 328 | 7.02 | M1 | 口座の bp | 列「levels_1 − base」 | levels_1/diag_paths.json -7.020861113043653 | / MDE(全期間) / 7.02 / 2.30 / 1.50 / |
| 2026-10-09_matilda_main_levels.md | 349 | +0.25 | M1 | 無し | 直後「〜+1.06、後半 −2.2」 | levels_7/diag_paths.json -0.25302341963671204 | - K-312(損益の符号 = 利確で閉じる割合 − 取引のとんとん): 段数の族でも、差の符号と損益の符号が一致する( |
| 2026-10-09_matilda_main_levels.md | 349 | +1.06 | M1 | 無し | 直後「、後半 −2.29〜−0.7」 | levels_3/diag_paths.json 1.0629907431426253 | - K-312(損益の符号 = 利確で閉じる割合 − 取引のとんとん): 段数の族でも、差の符号と損益の符号が一致する( |
| 2026-10-09_matilda_main_levels.md | 349 | −2.29 | M20 | 無し | 直後「〜−0.70 ポイント)。た」 | levels_1/diag_paths.json -0.11441605676364938 × 20 | - K-312(損益の符号 = 利確で閉じる割合 − 取引のとんとん): 段数の族でも、差の符号と損益の符号が一致する( |
| 2026-10-09_matilda_main_levels.md | 425 | +0.25 | M1 | 無し | 列「前半」 | levels_7/diag_paths.json -0.25302341963671204 | / levels_1 / +0.25 / −2.29 / |
| 2026-10-09_matilda_main_levels.md | 425 | −2.29 | M20 | 無し | 列「後半」 | levels_1/diag_paths.json -0.11441605676364938 × 20 | / levels_1 / +0.25 / −2.29 / |
| 2026-10-09_matilda_main_levels.md | 426 | +0.73 | M1 | 無し | 列「前半」 | levels_7/diag_paths.json -0.7267400927013923 | / levels_3 / +0.73 / −1.18 / |
| 2026-10-09_matilda_main_levels.md | 426 | −1.18 | M20 | 無し | 列「後半」 | base/diag_paths.json 0.058799172312870684 × 20 | / levels_3 / +0.73 / −1.18 / |
| 2026-10-09_matilda_main_levels.md | 427 | +0.94 | M1 | 無し | 列「前半」 | levels_1/diag_paths.json 0.9417848317834496 | / base(5) / +0.94 / −0.85 / |
| 2026-10-09_matilda_main_levels.md | 428 | +1.06 | M1 | 無し | 列「前半」 | levels_3/diag_paths.json 1.0629907431426253 | / levels_7 / +1.06 / −0.70 / |
| 2026-10-09_matilda_main_levels.md | 442 | −2.29 | M20 | 円 | 直後「〜−0.70 ポイント)。段」 | levels_1/diag_paths.json -0.11441605676364938 × 20 | - **知見の文**: 「bitFlyer FX_BTC_JPY で、中心から 4 ボラ外れた後さらに 1 ボラずつ外れ |
| 2026-10-09_matilda_main_foot.md | 215 | 0.00 | M1 | 無し | 直後「・0.50・0.83(基準は」 | foot_5/diag_paths.json 0.0 | - 勝ち取引の 頂点までの分 ÷ 保有の分(25・50・75%): 0.00・0.50・0.83(基準は 0.00・0. |
| 2026-10-09_matilda_main_foot.md | 215 | 0.00 | M1 | 無し | 直後「・0.00・0.67。5 分」 | foot_5/diag_paths.json 0.0 | - 勝ち取引の 頂点までの分 ÷ 保有の分(25・50・75%): 0.00・0.50・0.83(基準は 0.00・0. |
| 2026-10-09_matilda_main_foot.md | 215 | 0.00 | M1 | 無し | 直後「・0.67。5 分足では勝ち」 | foot_5/diag_paths.json 0.0 | - 勝ち取引の 頂点までの分 ÷ 保有の分(25・50・75%): 0.00・0.50・0.83(基準は 0.00・0. |
| 2026-10-09_matilda_main_foot.md | 215 | 0.67 | M1 | 無し | 直後「。5 分足では勝ち取引が頂点」 | foot_5/diag_paths.json -0.6714547266012684 | - 勝ち取引の 頂点までの分 ÷ 保有の分(25・50・75%): 0.00・0.50・0.83(基準は 0.00・0. |
| 2026-10-09_matilda_main_foot.md | 216 | −0.34 | M1 | 無し | 直後「・−0.66・−0.42)よ」 | base/diag_paths.json -0.33529408535032273 | - 出の後の値動き(move_bp): 5 分 −0.48 [−0.67, −0.28]・15 分 −1.55 [−1. |
| 2026-10-09_matilda_main_foot.md | 216 | −0.66 | M1 | 無し | 直後「・−0.42)より大きく逆に」 | base/diag_paths.json -0.6564809095083297 | - 出の後の値動き(move_bp): 5 分 −0.48 [−0.67, −0.28]・15 分 −1.55 [−1. |
| 2026-10-09_matilda_main_foot.md | 216 | −0.42 | M1 | 無し | 直後「)より大きく逆に動く。」 | base/diag_paths.json -0.4194857300804192 | - 出の後の値動き(move_bp): 5 分 −0.48 [−0.67, −0.28]・15 分 −1.55 [−1. |
| 2026-10-09_matilda_main_foot.md | 244 | −3.60 | M1 | 無し | 直後「と基準の約 6 倍)。対照」 | foot_5/diag_paths.json -3.5980142412559277 | - 読み: 建ての足の後、平均で取引の向きと逆に動く(基準の K-301 と同じ向き、60 分で −3.60 と基準の約 |
| 2026-10-09_matilda_main_foot.md | 244 | +0.45 | M1 | 無し | 直後「・+1.47)で、基準より偏」 | foot_5/diag_paths.json 0.4457835628161849 | - 読み: 建ての足の後、平均で取引の向きと逆に動く(基準の K-301 と同じ向き、60 分で −3.60 と基準の約 |
| 2026-10-09_matilda_main_foot.md | 244 | +1.47 | M1 | 無し | 直後「)で、基準より偏りが大きい(」 | foot_5/diag_paths.json 1.469672084965718 | - 読み: 建ての足の後、平均で取引の向きと逆に動く(基準の K-301 と同じ向き、60 分で −3.60 と基準の約 |
| 2026-10-09_matilda_main_foot.md | 361 | +1.47 | M1 | 無し | 列「観察」 | foot_5/diag_paths.json 1.469672084965718 | / 3 / D5 の 24 時間後の対照の偏りが大きい(60 分 +1.47、基準 +0.53) / D5 / d /  |
| 2026-10-09_matilda_main_foot.md | 361 | +0.53 | M1 | 無し | 列「観察」 | base/diag_paths.json 0.5251778743930445 | / 3 / D5 の 24 時間後の対照の偏りが大きい(60 分 +1.47、基準 +0.53) / D5 / d /  |
| 2026-10-09_matilda_main_foot.md | 364 | −3.60 | M1 | 無し | 列「観察」 | foot_5/diag_paths.json -3.5980142412559277 | / 6 / 建ての足の後は平均で逆向き(60 分 −3.60、基準の約 6 倍) / D5 / a / — / (基準と |
| 2026-10-09_matilda_main_count.md | 201 | −0.18 | M20 | 円 | 列「差(ポイント)」 | base/diag_paths.json 0.008956094163282228 × 20 | / 前半 / count_20 / 176,432 / 0.7878 / 0.7896 / −0.18 / +25.9  |
| 2026-10-09_matilda_main_count.md | 203 | +0.69 | M1 | 円 | 列「差(ポイント)」 | count_20/diag_paths.json 0.6944072102745179 | / 前半 / count_80 / 147,911 / 0.9312 / 0.9242 / +0.69 / +52.1  |
| 2026-10-09_matilda_main_count.md | 215 | +0.42 | M1 | bp だけ | 直後「・99% +8.01、cou」 | count_20/diag_paths.json -0.42120108382655047 | - 取引の損益の分位(bp): count_20 1% −18.00・50% +0.42・99% +8.01、count |
| 2026-10-09_matilda_main_count.md | 215 | −55.40 | M20 | bp だけ | 直後「・50% +0.98・99%」 | base/diag_paths.json -2.7731465218533424(表示) × 20 | - 取引の損益の分位(bp): count_20 1% −18.00・50% +0.42・99% +8.01、count |
| 2026-10-09_matilda_main_count.md | 215 | +0.98 | M1 | bp だけ | 直後「・99% +20.63。」 | base/diag_paths.json -0.9791305570215977 | - 取引の損益の分位(bp): count_20 1% −18.00・50% +0.42・99% +8.01、count |
| 2026-10-09_matilda_main_count.md | 225 | −0.18 | M20 | 無し | 直後「ポイント)。」 | base/diag_paths.json 0.008956094163282228 × 20 | - 本数を減らす(20 本)と、ボラが小さくなり 1 本の幅が縮む(利確 +22.6・ブレイク −88.0 円、基準 + |
| 2026-10-09_matilda_main_count.md | 226 | +0.69 | M1 | 無し | 直後「・後半 −0.75)。」 | count_20/diag_paths.json 0.6944072102745179 | - 本数を増やす(80 本)と 1 本の幅が広がり(利確 +47.6・ブレイク −588.2 円)、利確で閉じる割合は約 |
| 2026-10-09_matilda_main_count.md | 279 | 0.00 | M1 | 無し | 直後「・0.00・0.50、cou」 | count_20/diag_paths.json -0.004657460090789305 | - 勝ち取引の 頂点までの分 ÷ 保有の分(25・50・75%): count_20 0.00・0.00・0.50、co |
| 2026-10-09_matilda_main_count.md | 279 | 0.00 | M1 | 無し | 直後「・0.50、count_80」 | count_20/diag_paths.json -0.004657460090789305 | - 勝ち取引の 頂点までの分 ÷ 保有の分(25・50・75%): count_20 0.00・0.00・0.50、co |
| 2026-10-09_matilda_main_count.md | 279 | 0.00 | M1 | 無し | 直後「・0.50・0.75(基準」 | count_20/diag_paths.json -0.004657460090789305 | - 勝ち取引の 頂点までの分 ÷ 保有の分(25・50・75%): count_20 0.00・0.00・0.50、co |
| 2026-10-09_matilda_main_count.md | 279 | 0.00 | M1 | 無し | 直後「・0.00・0.67)。」 | count_20/diag_paths.json -0.004657460090789305 | - 勝ち取引の 頂点までの分 ÷ 保有の分(25・50・75%): count_20 0.00・0.00・0.50、co |
| 2026-10-09_matilda_main_count.md | 279 | 0.00 | M1 | 無し | 直後「・0.67)。」 | count_20/diag_paths.json -0.004657460090789305 | - 勝ち取引の 頂点までの分 ÷ 保有の分(25・50・75%): count_20 0.00・0.00・0.50、co |
| 2026-10-09_matilda_main_count.md | 290 | 0.73 | M1 | 無し | 直後「・基準 0.86・count」 | count_80/diag_paths.json 0.7292184712757879 | - 負けた取引の中の 2 群の比(MFE > 0 で負け : MFE ≤ 0 で負け)は、count_20 0.73・基 |
| 2026-10-09_matilda_main_count.md | 290 | 0.86 | M20 | 無し | 直後「・count_80 1.11」 | count_80/diag_paths.json -0.042974990108738016 × 20 | - 負けた取引の中の 2 群の比(MFE > 0 で負け : MFE ≤ 0 で負け)は、count_20 0.73・基 |
| 2026-10-09_matilda_main_count.md | 321 | −1.70 | M1 | 無し | 直後「(基準 −0.58 の約 3」 | count_80/diag_paths.json -1.7045293686133383 | - 建ての足の後、count_80 は平均で取引の向きと逆に動き、60 分で −1.70(基準 −0.58 の約 3 倍 |
| 2026-10-09_matilda_main_count.md | 321 | −0.58 | M1 | 無し | 直後「の約 3 倍)。count」 | base/diag_paths.json -0.5756531747537047 | - 建ての足の後、count_80 は平均で取引の向きと逆に動き、60 分で −1.70(基準 −0.58 の約 3 倍 |
| 2026-10-09_matilda_main_count.md | 322 | +0.17 | M1 | 無し | 直後「・+0.26)と count」 | count_20/diag_paths.json 0.16633612437392697 | - 対照は count_20 の 5・15 分(+0.17・+0.26)と count_80 の 60 分(+0.73) |
| 2026-10-09_matilda_main_count.md | 322 | +0.26 | M1 | 無し | 直後「)と count_80 の」 | count_20/diag_paths.json 0.2588344772623416 | - 対照は count_20 の 5・15 分(+0.17・+0.26)と count_80 の 60 分(+0.73) |
| 2026-10-09_matilda_main_count.md | 322 | +0.73 | M1 | 無し | 直後「)が 0 から外れて正(基準」 | count_80/diag_paths.json 0.7292184712757879 | - 対照は count_20 の 5・15 分(+0.17・+0.26)と count_80 の 60 分(+0.73) |
| 2026-10-09_matilda_main_count.md | 413 | −0.18 | M20 | 円 | 直後「・後半 −2.02 ポイント」 | base/diag_paths.json 0.008956094163282228 × 20 | - K-312(損益の符号 = 利確で閉じる割合 − 取引のとんとん): 2 本とも差の符号と損益の符号が合う(coun |
| 2026-10-09_matilda_main_count.md | 413 | +0.69 | M1 | 円 | 直後「・後半 −0.75)。ただし」 | count_20/diag_paths.json 0.6944072102745179 | - K-312(損益の符号 = 利確で閉じる割合 − 取引のとんとん): 2 本とも差の符号と損益の符号が合う(coun |
| 2026-10-09_matilda_main_count.md | 414 | −1.70 | M1 | 無し | 直後「)。count_20 は 1」 | count_80/diag_paths.json -1.7045293686133383 | - K-301(建ての足の後は平均で逆向き): count_80 は同じ向き(60 分 −1.70)。count_20  |
| 2026-10-09_matilda_main_count.md | 452 | 0.73 | M1 | 無し | 列「観察」 | count_80/diag_paths.json 0.7292184712757879 | / 5 / 本数を増やすほど、負けのうち「一度は有利に動いてから負けた」が増え(比 0.73・0.86・1.11)、負け |
| 2026-10-09_matilda_main_count.md | 452 | 0.86 | M20 | 無し | 列「観察」 | count_80/diag_paths.json -0.042974990108738016 × 20 | / 5 / 本数を増やすほど、負けのうち「一度は有利に動いてから負けた」が増え(比 0.73・0.86・1.11)、負け |
| 2026-10-09_matilda_main_count.md | 486 | −0.18 | M20 | 無し | 列「前半」 | base/diag_paths.json 0.008956094163282228 × 20 | / count_20 / −0.18 / −2.02 / |
| 2026-10-09_matilda_main_count.md | 488 | +0.69 | M1 | 無し | 列「前半」 | count_20/diag_paths.json 0.6944072102745179 | / count_80 / +0.69 / −0.75 / |
| 2026-10-09_matilda_main_alert.md | 215 | −155 | M20 | 円 | 直後「万円とほとんど変わらない。」 | alert_x2/diag_paths.json -7.733354264571335 × 20 | - 読み: 待ちを延ばすと、時間切れの成行が 885 本 → 219 本 → 50 本に減る。全体のブレイクの本数はほぼ |
| 2026-10-09_matilda_main_alert.md | 376 | 0.7 | M1 | 無し | 列「型」 | alert_x1/diag_paths.json -0.6574587964474176 | / 1 / 待ちを 2 倍・4 倍にしても、日ごとの損益の差は全期間・前半・後半・どの年でも 0 と区別がつかない(全期 |
| 2026-10-09_matilda_main_alert.md | 377 | −155 | M20 | 無し | 列「観察」 | alert_x2/diag_paths.json -7.733354264571335 × 20 | / 2 / 20 分を超えて持った取引の和は 3 本とも約 −155 万円。20 分超の中で、成行が減った分ブレイクが増 |
| 2026-10-09_matilda_main_alert.md | 381 | +0.52 | M1 | 無し | 列「観察」 | alert_x1/diag_paths.json -0.5181457467131494 | / 5 / D5 の 24 時間後の対照の 60 分が +0.52 で 0 から外れる / D5 / d / — / ( |
| 2026-10-09_matilda_main_alert.md | 426 | −155 | M20 | 円 | 直後「万円で、成行の負けがブレイ」 | alert_x2/diag_paths.json -7.733354264571335 × 20 | - **知見の文**: 「bitFlyer FX_BTC_JPY で、中心から 4 ボラ外れた値段が 1 ボラ戻る回数と |
| 2026-10-09_matilda_main_entry_exit.md | 191 | +0.88 | M20 | 円 | 列「差(ポイント)」 | entry_exit_2_1/diag_paths.json 0.04392122277509523 × 20 | / 前半 / entry_exit_3_2 / 207,348 / 0.8969 / 0.8881 / +0.88 /  |
| 2026-10-09_matilda_main_entry_exit.md | 192 | +0.62 | M1 | 円 | 列「差(ポイント)」 | entry_exit_3_2/diag_paths.json -0.6175819988094208 | / 前半 / entry_exit_2_1 / 230,591 / 0.9045 / 0.8983 / +0.62 /  |
| 2026-10-09_matilda_main_entry_exit.md | 220 | 2.74 | M20 | 無し | 列「段の数の平均」 | base/diag_paths.json 0.13718840785486197 × 20 | / entry_exit_3_2 / 0 分超 / 後半 / 152,442 / 2.74 / 0.274 / −6.8 |
| 2026-10-09_matilda_main_entry_exit.md | 225 | 1.46 | M20 | 無し | 列「段の数の平均」 | base/diag_paths.json 0.07320368838824858 × 20 | / base / 0 分 / 前半 / 49,063 / 1.46 / 0.041 / +9.9 / |
| 2026-10-09_matilda_main_entry_exit.md | 230 | 1.46 | M20 | 円 | 直後「→ 1.36 → 1.28」 | base/diag_paths.json 0.07320368838824858 × 20 | - 段の数の読み【事実】: 保有 0 分の帯では、建ての線を近づけるほど段の数は少なくなる(1.46 → 1.36 →  |
| 2026-10-09_matilda_main_entry_exit.md | 257 | 0.00 | M1 | 無し | 直後「・0.12・0.67、2_1」 | entry_exit_2_1/diag_paths.json 0.0023376598479044565 | - 出の後の値動き(move_bp [区間]): 3_2 5 分 −0.38 [−0.49, −0.28]・15 分 − |
| 2026-10-09_matilda_main_entry_exit.md | 257 | 0.12 | M1 | 無し | 直後「・0.67、2_1 0.00」 | entry_exit_2_1/diag_paths.json 0.11989782845384322 | - 出の後の値動き(move_bp [区間]): 3_2 5 分 −0.38 [−0.49, −0.28]・15 分 − |
| 2026-10-09_matilda_main_entry_exit.md | 257 | 0.67 | M20 | 無し | 直後「、2_1 0.00・0.50」 | entry_exit_2_1/diag_paths.json -0.0334758658683841 × 20 | - 出の後の値動き(move_bp [区間]): 3_2 5 分 −0.38 [−0.49, −0.28]・15 分 − |
| 2026-10-09_matilda_main_entry_exit.md | 257 | 0.00 | M1 | 無し | 直後「・0.50・0.75(基準」 | entry_exit_2_1/diag_paths.json 0.0023376598479044565 | - 出の後の値動き(move_bp [区間]): 3_2 5 分 −0.38 [−0.49, −0.28]・15 分 − |
| 2026-10-09_matilda_main_entry_exit.md | 257 | 0.50 | M1 | 無し | 直後「・0.75(基準 0.00・」 | entry_exit_2_1/diag_paths.json -0.5007382189242492 | - 出の後の値動き(move_bp [区間]): 3_2 5 分 −0.38 [−0.49, −0.28]・15 分 − |
| 2026-10-09_matilda_main_entry_exit.md | 257 | 0.00 | M1 | 無し | 直後「・0.00・0.67)。」 | entry_exit_2_1/diag_paths.json 0.0023376598479044565 | - 出の後の値動き(move_bp [区間]): 3_2 5 分 −0.38 [−0.49, −0.28]・15 分 − |
| 2026-10-09_matilda_main_entry_exit.md | 257 | 0.00 | M1 | 無し | 直後「・0.67)。」 | entry_exit_2_1/diag_paths.json 0.0023376598479044565 | - 出の後の値動き(move_bp [区間]): 3_2 5 分 −0.38 [−0.49, −0.28]・15 分 − |
| 2026-10-09_matilda_main_entry_exit.md | 257 | 0.67 | M20 | 無し | 直後「)。」 | entry_exit_2_1/diag_paths.json -0.0334758658683841 × 20 | - 出の後の値動き(move_bp [区間]): 3_2 5 分 −0.38 [−0.49, −0.28]・15 分 − |
| 2026-10-09_matilda_main_entry_exit.md | 284 | −0.25 | M1 | 無し | 直後「→ −0.20 → −0.」 | entry_exit_2_1/diag_paths.json 0.2454736096670996 | - 読み: 3 本とも、建ての足の後は平均で合図の向きと逆(K-301 と同じ向き)。建ての線が中心に近い 2:1 ほど |
| 2026-10-09_matilda_main_entry_exit.md | 284 | −0.20 | M1 | 無し | 直後「→ −0.12)。対照の」 | entry_exit_2_1/diag_paths.json -0.19951712343831857 | - 読み: 3 本とも、建ての足の後は平均で合図の向きと逆(K-301 と同じ向き)。建ての線が中心に近い 2:1 ほど |
| 2026-10-09_matilda_main_entry_exit.md | 284 | −0.12 | M1 | 無し | 直後「)。対照の 60 分は 3_」 | entry_exit_2_1/diag_paths.json 0.11989782845384322 | - 読み: 3 本とも、建ての足の後は平均で合図の向きと逆(K-301 と同じ向き)。建ての線が中心に近い 2:1 ほど |
| 2026-10-09_matilda_main_entry_exit.md | 284 | +0.53 | M1 | 無し | 直後「で 0 から外れる、K-3」 | base/diag_paths.json 0.5251778743930445 | - 読み: 3 本とも、建ての足の後は平均で合図の向きと逆(K-301 と同じ向き)。建ての線が中心に近い 2:1 ほど |
| 2026-10-09_matilda_main_entry_exit.md | 397 | 1.46 | M20 | 値動き | 列「観察」 | base/diag_paths.json 0.07320368838824858 × 20 | / 7 / 基準との差を保有の帯で分けると、前半の差の正は保有 0 分の帯から、後半の差の負は 0 分超 の帯から来る。 |
| 2026-10-09_matilda_main_entry_exit.md | 432 | +0.88 | M20 | 無し | 列「前半」 | entry_exit_2_1/diag_paths.json 0.04392122277509523 × 20 | / entry_exit_3_2 / +0.88 / −1.05 / |
| 2026-10-09_matilda_main_entry_exit.md | 433 | +0.62 | M1 | 無し | 列「前半」 | entry_exit_3_2/diag_paths.json -0.6175819988094208 | / entry_exit_2_1 / +0.62 / −1.23 / |
| 2026-10-09_matilda_main_step.md | 190 | +0.90 | M1 | 円 | 列「差(ポイント)」 | step_2/diag_paths.json -0.8987557325421014 | / 前半 / step_2 / 176,999 / 0.8836 / 0.8746 / +0.90 / +28.7 /  |
| 2026-10-09_matilda_main_step.md | 193 | −0.98 | M1 | 円 | 列「差(ポイント)」 | step_2/diag_paths.json 0.9820129681522047 | / 後半 / step_2 / 173,840 / 0.8742 / 0.8840 / −0.98 / +22.4 /  |
| 2026-10-09_matilda_main_step.md | 201 | 1.18 | M20 | 円 | 列「段の数の平均 前半 / 後半」 | base/diag_paths.json 0.058799172312870684 × 20 | / step_2 / 0 分 / 89,819 / +314 [+270, +352] / +151 [+131, +1 |
| 2026-10-09_matilda_main_step.md | 205 | 1.46 | M20 | 円 | 列「段の数の平均 前半 / 後半」 | base/diag_paths.json 0.07320368838824858 × 20 | / base / 0 分 / 89,324 / +329 [+274, +378] / +117 [+92, +141] |
| 2026-10-09_matilda_main_step.md | 224 | 0.69 | M20 | 円 | 直後「・0.43 倍)。ブレイクは」 | step_4/diag_paths.json 0.03462152474355491 × 20 | - 出の理由の読み【事実】: 足の後まで持った取引(0 分超)の前半では、利確の本数はほぼ同じ(111,767 → 11 |
| 2026-10-09_matilda_main_step.md | 224 | 0.43 | M1 | 円 | 直後「倍)。ブレイクは本数がほぼ」 | step_2/diag_paths.json -0.4268117806828219 | - 出の理由の読み【事実】: 足の後まで持った取引(0 分超)の前半では、利確の本数はほぼ同じ(111,767 → 11 |
| 2026-10-09_matilda_main_step.md | 224 | 0.48 | M20 | 円 | 直後「倍)。【推定】勝ちの縮みが」 | step_4/diag_paths.json 0.02378435642228049 × 20 | - 出の理由の読み【事実】: 足の後まで持った取引(0 分超)の前半では、利確の本数はほぼ同じ(111,767 → 11 |
| 2026-10-09_matilda_main_step.md | 251 | 0.00 | M1 | 無し | 直後「・0.00・0.67。」 | step_4/diag_paths.json 0.001488036053164276 | - 出の後の値動き(move_bp [区間]): step_2 5 分 −0.33・15 分 −0.64・60 分 −0 |
| 2026-10-09_matilda_main_step.md | 251 | 0.00 | M1 | 無し | 直後「・0.67。」 | step_4/diag_paths.json 0.001488036053164276 | - 出の後の値動き(move_bp [区間]): step_2 5 分 −0.33・15 分 −0.64・60 分 −0 |
| 2026-10-09_matilda_main_step.md | 252 | 0.66 | M1 | 円 | 直後「・0.40 倍)、負けた 2」 | base/diag_paths.json -0.6564809095083297 | - 読み(記述): 群の本数と MFE・MAE(値動きの幅)は 3 本でほぼ同じで、群ごとの損益の和が小さくなる。縮み方 |
| 2026-10-09_matilda_main_step.md | 252 | 0.40 | M1 | 円 | 直後「倍)、負けた 2 群の和は」 | step_4/diag_paths.json -0.4041999778742377 | - 読み(記述): 群の本数と MFE・MAE(値動きの幅)は 3 本でほぼ同じで、群ごとの損益の和が小さくなる。縮み方 |
| 2026-10-09_matilda_main_step.md | 252 | 0.69 | M20 | 円 | 直後「・0.46 倍)で、勝ちの縮」 | step_4/diag_paths.json 0.03462152474355491 × 20 | - 読み(記述): 群の本数と MFE・MAE(値動きの幅)は 3 本でほぼ同じで、群ごとの損益の和が小さくなる。縮み方 |
| 2026-10-09_matilda_main_step.md | 252 | 0.46 | M20 | 円 | 直後「倍)で、勝ちの縮みが少し大」 | step_2/diag_paths.json 0.022784274373018387 × 20 | - 読み(記述): 群の本数と MFE・MAE(値動きの幅)は 3 本でほぼ同じで、群ごとの損益の和が小さくなる。縮み方 |
| 2026-10-09_matilda_main_step.md | 278 | +0.03 | M1 | 無し | 直後「で外れる。同じ合図の集まり」 | step_2/diag_paths.json 0.03275802636330188 | - 読み: 合図と 1 段目は基準とほぼ同じ取引なので、合図の後の値動きも同じ(K-301 と同じ向き)。対照の 60  |
| 2026-10-09_matilda_main_step.md | 387 | 0.48 | M20 | 値動き | 列「なぜの仮説の下書き」 | step_4/diag_paths.json 0.02378435642228049 × 20 | / 1 / 段の間を広げると、基準の「前半に稼ぎ後半に負ける」形の振れ幅が小さくなる(前半 −116・−233、後半 + |
| 2026-10-09_matilda_main_step.md | 425 | +0.90 | M1 | 無し | 列「前半」 | step_2/diag_paths.json -0.8987557325421014 | / step_2 / +0.90 / −0.98 / |
| 2026-10-09_matilda_main_step.md | 425 | −0.98 | M1 | 無し | 列「後半」 | step_2/diag_paths.json 0.9820129681522047 | / step_2 / +0.90 / −0.98 / |
| 2026-10-09_matilda_main_step.md | 438 | 0.43 | M1 | 円 | 直後「倍)、ブレイク 1 本が」 | step_2/diag_paths.json -0.4268117806828219 | - **知見の文**: 「bitFlyer FX_BTC_JPY で、中心から 4 ボラ外れた値段が 1 ボラ戻る回数と |
| 2026-10-09_matilda_main_step.md | 438 | 0.48 | M20 | 円 | 直後「倍)に縮み、和は前半で負に」 | step_4/diag_paths.json 0.02378435642228049 × 20 | - **知見の文**: 「bitFlyer FX_BTC_JPY で、中心から 4 ボラ外れた値段が 1 ボラ戻る回数と |
| 2026-10-09_matilda_main_step.md | 438 | 0.43 | M1 | 無し | 直後「倍・ブレイク 1 本 0.」 | step_2/diag_paths.json -0.4268117806828219 | - **知見の文**: 「bitFlyer FX_BTC_JPY で、中心から 4 ボラ外れた値段が 1 ボラ戻る回数と |
| 2026-10-09_matilda_main_step.md | 438 | 0.48 | M20 | 無し | 直後「倍、D4 の和 0.66・」 | step_4/diag_paths.json 0.02378435642228049 × 20 | - **知見の文**: 「bitFlyer FX_BTC_JPY で、中心から 4 ボラ外れた値段が 1 ボラ戻る回数と |
| 2026-10-09_matilda_main_step.md | 438 | 0.66 | M1 | 無し | 直後「・0.69(2 ボラ)・0.」 | base/diag_paths.json -0.6564809095083297 | - **知見の文**: 「bitFlyer FX_BTC_JPY で、中心から 4 ボラ外れた値段が 1 ボラ戻る回数と |
| 2026-10-09_matilda_main_step.md | 438 | 0.69 | M20 | 無し | 直後「(2 ボラ)・0.40・0.」 | step_4/diag_paths.json 0.03462152474355491 × 20 | - **知見の文**: 「bitFlyer FX_BTC_JPY で、中心から 4 ボラ外れた値段が 1 ボラ戻る回数と |
| 2026-10-09_matilda_main_step.md | 438 | 0.40 | M1 | 無し | 直後「・0.46(4 ボラ))。比」 | step_4/diag_paths.json -0.4041999778742377 | - **知見の文**: 「bitFlyer FX_BTC_JPY で、中心から 4 ボラ外れた値段が 1 ボラ戻る回数と |
| 2026-10-09_matilda_main_step.md | 438 | 0.46 | M20 | 無し | 直後「(4 ボラ))。比の差は小さ」 | step_2/diag_paths.json 0.022784274373018387 × 20 | - **知見の文**: 「bitFlyer FX_BTC_JPY で、中心から 4 ボラ外れた値段が 1 ボラ戻る回数と |
| 2026-10-09_matilda_main_break_dist.md | 23 | 0.25 | M1 | 無し | 直後「・× 1。基準は × 0.5」 | base/diag_paths.json -0.25371630022809954 | - 単位: マチルダ本測定 段 1 の族 break_dist(ブレイクの線の距離を幅 × 0.25・× 1。基準は × |
| 2026-10-09_matilda_main_break_dist.md | 23 | 0.25 | M1 | 無し | 直後「・× 1 / 2 / L-7」 | base/diag_paths.json -0.25371630022809954 | - 単位: マチルダ本測定 段 1 の族 break_dist(ブレイクの線の距離を幅 × 0.25・× 1。基準は × |
| 2026-10-09_matilda_main_break_dist.md | 23 | 0.25 | M1 | 無し | 直後「0.5 1の3つ**」」。」 | base/diag_paths.json -0.25371630022809954 | - 単位: マチルダ本測定 段 1 の族 break_dist(ブレイクの線の距離を幅 × 0.25・× 1。基準は × |
| 2026-10-09_matilda_main_break_dist.md | 24 | 0.25 | M1 | 無し | 直後「)・遠く(× 1)にすると、」 | base/diag_paths.json -0.25371630022809954 | - 問い(1 文): ブレイクの線(直近の高値・安値から幅 × break_dist 外)を近く(× 0.25)・遠く( |
| 2026-10-09_matilda_main_break_dist.md | 25 | 156 | M20 | 無し | 直後「` ブレイク中は中心に戻るま」 | base/diag_paths.json -7.817373677997322 × 20 | - break_dist を変えると変わるもの(`src/bot/strategy/matilda_simple.py: |
| 2026-10-09_matilda_main_break_dist.md | 27 | 0.25 | M1 | 無し | 直後「・0.5・1)の列を足す。*」 | base/diag_paths.json -0.25371630022809954 | - 前提の直接の測り(D1b): 基準の D1b と同じ 1 本の台本(外れた値段が 1 ボラ戻るか、ブレイクの線に先に |
| 2026-10-09_matilda_main_break_dist.md | 56 | 0.25 | M1 | 円 | 直後「閉じた取引 314,465」 | base/diag_paths.json -0.25371630022809954 | - 取引の行: 0.25 閉じた取引 314,465 本・+269,844.29 円、1 は 381,836 本・+26 |
| 2026-10-09_matilda_main_break_dist.md | 62 | 0.25 | M1 | 無し | 列「値(0.25 / 1 / 基準)」 | base/diag_paths.json -0.25371630022809954 | / break_dist / 0.25 / 1 / 0.5(幅の倍) / L-784「**0.25 0.5 1の3つ** |
| 2026-10-09_matilda_main_break_dist.md | 62 | 0.25 | M1 | 無し | 列「出所」 | base/diag_paths.json -0.25371630022809954 | / break_dist / 0.25 / 1 / 0.5(幅の倍) / L-784「**0.25 0.5 1の3つ** |
| 2026-10-09_matilda_main_break_dist.md | 65 | 0.25 | M1 | 無し | 直後「で 35,794 本)。」 | base/diag_paths.json -0.25371630022809954 | - 3 つの時刻: 建ての線・足の長さ・時間の決まりは基準と同じで、合図・注文・1 段目の約定の時刻の形は基準の D0  |
| 2026-10-09_matilda_main_break_dist.md | 84 | 0.25 | M1 | 円 | 直後「成行 564 本・中ほどの」 | base/diag_paths.json -0.25371630022809954 | - 成行の約定の側: `market_side.py break_dist_0.25 break_dist_1`(`br |
| 2026-10-09_matilda_main_break_dist.md | 112 | 0.25 | M1 | 円 | 列「本」 | base/diag_paths.json -0.25371630022809954 | / break_dist_0.25(幅 × 0.25) / +345 [+248, +456](152) / −162  |
| 2026-10-09_matilda_main_break_dist.md | 124 | 0.25 | M1 | 円 | 直後「は区間が 0 より上(+2」 | base/diag_paths.json -0.25371630022809954 | - 読み: 2 本とも決まりは「崩れた」。線を近づけると前半も後半も小さく(+345・−162)、遠ざけると両方大きく( |
| 2026-10-09_matilda_main_break_dist.md | 137 | 0.25 | M1 | 無し | 直後「・0.5・1)の列を足して回」 | base/diag_paths.json -0.25371630022809954 | **未実施。** 基準の D1b と同じ 1 本の台本に、ブレイクの線の距離(幅 × 0.25・0.5・1)の列を足して |
| 2026-10-09_matilda_main_break_dist.md | 169 | 0.25 | M1 | 無し | 直後「の後半の差は「低」+80」 | base/diag_paths.json -0.25371630022809954 | - 読み(記述): 0.25 の後半の差は「低」+80 [+40, +133]・「高」+195 [+35, +360]  |
| 2026-10-09_matilda_main_break_dist.md | 169 | 0.25 | M1 | 無し | 直後「自身の後半の「高」は 0」 | base/diag_paths.json -0.25371630022809954 | - 読み(記述): 0.25 の後半の差は「低」+80 [+40, +133]・「高」+195 [+35, +360]  |
| 2026-10-09_matilda_main_break_dist.md | 190 | 0.25 | M1 | 円 | 列「本」 | base/diag_paths.json -0.25371630022809954 | / 前半 / 0.25 / 158,836 / 0.8285 / 0.8136 / +1.49 / +39.9 / −1 |
| 2026-10-09_matilda_main_break_dist.md | 193 | 0.25 | M1 | 円 | 列「本」 | base/diag_paths.json -0.25371630022809954 | / 後半 / 0.25 / 155,629 / 0.8106 / 0.8192 / −0.86 / +32.0 / −1 |
| 2026-10-09_matilda_main_break_dist.md | 194 | −0.51 | M1 | 円 | 列「差(ポイント)」 | break_dist_0.25/diag_paths.json -0.5127556968418518 | / 後半 / 1 / 188,853 / 0.9294 / 0.9345 / −0.51 / +29.0 / −407. |
| 2026-10-09_matilda_main_break_dist.md | 201 | 0.25 | M1 | 円 | 列「本」 | base/diag_paths.json -0.25371630022809954 | / 0.25 / 0 分 / 88,569 / +197 [+157, +242] / +24 [+5, +43] /  |
| 2026-10-09_matilda_main_break_dist.md | 202 | 0.25 | M1 | 円 | 列「本」 | base/diag_paths.json -0.25371630022809954 | / 0.25 / 0 分超 / 225,896 / +148 [+48, +257] / −185 [−255, −10 |
| 2026-10-09_matilda_main_break_dist.md | 208 | 0.25 | M1 | 円 | 直後「利確 257,751 本」 | base/diag_paths.json -0.25371630022809954 | - 出の理由(全期間、1 取引あたり 円 [区間]): 0.25 利確 257,751 本 +36.1 [+34.3,  |
| 2026-10-09_matilda_main_break_dist.md | 209 | 0.25 | M1 | 円 | 直後「+552,335・−614」 | base/diag_paths.json -0.25371630022809954 | - 上位・下位 5% の日の和: 0.25 +552,335・−614,572 円、1 は +770,629・−984, |
| 2026-10-09_matilda_main_break_dist.md | 210 | 0.25 | M1 | 円 | 直後「)と、ブレイクは 41,52」 | base/diag_paths.json -0.25371630022809954 | - 読み: 線を近づける(0.25)と、ブレイクは 41,528 → 56,150 本に増え 1 本 −259 → −1 |
| 2026-10-09_matilda_main_break_dist.md | 237 | 0.25 | M1 | 無し | 直後「は出の後 60 分も取引の」 | base/diag_paths.json -0.25371630022809954 | - 読み(記述): 負けた群の MAE はブレイクの線の距離どおりに動く(中央値 −22〜−26 / −42〜−44 / |
| 2026-10-09_matilda_main_break_dist.md | 237 | −0.75 | M1 | 無し | 直後「[−1.25, −0.29」 | break_dist_0.25/diag_paths.json -0.7491647181261782 | - 読み(記述): 負けた群の MAE はブレイクの線の距離どおりに動く(中央値 −22〜−26 / −42〜−44 / |
| 2026-10-09_matilda_main_break_dist.md | 237 | −1.25 | M1 | 無し | 直後「, −0.29]。ブレイクで」 | break_dist_0.25/diag_paths.json -1.2517422978617894 | - 読み(記述): 負けた群の MAE はブレイクの線の距離どおりに動く(中央値 −22〜−26 / −42〜−44 / |
| 2026-10-09_matilda_main_break_dist.md | 237 | −0.29 | M1 | 無し | 直後「]。ブレイクで切った後もさら」 | break_dist_0.25/diag_paths.json -0.2919398170652346 | - 読み(記述): 負けた群の MAE はブレイクの線の距離どおりに動く(中央値 −22〜−26 / −42〜−44 / |
| 2026-10-09_matilda_main_break_dist.md | 263 | 0.25 | M1 | 無し | 直後「は建てた合図の集まりが基準」 | base/diag_paths.json -0.25371630022809954 | - 読み: 3 本とも建ての後は合図の向きと逆(K-301)。0.25 は建てた合図の集まりが基準より 1 割少ない(ブ |
| 2026-10-09_matilda_main_break_dist.md | 280 | 0.25 | M1 | 無し | 直後「: 〜1 分 107,951」 | base/diag_paths.json -0.25371630022809954 | - 0.25: 〜1 分 107,951 本 +2.9 [+1.9, +3.8]・1〜3 分 49,771 本 −0.1 |
| 2026-10-09_matilda_main_break_dist.md | 312 | 0.25 | M1 | 円 | 列「比べ」 | base/diag_paths.json -0.25371630022809954 | / 0.25 − base / +196 / +17 / +33 / −175* / +49 / +73 / +179* |
| 2026-10-09_matilda_main_break_dist.md | 319 | 0.25 | M1 | 円 | 列「比べ」 | base/diag_paths.json -0.25371630022809954 | / 0.25 − base / 312,989 本(+87,963) / 1,476 本(−139) / 35,794  |
| 2026-10-09_matilda_main_break_dist.md | 323 | 0.25 | M1 | 無し | 直後「の前半 −17 = 0 分」 | base/diag_paths.json -0.25371630022809954 | - 差の出所を保有の帯で分けると(D3 の帯の表から。和の恒等式で、丸めで合う): 0.25 の前半 −17 = 0 分 |
| 2026-10-09_matilda_main_break_dist.md | 328 | 0.25 | M1 | 無し | 列「本」 | base/diag_paths.json -0.25371630022809954 | / 0.25 / 前半 / 0 分 → 0 分 / 42,673 / +10.9 → +14.6 / +108 / |
| 2026-10-09_matilda_main_break_dist.md | 328 | +14.6 | M20 | 円 | 列「1 本あたり 基準 → 本 円」 | break_dist_1/diag_paths.json -0.7346297184390215(表示) × 20 | / 0.25 / 前半 / 0 分 → 0 分 / 42,673 / +10.9 → +14.6 / +108 / |
| 2026-10-09_matilda_main_break_dist.md | 329 | 0.25 | M1 | 無し | 列「本」 | base/diag_paths.json -0.25371630022809954 | / 0.25 / 前半 / 0 分超 → 0 分 / 5,137 / −31.9 → −64.7 / −115 / |
| 2026-10-09_matilda_main_break_dist.md | 330 | 0.25 | M1 | 無し | 列「本」 | base/diag_paths.json -0.25371630022809954 | / 0.25 / 前半 / 0 分超 → 0 分超 / 109,970 / +2.2 → +2.0 / −13 / |
| 2026-10-09_matilda_main_break_dist.md | 331 | 0.25 | M1 | 無し | 列「本」 | base/diag_paths.json -0.25371630022809954 | / 0.25 / 前半 / 基準だけ(0 分 / 0 分超) / 6,149 / 11,927 / +4.4 / −2. |
| 2026-10-09_matilda_main_break_dist.md | 332 | 0.25 | M1 | 無し | 列「本」 | base/diag_paths.json -0.25371630022809954 | / 0.25 / 後半 / 0 分 → 0 分 / 34,817 / +5.0 → +9.2 / +101 / |
| 2026-10-09_matilda_main_break_dist.md | 332 | +5.0 | M20 | 円 | 列「1 本あたり 基準 → 本 円」 | base/diag_paths.json -0.25371630022809954(表示) × 20 | / 0.25 / 後半 / 0 分 → 0 分 / 34,817 / +5.0 → +9.2 / +101 / |
| 2026-10-09_matilda_main_break_dist.md | 333 | 0.25 | M1 | 無し | 列「本」 | base/diag_paths.json -0.25371630022809954 | / 0.25 / 後半 / 0 分超 → 0 分 / 5,153 / −37.6 → −55.6 / −63 / |
| 2026-10-09_matilda_main_break_dist.md | 334 | 0.25 | M1 | 無し | 列「本」 | base/diag_paths.json -0.25371630022809954 | / 0.25 / 後半 / 0 分超 → 0 分超 / 114,748 / −2.8 → −2.3 / +34 / |
| 2026-10-09_matilda_main_break_dist.md | 334 | −2.3 | M20 | 円 | 列「1 本あたり 基準 → 本 円」 | break_dist_1/diag_paths.json 0.11715379670109857 × 20 | / 0.25 / 後半 / 0 分超 → 0 分超 / 114,748 / −2.8 → −2.3 / +34 / |
| 2026-10-09_matilda_main_break_dist.md | 335 | 0.25 | M1 | 無し | 列「本」 | base/diag_paths.json -0.25371630022809954 | / 0.25 / 後半 / 基準だけ(0 分 / 0 分超) / 5,194 / 12,524 / +1.2 / −4. |
| 2026-10-09_matilda_main_break_dist.md | 335 | −4.8 | M20 | 円 | 列「1 本あたり 基準 → 本 円」 | break_dist_0.25/diag_paths.json -0.24220943448695087 × 20 | / 0.25 / 後半 / 基準だけ(0 分 / 0 分超) / 5,194 / 12,524 / +1.2 / −4. |
| 2026-10-09_matilda_main_break_dist.md | 336 | +17.9 | M20 | 円 | 列「1 本あたり 基準 → 本 円」 | base/diag_paths.json -0.8925245974841615 × 20 | / 1 / 前半 / 0 分 → 0 分 / 44,692 / +20.3 → +17.9 / −72 / |
| 2026-10-09_matilda_main_break_dist.md | 340 | +12.2 | M20 | 円 | 列「1 本あたり 基準 → 本 円」 | break_dist_0.25/diag_paths.json -0.6072072995304563(表示) × 20 | / 1 / 後半 / 0 分 → 0 分 / 36,353 / +14.5 → +12.2 / −57 / |
| 2026-10-09_matilda_main_break_dist.md | 345 | 0.25 | M1 | 無し | 直後「)、前半 +110・後半 −」 | base/diag_paths.json -0.25371630022809954 | (本数の小さい升目(250 本以下・数百本)は表から省いた。全部は `band_migration.out`。升目の和は |
| 2026-10-09_matilda_main_break_dist.md | 346 | 0.25 | M1 | 円 | 直後「の両方とも保有 0 分の取」 | base/diag_paths.json -0.25371630022809954 | - 出の理由で分けた数(関門 ② の指摘 5 で足した。`PYTHONPATH=src python3 docs/RES |
| 2026-10-09_matilda_main_break_dist.md | 347 | 0.25 | M1 | 円 | 直後「)と、(a) 基準でも同じ足」 | base/diag_paths.json -0.25371630022809954 | - 【事実(数えた和。区間なし)】線を近づける(0.25)と、(a) 基準でも同じ足で閉じていた取引は 1 本あたりが良 |
| 2026-10-09_matilda_main_break_dist.md | 348 | 0.25 | M1 | 円 | 直後「は「基準だけ」35,794」 | base/diag_paths.json -0.25371630022809954 | - 取引の突き合わせ: 0.25 は「基準だけ」35,794 本(−50,631 円。ブレイク中で建てなかった合図)、1 |
| 2026-10-09_matilda_main_break_dist.md | 364 | 0.25 | M1 | 円 | 直後「では足の後まで持った取引の」 | base/diag_paths.json -0.25371630022809954 | - K-328(同じ足の中 / 後まで持った): 0.25 では足の後まで持った取引の帯が前半に正だが、合図の時刻で結ぶ |
| 2026-10-09_matilda_main_break_dist.md | 426 | 0.25 | M1 | 円 | 列「本」 | base/diag_paths.json -0.25371630022809954 | / break_dist_0.25(幅 × 0.25) / +345 [+248, +456] / −162 [−236 |
| 2026-10-09_matilda_main_break_dist.md | 435 | −0.51 | M1 | 無し | 列「後半」 | break_dist_0.25/diag_paths.json -0.5127556968418518 | / break_dist_1 / +0.70 / −0.51 / |
| 2026-10-09_matilda_main_break_dist.md | 442 | 0.25 | M1 | 円 | 列「本」 | base/diag_paths.json -0.25371630022809954 | / 0.25 − base / +47.1 [−0.1, +94.6](MDE 68.8) / −17 [−94, +6 |
| 2026-10-09_matilda_main_break_dist.md | 445 | 0.25 | M1 | 無し | 直後「で 90%(312,989」 | base/diag_paths.json -0.25371630022809954 | (年の値は bp/日 × 20。合図の時刻で結べた取引は、基準の 348,783 本のうち 0.25 で 90%(312 |
| 2026-10-09_matilda_main_break_dist.md | 447 | 0.25 | M1 | 無し | 直後「・1 に動かしても、1 分足」 | base/diag_paths.json -0.25371630022809954 | - **知見の文**: 「bitFlyer FX_BTC_JPY で、中心から 4 ボラ外れた値段が 1 ボラ戻る回数と |
| 2026-10-09_matilda_main_break_dist.md | 450 | 0.25 | M1 | 無し | 直後「・0.5・1)の列を足す**」 | base/diag_paths.json -0.25371630022809954 | 1. **前提の直接の測り(D1b)に、ブレイクの線の距離(幅 × 0.25・0.5・1)の列を足す**: 4 ボラ外れ |
| 2026-10-09_matilda_main_break_dist.md | 451 | 0.25 | M1 | 無し | 直後「は後半、1 は前半だけ 0」 | base/diag_paths.json -0.25371630022809954 | - **段 2 の材料**(PLAN.md §1.1「段 2(族の組み合わせ)は段 1 を読んでから決めてお見せする」。 |
| 2026-10-09_matilda_main_break_len_mult.md | 183 | −0.46 | M1 | 円 | 列「差(ポイント)」 | break_len_mult_4/diag_paths.json -0.46006272208016635 | / 後半 / 4 / 184,712 / 0.9166 / 0.9212 / −0.46 / +27.9 / −314. |
| 2026-10-09_matilda_main_break_len_mult.md | 223 | 0.00 | M1 | 無し | 直後「・0.00・0.67。」 | break_len_mult_4/diag_paths.json -0.0009154979900529839 | - 出の後の値動き(move_bp [区間]): 5 分 −0.34・15 分 −0.64・60 分 −0.37 [−0 |
| 2026-10-09_matilda_main_break_len_mult.md | 223 | 0.00 | M1 | 無し | 直後「・0.67。」 | break_len_mult_4/diag_paths.json -0.0009154979900529839 | - 出の後の値動き(move_bp [区間]): 5 分 −0.34・15 分 −0.64・60 分 −0.37 [−0 |
| 2026-10-09_matilda_main_break_len_mult.md | 302 | +8.6 | M20 | 円 | 列「1 本あたり 基準 → 本 円」 | base/diag_paths.json -0.426172621745026(表示) × 20 | / 後半 / 0 分 → 0 分 / 37,983 / +9.1 → +8.6 / −14 / |
| 2026-10-09_matilda_main_break_len_mult.md | 303 | −2.2 | M20 | 円 | 列「1 本あたり 基準 → 本 円」 | break_len_mult_4/diag_paths.json -0.10759076747457767 × 20 | / 後半 / こちらだけ(0 分 / 0 分超) / 2,919 / 9,871 / 建てない → +10.7 / −2 |
| 2026-10-09_matilda_main_break_len_mult.md | 325 | 0.25 | M1 | 円 | 直後「のような顔ぶれの移りの見か」 | base/diag_paths.json -0.25371630022809954 | - K-328(同じ足の中 / 後まで持った): 足の後まで持った取引の帯は前半 +181 [+9, +351] で 0 |
| 2026-10-09_matilda_main_break_len_mult.md | 361 | +8.6 | M20 | 値動き | 列「観察」 | base/diag_paths.json -0.426172621745026(表示) × 20 | / 6 / 同じ足で閉じたままの取引が少し悪くなる(−9・−14 円/日、1 本 +15.6 → +15.3・+9.1  |
| 2026-10-09_matilda_main_break_len_mult.md | 392 | −0.46 | M1 | 無し | 列「後半」 | break_len_mult_4/diag_paths.json -0.46006272208016635 | / break_len_mult_4 / +1.32 / −0.46 / |
| 2026-10-09_matilda_main_beard.md | 184 | −0.85 | M1 | 円 | 列「差(ポイント)」 | beard_off/diag_paths.json -0.8494538464292146 | / 後半 / base / 172,686 / 0.8734 / 0.8819 / −0.85 / +32.2 / −2 |
| 2026-10-09_matilda_main_beard.md | 192 | 1.46 | M20 | 円 | 列「段の数の平均 前半 / 後半」 | base/diag_paths.json 0.07320368838824858 × 20 | / base / 0 分 / 89,324 / +329 [+274, +378] / +117 [+92, +141] |
| 2026-10-09_matilda_main_beard.md | 223 | 0.00 | M1 | 無し | 直後「・0.00・0.67。」 | beard_off/diag_paths.json 0.002090490353941098 | - 出の後の値動き(move_bp [区間]): 5 分 −0.31 [−0.43, −0.19]・15 分 −0.52 |
| 2026-10-09_matilda_main_beard.md | 223 | 0.00 | M1 | 無し | 直後「・0.67。」 | beard_off/diag_paths.json 0.002090490353941098 | - 出の後の値動き(move_bp [区間]): 5 分 −0.31 [−0.43, −0.19]・15 分 −0.52 |
| 2026-10-09_matilda_main_beard.md | 300 | −0.7 | M1 | 円 | 列「1 本あたり 基準 → 本 円」 | beard_off/diag_paths.json -0.6751664334892877 | / 前半 / 0 分超 → 0 分超 / 85,883 / −1.1 → −0.7 / +21 / |
| 2026-10-09_matilda_main_beard.md | 302 | +11.2 | M1 | 円 | 列「1 本あたり 基準 → 本 円」 | base/diag_paths.json -11.209487286532038 | / 後半 / こちらだけ → 0 分 / 18,629 / 建てない → +11.2 / +141 / |
| 2026-10-09_matilda_main_beard.md | 308 | −6.5 | M20 | 円 | 列「1 本あたり 基準 → 本 円」 | beard_off/diag_paths.json 0.3246973527168851 × 20 | / 後半 / 0 分超 → 0 分超 / 88,306 / −6.5 → −6.8 / −22 / |
| 2026-10-09_matilda_main_beard.md | 407 | −0.85 | M1 | 無し | 列「後半」 | beard_off/diag_paths.json -0.8494538464292146 | / base / +0.94 / −0.85 / |
| 2026-10-09_matilda_main_break_delay.md | 190 | +0.94 | M1 | 円 | 列「差(ポイント)」 | break_delay_4/diag_paths.json -0.944167826907112 | / 前半 / base / 176,097 / 0.8833 / 0.8739 / +0.94 / +40.5 / −2 |
| 2026-10-09_matilda_main_break_delay.md | 195 | −0.85 | M1 | 円 | 列「差(ポイント)」 | break_delay_3/diag_paths.json -0.8525052785763881 | / 後半 / base / 172,686 / 0.8734 / 0.8819 / −0.85 / +32.2 / −2 |
| 2026-10-09_matilda_main_break_delay.md | 196 | −0.78 | M20 | 円 | 列「差(ポイント)」 | break_delay_3/diag_paths.json 0.03908226881386313 × 20 | / 後半 / 2 / 170,756 / 0.8668 / 0.8745 / −0.78 / +32.6 / −225. |
| 2026-10-09_matilda_main_break_delay.md | 197 | −0.71 | M1 | 円 | 列「差(ポイント)」 | break_delay_3/diag_paths.json -0.7133549887255385 | / 後半 / 3 / 169,556 / 0.8627 / 0.8698 / −0.71 / +32.7 / −217. |
| 2026-10-09_matilda_main_break_delay.md | 199 | −0.88 | M1 | 円 | 列「差(ポイント)」 | break_delay_2/diag_paths.json -0.8791327965744444 | / 後半 / 8 / 166,365 / 0.8510 / 0.8598 / −0.88 / +32.9 / −200. |
| 2026-10-09_matilda_main_break_delay.md | 215 | 0.25 | M1 | 無し | 直後「(線を近づけた本)と同じ向き」 | break_delay_3/diag_paths.json -0.25396583938427025 | - 読み: k を大きくするほどブレイクが増え(41,528 → 47,666 本)、1 本の負けが小さくなる(−259 |
| 2026-10-09_matilda_main_break_delay.md | 243 | 0.00 | M1 | 無し | 直後「・0.00・0.67(4 本」 | break_delay_2/diag_paths.json 0.00032877936275564835 | - 出の後の値動き(move_bp [区間]、60 分): k = 2 −0.42 [−0.89, +0.01]・3 − |
| 2026-10-09_matilda_main_break_delay.md | 243 | 0.00 | M1 | 無し | 直後「・0.67(4 本とも)。」 | break_delay_2/diag_paths.json 0.00032877936275564835 | - 出の後の値動き(move_bp [区間]、60 分): k = 2 −0.42 [−0.89, +0.01]・3 − |
| 2026-10-09_matilda_main_break_delay.md | 262 | −0.25 | M1 | 無し | 直後「・−0.51・−0.74・−」 | break_delay_3/diag_paths.json -0.25396583938427025 | D4 と同じ出力。合図の向きを掛けた move_bp [区間]、起点 = 建ての時刻: 4 本とも 1 分 −0.25〜 |
| 2026-10-09_matilda_main_break_delay.md | 262 | −0.51 | M1 | 無し | 直後「・−0.74・−0.58)。」 | break_delay_2/diag_paths.json 0.5063819702490248 | D4 と同じ出力。合図の向きを掛けた move_bp [区間]、起点 = 建ての時刻: 4 本とも 1 分 −0.25〜 |
| 2026-10-09_matilda_main_break_delay.md | 262 | −0.74 | M1 | 無し | 直後「・−0.58)。」 | base/diag_paths.json -0.7433797586426859 | D4 と同じ出力。合図の向きを掛けた move_bp [区間]、起点 = 建ての時刻: 4 本とも 1 分 −0.25〜 |
| 2026-10-09_matilda_main_break_delay.md | 262 | −0.58 | M1 | 無し | 直後「)。」 | base/diag_paths.json -0.5756531747537047 | D4 と同じ出力。合図の向きを掛けた move_bp [区間]、起点 = 建ての時刻: 4 本とも 1 分 −0.25〜 |
| 2026-10-09_matilda_main_break_delay.md | 264 | +0.41 | M1 | 無し | 直後「〜+0.52)は記述にとどめ」 | break_delay_8/diag_paths.json 0.40738389830408883 | - 読み: 建ての後は合図の向きと逆(K-301 と同じ向き)、値は基準とほぼ同じ(合図と 1 段目は基準とほぼ同じ取引 |
| 2026-10-09_matilda_main_break_delay.md | 264 | +0.52 | M1 | 無し | 直後「)は記述にとどめ、読みに使わ」 | break_delay_2/diag_paths.json 0.5241244825075237 | - 読み: 建ての後は合図の向きと逆(K-301 と同じ向き)、値は基準とほぼ同じ(合図と 1 段目は基準とほぼ同じ取引 |
| 2026-10-09_matilda_main_break_delay.md | 325 | −610 | M20 | 円 | 列「基準で利確 → 本でブレイク」 | base/diag_paths.json -30.496521490517292 × 20 | / k = 4 / +410 / +387(12,377・14,430 本) / −610 / −482(3,000・3 |
| 2026-10-09_matilda_main_break_delay.md | 330 | 0.25 | M1 | 無し | 直後「(線を近づけた本、前半 −1」 | break_delay_3/diag_paths.json -0.25396583938427025 | - 読み(記述。崩れたので採用・改良は言わない): k を変えた差は、前半で負(k = 4 は −59 [−126, − |
| 2026-10-09_matilda_main_break_delay.md | 330 | 0.85 | M1 | 円 | 直後「〜0.86)。ここに 3 項」 | break_delay_3/diag_paths.json -0.8525052785763881 | - 読み(記述。崩れたので採用・改良は言わない): k を変えた差は、前半で負(k = 4 は −59 [−126, − |
| 2026-10-09_matilda_main_break_delay.md | 330 | 0.86 | M1 | 円 | 直後「)。ここに 3 項目「基準で」 | break_delay_4/diag_paths.json -0.8637462965085138 | - 読み(記述。崩れたので採用・改良は言わない): k を変えた差は、前半で負(k = 4 は −59 [−126, − |
| 2026-10-09_matilda_main_break_delay.md | 347 | 0.25 | M1 | 無し | 直後「)と同じ向き。ブレイクが増え」 | break_delay_3/diag_paths.json -0.25396583938427025 | - K-342(ブレイクの線: 近い線は後半だけ、遠い線は前半だけ効く): k を大きくした差は前半で負・後半で正で、近 |
| 2026-10-09_matilda_main_break_delay.md | 348 | 0.25 | M1 | 無し | 直後「・1、break_len_m」 | break_delay_3/diag_paths.json -0.25396583938427025 | - K-346・K-349(線を遠くする本は前半に正): ブレイクの線に触る族の走らせは 8 本(break_dist  |
| 2026-10-09_matilda_main_break_delay.md | 348 | 0.25 | M1 | 無し | 直後「と break_delay」 | break_delay_3/diag_paths.json -0.25396583938427025 | - K-346・K-349(線を遠くする本は前半に正): ブレイクの線に触る族の走らせは 8 本(break_dist  |
| 2026-10-09_matilda_main_break_delay.md | 349 | 0.25 | M1 | 無し | 直後「の差は後半の低と高で正)・」 | break_delay_3/diag_paths.json -0.25396583938427025 | - K-344(break_dist 0.25 の差は後半の低と高で正)・K-348(長い窓の差は前半の高で正): この |
| 2026-10-09_matilda_main_break_delay.md | 420 | −0.78 | M20 | 無し | 列「後半」 | break_delay_3/diag_paths.json 0.03908226881386313 × 20 | / k = 2 / +0.90 / −0.78 / |
| 2026-10-09_matilda_main_break_delay.md | 421 | −0.71 | M1 | 無し | 列「後半」 | break_delay_3/diag_paths.json -0.7133549887255385 | / k = 3 / +0.93 / −0.71 / |
| 2026-10-09_matilda_main_break_delay.md | 423 | −0.88 | M1 | 無し | 列「後半」 | break_delay_2/diag_paths.json -0.8791327965744444 | / k = 8 / +0.75 / −0.88 / |
| 2026-10-09_matilda_main_break_delay.md | 424 | +0.94 | M1 | 無し | 列「前半」 | break_delay_4/diag_paths.json -0.944167826907112 | / base / +0.94 / −0.85 / |
| 2026-10-09_matilda_main_break_delay.md | 424 | −0.85 | M1 | 無し | 列「後半」 | break_delay_3/diag_paths.json -0.8525052785763881 | / base / +0.94 / −0.85 / |
| 2026-10-09_matilda_main_break_delay.md | 437 | 0.25 | M1 | 円 | 直後「と同じ向き)、基準との差は」 | break_delay_3/diag_paths.json -0.25396583938427025 | - **知見の文**: 「bitFlyer FX_BTC_JPY で、中心から 4 ボラ外れた値段が 1 ボラ戻る回数と |
| 2026-10-09_matilda_main_break_off.md | 181 | +0.43 | M1 | 円 | 列「差(ポイント)」 | break_off/diag_paths.json -0.42647956511732016 | / 前半 / break_off / 215,501 / 0.9893 / 0.9850 / +0.43 / +18.6 |
| 2026-10-09_matilda_main_break_off.md | 183 | −0.06 | M1 | 円 | 列「差(ポイント)」 | base/diag_paths.json 0.058799172312870684 | / 後半 / break_off / 209,058 / 0.9904 / 0.9910 / −0.06 / +11.9 |
| 2026-10-09_matilda_main_break_off.md | 184 | −0.85 | M1 | 円 | 列「差(ポイント)」 | break_off/diag_paths.json -0.8476871295079034 | / 後半 / base / 172,686 / 0.8734 / 0.8819 / −0.85 / +32.2 / −2 |
| 2026-10-09_matilda_main_break_off.md | 199 | +0.39 | M1 | 円 | 直後「・50% +0.91・75%」 | break_off/diag_paths.json -0.38880366273523753 | - 取引の損益の分位(読み口の D3、bp。× 20 = 円): 1% −50.60(−1,012 円)・5% −6.1 |
| 2026-10-09_matilda_main_break_off.md | 199 | −10.40 | M20 | 円 | 直後「・50% +0.77・99%」 | break_off/diag_paths.json -0.5207184772823757(表示) × 20 | - 取引の損益の分位(読み口の D3、bp。× 20 = 円): 1% −50.60(−1,012 円)・5% −6.1 |
| 2026-10-09_matilda_main_break_off.md | 227 | 0.00 | M1 | 無し | 直後「・0.00・0.67。」 | break_off/diag_paths.json -0.0049905711504478235 | - 出の後の値動き(move_bp [区間]): 5 分 −0.28 [−0.39, −0.18]・15 分 −0.52 |
| 2026-10-09_matilda_main_break_off.md | 227 | 0.00 | M1 | 無し | 直後「・0.67。」 | break_off/diag_paths.json -0.0049905711504478235 | - 出の後の値動き(move_bp [区間]): 5 分 −0.28 [−0.39, −0.18]・15 分 −0.52 |
| 2026-10-09_matilda_main_break_off.md | 227 | 0.67 | M1 | 無し | 直後「。」 | break_off/diag_paths.json 0.6713083181883126 | - 出の後の値動き(move_bp [区間]): 5 分 −0.28 [−0.39, −0.18]・15 分 −0.52 |
| 2026-10-09_matilda_main_break_off.md | 248 | +0.67 | M1 | 無し | 直後「)は記述にとどめ、読みに使わ」 | break_off/diag_paths.json 0.6713083181883126 | - 読み: 建ての後は合図の向きと逆(K-301 と同じ向き)。60 分は区間が 0 を含む(基準は 0 より下)。この |
| 2026-10-09_matilda_main_break_off.md | 403 | +0.43 | M1 | 無し | 列「前半」 | break_off/diag_paths.json -0.42647956511732016 | / break_off / +0.43 / −0.06 / |
| 2026-10-09_matilda_main_break_off.md | 403 | −0.06 | M1 | 無し | 列「後半」 | base/diag_paths.json 0.058799172312870684 | / break_off / +0.43 / −0.06 / |
| 2026-10-09_matilda_main_break_off.md | 404 | −0.85 | M1 | 無し | 列「後半」 | break_off/diag_paths.json -0.8476871295079034 | / base / +0.94 / −0.85 / |
| 2026-10-09_matilda_main_range_lo.md | 190 | +0.94 | M1 | 円 | 列「差(ポイント)」 | range_lo_p10/diag_paths.json -0.9378058678454557 | / 前半 / base / 176,097 / 0.8833 / 0.8739 / +0.94 / +40.5 / −2 |
| 2026-10-09_matilda_main_range_lo.md | 192 | +0.89 | M1 | 円 | 列「差(ポイント)」 | range_lo_none/diag_paths.json -0.8920806574752062 | / 前半 / p25 / 117,505 / 0.8815 / 0.8725 / +0.89 / +54.3 / −37 |
| 2026-10-09_matilda_main_range_lo.md | 194 | −0.85 | M1 | 円 | 列「差(ポイント)」 | range_lo_p25/diag_paths.json -0.8544430657050305 | / 後半 / base / 172,686 / 0.8734 / 0.8819 / −0.85 / +32.2 / −2 |
| 2026-10-09_matilda_main_range_lo.md | 195 | −0.82 | M20 | 円 | 列「差(ポイント)」 | range_lo_p25/diag_paths.json 0.04086480907178299 × 20 | / 後半 / p10 / 155,916 / 0.8726 / 0.8807 / −0.82 / +34.8 / −25 |
| 2026-10-09_matilda_main_range_lo.md | 196 | −0.68 | M1 | 円 | 列「差(ポイント)」 | range_lo_p10/diag_paths.json -0.6809581372198773 | / 後半 / p25 / 124,396 / 0.8713 / 0.8781 / −0.68 / +40.1 / −28 |
| 2026-10-09_matilda_main_range_lo.md | 197 | −0.36 | M1 | 円 | 列「差(ポイント)」 | range_lo_none/diag_paths.json 0.35876423712505195 | / 後半 / p50 / 71,340 / 0.8690 / 0.8726 / −0.36 / +53.2 / −360 |
| 2026-10-09_matilda_main_range_lo.md | 212 | −0.85 | M1 | 無し | 直後「→ −0.36 に縮む。保」 | range_lo_p25/diag_paths.json -0.8544430657050305 | - 読み: 門を上げるほど取引が減り(348,783 → 146,461 本)、残る取引は幅の広いレンジのもので、1 本 |
| 2026-10-09_matilda_main_range_lo.md | 212 | −0.36 | M1 | 無し | 直後「に縮む。保有 0 分の帯は」 | range_lo_none/diag_paths.json 0.35876423712505195 | - 読み: 門を上げるほど取引が減り(348,783 → 146,461 本)、残る取引は幅の広いレンジのもので、1 本 |
| 2026-10-09_matilda_main_range_lo.md | 239 | −0.42 | M1 | 無し | 直後「)。5・15 分は 0 より」 | range_lo_none/diag_paths.json -0.41920142897237817 | - 出の後の値動き(move_bp、60 分): −0.38・−0.28・−0.25(区間は 0 を含む。基準 −0.4 |
| 2026-10-09_matilda_main_range_lo.md | 239 | 0.00 | M1 | 無し | 直後「・0.00・0.67。」 | range_lo_p10/diag_paths.json 0.0 | - 出の後の値動き(move_bp、60 分): −0.38・−0.28・−0.25(区間は 0 を含む。基準 −0.4 |
| 2026-10-09_matilda_main_range_lo.md | 239 | 0.00 | M1 | 無し | 直後「・0.67。」 | range_lo_p10/diag_paths.json 0.0 | - 出の後の値動き(move_bp、60 分): −0.38・−0.28・−0.25(区間は 0 を含む。基準 −0.4 |
| 2026-10-09_matilda_main_range_lo.md | 260 | +0.66 | M1 | 無し | 直後「・+0.83・+1.41)は」 | range_lo_none/diag_paths.json -0.6563928555502531 | - 読み: 建ての後は合図の向きと逆(K-301 と同じ向き)で、門を上げるほど 1〜15 分の逆向きの動きが大きい(幅 |
| 2026-10-09_matilda_main_range_lo.md | 260 | +0.83 | M1 | 無し | 直後「・+1.41)は記述にとどめ」 | range_lo_p25/diag_paths.json 0.8322288934123169 | - 読み: 建ての後は合図の向きと逆(K-301 と同じ向き)で、門を上げるほど 1〜15 分の逆向きの動きが大きい(幅 |
| 2026-10-09_matilda_main_range_lo.md | 260 | +1.41 | M1 | 無し | 直後「)は記述にとどめ、読みに使わ」 | range_lo_p50/diag_paths.json 1.414625978443756 | - 読み: 建ての後は合図の向きと逆(K-301 と同じ向き)で、門を上げるほど 1〜15 分の逆向きの動きが大きい(幅 |
| 2026-10-09_matilda_main_range_lo.md | 269 | −0.60 | M1 | 無し | 直後「は建てた合図の区間 [−1」 | range_lo/blocked_range_lo_p50.json -0.5962079087390537 | 読み: 門で外した狭いレンジの合図も建ての後は合図の向きと逆に動き、1〜15 分の動きは建てた合図(広いレンジ)より小さ |
| 2026-10-09_matilda_main_range_lo.md | 269 | −1.55 | M1 | 無し | 直後「, +0.35] に入るので」 | range_lo_p25/diag_paths.json 1.54806840024281 | 読み: 門で外した狭いレンジの合図も建ての後は合図の向きと逆に動き、1〜15 分の動きは建てた合図(広いレンジ)より小さ |
| 2026-10-09_matilda_main_range_lo.md | 269 | +0.35 | M1 | 無し | 直後「] に入るので、60 分の動」 | range_lo_p10/diag_paths.json -0.3463087636531007 | 読み: 門で外した狭いレンジの合図も建ての後は合図の向きと逆に動き、1〜15 分の動きは建てた合図(広いレンジ)より小さ |
| 2026-10-09_matilda_main_range_lo.md | 323 | +4.7 | M1 | 円 | 直後「円・後半 −1.8 円。狭」 | range_lo_none/diag_paths.json -4.741686308922244 | - 差の出所: 同じ取引の分はほぼ 0(線が同じなので、同じ合図は同じ損益。門が持っている間に段を足すのを止める分も小さ |
| 2026-10-09_matilda_main_range_lo.md | 411 | −0.82 | M20 | 無し | 列「後半」 | range_lo_p25/diag_paths.json 0.04086480907178299 × 20 | / p10 / +0.90 / −0.82 / |
| 2026-10-09_matilda_main_range_lo.md | 412 | +0.89 | M1 | 無し | 列「前半」 | range_lo_none/diag_paths.json -0.8920806574752062 | / p25 / +0.89 / −0.68 / |
| 2026-10-09_matilda_main_range_lo.md | 412 | −0.68 | M1 | 無し | 列「後半」 | range_lo_p10/diag_paths.json -0.6809581372198773 | / p25 / +0.89 / −0.68 / |
| 2026-10-09_matilda_main_range_lo.md | 413 | −0.36 | M1 | 無し | 列「後半」 | range_lo_none/diag_paths.json 0.35876423712505195 | / p50 / +0.93 / −0.36 / |
| 2026-10-09_matilda_main_range_lo.md | 414 | +0.94 | M1 | 無し | 列「前半」 | range_lo_p10/diag_paths.json -0.9378058678454557 | / base・none / +0.94 / −0.85 / |
| 2026-10-09_matilda_main_range_lo.md | 414 | −0.85 | M1 | 無し | 列「後半」 | range_lo_p25/diag_paths.json -0.8544430657050305 | / base・none / +0.94 / −0.85 / |
| 2026-10-09_matilda_main_range_lo.md | 426 | +4.7 | M1 | 円 | 直後「・−1.8 円)、基準の後半」 | range_lo_none/diag_paths.json -4.741686308922244 | - **知見の文**: 「bitFlyer FX_BTC_JPY で、中心から 4 ボラ外れた値段が 1 ボラ戻る回数と |
| 2026-10-09_matilda_main_range_hi.md | 180 | +0.85 | M1 | 円 | 列「差(ポイント)」 | range_hi/blocked_range_hi_p75.json -0.8469684958545118 | / 前半 / p90 / 165,136 / 0.8818 / 0.8733 / +0.85 / +32.9 / −22 |
| 2026-10-09_matilda_main_range_hi.md | 181 | +0.94 | M1 | 円 | 列「差(ポイント)」 | range_hi/blocked_range_hi_p75.json 0.9374348602911655 | / 前半 / base / 176,097 / 0.8833 / 0.8739 / +0.94 / +40.5 / −2 |
| 2026-10-09_matilda_main_range_hi.md | 183 | −0.98 | M1 | 円 | 列「差(ポイント)」 | base/diag_paths.json -0.9791305570215977 | / 後半 / p90 / 167,253 / 0.8724 / 0.8822 / −0.98 / +29.1 / −21 |
| 2026-10-09_matilda_main_range_hi.md | 184 | −0.85 | M1 | 円 | 列「差(ポイント)」 | range_hi/blocked_range_hi_p75.json -0.8469684958545118 | / 後半 / base / 172,686 / 0.8734 / 0.8819 / −0.85 / +32.2 / −2 |
| 2026-10-09_matilda_main_range_hi.md | 201 | +0.94 | M1 | 無し | 直後「→ +0.84、後半は −」 | range_hi/blocked_range_hi_p75.json 0.9374348602911655 | - 読み: 門を下げると広いレンジの取引が外れ、残る取引の 1 本の利確・ブレイクは小さくなる(利確 +40.5 → + |
| 2026-10-09_matilda_main_range_hi.md | 201 | −0.85 | M1 | 無し | 直後「→ −1.17 に悪くなる」 | range_hi/blocked_range_hi_p75.json -0.8469684958545118 | - 読み: 門を下げると広いレンジの取引が外れ、残る取引の 1 本の利確・ブレイクは小さくなる(利確 +40.5 → + |
| 2026-10-09_matilda_main_range_hi.md | 305 | +20.7 | M20 | 円 | 列「1 本(円)」 | range_hi_none/diag_paths.json 1.0353165364339412 × 20 | / p75 / 後半 / 保有 0 分 / 4,365 / +20.7 / +90,466 / −62 / |
| 2026-10-09_matilda_main_range_hi.md | 310 | −7.9 | M1 | 円 | 列「1 本(円)」 | base/diag_paths.json -7.857948144963737 | / p90 / 後半 / 0 分超 / 4,641 / −7.9 / −36,624 / +25 / |
| 2026-10-09_matilda_main_range_hi.md | 317 | +20.7 | M20 | 円 | 直後「円、0 分超 −0.5 →」 | range_hi_none/diag_paths.json 1.0353165364339412 × 20 | 3. 後半は外れた取引の 0 分の帯の稼ぎ(−62)と、0 分超の負けを避けた分(+70)がほぼ打ち消す。打ち消しは本数 |
| 2026-10-09_matilda_main_range_hi.md | 372 | −1.79 | M1 | 無し | 列「観察」 | range_hi/blocked_range_hi_p75.json -1.7898327517765198 | / 3 / 広いレンジで外した合図は建ての後 1〜15 分の逆向きの動きが建てた合図より大きく(15 分 −1.79 対 |
| 2026-10-09_matilda_main_range_hi.md | 372 | −0.56 | M1 | 無し | 列「観察」 | range_hi_p75/diag_paths.json -0.5596584597096608 | / 3 / 広いレンジで外した合図は建ての後 1〜15 分の逆向きの動きが建てた合図より大きく(15 分 −1.79 対 |
| 2026-10-09_matilda_main_range_hi.md | 372 | −0.50 | M1 | 無し | 列「観察」 | range_hi_p75/diag_paths.json -0.49973943476204297 | / 3 / 広いレンジで外した合図は建ての後 1〜15 分の逆向きの動きが建てた合図より大きく(15 分 −1.79 対 |
| 2026-10-09_matilda_main_range_hi.md | 372 | −1.00 | M20 | 無し | 列「観察」 | range_hi_p75/diag_paths.json 0.05394933192375323(表示) × 20 | / 3 / 広いレンジで外した合図は建ての後 1〜15 分の逆向きの動きが建てた合図より大きく(15 分 −1.79 対 |
| 2026-10-09_matilda_main_range_hi.md | 410 | +0.85 | M1 | 無し | 列「前半」 | range_hi/blocked_range_hi_p75.json -0.8469684958545118 | / p90 / +0.85 / −0.98 / |
| 2026-10-09_matilda_main_range_hi.md | 410 | −0.98 | M1 | 無し | 列「後半」 | base/diag_paths.json -0.9791305570215977 | / p90 / +0.85 / −0.98 / |
| 2026-10-09_matilda_main_range_hi.md | 411 | −0.85 | M1 | 無し | 列「後半」 | range_hi/blocked_range_hi_p75.json -0.8469684958545118 | / none / +1.01 / −0.85 / |
| 2026-10-09_matilda_main_range_hi.md | 412 | +0.94 | M1 | 無し | 列「前半」 | range_hi/blocked_range_hi_p75.json 0.9374348602911655 | / base / +0.94 / −0.85 / |
| 2026-10-09_matilda_main_range_hi.md | 412 | −0.85 | M1 | 無し | 列「後半」 | range_hi/blocked_range_hi_p75.json -0.8469684958545118 | / base / +0.94 / −0.85 / |
| 2026-10-09_matilda_main_vola_gate.md | 64 | 9.2 | M20 | 無し | 直後「%、p25 33.8%・26」 | vola_gate_p10/diag_paths.json -0.46480051766618685(表示) × 20 | - 門で外れる基準の取引は p10 前半 29,150・後半 15,960、p25 59,477・45,021、p50  |
| 2026-10-09_matilda_main_vola_gate.md | 179 | +0.93 | M20 | 円 | 列「差(ポイント)」 | vola_gate_p25/diag_paths.json 0.04661806305560426 × 20 | / 前半 / p10 / 148,180 / 0.8833 / 0.8740 / +0.93 / +45.8 / −31 |
| 2026-10-09_matilda_main_vola_gate.md | 182 | +0.94 | M1 | 円 | 列「差(ポイント)」 | vola_gate_p10/diag_paths.json -0.937200178487631 | / 前半 / base / 176,097 / 0.8833 / 0.8739 / +0.94 / +40.5 / −2 |
| 2026-10-09_matilda_main_vola_gate.md | 184 | −0.63 | M1 | 円 | 列「差(ポイント)」 | vola_gate/blocked_vola_gate_p50.json -0.632571886523256 | / 後半 / p25 / 129,747 / 0.8747 / 0.8810 / −0.63 / +38.4 / −28 |
| 2026-10-09_matilda_main_vola_gate.md | 185 | −0.40 | M1 | 円 | 列「差(ポイント)」 | vola_gate_p25/diag_paths.json -0.40345024352246583 | / 後半 / p50 / 78,027 / 0.8768 / 0.8808 / −0.40 / +48.5 / −354 |
| 2026-10-09_matilda_main_vola_gate.md | 186 | −0.85 | M1 | 円 | 列「差(ポイント)」 | vola_gate_p50/diag_paths.json 0.8527218364995686 | / 後半 / base / 172,686 / 0.8734 / 0.8819 / −0.85 / +32.2 / −2 |
| 2026-10-09_matilda_main_vola_gate.md | 192 | +0.94 | M1 | 無し | 直後「→ +1.01、後半 −0」 | vola_gate_p10/diag_paths.json -0.937200178487631 | - 読み: 門を上げると残る取引の 1 本の利確・ブレイクがどちらも大きくなる(利確 +40.5 → +65.7、ブレイ |
| 2026-10-09_matilda_main_vola_gate.md | 192 | −0.85 | M1 | 無し | 直後「→ −0.40 で、後半の」 | vola_gate_p50/diag_paths.json 0.8527218364995686 | - 読み: 門を上げると残る取引の 1 本の利確・ブレイクがどちらも大きくなる(利確 +40.5 → +65.7、ブレイ |
| 2026-10-09_matilda_main_vola_gate.md | 192 | −0.40 | M1 | 無し | 直後「で、後半の方が大きく動く。」 | vola_gate_p25/diag_paths.json -0.40345024352246583 | - 読み: 門を上げると残る取引の 1 本の利確・ブレイクがどちらも大きくなる(利確 +40.5 → +65.7、ブレイ |
| 2026-10-09_matilda_main_vola_gate.md | 219 | −0.66 | M1 | 無し | 直後「〜−0.87)。」 | base/diag_paths.json -0.6564809095083297 | - 出の後の値動き(60 分): p10 −0.35 [−0.87, +0.13]・p25 −0.28 [−0.91,  |
| 2026-10-09_matilda_main_vola_gate.md | 219 | −0.87 | M1 | 無し | 直後「)。」 | vola_gate_p10/diag_paths.json -0.8743841211260639 | - 出の後の値動き(60 分): p10 −0.35 [−0.87, +0.13]・p25 −0.28 [−0.91,  |
| 2026-10-09_matilda_main_vola_gate.md | 247 | −0.78 | M1 | 無し | 直後「は建てた合図の区間 [−1」 | vola_gate_p25/diag_paths.json -0.7800896177202481 | - 読み: 門で外したボラの小さい合図も建ての後は合図の向きと逆に動き、1〜15 分の動きは建てた合図より小さい(bp  |
| 2026-10-09_matilda_main_vola_gate.md | 247 | −1.27 | M1 | 無し | 直後「, +0.57] に入るので」 | vola_gate_p10/diag_paths.json 1.267452830741549 | - 読み: 門で外したボラの小さい合図も建ての後は合図の向きと逆に動き、1〜15 分の動きは建てた合図より小さい(bp  |
| 2026-10-09_matilda_main_vola_gate.md | 247 | +0.57 | M1 | 無し | 直後「] に入るので 60 分は区」 | vola_gate_p25/diag_paths.json -0.5680634012016956 | - 読み: 門で外したボラの小さい合図も建ての後は合図の向きと逆に動き、1〜15 分の動きは建てた合図より小さい(bp  |
| 2026-10-09_matilda_main_vola_gate.md | 247 | +1.36 | M1 | 無し | 直後「[+0.43, +2.34」 | vola_gate_p50/diag_paths.json -1.3566186998743455 | - 読み: 門で外したボラの小さい合図も建ての後は合図の向きと逆に動き、1〜15 分の動きは建てた合図より小さい(bp  |
| 2026-10-09_matilda_main_vola_gate.md | 247 | +0.43 | M1 | 無し | 直後「, +2.34])。24 時」 | vola_gate_p50/diag_paths.json -0.4272362616580631 | - 読み: 門で外したボラの小さい合図も建ての後は合図の向きと逆に動き、1〜15 分の動きは建てた合図より小さい(bp  |
| 2026-10-09_matilda_main_vola_gate.md | 247 | +2.34 | M1 | 無し | 直後「])。24 時間前の対照は口」 | vola_gate_p50/diag_paths.json 2.339538735536831 | - 読み: 門で外したボラの小さい合図も建ての後は合図の向きと逆に動き、1〜15 分の動きは建てた合図より小さい(bp  |
| 2026-10-09_matilda_main_vola_gate.md | 296 | +0.14 | M1 | 円 | 列「1 本(円)」 | vola_gate_p25/diag_paths.json -0.1372182193280739 | / p10 / 前半 / 0 分超 / 19,844 / +0.14 / +2,750 / −2 / |
| 2026-10-09_matilda_main_vola_gate.md | 297 | +0.93 | M20 | 円 | 列「1 本(円)」 | vola_gate_p25/diag_paths.json 0.04661806305560426 × 20 | / p10 / 後半 / 保有 0 分 / 4,416 / +0.93 / +4,102 / −3 / |
| 2026-10-09_matilda_main_vola_gate.md | 300 | −0.13 | M1 | 円 | 列「1 本(円)」 | vola_gate_p10/diag_paths.json 0.13257984470088424 | / p25 / 前半 / 0 分超 / 41,282 / −0.13 / −5,561 / +4 / |
| 2026-10-09_matilda_main_vola_gate.md | 302 | −4.77 | M20 | 円 | 列「1 本(円)」 | vola_gate_p25/diag_paths.json 0.23868409656072465 × 20 | / p25 / 後半 / 0 分超 / 33,412 / −4.77 / −159,303 / +108 / |
| 2026-10-09_matilda_main_vola_gate.md | 304 | −0.03 | M1 | 円 | 列「1 本(円)」 | vola_gate_p25/diag_paths.json 0.03192192691906021 | / p50 / 前半 / 0 分超 / 70,516 / −0.03 / −2,224 / +2 / |
| 2026-10-09_matilda_main_vola_gate.md | 325 | −0.03 | M1 | 円 | 直後「→ −4.44 円)から来」 | vola_gate_p25/diag_paths.json 0.03192192691906021 | 2. 差はほぼ全部、門で建たなかった基準の取引から来る(同じ合図の取引の差の和は +1,938〜+2,468 円。段の数 |
| 2026-10-09_matilda_main_vola_gate.md | 381 | 9.2 | M20 | 無し | 列「観察」 | vola_gate_p10/diag_paths.json -0.46480051766618685(表示) × 20 | / 5 / 10% 点の門で外れる取引は前半 16.6%・後半 9.2% で、足の分位(10%)と合わない / D0 / |
| 2026-10-09_matilda_main_vola_gate.md | 382 | −0.48 | M1 | 無し | 列「観察」 | vola_gate/blocked_vola_gate_p50.json -0.48367174321822226 | / 6 / 門で外したボラの小さい合図は 1〜15 分の逆向きの動きが建てた合図より小さい(15 分 −0.48 対 − |
| 2026-10-09_matilda_main_vola_gate.md | 382 | −1.03 | M1 | 無し | 列「観察」 | vola_gate_p50/diag_paths.json -1.0346899618430403 | / 6 / 門で外したボラの小さい合図は 1〜15 分の逆向きの動きが建てた合図より小さい(15 分 −0.48 対 − |
| 2026-10-09_matilda_main_vola_gate.md | 418 | +0.93 | M20 | 無し | 列「前半」 | vola_gate_p25/diag_paths.json 0.04661806305560426 × 20 | / p10 / +0.93 / −0.82 / |
| 2026-10-09_matilda_main_vola_gate.md | 419 | −0.63 | M1 | 無し | 列「後半」 | vola_gate/blocked_vola_gate_p50.json -0.632571886523256 | / p25 / +0.95 / −0.63 / |
| 2026-10-09_matilda_main_vola_gate.md | 420 | −0.40 | M1 | 無し | 列「後半」 | vola_gate_p25/diag_paths.json -0.40345024352246583 | / p50 / +1.01 / −0.40 / |
| 2026-10-09_matilda_main_vola_gate.md | 421 | +0.94 | M1 | 無し | 列「前半」 | vola_gate_p10/diag_paths.json -0.937200178487631 | / base / +0.94 / −0.85 / |
| 2026-10-09_matilda_main_vola_gate.md | 421 | −0.85 | M1 | 無し | 列「後半」 | vola_gate_p50/diag_paths.json 0.8527218364995686 | / base / +0.94 / −0.85 / |
| FINDINGS_LEDGER.md | 231 | +0.54 | M1 | 無し | 直後「の偏りがある(測りの癖)」 | base/diag_paths.json 0.5398815675342171 | ### K-311 D5 の 24 時間後の対照の 60 分に +0.54 の偏りがある(測りの癖) |
| FINDINGS_LEDGER.md | 249 | +0.94 | M1 | 無し | 直後「ポイント・後半 −0.85」 | levels_1/diag_paths.json 0.9417848317834496 | - 観察: 利確で閉じた割合は前半 0.8833・後半 0.8734、利確 1 本あたりと負け(ブレイク + 成行)1  |
| FINDINGS_LEDGER.md | 249 | −0.85 | M1 | 無し | 直後「ポイント。前半から後半へ、」 | beard_off/diag_paths.json -0.8494538464292146 | - 観察: 利確で閉じた割合は前半 0.8833・後半 0.8734、利確 1 本あたりと負け(ブレイク + 成行)1  |
| FINDINGS_LEDGER.md | 254 | +0.94 | M1 | 無し | 直後「・後半 −0.85 ポイント」 | levels_1/diag_paths.json 0.9417848317834496 | - 大きさ: 差 前半 +0.94・後半 −0.85 ポイント(区間なし) |
| FINDINGS_LEDGER.md | 254 | −0.85 | M1 | 無し | 直後「ポイント(区間なし)」 | beard_off/diag_paths.json -0.8494538464292146 | - 大きさ: 差 前半 +0.94・後半 −0.85 ポイント(区間なし) |
| FINDINGS_LEDGER.md | 288 | −2.80 | M1 | 円 | 直後「M 円」 | break_delay_2/diag_paths.json -2.799937219400972 | - 大きさ: 3 分以内 +2.93M 円・3 分超 −2.80M 円 |
| FINDINGS_LEDGER.md | 318 | −2.29 | M20 | 無し | 直後「→ −0.70)(型 b・」 | levels_1/diag_paths.json -0.11441605676364938 × 20 | - 観察: 後半の利確で閉じる割合は 1 段 0.8671・3 段 0.8717・5 段 0.8734・7 段 0.87 |
| FINDINGS_LEDGER.md | 318 | −0.70 | M1 | 無し | 直後「)(型 b・c、両半分。結果」 | entry_exit_2_1/diag_paths.json -0.7041429185577682 | - 観察: 後半の利確で閉じる割合は 1 段 0.8671・3 段 0.8717・5 段 0.8734・7 段 0.87 |
| FINDINGS_LEDGER.md | 324 | −2.29 | M20 | 無し | 直後「(1 段)→ −0.70(7」 | levels_1/diag_paths.json -0.11441605676364938 × 20 | - 大きさ: 後半の差 −2.29(1 段)→ −0.70(7 段)ポイント |
| FINDINGS_LEDGER.md | 324 | −0.70 | M1 | 無し | 直後「(7 段)ポイント」 | entry_exit_2_1/diag_paths.json -0.7041429185577682 | - 大きさ: 後半の差 −2.29(1 段)→ −0.70(7 段)ポイント |
| FINDINGS_LEDGER.md | 336 | +0.25 | M1 | 無し | 直後「・後半 −2.29 ポイント」 | base/diag_paths.json -0.25371630022809954 | - 観察: 1 段(4 ボラ外れた 1 回の建てで、1 ボラ戻れば利確)の 1 日あたりは前半 +145 円 [−93, |
| FINDINGS_LEDGER.md | 336 | −2.29 | M20 | 無し | 直後「ポイント。年では 2016」 | levels_1/diag_paths.json -0.11441605676364938 × 20 | - 観察: 1 段(4 ボラ外れた 1 回の建てで、1 ボラ戻れば利確)の 1 日あたりは前半 +145 円 [−93, |
| FINDINGS_LEDGER.md | 404 | −0.05 | M1 | 無し | 直後「ポイント(基準 −0.85」 | levels_3/diag_paths.json 0.048314429130480334 | - 観察: 1 日あたりは前半 +155 円 [+46, +264]・後半 −9 円 [−106, +82](決まり = |
| FINDINGS_LEDGER.md | 404 | −0.85 | M1 | 無し | 直後「)。基準との日ごとの差は全期」 | beard_off/diag_paths.json -0.8494538464292146 | - 観察: 1 日あたりは前半 +155 円 [+46, +264]・後半 −9 円 [−106, +82](決まり = |
| FINDINGS_LEDGER.md | 422 | 0.50 | M1 | 無し | 直後「(基準 0.00)(型 a。」 | levels_7/diag_paths.json -0.5019342378201911 | - 観察: 1 段目の足の後まで持った取引で、一度は MFE > 0 だったのに負けた 6,268 本・MFE ≤ 0  |
| FINDINGS_LEDGER.md | 422 | 0.00 | M1 | 無し | 直後「)(型 a。結果で決まる群)」 | levels_3/diag_paths.json -0.0038246239627672206 | - 観察: 1 段目の足の後まで持った取引で、一度は MFE > 0 だったのに負けた 6,268 本・MFE ≤ 0  |
| FINDINGS_LEDGER.md | 439 | −1.30 | M1 | 無し | 直後「・−3.60)より小さいが」 | foot_5/diag_paths.json -1.2979631960115259 | - 観察: 建ての時刻からの対照(24 時間後の同じ時刻・同じ向き)が 15 分 +0.45 [+0.11, +0.79 |
| FINDINGS_LEDGER.md | 439 | −3.60 | M1 | 無し | 直後「)より小さいが 0 から外れ」 | foot_5/diag_paths.json -3.5980142412559277 | - 観察: 建ての時刻からの対照(24 時間後の同じ時刻・同じ向き)が 15 分 +0.45 [+0.11, +0.79 |
| FINDINGS_LEDGER.md | 439 | +0.53 | M1 | 無し | 直後「)と同じ癖で、走らせが違い大」 | base/diag_paths.json 0.5251778743930445 | - 観察: 建ての時刻からの対照(24 時間後の同じ時刻・同じ向き)が 15 分 +0.45 [+0.11, +0.79 |
| FINDINGS_LEDGER.md | 558 | 0.73 | M1 | 無し | 直後「(15,102 / 20,6」 | levels_7/diag_paths.json -0.7267400927013923 | - 観察: 1 段目の足の後まで持った取引で、MFE > 0 で負けた本数 ÷ MFE ≤ 0 のまま負けた本数 は c |
| FINDINGS_LEDGER.md | 558 | 0.86 | M1 | 無し | 直後「(16,489 / 19,2」 | step_4/diag_paths.json -0.8609706796521711 | - 観察: 1 段目の足の後まで持った取引で、MFE > 0 で負けた本数 ÷ MFE ≤ 0 のまま負けた本数 は c |
| FINDINGS_LEDGER.md | 558 | 1.11 | M1 | 無し | 直後「(12,644 / 11,4」 | range_hi_p75/diag_paths.json -1.1130331165847072 | - 観察: 1 段目の足の後まで持った取引で、MFE > 0 で負けた本数 ÷ MFE ≤ 0 のまま負けた本数 は c |
| FINDINGS_LEDGER.md | 563 | 0.73 | M1 | 無し | 直後「・0.86・1.11」 | levels_7/diag_paths.json -0.7267400927013923 | - 大きさ: 比 0.73・0.86・1.11 |
| FINDINGS_LEDGER.md | 563 | 0.86 | M1 | 無し | 直後「・1.11」 | step_4/diag_paths.json -0.8609706796521711 | - 大きさ: 比 0.73・0.86・1.11 |
| FINDINGS_LEDGER.md | 563 | 1.11 | M1 | 無し | 直後「」 | range_hi_p75/diag_paths.json -1.1130331165847072 | - 大きさ: 比 0.73・0.86・1.11 |
| FINDINGS_LEDGER.md | 677 | +0.36 | M1 | 無し | 直後「[−0.02, +0.76」 | base/diag_paths.json 0.3588557125672412 | - 観察: 合図の向きを掛けた建ての時刻からの値動きは、1 分で基準 −0.25 [−0.31, −0.20]・3:2  |
| FINDINGS_LEDGER.md | 677 | −0.02 | M1 | 無し | 直後「, +0.76]・2:1 +」 | base/diag_paths.json 0.018836157279016597 | - 観察: 合図の向きを掛けた建ての時刻からの値動きは、1 分で基準 −0.25 [−0.31, −0.20]・3:2  |
| FINDINGS_LEDGER.md | 677 | +0.76 | M1 | 無し | 直後「]・2:1 +0.25 [−」 | levels_3/diag_paths.json -0.7552789744645282 | - 観察: 合図の向きを掛けた建ての時刻からの値動きは、1 分で基準 −0.25 [−0.31, −0.20]・3:2  |
| FINDINGS_LEDGER.md | 677 | +0.25 | M1 | 無し | 直後「[−0.06, +0.59」 | base/diag_paths.json -0.25371630022809954 | - 観察: 合図の向きを掛けた建ての時刻からの値動きは、1 分で基準 −0.25 [−0.31, −0.20]・3:2  |
| FINDINGS_LEDGER.md | 677 | −0.06 | M1 | 無し | 直後「, +0.59] で 0 を」 | base/diag_paths.json 0.058799172312870684 | - 観察: 合図の向きを掛けた建ての時刻からの値動きは、1 分で基準 −0.25 [−0.31, −0.20]・3:2  |
| FINDINGS_LEDGER.md | 677 | +0.59 | M1 | 無し | 直後「] で 0 を含む(基準 +」 | entry_exit_2_1/diag_paths.json 0.5940053957456184 | - 観察: 合図の向きを掛けた建ての時刻からの値動きは、1 分で基準 −0.25 [−0.31, −0.20]・3:2  |
| FINDINGS_LEDGER.md | 677 | +0.53 | M1 | 無し | 直後「[+0.03, +1.03」 | base/diag_paths.json 0.5251778743930445 | - 観察: 合図の向きを掛けた建ての時刻からの値動きは、1 分で基準 −0.25 [−0.31, −0.20]・3:2  |
| FINDINGS_LEDGER.md | 677 | +0.03 | M1 | 無し | 直後「, +1.03])(型 c・」 | base/diag_paths.json 0.03049117349268356 | - 観察: 合図の向きを掛けた建ての時刻からの値動きは、1 分で基準 −0.25 [−0.31, −0.20]・3:2  |
| FINDINGS_LEDGER.md | 677 | +1.03 | M1 | 無し | 直後「])(型 c・d)(この族は」 | base/diag_paths.json 1.027940914404314 | - 観察: 合図の向きを掛けた建ての時刻からの値動きは、1 分で基準 −0.25 [−0.31, −0.20]・3:2  |
| FINDINGS_LEDGER.md | 694 | 1.46 | M1 | 円 | 直後「→ 1.36 → 1.28」 | vola_gate_p50/diag_paths.json 1.4579979410943358 | - 観察: 保有 0 分の帯の前半の 1 日あたりは基準 +329 [+274, +378]・3:2 +522 [+45 |
| FINDINGS_LEDGER.md | 694 | 1.36 | M1 | 円 | 直後「→ 1.28。基準との差を」 | vola_gate_p50/diag_paths.json -1.3566186998743455 | - 観察: 保有 0 分の帯の前半の 1 日あたりは基準 +329 [+274, +378]・3:2 +522 [+45 |
| FINDINGS_LEDGER.md | 694 | 1.28 | M1 | 円 | 直後「。基準との差を帯で分けると、」 | count_80/diag_paths.json 1.27998581976743 | - 観察: 保有 0 分の帯の前半の 1 日あたりは基準 +329 [+274, +378]・3:2 +522 [+45 |
| FINDINGS_LEDGER.md | 711 | 1.35 | M20 | 円 | 直後「、上限段の取引は 63,15」 | break_delay_2/diag_paths.json -0.06758741612916076 × 20 | - 観察: 基準との同じ日どうしの差は、2 ボラで前半 −116 円/日 [−163, −72]・後半 +50 [+16 |
| FINDINGS_LEDGER.md | 728 | 0.43 | M1 | 円 | 直後「倍)、ブレイク 1 本 −」 | base/diag_paths.json -0.426172621745026 | - 観察: 保有 0 分超 の帯(1 段目の足の後まで持った取引)の前半の 1 日あたりは、基準 +33 [−100,  |
| FINDINGS_LEDGER.md | 728 | 0.48 | M1 | 円 | 直後「倍)(`docs/RESE」 | foot_5/diag_paths.json -0.4794295138063251 | - 観察: 保有 0 分超 の帯(1 段目の足の後まで持った取引)の前半の 1 日あたりは、基準 +33 [−100,  |
| FINDINGS_LEDGER.md | 745 | 1.18 | M1 | 無し | 直後「→ 1.05、上限段の割合」 | break_off/diag_paths.json 1.1777793378929835 | - 観察: 保有 0 分の帯の後半の 1 日あたりは、基準 +117 [+92, +141]・2 ボラ +151 [+1 |
| FINDINGS_LEDGER.md | 745 | 1.05 | M1 | 無し | 直後「、上限段の割合は 0.044」 | levels_1/diag_paths.json -1.0498796367113343 | - 観察: 保有 0 分の帯の後半の 1 日あたりは、基準 +117 [+92, +141]・2 ボラ +151 [+1 |
| FINDINGS_LEDGER.md | 762 | 0.25 | M1 | 円 | 直後「)本は、基準でも同じ足で閉じ」 | base/diag_paths.json -0.25371630022809954 | - 観察: 合図の時刻で基準と結んだ取引の帯の移り: 線を近づけた(幅 × 0.25)本は、基準でも同じ足で閉じた取引が |
| FINDINGS_LEDGER.md | 762 | 0.25 | M1 | 円 | 直後「で 35,794 本)は前」 | base/diag_paths.json -0.25371630022809954 | - 観察: 合図の時刻で基準と結んだ取引の帯の移り: 線を近づけた(幅 × 0.25)本は、基準でも同じ足で閉じた取引が |
| FINDINGS_LEDGER.md | 762 | 0.25 | M1 | 無し | 直後「で後半 +111 [+54」 | base/diag_paths.json -0.25371630022809954 | - 観察: 合図の時刻で基準と結んだ取引の帯の移り: 線を近づけた(幅 × 0.25)本は、基準でも同じ足で閉じた取引が |
| FINDINGS_LEDGER.md | 766 | 0.25 | M1 | 無し | 直後「・1 にした 2 本と基準の」 | base/diag_paths.json -0.25371630022809954 | - 射程: bitFlyer FX_BTC_JPY の 1 分足、2015-12-01〜2023-12-17T15:00 |
| FINDINGS_LEDGER.md | 767 | 0.25 | M1 | 円 | 直後「+111、前半の差 1 +」 | base/diag_paths.json -0.25371630022809954 | - 大きさ: 後半の差 0.25 +111、前半の差 1 +110 円/日 |
| FINDINGS_LEDGER.md | 778 | 0.25 | M1 | 無し | 直後「に近づけると、足の後まで持」 | base/diag_paths.json -0.25371630022809954 | ### K-343 マチルダのブレイクの線を幅 × 0.25 に近づけると、足の後まで持った取引の帯が前半に正になるが、 |
| FINDINGS_LEDGER.md | 779 | 0.25 | M1 | 円 | 直後「+148 [+48, +2」 | base/diag_paths.json -0.25371630022809954 | - 観察: 保有 0 分超 の帯の前半は 0.25 +148 [+48, +257]・基準 +33 [−100, +16 |
| FINDINGS_LEDGER.md | 779 | 0.25 | M1 | 円 | 直後「では 1 段目の足の中のブ」 | base/diag_paths.json -0.25371630022809954 | - 観察: 保有 0 分超 の帯の前半は 0.25 +148 [+48, +257]・基準 +33 [−100, +16 |
| FINDINGS_LEDGER.md | 783 | 0.25 | M1 | 無し | 直後「・1 にした 2 本と基準の」 | base/diag_paths.json -0.25371630022809954 | - 射程: bitFlyer FX_BTC_JPY の 1 分足、2015-12-01〜2023-12-17T15:00 |
| FINDINGS_LEDGER.md | 796 | 0.25 | M1 | 円 | 直後「− 基準 の後半で 低 +」 | base/diag_paths.json -0.25371630022809954 | - 観察: 場面 × 前半・後半 の日に絞った同じ日どうしの差は、0.25 − 基準 の後半で 低 +80 [+40,  |
| FINDINGS_LEDGER.md | 800 | 0.25 | M1 | 無し | 直後「・1 にした 2 本と基準の」 | base/diag_paths.json -0.25371630022809954 | - 射程: bitFlyer FX_BTC_JPY の 1 分足、2015-12-01〜2023-12-17T15:00 |
| FINDINGS_LEDGER.md | 813 | −0.33 | M1 | 無し | 直後「〜−0.39・−0.60〜−」 | levels_1/diag_paths.json -0.3313075621793898 | - 観察: 取引の向きを掛けた出の後の値動きは、60 分で 0.25 −0.75 [−1.25, −0.29]・基準 − |
| FINDINGS_LEDGER.md | 813 | −0.39 | M1 | 無し | 直後「・−0.60〜−0.76)(」 | count_80/diag_paths.json -0.3935972742113095 | - 観察: 取引の向きを掛けた出の後の値動きは、60 分で 0.25 −0.75 [−1.25, −0.29]・基準 − |
| FINDINGS_LEDGER.md | 813 | −0.60 | M1 | 無し | 直後「〜−0.76)(型 c。母数」 | break_dist_1/diag_paths.json -0.5997698340639214 | - 観察: 取引の向きを掛けた出の後の値動きは、60 分で 0.25 −0.75 [−1.25, −0.29]・基準 − |
| FINDINGS_LEDGER.md | 813 | −0.76 | M1 | 無し | 直後「)(型 c。母数は 1 段目」 | levels_3/diag_paths.json -0.7552789744645282 | - 観察: 取引の向きを掛けた出の後の値動きは、60 分で 0.25 −0.75 [−1.25, −0.29]・基準 − |
| FINDINGS_LEDGER.md | 817 | 0.25 | M1 | 無し | 直後「・1 にした 2 本と基準の」 | base/diag_paths.json -0.25371630022809954 | - 射程: bitFlyer FX_BTC_JPY の 1 分足、2015-12-01〜2023-12-17T15:00 |
| FINDINGS_LEDGER.md | 948 | 0.25 | M1 | 無し | 直後「と同じ形)」 | base/diag_paths.json -0.25371630022809954 | ### K-353 マチルダのブレイクの線に k 個前の候補を使うと、ブレイクが増えて 1 本の負けが小さくなり、基準と |
| FINDINGS_LEDGER.md | 949 | 0.25 | M1 | 無し | 直後「の差は前半 −17・後半」 | base/diag_paths.json -0.25371630022809954 | - 観察: 同じ日どうしの差(円/日): k = 2 前半 −40 [−89, +3]・後半 +38 [+13, +64 |
| FINDINGS_LEDGER.md | 966 | 1.28 | M1 | 無し | 直後「・1.34・1.33、改善の」 | count_80/diag_paths.json 1.27998581976743 | - 観察: 合図の時刻で結べた、両方とも足の後まで持った取引を出の理由の組で分けた(本数・1 本の差 円・円/日、前半  |
| FINDINGS_LEDGER.md | 966 | 1.34 | M20 | 無し | 直後「・1.33、改善の項 1.3」 | range_hi_p90/diag_paths.json 0.06721099002837387 × 20 | - 観察: 合図の時刻で結べた、両方とも足の後まで持った取引を出の理由の組で分けた(本数・1 本の差 円・円/日、前半  |
| FINDINGS_LEDGER.md | 966 | 1.30 | M1 | 無し | 直後「・1.23・1.17(k =」 | foot_5/diag_paths.json -1.2979631960115259 | - 観察: 合図の時刻で結べた、両方とも足の後まで持った取引を出の理由の組で分けた(本数・1 本の差 円・円/日、前半  |
| FINDINGS_LEDGER.md | 966 | 1.23 | M20 | 無し | 直後「・1.17(k = 2・4・」 | break_dist_1/diag_paths.json -0.06167075060999392 × 20 | - 観察: 合図の時刻で結べた、両方とも足の後まで持った取引を出の理由の組で分けた(本数・1 本の差 円・円/日、前半  |
| FINDINGS_LEDGER.md | 966 | 1.17 | M1 | 無し | 直後「(k = 2・4・8)。利確」 | foot_5/diag_paths.json -1.1724239404582846 | - 観察: 合図の時刻で結べた、両方とも足の後まで持った取引を出の理由の組で分けた(本数・1 本の差 円・円/日、前半  |
| FINDINGS_LEDGER.md | 966 | 0.85 | M1 | 無し | 直後「〜0.86。基準のブレイクで」 | beard_off/diag_paths.json -0.8494538464292146 | - 観察: 合図の時刻で結べた、両方とも足の後まで持った取引を出の理由の組で分けた(本数・1 本の差 円・円/日、前半  |
| FINDINGS_LEDGER.md | 966 | 0.86 | M1 | 無し | 直後「。基準のブレイクで閉じた足の」 | step_4/diag_paths.json -0.8609706796521711 | - 観察: 合図の時刻で結べた、両方とも足の後まで持った取引を出の理由の組で分けた(本数・1 本の差 円・円/日、前半  |
| FINDINGS_LEDGER.md | 966 | 0.87 | M1 | 無し | 直後「、K-305)。break_」 | levels_1/diag_paths.json -0.8742157501688324 | - 観察: 合図の時刻で結べた、両方とも足の後まで持った取引を出の理由の組で分けた(本数・1 本の差 円・円/日、前半  |
| FINDINGS_LEDGER.md | 966 | 0.25 | M1 | 円 | 直後「は形が違い、利確 → ブレ」 | base/diag_paths.json -0.25371630022809954 | - 観察: 合図の時刻で結べた、両方とも足の後まで持った取引を出の理由の組で分けた(本数・1 本の差 円・円/日、前半  |
| FINDINGS_LEDGER.md | 992 | 0.25 | M1 | 無し | 直後「は後半の低と高で正)・K-」 | base/diag_paths.json -0.25371630022809954 | - 渡す先: K-344(break_dist 0.25 は後半の低と高で正)・K-348・場面の分け方を使うマチルダの |
| FINDINGS_LEDGER.md | 1000 | 4.84 | M1 | 無し | 直後「・4.41 → 4.85(`」 | step_2/diag_paths.json -4.842667817110957 | - 観察: 同じ日どうしの差は前半 +424 [+235, +634]・後半 +160 [+21, +289]・全期間  |
| FINDINGS_LEDGER.md | 1017 | −6.10 | M1 | 円 | 直後「bp(基準 −10.40」 | range_hi_p90/diag_paths.json -6.104862754368249 | - 観察: 成行 4,325 本(基準 885 本)、1 本 −1,257.6 [−1,360.8, −1,157.2] |
| FINDINGS_LEDGER.md | 1017 | −10.40 | M20 | 円 | 直後「bp)で、尾は 1% 点で」 | base/diag_paths.json -0.5232141958346926(表示) × 20 | - 観察: 成行 4,325 本(基準 885 本)、1 本 −1,257.6 [−1,360.8, −1,157.2] |
| FINDINGS_LEDGER.md | 1050 | 0.51 | M1 | 円 | 直後「% 未満)で建つ取引は、1」 | base/diag_paths.json -0.5080019365380556 | ### K-359 マチルダの幅の狭いレンジ(直近 40 本の幅が値段の 0.51% 未満)で建つ取引は、1 本あたりで |
| FINDINGS_LEDGER.md | 1050 | 0.51 | M1 | 無し | 直後「% は分布の 50% 点で分」 | base/diag_paths.json -0.5080019365380556 | ### K-359 マチルダの幅の狭いレンジ(直近 40 本の幅が値段の 0.51% 未満)で建つ取引は、1 本あたりで |
| FINDINGS_LEDGER.md | 1050 | 0.88 | M1 | 円 | 直後「% 未満)で −1.7〜−2」 | levels_7/diag_paths.json -0.8813096459412862 | ### K-359 マチルダの幅の狭いレンジ(直近 40 本の幅が値段の 0.51% 未満)で建つ取引は、1 本あたりで |
| FINDINGS_LEDGER.md | 1084 | 0.88 | M1 | 無し | 直後「% 以上)で建つ取引は、前半」 | levels_7/diag_paths.json -0.8813096459412862 | ### K-361 マチルダの幅の広いレンジ(直近 40 本の幅が値段の 0.88% 以上)で建つ取引は、前半に 1 本 |
| FINDINGS_LEDGER.md | 1102 | −0.13 | M1 | 無し | 直後「・−0.35・−0.50 [」 | base/diag_paths.json -0.12956568396292287 | - 観察: 合図の向きを掛けた move_bp(起点 = 基準で建った時刻、前半・後半はまとめた値): 幅の上の門 0. |
| FINDINGS_LEDGER.md | 1102 | −0.35 | M1 | 無し | 直後「・−0.50 [−0.65,」 | levels_3/diag_paths.json 0.34510463087135645 | - 観察: 合図の向きを掛けた move_bp(起点 = 基準で建った時刻、前半・後半はまとめた値): 幅の上の門 0. |
| FINDINGS_LEDGER.md | 1102 | −0.50 | M1 | 無し | 直後「[−0.65, −0.33」 | levels_7/diag_paths.json -0.5019342378201911 | - 観察: 合図の向きを掛けた move_bp(起点 = 基準で建った時刻、前半・後半はまとめた値): 幅の上の門 0. |
| FINDINGS_LEDGER.md | 1102 | −0.65 | M1 | 無し | 直後「, −0.33]・−0.60」 | break_delay_2/diag_paths.json -0.648052533963198 | - 観察: 合図の向きを掛けた move_bp(起点 = 基準で建った時刻、前半・後半はまとめた値): 幅の上の門 0. |
| FINDINGS_LEDGER.md | 1102 | −0.33 | M1 | 無し | 直後「]・−0.60 [−0.98」 | levels_1/diag_paths.json -0.3313075621793898 | - 観察: 合図の向きを掛けた move_bp(起点 = 基準で建った時刻、前半・後半はまとめた値): 幅の上の門 0. |
| FINDINGS_LEDGER.md | 1102 | −0.60 | M1 | 無し | 直後「[−0.98, −0.25」 | break_dist_1/diag_paths.json -0.5997698340639214 | - 観察: 合図の向きを掛けた move_bp(起点 = 基準で建った時刻、前半・後半はまとめた値): 幅の上の門 0. |
| FINDINGS_LEDGER.md | 1102 | −0.98 | M1 | 無し | 直後「, −0.25]、建てた合図」 | base/diag_paths.json -0.9791305570215977 | - 観察: 合図の向きを掛けた move_bp(起点 = 基準で建った時刻、前半・後半はまとめた値): 幅の上の門 0. |
| FINDINGS_LEDGER.md | 1102 | −0.25 | M1 | 無し | 直後「]、建てた合図(146,46」 | base/diag_paths.json -0.25371630022809954 | - 観察: 合図の向きを掛けた move_bp(起点 = 基準で建った時刻、前半・後半はまとめた値): 幅の上の門 0. |
| FINDINGS_LEDGER.md | 1102 | −0.41 | M1 | 無し | 直後「・−0.68・−1.00 [」 | alert_x2/diag_paths.json -0.4136695858267706 | - 観察: 合図の向きを掛けた move_bp(起点 = 基準で建った時刻、前半・後半はまとめた値): 幅の上の門 0. |
| FINDINGS_LEDGER.md | 1102 | −0.68 | M1 | 無し | 直後「・−1.00 [−1.49,」 | entry_exit_2_1/diag_paths.json -0.6785235198836537 | - 観察: 合図の向きを掛けた move_bp(起点 = 基準で建った時刻、前半・後半はまとめた値): 幅の上の門 0. |
| FINDINGS_LEDGER.md | 1102 | −1.00 | M1 | 無し | 直後「[−1.49, −0.54」 | break_len_mult_4/diag_paths.json 1.0010895549093977 | - 観察: 合図の向きを掛けた move_bp(起点 = 基準で建った時刻、前半・後半はまとめた値): 幅の上の門 0. |
| FINDINGS_LEDGER.md | 1102 | −1.49 | M1 | 無し | 直後「, −0.54]・−0.54」 | range_lo_p50/diag_paths.json -1.487038015393493 | - 観察: 合図の向きを掛けた move_bp(起点 = 基準で建った時刻、前半・後半はまとめた値): 幅の上の門 0. |
| FINDINGS_LEDGER.md | 1102 | −0.54 | M1 | 無し | 直後「]・−0.54 [−1.55」 | base/diag_paths.json 0.5398815675342171 | - 観察: 合図の向きを掛けた move_bp(起点 = 基準で建った時刻、前半・後半はまとめた値): 幅の上の門 0. |
| FINDINGS_LEDGER.md | 1102 | −0.54 | M1 | 無し | 直後「[−1.55, +0.35」 | base/diag_paths.json 0.5398815675342171 | - 観察: 合図の向きを掛けた move_bp(起点 = 基準で建った時刻、前半・後半はまとめた値): 幅の上の門 0. |
| FINDINGS_LEDGER.md | 1102 | −1.55 | M1 | 無し | 直後「, +0.35]。15 分で」 | foot_5/diag_paths.json -1.5533192631583903 | - 観察: 合図の向きを掛けた move_bp(起点 = 基準で建った時刻、前半・後半はまとめた値): 幅の上の門 0. |
| FINDINGS_LEDGER.md | 1102 | +0.35 | M1 | 無し | 直後「]。15 分では広い側で外し」 | levels_3/diag_paths.json 0.34510463087135645 | - 観察: 合図の向きを掛けた move_bp(起点 = 基準で建った時刻、前半・後半はまとめた値): 幅の上の門 0. |
| FINDINGS_LEDGER.md | 1119 | +2.07 | M1 | 円 | 直後「円(−34)、0 分超 は」 | levels_3/diag_paths.json 2.0700933266193378 | - 観察: ボラの門を 0.0170%・0.0276%・0.0465% にした差は 前半 −21 [−47, +5]・− |
| FINDINGS_LEDGER.md | 1119 | −0.03 | M1 | 円 | 直後「円(+2)・後半 73,2」 | base/diag_paths.json 0.03049117349268356 | - 観察: ボラの門を 0.0170%・0.0276%・0.0465% にした差は 前半 −21 [−47, +5]・− |
| STAGE1_FAMILY_TABLES.md | 21 | +0.88 | M1 | 無し | 列「前半」 | levels_7/diag_paths.json -0.8813096459412862 | / entry_exit_3_2 / +0.88 / −1.05 / |
| STAGE1_FAMILY_TABLES.md | 21 | −1.05 | M1 | 無し | 列「後半」 | levels_1/diag_paths.json -1.0498796367113343 | / entry_exit_3_2 / +0.88 / −1.05 / |
| STAGE1_FAMILY_TABLES.md | 22 | +0.62 | M1 | 無し | 列「前半」 | levels_1/diag_paths.json -0.6234309685987115 | / entry_exit_2_1 / +0.62 / −1.23 / |
| STAGE1_FAMILY_TABLES.md | 22 | −1.23 | M20 | 無し | 列「後半」 | break_dist_1/diag_paths.json -0.06167075060999392 × 20 | / entry_exit_2_1 / +0.62 / −1.23 / |
| STAGE1_FAMILY_TABLES.md | 23 | +0.94 | M1 | 無し | 列「前半」 | levels_1/diag_paths.json 0.9417848317834496 | / base / +0.94 / −0.85 / |
| STAGE1_FAMILY_TABLES.md | 23 | −0.85 | M1 | 無し | 列「後半」 | beard_off/diag_paths.json -0.8494538464292146 | / base / +0.94 / −0.85 / |
| STAGE1_FAMILY_TABLES.md | 49 | +0.90 | M1 | 無し | 列「前半」 | levels_3/diag_paths.json -0.8975544393007754 | / step_2 / +0.90 / −0.98 / |
| STAGE1_FAMILY_TABLES.md | 49 | −0.98 | M1 | 無し | 列「後半」 | base/diag_paths.json -0.9791305570215977 | / step_2 / +0.90 / −0.98 / |
| STAGE1_FAMILY_TABLES.md | 50 | +0.71 | M1 | 無し | 列「前半」 | break_delay_3/diag_paths.json -0.7133549887255385 | / step_4 / +0.71 / −1.38 / |
| STAGE1_FAMILY_TABLES.md | 50 | −1.38 | M20 | 無し | 列「後半」 | range_lo_p25/diag_paths.json -0.06885268257313722 × 20 | / step_4 / +0.71 / −1.38 / |
| STAGE1_FAMILY_TABLES.md | 51 | +0.94 | M1 | 無し | 列「前半」 | levels_1/diag_paths.json 0.9417848317834496 | / base / +0.94 / −0.85 / |
| STAGE1_FAMILY_TABLES.md | 51 | −0.85 | M1 | 無し | 列「後半」 | beard_off/diag_paths.json -0.8494538464292146 | / base / +0.94 / −0.85 / |
| STAGE1_FAMILY_TABLES.md | 69 | 0.25 | M1 | 円 | 列「本」 | base/diag_paths.json -0.25371630022809954 | / break_dist_0.25(幅 × 0.25) / +345 [+248, +456] / −162 [−236 |
| STAGE1_FAMILY_TABLES.md | 77 | +1.49 | M1 | 無し | 列「前半」 | range_lo_p50/diag_paths.json -1.487038015393493 | / break_dist_0.25 / +1.49 / −0.86 / |
| STAGE1_FAMILY_TABLES.md | 77 | −0.86 | M1 | 無し | 列「後半」 | step_4/diag_paths.json -0.8609706796521711 | / break_dist_0.25 / +1.49 / −0.86 / |
| STAGE1_FAMILY_TABLES.md | 78 | +0.70 | M1 | 無し | 列「前半」 | entry_exit_2_1/diag_paths.json -0.7041429185577682 | / break_dist_1 / +0.70 / −0.51 / |
| STAGE1_FAMILY_TABLES.md | 78 | −0.51 | M1 | 無し | 列「後半」 | base/diag_paths.json -0.5080019365380556 | / break_dist_1 / +0.70 / −0.51 / |
| STAGE1_FAMILY_TABLES.md | 79 | +0.94 | M1 | 無し | 列「前半」 | levels_1/diag_paths.json 0.9417848317834496 | / base / +0.94 / −0.85 / |
| STAGE1_FAMILY_TABLES.md | 79 | −0.85 | M1 | 無し | 列「後半」 | beard_off/diag_paths.json -0.8494538464292146 | / base / +0.94 / −0.85 / |
| STAGE1_FAMILY_TABLES.md | 85 | 0.25 | M1 | 円 | 列「本」 | base/diag_paths.json -0.25371630022809954 | / 0.25 − base / +47.1 [−0.1, +94.6](MDE 68.8) / −17 [−94, +6 |
| STAGE1_FAMILY_TABLES.md | 88 | 0.25 | M1 | 無し | 直後「で 90%(312,989」 | base/diag_paths.json -0.25371630022809954 | (年の値は bp/日 × 20。合図の時刻で結べた取引は、基準の 348,783 本のうち 0.25 で 90%(312 |
| STAGE1_FAMILY_TABLES.md | 104 | +1.32 | M1 | 無し | 列「前半」 | break_dist_0.25/diag_paths.json -1.3239449356019548 | / break_len_mult_4 / +1.32 / −0.46 / |
| STAGE1_FAMILY_TABLES.md | 104 | −0.46 | M1 | 無し | 列「後半」 | levels_1/diag_paths.json 0.4570129509922531 | / break_len_mult_4 / +1.32 / −0.46 / |
| STAGE1_FAMILY_TABLES.md | 105 | +0.94 | M1 | 無し | 列「前半」 | levels_1/diag_paths.json 0.9417848317834496 | / base / +0.94 / −0.85 / |
| STAGE1_FAMILY_TABLES.md | 105 | −0.85 | M1 | 無し | 列「後半」 | beard_off/diag_paths.json -0.8494538464292146 | / base / +0.94 / −0.85 / |
| STAGE1_FAMILY_TABLES.md | 129 | +0.94 | M1 | 無し | 列「前半」 | levels_1/diag_paths.json 0.9417848317834496 | / beard_off / +0.94 / −0.75 / |
| STAGE1_FAMILY_TABLES.md | 129 | −0.75 | M1 | 無し | 列「後半」 | levels_1/diag_paths.json -0.7480510344767866 | / beard_off / +0.94 / −0.75 / |
| STAGE1_FAMILY_TABLES.md | 130 | +0.94 | M1 | 無し | 列「前半」 | levels_1/diag_paths.json 0.9417848317834496 | / base / +0.94 / −0.85 / |
| STAGE1_FAMILY_TABLES.md | 130 | −0.85 | M1 | 無し | 列「後半」 | beard_off/diag_paths.json -0.8494538464292146 | / base / +0.94 / −0.85 / |
| STAGE1_FAMILY_TABLES.md | 157 | +0.90 | M1 | 無し | 列「前半」 | levels_3/diag_paths.json -0.8975544393007754 | / k = 2 / +0.90 / −0.78 / |
| STAGE1_FAMILY_TABLES.md | 157 | −0.78 | M1 | 無し | 列「後半」 | beard_off/diag_paths.json -0.7773802177933776 | / k = 2 / +0.90 / −0.78 / |
| STAGE1_FAMILY_TABLES.md | 158 | +0.93 | M1 | 無し | 列「前半」 | count_20/diag_paths.json 0.9338689785892695 | / k = 3 / +0.93 / −0.71 / |
| STAGE1_FAMILY_TABLES.md | 158 | −0.71 | M1 | 無し | 列「後半」 | break_delay_3/diag_paths.json -0.7133549887255385 | / k = 3 / +0.93 / −0.71 / |
| STAGE1_FAMILY_TABLES.md | 159 | +0.90 | M1 | 無し | 列「前半」 | levels_3/diag_paths.json -0.8975544393007754 | / k = 4 / +0.90 / −0.70 / |
| STAGE1_FAMILY_TABLES.md | 159 | −0.70 | M1 | 無し | 列「後半」 | entry_exit_2_1/diag_paths.json -0.7041429185577682 | / k = 4 / +0.90 / −0.70 / |
| STAGE1_FAMILY_TABLES.md | 160 | +0.75 | M1 | 無し | 列「前半」 | levels_1/diag_paths.json -0.7480510344767866 | / k = 8 / +0.75 / −0.88 / |
| STAGE1_FAMILY_TABLES.md | 160 | −0.88 | M1 | 無し | 列「後半」 | levels_7/diag_paths.json -0.8813096459412862 | / k = 8 / +0.75 / −0.88 / |
| STAGE1_FAMILY_TABLES.md | 161 | +0.94 | M1 | 無し | 列「前半」 | levels_1/diag_paths.json 0.9417848317834496 | / base / +0.94 / −0.85 / |
| STAGE1_FAMILY_TABLES.md | 161 | −0.85 | M1 | 無し | 列「後半」 | beard_off/diag_paths.json -0.8494538464292146 | / base / +0.94 / −0.85 / |
| STAGE1_FAMILY_TABLES.md | 184 | 0.99 | M1 | 無し | 直後「は勝ちの割合ではない):」 | levels_1/diag_paths.json -0.9911192170374973 | 表 2 利確で閉じる割合 − 取引のとんとん(ポイント。D3、境 2019-12-09。取引のとんとん = 負け 1 本 |
| STAGE1_FAMILY_TABLES.md | 188 | +0.43 | M1 | 無し | 列「前半」 | base/diag_paths.json -0.426172621745026 | / break_off / +0.43 / −0.06 / |
| STAGE1_FAMILY_TABLES.md | 188 | −0.06 | M1 | 無し | 列「後半」 | base/diag_paths.json 0.058799172312870684 | / break_off / +0.43 / −0.06 / |
| STAGE1_FAMILY_TABLES.md | 189 | +0.94 | M1 | 無し | 列「前半」 | levels_1/diag_paths.json 0.9417848317834496 | / base / +0.94 / −0.85 / |
| STAGE1_FAMILY_TABLES.md | 189 | −0.85 | M1 | 無し | 列「後半」 | beard_off/diag_paths.json -0.8494538464292146 | / base / +0.94 / −0.85 / |
| STAGE1_FAMILY_TABLES.md | 216 | +0.90 | M1 | 無し | 列「前半」 | levels_3/diag_paths.json -0.8975544393007754 | / p10 / +0.90 / −0.82 / |
| STAGE1_FAMILY_TABLES.md | 216 | −0.82 | M1 | 無し | 列「後半」 | count_80/diag_paths.json -0.824409902297458 | / p10 / +0.90 / −0.82 / |
| STAGE1_FAMILY_TABLES.md | 217 | +0.89 | M1 | 無し | 列「前半」 | base/diag_paths.json -0.8920902612146696 | / p25 / +0.89 / −0.68 / |
| STAGE1_FAMILY_TABLES.md | 217 | −0.68 | M1 | 無し | 列「後半」 | entry_exit_2_1/diag_paths.json -0.6785235198836537 | / p25 / +0.89 / −0.68 / |
| STAGE1_FAMILY_TABLES.md | 218 | +0.93 | M1 | 無し | 列「前半」 | count_20/diag_paths.json 0.9338689785892695 | / p50 / +0.93 / −0.36 / |
| STAGE1_FAMILY_TABLES.md | 218 | −0.36 | M1 | 無し | 列「後半」 | base/diag_paths.json 0.3588557125672412 | / p50 / +0.93 / −0.36 / |
| STAGE1_FAMILY_TABLES.md | 219 | +0.94 | M1 | 無し | 列「前半」 | levels_1/diag_paths.json 0.9417848317834496 | / base・none / +0.94 / −0.85 / |
| STAGE1_FAMILY_TABLES.md | 219 | −0.85 | M1 | 無し | 列「後半」 | beard_off/diag_paths.json -0.8494538464292146 | / base・none / +0.94 / −0.85 / |
| STAGE1_FAMILY_TABLES.md | 247 | +0.84 | M1 | 無し | 列「前半」 | beard_off/diag_paths.json 0.8362422182983538 | / p75 / +0.84 / −1.17 / |
| STAGE1_FAMILY_TABLES.md | 247 | −1.17 | M1 | 無し | 列「後半」 | foot_5/diag_paths.json -1.1724239404582846 | / p75 / +0.84 / −1.17 / |
| STAGE1_FAMILY_TABLES.md | 248 | +0.85 | M1 | 無し | 列「前半」 | beard_off/diag_paths.json -0.8494538464292146 | / p90 / +0.85 / −0.98 / |
| STAGE1_FAMILY_TABLES.md | 248 | −0.98 | M1 | 無し | 列「後半」 | base/diag_paths.json -0.9791305570215977 | / p90 / +0.85 / −0.98 / |
| STAGE1_FAMILY_TABLES.md | 249 | +1.01 | M1 | 無し | 列「前半」 | step_4/diag_paths.json 1.0112435354660116 | / none / +1.01 / −0.85 / |
| STAGE1_FAMILY_TABLES.md | 249 | −0.85 | M1 | 無し | 列「後半」 | beard_off/diag_paths.json -0.8494538464292146 | / none / +1.01 / −0.85 / |
| STAGE1_FAMILY_TABLES.md | 250 | +0.94 | M1 | 無し | 列「前半」 | levels_1/diag_paths.json 0.9417848317834496 | / base / +0.94 / −0.85 / |
| STAGE1_FAMILY_TABLES.md | 250 | −0.85 | M1 | 無し | 列「後半」 | beard_off/diag_paths.json -0.8494538464292146 | / base / +0.94 / −0.85 / |
| STAGE1_FAMILY_TABLES.md | 276 | +0.93 | M1 | 無し | 列「前半」 | count_20/diag_paths.json 0.9338689785892695 | / p10 / +0.93 / −0.82 / |
| STAGE1_FAMILY_TABLES.md | 276 | −0.82 | M1 | 無し | 列「後半」 | count_80/diag_paths.json -0.824409902297458 | / p10 / +0.93 / −0.82 / |
| STAGE1_FAMILY_TABLES.md | 277 | +0.95 | M1 | 無し | 列「前半」 | break_dist_0.25/diag_paths.json 0.9501781044344911 | / p25 / +0.95 / −0.63 / |
| STAGE1_FAMILY_TABLES.md | 277 | −0.63 | M1 | 無し | 列「後半」 | base/diag_paths.json -0.6269039678731072 | / p25 / +0.95 / −0.63 / |
| STAGE1_FAMILY_TABLES.md | 278 | +1.01 | M1 | 無し | 列「前半」 | step_4/diag_paths.json 1.0112435354660116 | / p50 / +1.01 / −0.40 / |
| STAGE1_FAMILY_TABLES.md | 278 | −0.40 | M1 | 無し | 列「後半」 | entry_exit_3_2/diag_paths.json -0.39591606166077653 | / p50 / +1.01 / −0.40 / |
| STAGE1_FAMILY_TABLES.md | 279 | +0.94 | M1 | 無し | 列「前半」 | levels_1/diag_paths.json 0.9417848317834496 | / base / +0.94 / −0.85 / |
| STAGE1_FAMILY_TABLES.md | 279 | −0.85 | M1 | 無し | 列「後半」 | beard_off/diag_paths.json -0.8494538464292146 | / base / +0.94 / −0.85 / |
