読んだ行 228(M1 139・M20 89)

| 何の数か | 数 |
|---|---|
| 口座の bp(D1 の年ごと・D6・D7・MDE の表と文) | 61 |
| 利確で閉じる割合 − とんとん(ポイント) | 57 |
| 引数の値(幅 × 0.25) | 30 |
| 円(1 本あたり・和) | 28 |
| 倍率・比 | 21 |
| 段の数の平均 | 9 |
| 取引の損益の分位(口座の bp) | 7 |
| 万円・百万円の和 | 4 |
| 割合・門の値(%) | 4 |
| 幅 ÷ ボラ の分位 | 3 |
| 頂点までの分 ÷ 保有の分 の分位 | 2 |
| コードの行番号 | 1 |
| 値動きの bp(幅の下の族の D5 の値を × 1 で引いた。族をまたいだ引用なので族の出力の集まりに無く、× 20 の字の一致として出た) | 1 |

| 何の数か | 文書 | 行 | 数 | 字の一致 | 前後 |
|---|---|---|---|---|---|
| コードの行番号 | 2026-10-09_matilda_main_break_dist.md | 25 | 156 | M20 | ⟨イクに入り、注文を全部取り消し玉を閉じる(R12)、`:156` ブレイク中は中心に戻るま⟩ |
| 万円・百万円の和 | 2026-10-09_matilda_main_alert.md | 215 | −155 | M20 | ⟨ 本とも全体の約 2.5% で、その和は 3 本とも約 −155 万円とほとんど変わらない。⟩ |
| 万円・百万円の和 | 2026-10-09_matilda_main_alert.md | 377 | −155 | M20 | ⟨2 / 20 分を超えて持った取引の和は 3 本とも約 −155 万円。20 分超の中で、成⟩ |
| 万円・百万円の和 | 2026-10-09_matilda_main_alert.md | 426 | −155 | M20 | ⟨)。20 分超の取引は 3 本とも約 2.5%・和 約 −155 万円で、成行の負けがブレイ⟩ |
| 万円・百万円の和 | FINDINGS_LEDGER.md | 288 | −2.80 | M1 | ⟨- 大きさ: 3 分以内 +2.93M 円・3 分超 −2.80M 円⟩ |
| 倍率・比 | 2026-10-09_matilda_main_break_delay.md | 330 | 0.85 | M1 | ⟨61.1 / +52.2 円)で、本数は後半に多い(比 0.85〜0.86)。ここに 3 項⟩ |
| 倍率・比 | 2026-10-09_matilda_main_break_delay.md | 330 | 0.86 | M1 | ⟨/ +52.2 円)で、本数は後半に多い(比 0.85〜0.86)。ここに 3 項目「基準で⟩ |
| 倍率・比 | 2026-10-09_matilda_main_count.md | 290 | 0.86 | M20 | ⟨ ≤ 0 で負け)は、count_20 0.73・基準 0.86・count_80 1.11⟩ |
| 倍率・比 | 2026-10-09_matilda_main_count.md | 452 | 0.86 | M20 | ⟨ち「一度は有利に動いてから負けた」が増え(比 0.73・0.86・1.11)、負けの MAE⟩ |
| 倍率・比 | 2026-10-09_matilda_main_step.md | 224 | 0.69 | M20 | ⟨+46.7 → +32.2 → +20.0 円(基準の 0.69・0.43 倍)。ブレイクは⟩ |
| 倍率・比 | 2026-10-09_matilda_main_step.md | 224 | 0.43 | M1 | ⟨ → +32.2 → +20.0 円(基準の 0.69・0.43 倍)。ブレイクは本数がほぼ⟩ |
| 倍率・比 | 2026-10-09_matilda_main_step.md | 224 | 0.48 | M20 | ⟨.7 → −245.0 → −162.7 円(0.72・0.48 倍)。【推定】勝ちの縮みが⟩ |
| 倍率・比 | 2026-10-09_matilda_main_step.md | 252 | 0.66 | M1 | ⟨18 万 → +677 万 → +403 万円(基準の 0.66・0.40 倍)、負けた 2⟩ |
| 倍率・比 | 2026-10-09_matilda_main_step.md | 252 | 0.40 | M1 | ⟨→ +677 万 → +403 万円(基準の 0.66・0.40 倍)、負けた 2 群の和は⟩ |
| 倍率・比 | 2026-10-09_matilda_main_step.md | 252 | 0.69 | M20 | ⟨−1,070 万 → −741 万 → −489 万円(0.69・0.46 倍)で、勝ちの縮⟩ |
| 倍率・比 | 2026-10-09_matilda_main_step.md | 252 | 0.46 | M20 | ⟨0 万 → −741 万 → −489 万円(0.69・0.46 倍)で、勝ちの縮みが少し大⟩ |
| 倍率・比 | 2026-10-09_matilda_main_step.md | 387 | 0.48 | M20 | ⟨り大きい(利確 1 本 0.43 倍・ブレイク 1 本 0.48 倍。「量が減るだけ」では前⟩ |
| 倍率・比 | 2026-10-09_matilda_main_step.md | 438 | 0.43 | M1 | ⟨数は同じまま 1 本が +46.7 → +20.0 円(0.43 倍)、ブレイク 1 本が ⟩ |
| 倍率・比 | 2026-10-09_matilda_main_step.md | 438 | 0.48 | M20 | ⟨ブレイク 1 本が −341.7 → −162.7 円(0.48 倍)に縮み、和は前半で負に⟩ |
| 倍率・比 | 2026-10-09_matilda_main_step.md | 438 | 0.48 | M20 | ⟨ブレイク 1 本が −341.7 → −162.7 円(0.48 倍)に縮み、和は前半で負に⟩ |
| 倍率・比 | 2026-10-09_matilda_main_step.md | 438 | 0.69 | M20 | ⟨・ブレイク 1 本 0.48 倍、D4 の和 0.66・0.69(2 ボラ)・0.40・0.⟩ |
| 倍率・比 | 2026-10-09_matilda_main_step.md | 438 | 0.46 | M20 | ⟨、D4 の和 0.66・0.69(2 ボラ)・0.40・0.46(4 ボラ))。比の差は小さ⟩ |
| 倍率・比 | FINDINGS_LEDGER.md | 728 | 0.43 | M1 | ⟨本に減り、利確 1 本 +46.7 → +20.0 円(0.43 倍)、ブレイク 1 本 −⟩ |
| 倍率・比 | FINDINGS_LEDGER.md | 728 | 0.48 | M1 | ⟨、ブレイク 1 本 −341.7 → −162.7 円(0.48 倍)(`docs/RESE⟩ |
| 倍率・比 | FINDINGS_LEDGER.md | 966 | 1.34 | M20 | ⟨摘 1)。1 本の前半 ÷ 後半 は 切る項 1.28・1.34・1.33、改善の項 1.3⟩ |
| 倍率・比 | FINDINGS_LEDGER.md | 966 | 1.23 | M20 | ⟨る項 1.28・1.34・1.33、改善の項 1.30・1.23・1.17(k = 2・4・⟩ |
| 値動きの bp(幅の下の族の D5 の値を × 1 で引いた。族をまたいだ引用なので族の出力の集まりに無く、× 20 の字の一致として出た) | 2026-10-09_matilda_main_range_hi.md | 372 | −1.00 | M20 | ⟨ない)、狭いレンジで外した合図は小さい(−0.50 対 −1.00) / D5(本と rang⟩ |
| 円(1 本あたり・和) | 2026-10-09_matilda_main_base.md | 104 | −156 | M20 | ⟨値) ÷ 2 に置き換えたときの損益の差を数えた。合計 −156 円(2015 年 128 ⟩ |
| 円(1 本あたり・和) | 2026-10-09_matilda_main_base.md | 261 | −134.7 | M20 | ⟨+109.6 / 2,416 / −325,457 / −134.7 / 9,105 / +79⟩ |
| 円(1 本あたり・和) | 2026-10-09_matilda_main_beard.md | 300 | −0.7 | M1 | ⟨分超 → 0 分超 / 85,883 / −1.1 → −0.7 / +21 /⟩ |
| 円(1 本あたり・和) | 2026-10-09_matilda_main_beard.md | 302 | +11.2 | M1 | ⟨らだけ → 0 分 / 18,629 / 建てない → +11.2 / +141 /⟩ |
| 円(1 本あたり・和) | 2026-10-09_matilda_main_beard.md | 308 | −6.5 | M20 | ⟨後半 / 0 分超 → 0 分超 / 88,306 / −6.5 → −6.8 / −22 ⟩ |
| 円(1 本あたり・和) | 2026-10-09_matilda_main_break_delay.md | 325 | −610 | M20 | ⟨0 / +387(12,377・14,430 本) / −610 / −482(3,000・⟩ |
| 円(1 本あたり・和) | 2026-10-09_matilda_main_break_dist.md | 328 | +14.6 | M20 | ⟨ 分 → 0 分 / 42,673 / +10.9 → +14.6 / +108 /⟩ |
| 円(1 本あたり・和) | 2026-10-09_matilda_main_break_dist.md | 332 | +5.0 | M20 | ⟨/ 後半 / 0 分 → 0 分 / 34,817 / +5.0 → +9.2 / +101⟩ |
| 円(1 本あたり・和) | 2026-10-09_matilda_main_break_dist.md | 334 | −2.3 | M20 | ⟨超 → 0 分超 / 114,748 / −2.8 → −2.3 / +34 /⟩ |
| 円(1 本あたり・和) | 2026-10-09_matilda_main_break_dist.md | 335 | −4.8 | M20 | ⟨) / 5,194 / 12,524 / +1.2 / −4.8 → 建てない / −4 /⟩ |
| 円(1 本あたり・和) | 2026-10-09_matilda_main_break_dist.md | 336 | +17.9 | M20 | ⟨ 分 → 0 分 / 44,692 / +20.3 → +17.9 / −72 /⟩ |
| 円(1 本あたり・和) | 2026-10-09_matilda_main_break_dist.md | 340 | +12.2 | M20 | ⟨ 分 → 0 分 / 36,353 / +14.5 → +12.2 / −57 /⟩ |
| 円(1 本あたり・和) | 2026-10-09_matilda_main_break_len_mult.md | 302 | +8.6 | M20 | ⟨0 分 → 0 分 / 37,983 / +9.1 → +8.6 / −14 /⟩ |
| 円(1 本あたり・和) | 2026-10-09_matilda_main_break_len_mult.md | 303 | −2.2 | M20 | ⟨19 / 9,871 / 建てない → +10.7 / −2.2 / +21 / −15 /⟩ |
| 円(1 本あたり・和) | 2026-10-09_matilda_main_break_len_mult.md | 361 | +8.6 | M20 | ⟨/日、1 本 +15.6 → +15.3・+9.1 → +8.6 円)。同じ足の中・2 段以⟩ |
| 円(1 本あたり・和) | 2026-10-09_matilda_main_range_hi.md | 305 | +20.7 | M20 | ⟨p75 / 後半 / 保有 0 分 / 4,365 / +20.7 / +90,466 / −⟩ |
| 円(1 本あたり・和) | 2026-10-09_matilda_main_range_hi.md | 310 | −7.9 | M1 | ⟨/ p90 / 後半 / 0 分超 / 4,641 / −7.9 / −36,624 / +⟩ |
| 円(1 本あたり・和) | 2026-10-09_matilda_main_range_hi.md | 317 | +20.7 | M20 | ⟨ → 3.4%)。1 本は 0 分の帯 +36.7 → +20.7 円、0 分超 −0.5 →⟩ |
| 円(1 本あたり・和) | 2026-10-09_matilda_main_range_lo.md | 323 | +4.7 | M1 | ⟨ +1.9 円・後半 −2.6 円、広いレンジは 前半 +4.7 円・後半 −1.8 円。狭⟩ |
| 円(1 本あたり・和) | 2026-10-09_matilda_main_range_lo.md | 426 | +4.7 | M1 | ⟨本あたり前半 +1.9・後半 −2.6 円(広いレンジ +4.7・−1.8 円)、基準の後半⟩ |
| 円(1 本あたり・和) | 2026-10-09_matilda_main_vola_gate.md | 296 | +0.14 | M1 | ⟨ p10 / 前半 / 0 分超 / 19,844 / +0.14 / +2,750 / −2⟩ |
| 円(1 本あたり・和) | 2026-10-09_matilda_main_vola_gate.md | 297 | +0.93 | M20 | ⟨p10 / 後半 / 保有 0 分 / 4,416 / +0.93 / +4,102 / −3⟩ |
| 円(1 本あたり・和) | 2026-10-09_matilda_main_vola_gate.md | 300 | −0.13 | M1 | ⟨ p25 / 前半 / 0 分超 / 41,282 / −0.13 / −5,561 / +4⟩ |
| 円(1 本あたり・和) | 2026-10-09_matilda_main_vola_gate.md | 302 | −4.77 | M20 | ⟨ p25 / 後半 / 0 分超 / 33,412 / −4.77 / −159,303 / ⟩ |
| 円(1 本あたり・和) | 2026-10-09_matilda_main_vola_gate.md | 304 | −0.03 | M1 | ⟨ p50 / 前半 / 0 分超 / 70,516 / −0.03 / −2,224 / +2⟩ |
| 円(1 本あたり・和) | 2026-10-09_matilda_main_vola_gate.md | 325 | −0.03 | M1 | ⟨で割合はほぼ同じ、後半の差は 1 本の変わり(0 分超 −0.03 → −4.44 円)から来⟩ |
| 円(1 本あたり・和) | FINDINGS_LEDGER.md | 1119 | +2.07 | M1 | ⟨23 円(−86 円/日)・後半 24,116 本 × +2.07 円(−34)、0 分超 は⟩ |
| 円(1 本あたり・和) | FINDINGS_LEDGER.md | 1119 | −0.03 | M1 | ⟨ 円(−34)、0 分超 は前半 70,516 本 × −0.03 円(+2)・後半 73,2⟩ |
| 利確で閉じる割合 − とんとん(ポイント) | 2026-10-09_matilda_main_base.md | 476 | +0.80 | M20 | ⟨780(+0.46 ポイント)。取引のとんとんの上がり(+0.80 ポイント、D9b の行 1⟩ |
| 利確で閉じる割合 − とんとん(ポイント) | 2026-10-09_matilda_main_beard.md | 184 | −0.85 | M1 | ⟨172,686 / 0.8734 / 0.8819 / −0.85 / +32.2 / −23⟩ |
| 利確で閉じる割合 − とんとん(ポイント) | 2026-10-09_matilda_main_break_delay.md | 190 | +0.94 | M1 | ⟨176,097 / 0.8833 / 0.8739 / +0.94 / +40.5 / −28⟩ |
| 利確で閉じる割合 − とんとん(ポイント) | 2026-10-09_matilda_main_break_delay.md | 195 | −0.85 | M1 | ⟨172,686 / 0.8734 / 0.8819 / −0.85 / +32.2 / −23⟩ |
| 利確で閉じる割合 − とんとん(ポイント) | 2026-10-09_matilda_main_break_delay.md | 196 | −0.78 | M20 | ⟨170,756 / 0.8668 / 0.8745 / −0.78 / +32.6 / −22⟩ |
| 利確で閉じる割合 − とんとん(ポイント) | 2026-10-09_matilda_main_break_delay.md | 197 | −0.71 | M1 | ⟨169,556 / 0.8627 / 0.8698 / −0.71 / +32.7 / −21⟩ |
| 利確で閉じる割合 − とんとん(ポイント) | 2026-10-09_matilda_main_break_delay.md | 199 | −0.88 | M1 | ⟨166,365 / 0.8510 / 0.8598 / −0.88 / +32.9 / −20⟩ |
| 利確で閉じる割合 − とんとん(ポイント) | 2026-10-09_matilda_main_break_delay.md | 420 | −0.78 | M20 | ⟨/ k = 2 / +0.90 / −0.78 /⟩ |
| 利確で閉じる割合 − とんとん(ポイント) | 2026-10-09_matilda_main_break_dist.md | 194 | −0.51 | M1 | ⟨188,853 / 0.9294 / 0.9345 / −0.51 / +29.0 / −40⟩ |
| 利確で閉じる割合 − とんとん(ポイント) | 2026-10-09_matilda_main_break_len_mult.md | 183 | −0.46 | M1 | ⟨184,712 / 0.9166 / 0.9212 / −0.46 / +27.9 / −31⟩ |
| 利確で閉じる割合 − とんとん(ポイント) | 2026-10-09_matilda_main_break_off.md | 181 | +0.43 | M1 | ⟨215,501 / 0.9893 / 0.9850 / +0.43 / +18.6 / (無し⟩ |
| 利確で閉じる割合 − とんとん(ポイント) | 2026-10-09_matilda_main_break_off.md | 183 | −0.06 | M1 | ⟨209,058 / 0.9904 / 0.9910 / −0.06 / +11.9 / (無し⟩ |
| 利確で閉じる割合 − とんとん(ポイント) | 2026-10-09_matilda_main_break_off.md | 184 | −0.85 | M1 | ⟨172,686 / 0.8734 / 0.8819 / −0.85 / +32.2 / −23⟩ |
| 利確で閉じる割合 − とんとん(ポイント) | 2026-10-09_matilda_main_count.md | 201 | −0.18 | M20 | ⟨176,432 / 0.7878 / 0.7896 / −0.18 / +25.9 / −96⟩ |
| 利確で閉じる割合 − とんとん(ポイント) | 2026-10-09_matilda_main_count.md | 203 | +0.69 | M1 | ⟨147,911 / 0.9312 / 0.9242 / +0.69 / +52.1 / −63⟩ |
| 利確で閉じる割合 − とんとん(ポイント) | 2026-10-09_matilda_main_count.md | 225 | −0.18 | M20 | ⟨下がり(0.787)、とんとんも下がる。前半から差が負(−0.18 ポイント)。⟩ |
| 利確で閉じる割合 − とんとん(ポイント) | 2026-10-09_matilda_main_count.md | 413 | −0.18 | M20 | ⟨とも差の符号と損益の符号が合う(count_20 前半 −0.18・後半 −2.02 ポイント⟩ |
| 利確で閉じる割合 − とんとん(ポイント) | 2026-10-09_matilda_main_count.md | 413 | +0.69 | M1 | ⟨3・後半 −369,855 円、count_80 前半 +0.69・後半 −0.75)。ただし⟩ |
| 利確で閉じる割合 − とんとん(ポイント) | 2026-10-09_matilda_main_count.md | 486 | −0.18 | M20 | ⟨/ count_20 / −0.18 / −2.02 /⟩ |
| 利確で閉じる割合 − とんとん(ポイント) | 2026-10-09_matilda_main_entry_exit.md | 191 | +0.88 | M20 | ⟨207,348 / 0.8969 / 0.8881 / +0.88 / +45.5 / −36⟩ |
| 利確で閉じる割合 − とんとん(ポイント) | 2026-10-09_matilda_main_entry_exit.md | 192 | +0.62 | M1 | ⟨230,591 / 0.9045 / 0.8983 / +0.62 / +50.0 / −44⟩ |
| 利確で閉じる割合 − とんとん(ポイント) | 2026-10-09_matilda_main_entry_exit.md | 432 | +0.88 | M20 | ⟨/ entry_exit_3_2 / +0.88 / −1.05 /⟩ |
| 利確で閉じる割合 − とんとん(ポイント) | 2026-10-09_matilda_main_levels.md | 196 | +0.25 | M1 | ⟨169,107 / 0.8771 / 0.8746 / +0.25 / +63.0 / −44⟩ |
| 利確で閉じる割合 − とんとん(ポイント) | 2026-10-09_matilda_main_levels.md | 197 | +0.73 | M1 | ⟨174,160 / 0.8816 / 0.8743 / +0.73 / +50.3 / −35⟩ |
| 利確で閉じる割合 − とんとん(ポイント) | 2026-10-09_matilda_main_levels.md | 198 | +0.94 | M1 | ⟨176,097 / 0.8833 / 0.8739 / +0.94 / +40.5 / −28⟩ |
| 利確で閉じる割合 − とんとん(ポイント) | 2026-10-09_matilda_main_levels.md | 199 | +1.06 | M1 | ⟨176,894 / 0.8838 / 0.8732 / +1.06 / +33.2 / −22⟩ |
| 利確で閉じる割合 − とんとん(ポイント) | 2026-10-09_matilda_main_levels.md | 200 | −2.29 | M20 | ⟨165,203 / 0.8671 / 0.8901 / −2.29 / +48.3 / −38⟩ |
| 利確で閉じる割合 − とんとん(ポイント) | 2026-10-09_matilda_main_levels.md | 201 | −1.18 | M20 | ⟨170,568 / 0.8717 / 0.8836 / −1.18 / +40.1 / −30⟩ |
| 利確で閉じる割合 − とんとん(ポイント) | 2026-10-09_matilda_main_levels.md | 207 | −2.29 | M20 | ⟨を良い側へ動かす。ただし後半はどの段数でも差が負のまま(−2.29 → −0.70)。⟩ |
| 利確で閉じる割合 − とんとん(ポイント) | 2026-10-09_matilda_main_levels.md | 349 | −2.29 | M20 | ⟨益の符号が一致する(前半 +0.25〜+1.06、後半 −2.29〜−0.70 ポイント)。た⟩ |
| 利確で閉じる割合 − とんとん(ポイント) | 2026-10-09_matilda_main_levels.md | 425 | −2.29 | M20 | ⟨/ levels_1 / +0.25 / −2.29 /⟩ |
| 利確で閉じる割合 − とんとん(ポイント) | 2026-10-09_matilda_main_levels.md | 426 | −1.18 | M20 | ⟨/ levels_3 / +0.73 / −1.18 /⟩ |
| 利確で閉じる割合 − とんとん(ポイント) | 2026-10-09_matilda_main_levels.md | 442 | −2.29 | M20 | ⟨3〜−178 円、利確で閉じる割合 − 取引のとんとん −2.29〜−0.70 ポイント)。段⟩ |
| 利確で閉じる割合 − とんとん(ポイント) | 2026-10-09_matilda_main_range_hi.md | 180 | +0.85 | M1 | ⟨165,136 / 0.8818 / 0.8733 / +0.85 / +32.9 / −22⟩ |
| 利確で閉じる割合 − とんとん(ポイント) | 2026-10-09_matilda_main_range_hi.md | 181 | +0.94 | M1 | ⟨176,097 / 0.8833 / 0.8739 / +0.94 / +40.5 / −28⟩ |
| 利確で閉じる割合 − とんとん(ポイント) | 2026-10-09_matilda_main_range_hi.md | 183 | −0.98 | M1 | ⟨167,253 / 0.8724 / 0.8822 / −0.98 / +29.1 / −21⟩ |
| 利確で閉じる割合 − とんとん(ポイント) | 2026-10-09_matilda_main_range_hi.md | 184 | −0.85 | M1 | ⟨172,686 / 0.8734 / 0.8819 / −0.85 / +32.2 / −23⟩ |
| 利確で閉じる割合 − とんとん(ポイント) | 2026-10-09_matilda_main_range_lo.md | 190 | +0.94 | M1 | ⟨176,097 / 0.8833 / 0.8739 / +0.94 / +40.5 / −28⟩ |
| 利確で閉じる割合 − とんとん(ポイント) | 2026-10-09_matilda_main_range_lo.md | 192 | +0.89 | M1 | ⟨117,505 / 0.8815 / 0.8725 / +0.89 / +54.3 / −37⟩ |
| 利確で閉じる割合 − とんとん(ポイント) | 2026-10-09_matilda_main_range_lo.md | 194 | −0.85 | M1 | ⟨172,686 / 0.8734 / 0.8819 / −0.85 / +32.2 / −23⟩ |
| 利確で閉じる割合 − とんとん(ポイント) | 2026-10-09_matilda_main_range_lo.md | 195 | −0.82 | M20 | ⟨155,916 / 0.8726 / 0.8807 / −0.82 / +34.8 / −25⟩ |
| 利確で閉じる割合 − とんとん(ポイント) | 2026-10-09_matilda_main_range_lo.md | 196 | −0.68 | M1 | ⟨124,396 / 0.8713 / 0.8781 / −0.68 / +40.1 / −28⟩ |
| 利確で閉じる割合 − とんとん(ポイント) | 2026-10-09_matilda_main_range_lo.md | 197 | −0.36 | M1 | ⟨ 71,340 / 0.8690 / 0.8726 / −0.36 / +53.2 / −36⟩ |
| 利確で閉じる割合 − とんとん(ポイント) | 2026-10-09_matilda_main_range_lo.md | 411 | −0.82 | M20 | ⟨/ p10 / +0.90 / −0.82 /⟩ |
| 利確で閉じる割合 − とんとん(ポイント) | 2026-10-09_matilda_main_step.md | 190 | +0.90 | M1 | ⟨176,999 / 0.8836 / 0.8746 / +0.90 / +28.7 / −19⟩ |
| 利確で閉じる割合 − とんとん(ポイント) | 2026-10-09_matilda_main_step.md | 193 | −0.98 | M1 | ⟨173,840 / 0.8742 / 0.8840 / −0.98 / +22.4 / −16⟩ |
| 利確で閉じる割合 − とんとん(ポイント) | 2026-10-09_matilda_main_vola_gate.md | 179 | +0.93 | M20 | ⟨148,180 / 0.8833 / 0.8740 / +0.93 / +45.8 / −31⟩ |
| 利確で閉じる割合 − とんとん(ポイント) | 2026-10-09_matilda_main_vola_gate.md | 182 | +0.94 | M1 | ⟨176,097 / 0.8833 / 0.8739 / +0.94 / +40.5 / −28⟩ |
| 利確で閉じる割合 − とんとん(ポイント) | 2026-10-09_matilda_main_vola_gate.md | 184 | −0.63 | M1 | ⟨129,747 / 0.8747 / 0.8810 / −0.63 / +38.4 / −28⟩ |
| 利確で閉じる割合 − とんとん(ポイント) | 2026-10-09_matilda_main_vola_gate.md | 185 | −0.40 | M1 | ⟨ 78,027 / 0.8768 / 0.8808 / −0.40 / +48.5 / −35⟩ |
| 利確で閉じる割合 − とんとん(ポイント) | 2026-10-09_matilda_main_vola_gate.md | 186 | −0.85 | M1 | ⟨172,686 / 0.8734 / 0.8819 / −0.85 / +32.2 / −23⟩ |
| 利確で閉じる割合 − とんとん(ポイント) | 2026-10-09_matilda_main_vola_gate.md | 418 | +0.93 | M20 | ⟨/ p10 / +0.93 / −0.82 /⟩ |
| 利確で閉じる割合 − とんとん(ポイント) | FINDINGS_LEDGER.md | 318 | −2.29 | M20 | ⟨ 0.8732)。後半の差(ポイント)はどの段数でも負(−2.29 → −0.70)(型 b・⟩ |
| 利確で閉じる割合 − とんとん(ポイント) | FINDINGS_LEDGER.md | 324 | −2.29 | M20 | ⟨- 大きさ: 後半の差 −2.29(1 段)→ −0.70(7⟩ |
| 利確で閉じる割合 − とんとん(ポイント) | FINDINGS_LEDGER.md | 336 | −2.29 | M20 | ⟨じる割合 − 取引のとんとん は前半 +0.25・後半 −2.29 ポイント。年では 2016⟩ |
| 利確で閉じる割合 − とんとん(ポイント) | STAGE1_FAMILY_TABLES.md | 22 | −1.23 | M20 | ⟨/ entry_exit_2_1 / +0.62 / −1.23 /⟩ |
| 利確で閉じる割合 − とんとん(ポイント) | STAGE1_FAMILY_TABLES.md | 50 | −1.38 | M20 | ⟨/ step_4 / +0.71 / −1.38 /⟩ |
| 割合・門の値(%) | 2026-10-09_matilda_main_vola_gate.md | 64 | 9.2 | M20 | ⟨172,686 本)は p10 前半 16.6%・後半 9.2%、p25 33.8%・26⟩ |
| 割合・門の値(%) | 2026-10-09_matilda_main_vola_gate.md | 381 | 9.2 | M20 | ⟨/ 10% 点の門で外れる取引は前半 16.6%・後半 9.2% で、足の分位(10%)と⟩ |
| 割合・門の値(%) | FINDINGS_LEDGER.md | 1050 | 0.51 | M1 | ⟨ マチルダの幅の狭いレンジ(直近 40 本の幅が値段の 0.51% 未満)で建つ取引は、1 ⟩ |
| 割合・門の値(%) | FINDINGS_LEDGER.md | 1050 | 0.88 | M1 | ⟨幅の 6 帯の表では、後半の 1 本の負けは下 4 帯(0.88% 未満)で −1.7〜−2⟩ |
| 取引の損益の分位(口座の bp) | 2026-10-09_matilda_main_break_off.md | 199 | +0.39 | M1 | ⟨0.60(−1,012 円)・5% −6.10・25% +0.39・50% +0.91・75%⟩ |
| 取引の損益の分位(口座の bp) | 2026-10-09_matilda_main_break_off.md | 199 | −10.40 | M20 | ⟨.11(基準 1% −33.70(−674 円)・5% −10.40・50% +0.77・99%⟩ |
| 取引の損益の分位(口座の bp) | 2026-10-09_matilda_main_count.md | 215 | +0.42 | M1 | ⟨bp): count_20 1% −18.00・50% +0.42・99% +8.01、cou⟩ |
| 取引の損益の分位(口座の bp) | 2026-10-09_matilda_main_count.md | 215 | −55.40 | M20 | ⟨+0.42・99% +8.01、count_80 1% −55.40・50% +0.98・99%⟩ |
| 取引の損益の分位(口座の bp) | 2026-10-09_matilda_main_count.md | 215 | +0.98 | M1 | ⟨8.01、count_80 1% −55.40・50% +0.98・99% +20.63。⟩ |
| 取引の損益の分位(口座の bp) | FINDINGS_LEDGER.md | 1017 | −6.10 | M1 | ⟨準 −33.70 bp = −674 円)、5% 点は −6.10 bp(基準 −10.40 ⟩ |
| 取引の損益の分位(口座の bp) | FINDINGS_LEDGER.md | 1017 | −10.40 | M20 | ⟨= −674 円)、5% 点は −6.10 bp(基準 −10.40 bp)で、尾は 1% 点で⟩ |
| 口座の bp(D1 の年ごと・D6・D7・MDE の表と文) | 2026-10-09_matilda_main_base.md | 141 | +0.30 | M20 | ⟨/ 2020 / 366 / +0.30 [-7.90, +8.16⟩ |
| 口座の bp(D1 の年ごと・D6・D7・MDE の表と文) | 2026-10-09_matilda_main_base.md | 143 | +10.16 | M20 | ⟨6.51] / -263 [-409, -130] / +10.16 / 負 /⟩ |
| 口座の bp(D1 の年ごと・D6・D7・MDE の表と文) | 2026-10-09_matilda_main_base.md | 144 | +11.60 | M20 | ⟨5.74] / -479 [-639, -315] / +11.60 / 負 /⟩ |
| 口座の bp(D1 の年ごと・D6・D7・MDE の表と文) | 2026-10-09_matilda_main_levels.md | 124 | +0.76 | M1 | ⟨ +80.72 [−53.91, +292.43] / +0.76 [−76.71, +97.⟩ |
| 口座の bp(D1 の年ごと・D6・D7・MDE の表と文) | 2026-10-09_matilda_main_levels.md | 125 | +6.63 | M1 | ⟨ / +15.01 [−3.14, +33.52] / +6.63 [−8.10, +21.6⟩ |
| 口座の bp(D1 の年ごと・D6・D7・MDE の表と文) | 2026-10-09_matilda_main_levels.md | 129 | +2.82 | M20 | ⟨4, −26.20] / −5.86 [−15.88, +2.82] / +0.30 [−7.⟩ |
| 口座の bp(D1 の年ごと・D6・D7・MDE の表と文) | 2026-10-09_matilda_main_levels.md | 129 | +0.30 | M1 | ⟨] / −5.86 [−15.88, +2.82] / +0.30 [−7.90, +8.16⟩ |
| 口座の bp(D1 の年ごと・D6・D7・MDE の表と文) | 2026-10-09_matilda_main_levels.md | 132 | −17.80 | M20 | ⟨/ −23.94 [−31.95, −15.74] / −17.80 [−24.03, −11.⟩ |
| 口座の bp(D1 の年ごと・D6・D7・MDE の表と文) | 2026-10-09_matilda_main_levels.md | 292 | +0.12 | M1 | ⟨/ 〜1 分 / +0.12 [+0.02, +0.20⟩ |
| 口座の bp(D1 の年ごと・D6・D7・MDE の表と文) | 2026-10-09_matilda_main_levels.md | 292 | +0.02 | M1 | ⟨/ 〜1 分 / +0.12 [+0.02, +0.20] / +0.⟩ |
| 口座の bp(D1 の年ごと・D6・D7・MDE の表と文) | 2026-10-09_matilda_main_levels.md | 292 | +0.20 | M1 | ⟨/ 〜1 分 / +0.12 [+0.02, +0.20] / +0.13 [+0.⟩ |
| 口座の bp(D1 の年ごと・D6・D7・MDE の表と文) | 2026-10-09_matilda_main_levels.md | 292 | +0.13 | M1 | ⟨ 分 / +0.12 [+0.02, +0.20] / +0.13 [+0.07, +0.19⟩ |
| 口座の bp(D1 の年ごと・D6・D7・MDE の表と文) | 2026-10-09_matilda_main_levels.md | 292 | +0.07 | M1 | ⟨.12 [+0.02, +0.20] / +0.13 [+0.07, +0.19] / +0.⟩ |
| 口座の bp(D1 の年ごと・D6・D7・MDE の表と文) | 2026-10-09_matilda_main_levels.md | 292 | +0.12 | M1 | ⟨/ 〜1 分 / +0.12 [+0.02, +0.20⟩ |
| 口座の bp(D1 の年ごと・D6・D7・MDE の表と文) | 2026-10-09_matilda_main_levels.md | 292 | +0.07 | M1 | ⟨.12 [+0.02, +0.20] / +0.13 [+0.07, +0.19] / +0.⟩ |
| 口座の bp(D1 の年ごと・D6・D7・MDE の表と文) | 2026-10-09_matilda_main_levels.md | 292 | +0.10 | M1 | ⟨9] / +0.12 [+0.07, +0.17] / +0.10 [+0.06, +0.14⟩ |
| 口座の bp(D1 の年ごと・D6・D7・MDE の表と文) | 2026-10-09_matilda_main_levels.md | 292 | +0.06 | M1 | ⟨.12 [+0.07, +0.17] / +0.10 [+0.06, +0.14] /⟩ |
| 口座の bp(D1 の年ごと・D6・D7・MDE の表と文) | 2026-10-09_matilda_main_levels.md | 292 | +0.14 | M1 | ⟨.07, +0.17] / +0.10 [+0.06, +0.14] /⟩ |
| 口座の bp(D1 の年ごと・D6・D7・MDE の表と文) | 2026-10-09_matilda_main_levels.md | 293 | −0.30 | M1 | ⟨/ 1 分超〜3 分 / −0.30 [−0.43, −0.17⟩ |
| 口座の bp(D1 の年ごと・D6・D7・MDE の表と文) | 2026-10-09_matilda_main_levels.md | 293 | −0.43 | M1 | ⟨/ 1 分超〜3 分 / −0.30 [−0.43, −0.17] / −0.⟩ |
| 口座の bp(D1 の年ごと・D6・D7・MDE の表と文) | 2026-10-09_matilda_main_levels.md | 293 | −0.07 | M1 | ⟨ 分 / −0.30 [−0.43, −0.17] / −0.07 [−0.17, +0.02⟩ |
| 口座の bp(D1 の年ごと・D6・D7・MDE の表と文) | 2026-10-09_matilda_main_levels.md | 293 | +0.02 | M1 | ⟨.43, −0.17] / −0.07 [−0.17, +0.02] / −0.00 [−0.⟩ |
| 口座の bp(D1 の年ごと・D6・D7・MDE の表と文) | 2026-10-09_matilda_main_levels.md | 293 | −0.00 | M1 | ⟨7] / −0.07 [−0.17, +0.02] / −0.00 [−0.08, +0.07⟩ |
| 口座の bp(D1 の年ごと・D6・D7・MDE の表と文) | 2026-10-09_matilda_main_levels.md | 293 | −0.08 | M1 | ⟨.07 [−0.17, +0.02] / −0.00 [−0.08, +0.07] / +0.⟩ |
| 口座の bp(D1 の年ごと・D6・D7・MDE の表と文) | 2026-10-09_matilda_main_levels.md | 293 | +0.07 | M1 | ⟨.17, +0.02] / −0.00 [−0.08, +0.07] / +0.02 [−0.⟩ |
| 口座の bp(D1 の年ごと・D6・D7・MDE の表と文) | 2026-10-09_matilda_main_levels.md | 293 | +0.02 | M1 | ⟨.43, −0.17] / −0.07 [−0.17, +0.02] / −0.00 [−0.⟩ |
| 口座の bp(D1 の年ごと・D6・D7・MDE の表と文) | 2026-10-09_matilda_main_levels.md | 293 | −0.05 | M1 | ⟨.00 [−0.08, +0.07] / +0.02 [−0.05, +0.08] /⟩ |
| 口座の bp(D1 の年ごと・D6・D7・MDE の表と文) | 2026-10-09_matilda_main_levels.md | 293 | +0.08 | M1 | ⟨.08, +0.07] / +0.02 [−0.05, +0.08] /⟩ |
| 口座の bp(D1 の年ごと・D6・D7・MDE の表と文) | 2026-10-09_matilda_main_levels.md | 294 | −0.51 | M1 | ⟨/ 3 分超〜11 分 / −0.51 [−0.62, −0.40⟩ |
| 口座の bp(D1 の年ごと・D6・D7・MDE の表と文) | 2026-10-09_matilda_main_levels.md | 294 | −0.62 | M1 | ⟨/ 3 分超〜11 分 / −0.51 [−0.62, −0.40] / −0.⟩ |
| 口座の bp(D1 の年ごと・D6・D7・MDE の表と文) | 2026-10-09_matilda_main_levels.md | 294 | −0.40 | M20 | ⟨/ 3 分超〜11 分 / −0.51 [−0.62, −0.40] / −0.19 [−0.⟩ |
| 口座の bp(D1 の年ごと・D6・D7・MDE の表と文) | 2026-10-09_matilda_main_levels.md | 294 | −0.11 | M1 | ⟨.62, −0.40] / −0.19 [−0.27, −0.11] / −0.10 [−0.⟩ |
| 口座の bp(D1 の年ごと・D6・D7・MDE の表と文) | 2026-10-09_matilda_main_levels.md | 294 | −0.10 | M1 | ⟨0] / −0.19 [−0.27, −0.11] / −0.10 [−0.16, −0.04⟩ |
| 口座の bp(D1 の年ごと・D6・D7・MDE の表と文) | 2026-10-09_matilda_main_levels.md | 294 | −0.04 | M1 | ⟨.27, −0.11] / −0.10 [−0.16, −0.04] / −0.04 [−0.⟩ |
| 口座の bp(D1 の年ごと・D6・D7・MDE の表と文) | 2026-10-09_matilda_main_levels.md | 294 | −0.04 | M1 | ⟨.27, −0.11] / −0.10 [−0.16, −0.04] / −0.04 [−0.⟩ |
| 口座の bp(D1 の年ごと・D6・D7・MDE の表と文) | 2026-10-09_matilda_main_levels.md | 294 | −0.09 | M1 | ⟨.10 [−0.16, −0.04] / −0.04 [−0.09, +0.01] /⟩ |
| 口座の bp(D1 の年ごと・D6・D7・MDE の表と文) | 2026-10-09_matilda_main_levels.md | 294 | +0.01 | M1 | ⟨.16, −0.04] / −0.04 [−0.09, +0.01] /⟩ |
| 口座の bp(D1 の年ごと・D6・D7・MDE の表と文) | 2026-10-09_matilda_main_levels.md | 295 | −0.38 | M1 | ⟨/ 11 分超 / −0.38 [−0.51, −0.27⟩ |
| 口座の bp(D1 の年ごと・D6・D7・MDE の表と文) | 2026-10-09_matilda_main_levels.md | 295 | −0.51 | M1 | ⟨/ 11 分超 / −0.38 [−0.51, −0.27] / −0.⟩ |
| 口座の bp(D1 の年ごと・D6・D7・MDE の表と文) | 2026-10-09_matilda_main_levels.md | 295 | −0.09 | M1 | ⟨分超 / −0.38 [−0.51, −0.27] / −0.09 [−0.18, −0.00⟩ |
| 口座の bp(D1 の年ごと・D6・D7・MDE の表と文) | 2026-10-09_matilda_main_levels.md | 295 | −0.18 | M20 | ⟨.38 [−0.51, −0.27] / −0.09 [−0.18, −0.00] / −0.⟩ |
| 口座の bp(D1 の年ごと・D6・D7・MDE の表と文) | 2026-10-09_matilda_main_levels.md | 295 | −0.00 | M1 | ⟨.51, −0.27] / −0.09 [−0.18, −0.00] / −0.01 [−0.⟩ |
| 口座の bp(D1 の年ごと・D6・D7・MDE の表と文) | 2026-10-09_matilda_main_levels.md | 295 | −0.01 | M1 | ⟨7] / −0.09 [−0.18, −0.00] / −0.01 [−0.09, +0.06⟩ |
| 口座の bp(D1 の年ごと・D6・D7・MDE の表と文) | 2026-10-09_matilda_main_levels.md | 295 | −0.09 | M1 | ⟨分超 / −0.38 [−0.51, −0.27] / −0.09 [−0.18, −0.00⟩ |
| 口座の bp(D1 の年ごと・D6・D7・MDE の表と文) | 2026-10-09_matilda_main_levels.md | 295 | +0.06 | M1 | ⟨.18, −0.00] / −0.01 [−0.09, +0.06] / −0.01 [−0.⟩ |
| 口座の bp(D1 の年ごと・D6・D7・MDE の表と文) | 2026-10-09_matilda_main_levels.md | 295 | −0.01 | M1 | ⟨7] / −0.09 [−0.18, −0.00] / −0.01 [−0.09, +0.06⟩ |
| 口座の bp(D1 の年ごと・D6・D7・MDE の表と文) | 2026-10-09_matilda_main_levels.md | 295 | −0.07 | M1 | ⟨.01 [−0.09, +0.06] / −0.01 [−0.07, +0.06] /⟩ |
| 口座の bp(D1 の年ごと・D6・D7・MDE の表と文) | 2026-10-09_matilda_main_levels.md | 295 | +0.06 | M1 | ⟨.18, −0.00] / −0.01 [−0.09, +0.06] / −0.01 [−0.⟩ |
| 口座の bp(D1 の年ごと・D6・D7・MDE の表と文) | 2026-10-09_matilda_main_levels.md | 297 | +0.10 | M1 | ⟨ 分)に建った取引は、どの段数でも 1 取引あたりが正(+0.10〜+0.13 bp = +2⟩ |
| 口座の bp(D1 の年ごと・D6・D7・MDE の表と文) | 2026-10-09_matilda_main_levels.md | 297 | +0.13 | M1 | ⟨た取引は、どの段数でも 1 取引あたりが正(+0.10〜+0.13 bp = +2.0〜+2.⟩ |
| 口座の bp(D1 の年ごと・D6・D7・MDE の表と文) | 2026-10-09_matilda_main_levels.md | 318 | +1.64 | M20 | ⟨−7.01, −3.80](= −108 円/日) / +1.64 [+0.66, +2.65⟩ |
| 口座の bp(D1 の年ごと・D6・D7・MDE の表と文) | 2026-10-09_matilda_main_levels.md | 318 | +0.66 | M1 | ⟨−3.80](= −108 円/日) / +1.64 [+0.66, +2.65](= +33⟩ |
| 口座の bp(D1 の年ごと・D6・D7・MDE の表と文) | 2026-10-09_matilda_main_levels.md | 321 | +0.02 | M1 | ⟨2] / −2.48 [−9.31, +3.92] / +0.02 [−3.85, +4.35⟩ |
| 口座の bp(D1 の年ごと・D6・D7・MDE の表と文) | 2026-10-09_matilda_main_levels.md | 321 | +4.35 | M20 | ⟨.31, +3.92] / +0.02 [−3.85, +4.35] /⟩ |
| 口座の bp(D1 の年ごと・D6・D7・MDE の表と文) | 2026-10-09_matilda_main_levels.md | 322 | −0.53 | M1 | ⟨17, −27.37] / −5.12 [−9.70, −0.53] / −1.97 [−4.⟩ |
| 口座の bp(D1 の年ごと・D6・D7・MDE の表と文) | 2026-10-09_matilda_main_levels.md | 323 | −8.60 | M20 | ⟨3 [−42.36, −26.77] / −5.10 [−8.60, −2.02] / −0.⟩ |
| 口座の bp(D1 の年ごと・D6・D7・MDE の表と文) | 2026-10-09_matilda_main_levels.md | 323 | −0.28 | M20 | ⟨7] / −5.10 [−8.60, −2.02] / −0.28 [−2.41, +1.81⟩ |
| 口座の bp(D1 の年ごと・D6・D7・MDE の表と文) | 2026-10-09_matilda_main_levels.md | 324 | −0.89 | M1 | ⟨.16 [−8.76, −3.78] / +1.48 [−0.89, +3.81] /⟩ |
| 口座の bp(D1 の年ごと・D6・D7・MDE の表と文) | 2026-10-09_matilda_main_levels.md | 328 | 7.02 | M1 | ⟨/ MDE(全期間) / 7.02 / 2.30 / 1.50⟩ |
| 口座の bp(D1 の年ごと・D6・D7・MDE の表と文) | 2026-10-09_matilda_main_step.md | 201 | 1.18 | M20 | ⟨ +151 [+131, +169] / 1.17 / 1.18 / 0.005 / 0.0⟩ |
| 口座の bp(D1 の年ごと・D6・D7・MDE の表と文) | 2026-10-09_matilda_main_step.md | 205 | 1.46 | M20 | ⟨ +378] / +117 [+92, +141] / 1.46 / 1.45 / 0.04⟩ |
| 幅 ÷ ボラ の分位 | 2026-10-09_matilda_main_base.md | 465 | 10.80 | M20 | ⟨/ 2017 / 514,890 / 8.90 / 10.80 / 13.24 / 0.8⟩ |
| 幅 ÷ ボラ の分位 | 2026-10-09_matilda_main_base.md | 476 | 10.80 | M20 | ⟨。年では 2017〜2019 年が最も低く(10.49〜10.80)、2021〜2023 年に⟩ |
| 幅 ÷ ボラ の分位 | 2026-10-09_matilda_main_base.md | 477 | 10.80 | M20 | ⟨だけでも言えない(2017〜2019 年は 10.49〜10.80 で正、2020〜2022 ⟩ |
| 引数の値(幅 × 0.25) | 2026-10-09_matilda_main_break_delay.md | 437 | 0.25 | M1 | ⟨7 円に小さくなり(線を近づけた break_dist 0.25 と同じ向き)、基準との差は⟩ |
| 引数の値(幅 × 0.25) | 2026-10-09_matilda_main_break_dist.md | 56 | 0.25 | M1 | ⟨- 取引の行: 0.25 閉じた取引 314,465⟩ |
| 引数の値(幅 × 0.25) | 2026-10-09_matilda_main_break_dist.md | 84 | 0.25 | M1 | ⟨ `market_side.py break_dist_0.25 break_dist_1`⟩ |
| 引数の値(幅 × 0.25) | 2026-10-09_matilda_main_break_dist.md | 112 | 0.25 | M1 | ⟨/ break_dist_0.25(幅 × 0.25) / +⟩ |
| 引数の値(幅 × 0.25) | 2026-10-09_matilda_main_break_dist.md | 124 | 0.25 | M1 | ⟨−289)なる。全期間は 2 本とも +92 円/日で、0.25 は区間が 0 より上(+2⟩ |
| 引数の値(幅 × 0.25) | 2026-10-09_matilda_main_break_dist.md | 190 | 0.25 | M1 | ⟨/ 前半 / 0.25 / 158,836 / 0⟩ |
| 引数の値(幅 × 0.25) | 2026-10-09_matilda_main_break_dist.md | 193 | 0.25 | M1 | ⟨/ 後半 / 0.25 / 155,629 / 0⟩ |
| 引数の値(幅 × 0.25) | 2026-10-09_matilda_main_break_dist.md | 201 | 0.25 | M1 | ⟨/ 0.25 / 0 分 / 88,56⟩ |
| 引数の値(幅 × 0.25) | 2026-10-09_matilda_main_break_dist.md | 202 | 0.25 | M1 | ⟨/ 0.25 / 0 分超 / 225,⟩ |
| 引数の値(幅 × 0.25) | 2026-10-09_matilda_main_break_dist.md | 208 | 0.25 | M1 | ⟨- 出の理由(全期間、1 取引あたり 円 [区間]): 0.25 利確 257,751 本 ⟩ |
| 引数の値(幅 × 0.25) | 2026-10-09_matilda_main_break_dist.md | 209 | 0.25 | M1 | ⟨- 上位・下位 5% の日の和: 0.25 +552,335・−614⟩ |
| 引数の値(幅 × 0.25) | 2026-10-09_matilda_main_break_dist.md | 210 | 0.25 | M1 | ⟨- 読み: 線を近づける(0.25)と、ブレイクは 41,52⟩ |
| 引数の値(幅 × 0.25) | 2026-10-09_matilda_main_break_dist.md | 312 | 0.25 | M1 | ⟨/ 0.25 − base / +196⟩ |
| 引数の値(幅 × 0.25) | 2026-10-09_matilda_main_break_dist.md | 319 | 0.25 | M1 | ⟨/ 0.25 − base / 312,⟩ |
| 引数の値(幅 × 0.25) | 2026-10-09_matilda_main_break_dist.md | 346 | 0.25 | M1 | ⟨out`。合図の時刻で結べた取引、区間なし。円/日): 0.25 の両方とも保有 0 分の取⟩ |
| 引数の値(幅 × 0.25) | 2026-10-09_matilda_main_break_dist.md | 347 | 0.25 | M1 | ⟨- 【事実(数えた和。区間なし)】線を近づける(0.25)と、(a) 基準でも同じ足⟩ |
| 引数の値(幅 × 0.25) | 2026-10-09_matilda_main_break_dist.md | 348 | 0.25 | M1 | ⟨- 取引の突き合わせ: 0.25 は「基準だけ」35,794⟩ |
| 引数の値(幅 × 0.25) | 2026-10-09_matilda_main_break_dist.md | 364 | 0.25 | M1 | ⟨- K-328(同じ足の中 / 後まで持った): 0.25 では足の後まで持った取引の⟩ |
| 引数の値(幅 × 0.25) | 2026-10-09_matilda_main_break_dist.md | 426 | 0.25 | M1 | ⟨/ break_dist_0.25(幅 × 0.25) / +⟩ |
| 引数の値(幅 × 0.25) | 2026-10-09_matilda_main_break_dist.md | 442 | 0.25 | M1 | ⟨/ 0.25 − base / +47.⟩ |
| 引数の値(幅 × 0.25) | 2026-10-09_matilda_main_break_len_mult.md | 325 | 0.25 | M1 | ⟨ +192 円/日良くなっていて、break_dist 0.25 のような顔ぶれの移りの見か⟩ |
| 引数の値(幅 × 0.25) | FINDINGS_LEDGER.md | 762 | 0.25 | M1 | ⟨刻で基準と結んだ取引の帯の移り: 線を近づけた(幅 × 0.25)本は、基準でも同じ足で閉じ⟩ |
| 引数の値(幅 × 0.25) | FINDINGS_LEDGER.md | 762 | 0.25 | M1 | ⟨刻で基準と結んだ取引の帯の移り: 線を近づけた(幅 × 0.25)本は、基準でも同じ足で閉じ⟩ |
| 引数の値(幅 × 0.25) | FINDINGS_LEDGER.md | 767 | 0.25 | M1 | ⟨- 大きさ: 後半の差 0.25 +111、前半の差 1 +⟩ |
| 引数の値(幅 × 0.25) | FINDINGS_LEDGER.md | 779 | 0.25 | M1 | ⟨- 観察: 保有 0 分超 の帯の前半は 0.25 +148 [+48, +2⟩ |
| 引数の値(幅 × 0.25) | FINDINGS_LEDGER.md | 779 | 0.25 | M1 | ⟨- 観察: 保有 0 分超 の帯の前半は 0.25 +148 [+48, +2⟩ |
| 引数の値(幅 × 0.25) | FINDINGS_LEDGER.md | 796 | 0.25 | M1 | ⟨ 場面 × 前半・後半 の日に絞った同じ日どうしの差は、0.25 − 基準 の後半で 低 +⟩ |
| 引数の値(幅 × 0.25) | FINDINGS_LEDGER.md | 966 | 0.25 | M1 | ⟨77 = 0.87、K-305)。break_dist 0.25 は形が違い、利確 → ブレ⟩ |
| 引数の値(幅 × 0.25) | STAGE1_FAMILY_TABLES.md | 69 | 0.25 | M1 | ⟨/ break_dist_0.25(幅 × 0.25) / +⟩ |
| 引数の値(幅 × 0.25) | STAGE1_FAMILY_TABLES.md | 85 | 0.25 | M1 | ⟨/ 0.25 − base / +47.⟩ |
| 段の数の平均 | 2026-10-09_matilda_main_beard.md | 192 | 1.46 | M20 | ⟨ +378] / +117 [+92, +141] / 1.46 / 1.45 / 5,28⟩ |
| 段の数の平均 | 2026-10-09_matilda_main_entry_exit.md | 220 | 2.74 | M20 | ⟨3_2 / 0 分超 / 後半 / 152,442 / 2.74 / 0.274 / −6.⟩ |
| 段の数の平均 | 2026-10-09_matilda_main_entry_exit.md | 225 | 1.46 | M20 | ⟨ base / 0 分 / 前半 / 49,063 / 1.46 / 0.041 / +9.⟩ |
| 段の数の平均 | 2026-10-09_matilda_main_entry_exit.md | 230 | 1.46 | M20 | ⟨ 分の帯では、建ての線を近づけるほど段の数は少なくなる(1.46 → 1.36 → 1.28⟩ |
| 段の数の平均 | 2026-10-09_matilda_main_entry_exit.md | 397 | 1.46 | M20 | ⟨9 → +522 → +671 円/日)、段の数は減る(1.46 → 1.36 → 1.28⟩ |
| 段の数の平均 | FINDINGS_LEDGER.md | 694 | 1.46 | M1 | ⟨9 → +14.3 → +17.5 円、段の数の平均は 1.46 → 1.36 → 1.28⟩ |
| 段の数の平均 | FINDINGS_LEDGER.md | 694 | 1.36 | M1 | ⟨.3 → +17.5 円、段の数の平均は 1.46 → 1.36 → 1.28。基準との差を⟩ |
| 段の数の平均 | FINDINGS_LEDGER.md | 694 | 1.28 | M1 | ⟨7.5 円、段の数の平均は 1.46 → 1.36 → 1.28。基準との差を帯で分けると、⟩ |
| 段の数の平均 | FINDINGS_LEDGER.md | 711 | 1.35 | M20 | ⟨取引の段の数(0 分超)は 2.56 → 1.85 → 1.35、上限段の取引は 63,15⟩ |
| 頂点までの分 ÷ 保有の分 の分位 | 2026-10-09_matilda_main_entry_exit.md | 257 | 0.67 | M20 | ⟨分(25・50・75%): 3_2 0.00・0.12・0.67、2_1 0.00・0.50⟩ |
| 頂点までの分 ÷ 保有の分 の分位 | 2026-10-09_matilda_main_entry_exit.md | 257 | 0.67 | M20 | ⟨分(25・50・75%): 3_2 0.00・0.12・0.67、2_1 0.00・0.50⟩ |
