| 本 | 同じ足 本 | 同じ足 和 | 同じ足 前半 | 同じ足 後半 | 後まで 本 | 後まで 和 | 後まで 前半 | 後まで 後半 | 全体 和 |
|---|---|---|---|---|---|---|---|---|---|
| alert_x1 | 88,948 | +651,708 | +481,438 | +170,271 | 256,914 | -501,677 | +68,537 | -570,214 | +150,031 |
| alert_x2 | 88,922 | +652,560 | +482,238 | +170,322 | 256,547 | -508,641 | +60,693 | -569,334 | +143,918 |
| base | 89,324 | +655,095 | +483,341 | +171,755 | 259,459 | -523,706 | +48,870 | -572,575 | +131,389 |
| beard_off | 92,830 | +1,031,909 | +709,448 | +322,461 | 282,634 | -791,258 | +12,230 | -803,489 | +240,650 |
| break_delay_2 | 88,274 | +658,853 | +480,287 | +178,565 | 255,753 | -530,124 | -6,506 | -523,618 | +128,729 |
| break_delay_3 | 88,085 | +654,703 | +473,118 | +181,585 | 253,464 | -484,716 | -1,966 | -482,750 | +169,987 |
| break_delay_4 | 87,933 | +654,335 | +477,959 | +176,376 | 251,787 | -498,272 | -32,072 | -466,200 | +156,063 |
| break_delay_8 | 87,912 | +614,200 | +448,134 | +166,067 | 246,723 | -609,817 | -101,887 | -507,930 | +4,383 |
| break_dist_0.25 | 88,569 | +324,677 | +289,754 | +34,923 | 225,896 | -54,832 | +217,722 | -272,554 | +269,844 |
| break_dist_1 | 91,634 | +1,306,965 | +855,603 | +451,362 | 290,202 | -1,037,660 | -161,698 | -875,962 | +269,305 |
| break_len_mult_4 | 91,867 | +1,113,754 | +772,059 | +341,695 | 282,559 | -378,487 | +264,630 | -643,116 | +735,268 |
| break_off | 97,730 | +2,362,933 | +1,471,672 | +891,260 | 326,829 | -1,372,357 | -316,155 | -1,056,202 | +990,576 |
| count_20 | 121,480 | -248,970 | -86,371 | -162,599 | 238,204 | -159,928 | +47,327 | -207,256 | -408,898 |
| count_80 | 65,302 | +1,116,891 | +755,420 | +361,470 | 218,684 | -1,019,238 | -52,180 | -967,058 | +97,653 |
| entry_exit_2_1 | 97,137 | +1,442,412 | +985,530 | +456,882 | 341,461 | -1,835,447 | -286,520 | -1,548,927 | -393,035 |
| entry_exit_3_2 | 93,764 | +1,098,614 | +767,170 | +331,444 | 306,136 | -1,069,126 | -25,237 | -1,043,889 | +29,488 |
| foot_5 | 11,331 | +198,910 | +160,994 | +37,917 | 78,057 | +14,636 | +66,301 | -51,665 | +213,546 |
| levels_1 | 85,473 | +3,838,119 | +2,373,234 | +1,464,886 | 248,837 | -5,290,746 | -2,160,842 | -3,129,904 | -1,452,627 |
| levels_3 | 88,249 | +1,245,415 | +856,087 | +389,328 | 256,479 | -1,430,437 | -345,402 | -1,085,035 | -185,022 |
| levels_7 | 89,748 | +447,300 | +341,391 | +105,909 | 260,830 | -219,386 | +147,452 | -366,838 | +227,914 |
| range_hi_none | 89,344 | +674,565 | +496,086 | +178,479 | 259,491 | -504,087 | +77,701 | -581,787 | +170,478 |
| range_hi_p75 | 77,750 | +293,377 | +209,513 | +83,864 | 218,982 | -422,532 | +44,320 | -466,852 | -129,156 |
| range_hi_p90 | 85,722 | +434,182 | +302,831 | +131,351 | 246,667 | -477,364 | +60,810 | -538,174 | -43,182 |
| range_lo_none | 89,344 | +655,124 | +483,364 | +171,760 | 259,510 | -523,662 | +48,913 | -572,574 | +131,462 |
| range_lo_p10 | 74,714 | +634,819 | +465,022 | +169,797 | 229,250 | -515,748 | +26,367 | -542,114 | +119,071 |
| range_lo_p25 | 58,067 | +604,115 | +439,353 | +164,762 | 183,834 | -437,446 | +6,006 | -443,452 | +166,669 |
| range_lo_p50 | 34,348 | +506,103 | +376,850 | +129,253 | 112,113 | -239,002 | -2,016 | -236,986 | +267,101 |
| step_2 | 89,819 | +683,095 | +460,920 | +222,175 | 261,020 | -648,071 | -98,655 | -549,416 | +35,024 |
| step_4 | 88,399 | +751,836 | +481,096 | +270,740 | 257,337 | -865,581 | -291,514 | -574,068 | -113,745 |
| vola_gate_p10 | 76,245 | +620,828 | +454,789 | +166,039 | 229,736 | -492,604 | +46,538 | -539,142 | +128,225 |
| vola_gate_p25 | 60,686 | +573,643 | +420,221 | +153,422 | 187,387 | -363,414 | +53,520 | -416,935 | +210,229 |
| vola_gate_p50 | 36,915 | +478,667 | +358,635 | +120,032 | 118,817 | -187,928 | +59,419 | -247,346 | +290,739 |
