| 本 | 葉 | 円の量 | 倍率 1 の量(数・日・割合) | どちらでもない | 円の最大の差 | 整数の円で字が変わる | 小数 1 桁で字が変わる |
|---|---|---|---|---|---|---|---|
| alert_x1 | 195 | 148 | 47 | 0 | 4.66e-10 | 0 | 0 |
| alert_x2 | 195 | 148 | 47 | 0 | 1.86e-09 | 0 | 0 |
| base | 139 | 105 | 34 | 0 | 2.33e-10 | 0 | 0 |
| beard_off | 189 | 144 | 45 | 0 | 3.49e-09 | 0 | 0 |
| break_delay_2 | 195 | 148 | 47 | 0 | 1.86e-09 | 0 | 1 |
| break_delay_3 | 195 | 148 | 47 | 0 | 1.86e-09 | 0 | 0 |
| break_delay_4 | 195 | 148 | 47 | 0 | 4.66e-10 | 0 | 0 |
| break_delay_8 | 195 | 148 | 47 | 0 | 1.86e-09 | 0 | 0 |
| break_dist_0.25 | 195 | 148 | 47 | 0 | 7.42e-10 | 0 | 0 |
| break_dist_1 | 189 | 144 | 45 | 0 | 1.86e-09 | 0 | 0 |
| break_len_mult_4 | 189 | 144 | 45 | 0 | 2.79e-09 | 0 | 0 |
| break_off | 184 | 140 | 44 | 0 | 6.58e-09 | 0 | 0 |
| count_20 | 189 | 144 | 45 | 0 | 7.1e-09 | 0 | 0 |
| count_80 | 189 | 144 | 45 | 0 | 3.61e-09 | 0 | 0 |
| entry_exit_2_1 | 195 | 148 | 47 | 0 | 2.05e-08 | 0 | 0 |
| entry_exit_3_2 | 189 | 144 | 45 | 0 | 4.07e-08 | 0 | 0 |
| foot_5 | 195 | 148 | 47 | 0 | 1.27e-08 | 0 | 0 |
| levels_1 | 195 | 148 | 47 | 0 | 6.73e-08 | 0 | 0 |
| levels_3 | 195 | 148 | 47 | 0 | 7.45e-09 | 0 | 0 |
| levels_7 | 195 | 148 | 47 | 0 | 1.86e-09 | 0 | 0 |
| range_hi_none | 192 | 132 | 60 | 0 | 1.86e-09 | 0 | 0 |
| range_hi_p75 | 195 | 148 | 47 | 0 | 9.31e-10 | 0 | 0 |
| range_hi_p90 | 195 | 148 | 47 | 0 | 2.53e-09 | 0 | 0 |
| range_lo_none | 189 | 121 | 68 | 0 | 1.86e-09 | 0 | 0 |
| range_lo_p10 | 189 | 143 | 46 | 0 | 1.86e-09 | 0 | 0 |
| range_lo_p25 | 189 | 144 | 45 | 0 | 1.86e-09 | 0 | 0 |
| range_lo_p50 | 189 | 144 | 45 | 0 | 2.04e-09 | 0 | 0 |
| step_2 | 195 | 148 | 47 | 0 | 9.31e-10 | 0 | 0 |
| step_4 | 195 | 148 | 47 | 0 | 6.34e-09 | 0 | 0 |
| vola_gate_p10 | 189 | 144 | 45 | 0 | 4.66e-10 | 1 | 0 |
| vola_gate_p25 | 189 | 144 | 45 | 0 | 1.35e-09 | 0 | 0 |
| vola_gate_p50 | 189 | 144 | 45 | 0 | 1.86e-09 | 0 | 0 |
| 計 | 6,092 | 4,593 | 1,499 | 0 | 6.73e-08 | 1 | 1 |

どちらでもない葉(円の量でも倍率 1 の量でもない。中身を見る):
(全 0 件)
