| 種類 | 結果 | 葉の数 |
|---|---|---|
| D7 | 合う | 1,276 |
| D7 | 合わない | 48 |
| そのほか | 合う | 3,432 |

合わない葉(前の bp × 20 / 新しい円):
- ('break_len_mult_4', 'diag_tables.json', '.d7.all.mean', 211.4862487223169, 205.47061857774756)
- ('break_len_mult_4', 'diag_tables.json', '.d7.all.lo', 154.8733748892675, 149.95712169105138)
- ('break_len_mult_4', 'diag_tables.json', '.d7.all.hi', 265.80642590289614, 263.1508525944199)
- ('break_len_mult_4', 'diag_tables.json', '.d7.all.mde', 80.51355272504327, 83.16307539375441)
- ('break_len_mult_4', 'diag_tables.json', '.d7.years.2015.mean', -605.489148148148, -1070.3935161290324)
- ('break_len_mult_4', 'diag_tables.json', '.d7.years.2015.lo', -1427.2692083333332, -2179.7861798387103)
- ('break_len_mult_4', 'diag_tables.json', '.d7.years.2015.hi', 54.66923981481472, -147.4601733870973)
- ('break_len_mult_4', 'diag_tables.json', '.d7.years.2015.mde', 1025.476429720805, 1483.921992386171)
- ('count_20', 'diag_tables.json', '.d7.all.mean', -185.17353351480094, -183.77136224489794)
- ('count_20', 'diag_tables.json', '.d7.all.lo', -253.37013086934334, -250.26337820578235)
- ('count_20', 'diag_tables.json', '.d7.all.hi', -110.70564025178633, -110.14085961734696)
- ('count_20', 'diag_tables.json', '.d7.all.mde', 101.91005782355099, 101.36591906109055)
- ('count_20', 'diag_tables.json', '.d7.years.2015.mean', -31.379032258064502, 92.63937500000011)
- ('count_20', 'diag_tables.json', '.d7.years.2015.lo', -723.1951048387099, -638.3390335937498)
- ('count_20', 'diag_tables.json', '.d7.years.2015.hi', 600.9200088709678, 698.4894195312503)
- ('count_20', 'diag_tables.json', '.d7.years.2015.mde', 976.0444911765285, 947.6991704090395)
- ('count_80', 'diag_tables.json', '.d7.all.mean', -5.759063713798973, -11.479021435862592)
- ('count_80', 'diag_tables.json', '.d7.all.lo', -101.11129646507665, -105.64377891289561)
- ('count_80', 'diag_tables.json', '.d7.all.hi', 93.17778051959112, 78.23977220142902)
- ('count_80', 'diag_tables.json', '.d7.all.mde', 136.47788088546173, 133.4442930542986)
- ('count_80', 'diag_tables.json', '.d7.years.2015.mean', 462.642925925926, -140.08493548387096)
- ('count_80', 'diag_tables.json', '.d7.years.2015.lo', -395.6153999999999, -1585.5527604838708)
- ('count_80', 'diag_tables.json', '.d7.years.2015.hi', 1361.0952444444451, 1141.6040943548387)
- ('count_80', 'diag_tables.json', '.d7.years.2015.mde', 1312.887336881608, 1966.0312142585783)
- ('foot_5', 'diag_tables.json', '.d7.all.mean', 29.611471409121883, 27.953894521946214)
- ('foot_5', 'diag_tables.json', '.d7.all.lo', -65.82556473791689, -63.7835285130997)
- ('foot_5', 'diag_tables.json', '.d7.all.hi', 127.7092686436351, 134.10578514800946)
- ('foot_5', 'diag_tables.json', '.d7.all.mde', 139.37639334842066, 143.3190225114617)
- ('foot_5', 'diag_tables.json', '.d7.years.2015.mean', 181.26126666666667, 19.220354838709785)
- ('foot_5', 'diag_tables.json', '.d7.years.2015.lo', -574.8846108333335, -846.4382887096774)
- ('foot_5', 'diag_tables.json', '.d7.years.2015.hi', 943.019614166667, 778.6121685483871)
- ('foot_5', 'diag_tables.json', '.d7.years.2015.mde', 1066.4010135527801, 1224.7211643223893)
- ('range_hi_p75', 'diag_tables.json', '.d7.all.mean', -81.81112721691676, -88.65090098673019)
- ('range_hi_p75', 'diag_tables.json', '.d7.all.lo', -137.93257124829464, -149.56262329023477)
- ('range_hi_p75', 'diag_tables.json', '.d7.all.hi', -19.085260445088657, -25.04380660939099)
- ('range_hi_p75', 'diag_tables.json', '.d7.all.mde', 84.91416569312172, 88.66894224628294)
- ('range_hi_p75', 'diag_tables.json', '.d7.years.2015.mean', 629.4695000000002, -179.59693548387077)
- ('range_hi_p75', 'diag_tables.json', '.d7.years.2015.lo', -118.20914687500009, -1490.7414870967739)
- ('range_hi_p75', 'diag_tables.json', '.d7.years.2015.hi', 1768.3298437500005, 1235.3515145161284)
- ('range_hi_p75', 'diag_tables.json', '.d7.years.2015.mde', 1444.1380795225173, 1946.4790524736366)
- ('range_hi_p90', 'diag_tables.json', '.d7.all.mean', -52.488547066848554, -59.39816025859137)
- ('range_hi_p90', 'diag_tables.json', '.d7.all.lo', -96.13329318724419, -110.95767640353861)
- ('range_hi_p90', 'diag_tables.json', '.d7.all.hi', -6.739266405184164, -8.304184773732576)
- ('range_hi_p90', 'diag_tables.json', '.d7.all.mde', 63.966231903990085, 70.6700704947323)
- ('range_hi_p90', 'diag_tables.json', '.d7.years.2015.mean', 439.3587916666669, -326.7794193548385)
- ('range_hi_p90', 'diag_tables.json', '.d7.years.2015.lo', -211.86869687500004, -1539.4266991935483)
- ('range_hi_p90', 'diag_tables.json', '.d7.years.2015.hi', 1446.917166666667, 988.9988427419353)
- ('range_hi_p90', 'diag_tables.json', '.d7.years.2015.mde', 1274.2879979003487, 1807.1664870737854)
(全 48 件)
