| 本 | 区切り | 基準の帯 → 本の帯 | 本数 | 基準の和 円 | 本の和 円 | 差 円/日 |
|---|---|---|---|---|---|---|
| entry_exit_3_2 | 前半 | (無し) → 0 分 | 39,351 | +0 | +627,119 | +427 |
| entry_exit_3_2 | 前半 | (無し) → 0 分超 | 88,286 | +0 | +220,724 | +150 |
| entry_exit_3_2 | 前半 | 0 分 → (無し) | 25,238 | +247,204 | +0 | -168 |
| entry_exit_3_2 | 前半 | 0 分 → 0 分 | 13,197 | -35,660 | +122,842 | +108 |
| entry_exit_3_2 | 前半 | 0 分 → 0 分超 | 10,628 | +271,797 | +343,210 | +49 |
| entry_exit_3_2 | 前半 | 0 分超 → (無し) | 71,148 | -175,371 | +0 | +119 |
| entry_exit_3_2 | 前半 | 0 分超 → 0 分 | 1,106 | +4,599 | +17,209 | +9 |
| entry_exit_3_2 | 前半 | 0 分超 → 0 分超 | 54,780 | +219,641 | -589,172 | -551 |
| entry_exit_3_2 | 後半 | (無し) → 0 分 | 31,399 | +0 | +416,922 | +284 |
| entry_exit_3_2 | 後半 | (無し) → 0 分超 | 91,375 | +0 | -32,954 | -22 |
| entry_exit_3_2 | 後半 | 0 分 → (無し) | 23,902 | +155,921 | +0 | -106 |
| entry_exit_3_2 | 後半 | 0 分 → 0 分 | 8,125 | -143,024 | -93,054 | +34 |
| entry_exit_3_2 | 後半 | 0 分 → 0 分超 | 8,234 | +158,858 | +201,291 | +29 |
| entry_exit_3_2 | 後半 | 0 分超 → (無し) | 79,006 | -340,699 | +0 | +232 |
| entry_exit_3_2 | 後半 | 0 分超 → 0 分 | 586 | -4,419 | +7,575 | +8 |
| entry_exit_3_2 | 後半 | 0 分超 → 0 分超 | 52,833 | -227,458 | -1,212,226 | -670 |
| entry_exit_2_1 | 前半 | (無し) → 0 分 | 50,267 | +0 | +961,819 | +655 |
| entry_exit_2_1 | 前半 | (無し) → 0 分超 | 142,078 | +0 | +242,610 | +165 |
| entry_exit_2_1 | 前半 | 0 分 → (無し) | 36,148 | +329,382 | +0 | -224 |
| entry_exit_2_1 | 前半 | 0 分 → 0 分 | 5,052 | -68,919 | +7,110 | +52 |
| entry_exit_2_1 | 前半 | 0 分 → 0 分超 | 7,863 | +222,877 | +301,873 | +54 |
| entry_exit_2_1 | 前半 | 0 分超 → (無し) | 101,703 | -70,613 | +0 | +48 |
| entry_exit_2_1 | 前半 | 0 分超 → 0 分 | 951 | +21,017 | +16,601 | -3 |
| entry_exit_2_1 | 前半 | 0 分超 → 0 分超 | 24,380 | +98,465 | -831,003 | -633 |
| entry_exit_2_1 | 後半 | (無し) → 0 分 | 37,443 | +0 | +583,548 | +397 |
| entry_exit_2_1 | 後半 | (無し) → 0 分超 | 139,735 | +0 | -633,526 | -431 |
| entry_exit_2_1 | 後半 | 0 分 → (無し) | 31,823 | +176,842 | +0 | -120 |
| entry_exit_2_1 | 後半 | 0 分 → 0 分 | 2,939 | -121,499 | -133,444 | -8 |
| entry_exit_2_1 | 後半 | 0 分 → 0 分超 | 5,499 | +116,412 | +142,266 | +18 |
| entry_exit_2_1 | 後半 | 0 分超 → (無し) | 110,034 | -437,311 | +0 | +297 |
| entry_exit_2_1 | 後半 | 0 分超 → 0 分 | 485 | +999 | +6,778 | +4 |
| entry_exit_2_1 | 後半 | 0 分超 → 0 分超 | 21,906 | -136,264 | -1,057,666 | -627 |
