
entry_exit_3_2
場面 | 区切り | 日数 | 1 日あたり 円 [区間]
low 全部(2017〜) 997 -105 [-191, -16]
low 前半(〜2019-12-08) 368 +225 [+84, +344]
low 後半(2019-12-09〜) 629 -298 [-403, -181]
mid 全部(2017〜) 646 -17 [-204, +165]
mid 前半(〜2019-12-08) 268 +601 [+316, +928]
mid 後半(2019-12-09〜) 378 -455 [-650, -256]
high 全部(2017〜) 899 +9 [-283, +276]
high 前半(〜2019-12-08) 436 +832 [+445, +1234]
high 後半(2019-12-09〜) 463 -765 [-1039, -494]

entry_exit_2_1
場面 | 区切り | 日数 | 1 日あたり 円 [区間]
low 全部(2017〜) 997 -208 [-311, -110]
low 前半(〜2019-12-08) 368 +135 [-31, +276]
low 後半(2019-12-09〜) 629 -409 [-538, -270]
mid 全部(2017〜) 646 -135 [-360, +87]
mid 前半(〜2019-12-08) 268 +629 [+256, +1018]
mid 後半(2019-12-09〜) 378 -676 [-902, -456]
high 全部(2017〜) 899 -320 [-691, +9]
high 前半(〜2019-12-08) 436 +673 [+123, +1192]
high 後半(2019-12-09〜) 463 -1254 [-1596, -928]
