| 本 | 帯 | 区切り | 出の理由 | 1 段 本 / 1 取引あたり 円 | 2 段以上 本 / 1 取引あたり 円 | 全部 本 / 1 取引あたり 円 |
|---|---|---|---|---|---|---|
| beard_off | 0 分 | 前半 | close | 39,324 / +17.4 | 8,463 / +65.2 | 47,787 / +25.9 |
| beard_off | 0 分 | 前半 | break | 616 / -20.8 | 2,818 / -182.1 | 3,434 / -153.2 |
| beard_off | 0 分 | 後半 | close | 32,793 / +14.4 | 5,631 / +51.3 | 38,424 / +19.8 |
| beard_off | 0 分 | 後半 | break | 463 / -22.3 | 2,722 / -157.3 | 3,185 / -137.7 |
| beard_off | 0 分超 | 前半 | close | 49,593 / +19.2 | 75,841 / +62.7 | 125,434 / +45.5 |
| beard_off | 0 分超 | 前半 | break | 358 / -51.8 | 12,604 / -432.5 | 12,962 / -422.0 |
| beard_off | 0 分超 | 前半 | market | 26 / +110.6 | 691 / -332.8 | 717 / -316.7 |
| beard_off | 0 分超 | 後半 | close | 49,609 / +14.8 | 78,956 / +47.4 | 128,565 / +34.8 |
| beard_off | 0 分超 | 後半 | break | 314 / -39.4 | 14,297 / -357.0 | 14,611 / -350.2 |
| beard_off | 0 分超 | 後半 | market | 3 / +1.6 | 342 / -475.6 | 345 / -471.5 |
| base | 0 分 | 前半 | close | 36,353 / +17.2 | 7,422 / +61.7 | 43,775 / +24.7 |
| base | 0 分 | 前半 | break | 956 / -17.2 | 4,332 / -134.6 | 5,288 / -113.4 |
| base | 0 分 | 後半 | close | 30,454 / +14.3 | 4,960 / +48.3 | 35,414 / +19.1 |
| base | 0 分 | 後半 | break | 731 / -19.4 | 4,116 / -118.8 | 4,847 / -103.8 |
| base | 0 分超 | 前半 | close | 46,846 / +18.6 | 64,921 / +67.0 | 111,767 / +46.7 |
| base | 0 分超 | 前半 | break | 491 / -43.6 | 14,125 / -352.0 | 14,616 / -341.7 |
| base | 0 分超 | 前半 | market | 31 / +93.3 | 620 / -291.7 | 651 / -273.4 |
| base | 0 分超 | 後半 | close | 47,364 / +14.3 | 68,050 / +51.4 | 115,414 / +36.2 |
| base | 0 分超 | 後半 | break | 531 / -37.8 | 16,246 / -285.1 | 16,777 / -277.2 |
| base | 0 分超 | 後半 | market | 1 / -1.5 | 233 / -433.4 | 234 / -431.6 |
