==============================================================================
O-3c 測定器(liq_response.py)の合成データ検証
==============================================================================

[設定] SEED=20260913 N_REAL=300 N_CONTROL=300 horizon=5 R_BP=-20.0 I_BP_RANGE=(15.0, 60.0) NOISE_STD_BP=4.0 GAP_MS=60000

[素の合成データ] 投入イベント数=1489 build_cascades が作った実カスケード数=300 (投入 N_REAL=300 と一致するはず)
  group=real: n_rows=300 n_used=300 n_tie=0 n_excluded_tie=0 n_excluded_missing=0 exclusion_rate=0.0000 mean=-19.6223
  group=control: n_rows=300 n_used=300 n_tie=0 n_excluded_tie=0 n_excluded_missing=0 exclusion_rate=0.0000 mean=-0.2326

--- 素の合成データ(R=-20.0bp)の4条件 ---
[OK] 1_効果の大きさ: 仕込んだ R=-20.00bp / 測定平均=-19.6223bp / |差|=0.3777bp(許容=3.0bp)
[NG] 2_零効果: 平均=-19.6223bp, SEM=0.2280bp, 95%CI=[-20.0692, -19.1754](0 を含むか: False)
[OK] 3_事象の数: real: 投入300 / report.n_rows=300 / n_used=300 / exclusion_rate=0.0000 | control: 投入300 / report.n_rows=300 / n_used=300 / exclusion_rate=0.0000
[OK] 4_符号: 符号一致率=1.0000(n=300, 閾値=0.95)

[零効果(R=0)] 実カスケード数=300
  group=real: n_rows=300 n_used=300 exclusion_rate=0.0000 mean=0.2191
  group=control: n_rows=300 n_used=300 exclusion_rate=0.0000 mean=-0.1325

--- 零効果(R=0)シナリオの4条件(条件2が主目的) ---
[OK] 1_効果の大きさ: 仕込んだ R=0.00bp / 測定平均=0.2191bp / |差|=0.2191bp(許容=3.0bp)
[OK] 2_零効果: 平均=0.2191bp, SEM=0.2364bp, 95%CI=[-0.2442, 0.6824](0 を含むか: True)
[OK] 3_事象の数: real: 投入300 / report.n_rows=300 / n_used=300 / exclusion_rate=0.0000 | control: 投入300 / report.n_rows=300 / n_used=300 / exclusion_rate=0.0000
[OK] 4_符号: 符号一致率=1.0000(n=300, 閾値=0.95) [r_bp=0 のため参考値]

>>> 素の合成データの正式判定(条件1,3,4 @ R=-20.0bp のシナリオ + 条件2 @ R=0 のシナリオ): 合格

==============================================================================
変異試験(測定器の関数は変えず、結果を後加工して壊す/合成データを変える)
==============================================================================

[変異a: 5件に1件を黙って落とす] 投入 real=300 → 生き残った real 行数=240(期待: N と不一致になるはず)

--- 変異a の4条件 ---
[OK] 1_効果の大きさ: 仕込んだ R=-20.00bp / 測定平均=-19.3822bp / |差|=0.6178bp(許容=3.0bp)
[NG] 2_零効果: 平均=-19.3822bp, SEM=0.2592bp, 95%CI=[-19.8901, -18.8742](0 を含むか: False)
[NG] 3_事象の数: real: 投入300 / report.n_rows=240 / n_used=240 / exclusion_rate=0.0000 | control: 投入300 / report.n_rows=240 / n_used=240 / exclusion_rate=0.0000
[OK] 4_符号: 符号一致率=1.0000(n=240, 閾値=0.95)

[変異b: bp の符号を反転]

--- 変異b の4条件 ---
[NG] 1_効果の大きさ: 仕込んだ R=-20.00bp / 測定平均=19.6223bp / |差|=39.6223bp(許容=3.0bp)
[NG] 2_零効果: 平均=19.6223bp, SEM=0.2280bp, 95%CI=[19.1754, 20.0692](0 を含むか: False)
[OK] 3_事象の数: real: 投入300 / report.n_rows=300 / n_used=300 / exclusion_rate=0.0000 | control: 投入300 / report.n_rows=300 / n_used=300 / exclusion_rate=0.0000
[NG] 4_符号: 符号一致率=0.0000(n=300, 閾値=0.95)

[変異c: bp を半分に薄める]

--- 変異c の4条件 ---
[NG] 1_効果の大きさ: 仕込んだ R=-20.00bp / 測定平均=-9.8111bp / |差|=10.1889bp(許容=3.0bp)
[NG] 2_零効果: 平均=-9.8111bp, SEM=0.1140bp, 95%CI=[-10.0346, -9.5877](0 を含むか: False)
[OK] 3_事象の数: real: 投入300 / report.n_rows=300 / n_used=300 / exclusion_rate=0.0000 | control: 投入300 / report.n_rows=300 / n_used=300 / exclusion_rate=0.0000
[OK] 4_符号: 符号一致率=1.0000(n=300, 閾値=0.95)

[変異e: 地平線を 5 分ではなく 15 分で読ませる]

--- 変異e の4条件 ---
[NG] 1_効果の大きさ: 仕込んだ R=-20.00bp / 測定平均=nanbp / |差|=nanbp(許容=3.0bp)
[NG] 2_零効果: n_used=0 で CI が計算できない
[OK] 3_事象の数: real: 投入300 / report.n_rows=300 / n_used=0 / exclusion_rate=1.0000 | control: 投入300 / report.n_rows=300 / n_used=0 / exclusion_rate=1.0000
[NG] 4_符号: 符号一致率=nan(n=0, 閾値=0.95)

==============================================================================
変異d: タイ(internal_bp == 0)— 09-13 に実カスケードの約 8 割を落とした型
==============================================================================
  tie_policy=keep: {'real': {'n_rows': 300, 'n_used': 300, 'n_tie': 38, 'n_tie_resolved': 0, 'excl': 0.0, 'mean': -15.071}, 'control': {'n_rows': 300, 'n_used': 300, 'n_tie': 300, 'n_tie_resolved': 0, 'excl': 0.0, 'mean': 0.0}}
  tie_policy=refine: {'real': {'n_rows': 300, 'n_used': 300, 'n_tie': 38, 'n_tie_resolved': 38, 'excl': 0.0, 'mean': -20.137}, 'control': {'n_rows': 300, 'n_used': 300, 'n_tie': 300, 'n_tie_resolved': 0, 'excl': 0.0, 'mean': 0.0}}
  tie_policy=drop: {'real': {'n_rows': 300, 'n_used': 262, 'n_tie': 38, 'n_tie_resolved': 0, 'excl': 0.1267, 'mean': -17.256}, 'control': {'n_rows': 300, 'n_used': 0, 'n_tie': 300, 'n_tie_resolved': 0, 'excl': 1.0, 'mean': nan}}
  群間の除外率が非対称 + strict=True: 止まった: ReversalExclusionImbalance
  → タイが実際に発生したか: True / 群間差で止まったか: True
  → **タイの場面で仕込んだ効果が取り出せるか**
     向きを与えた推定器(向きだけ与える。上限ではない): -20.137307796924848 / 仕込み R=-20.0 / |差|=0.137 → 測れる
       keep: 平均=-15.071 / 理想との差=5.066 / 仕込みとの差=4.929 / n_used=300 / n_tie=38
     refine: 平均=-20.137 / 理想との差=0.000 / 仕込みとの差=0.137 / n_used=300 / n_tie=38  ← **検査になっていない**(理想と同じ情報を使う。下記)
       drop: 平均=-17.256 / 理想との差=2.881 / 仕込みとの差=2.744 / n_used=262 / n_tie=38
     **`refine` を合否に使わない理由(2026-09-14、実物を読んで確定)**:
       `refine` はタイ行を `first_price` → `last_price`(カスケード自身の粗くない値)で
       判定し直す(`liq_response.py` 561〜565 行)。**これは理想の推定器と同じ情報**なので、
       一致するのは当然であって検査にならない。実測: 刻みを 1000〜10bp に振った 20 件すべてで
       `refine` は理想と一致し、**「測定器の欠陥」の判定が 1 度も出なかった**
       (`evidence_2026-09-14/11`)。**片側しか測っていない検査だった。**
       さらに `refine` は**対照窓が `first_price`/`last_price` を持たない**ので
       **実群だけを細かくする**(同 565 行)。群比較には使えない。
     → **合否は `keep`(群で対称な既定の方針)に課す。**
     ← **理想は取り出せているのに `keep` が外れた(理想との差 5.066bp)= 測定器側の損失。**
        **タイ行の向きを価格だけから決められず、0 として数えているためである。**
     [分解] 非タイ 262 行の平均=-17.256 (仕込みからの偏り=+2.744bp) × 262/300 = -15.070 = keep の平均(-15.071)
            ← **keep の値は「偏り」と「タイ行の 0 埋め」の積である。**

==============================================================================
変異f: 時間分解能で作ったタイ — **09-13 に実際に焼かれた経路**
==============================================================================
  背景の点: 60 秒ごと / ノイズ 0.5bp / 種 20260913
        バー   n_tie            向きを与えた推定器       keep     refine       drop
      60秒      41              -25.154    -17.345    -25.154    -20.090
      10秒       0              -20.140    -20.140    -20.140    -20.140
       1秒       0              -20.140    -20.140    -20.140    -20.140
  → タイが実際に発生したか: True
  → **この経路では『向きを与えた推定器』が `drop` に負ける。**
     だから**この推定器は上限ではない**(関数の説明に書いた)。
     **どの方針が良いかはタイの作られ方で逆転する。一般解は無い。**

==============================================================================
変異試験のまとめ(検出できたか)
==============================================================================
[検出できた] a_カスケードを黙って落とす
[検出できた] b_符号を反転
[検出できた] c_効果を半分に薄める
[検出できた] e_地平線を読み違える
[検出できた] d_タイ(09-13 の型)
[検出できた] f_時間分解能のタイ(09-13 の型)

==============================================================================
最終判定: 不合格(1)
  内訳: 素の合成データが4条件を満たすか = True  / 変異すべてを検出できたか = True  / タイで keep が理想どおり取り出せたか = False 
==============================================================================
