levels_1 損益 0 円の取引 1668 {'break': 132, 'close': 1533, 'market': 3} 年 {'2015': 18, '2016': 1078, '2017': 528, '2018': 13, '2019': 7, '2020': 7, '2021': 5, '2022': 7, '2023': 5}
   前半 利確 ≤20分 145017 9743809 | >20分 3305 -394294 | 2 段以上で閉じた利確 0
   後半 利確 ≤20分 139714 7674832 | >20分 3539 -748785 | 2 段以上で閉じた利確 0
levels_3 損益 0 円の取引 211 {'break': 184, 'close': 25, 'market': 2} 年 {'2015': 8, '2016': 125, '2017': 18, '2018': 17, '2019': 10, '2020': 8, '2021': 6, '2022': 9, '2023': 10}
   前半 利確 ≤20分 150299 7967135 | >20分 3243 -251400 | 2 段以上で閉じた利確 71203
   後半 利確 ≤20分 145538 6440216 | >20分 3151 -473498 | 2 段以上で閉じた利確 71857
base 損益 0 円の取引 239 {'break': 234, 'close': 3, 'market': 2} 年 {'2015': 7, '2016': 132, '2017': 23, '2018': 18, '2019': 10, '2020': 9, '2021': 9, '2022': 11, '2023': 20}
   前半 利確 ≤20分 152401 6413777 | >20分 3141 -110196 | 2 段以上で閉じた利確 72343
   後半 利確 ≤20分 147906 5146755 | >20分 2922 -292095 | 2 段以上で閉じた利確 73010
levels_7 損益 0 円の取引 288 {'break': 286, 'market': 2} 年 {'2015': 7, '2016': 153, '2017': 26, '2018': 21, '2019': 11, '2020': 9, '2021': 12, '2022': 15, '2023': 34}
   前半 利確 ≤20分 153261 5204936 | >20分 3074 -17001 | 2 段以上で閉じた利確 72857
   後半 利確 ≤20分 148996 4053920 | >20分 2816 -163478 | 2 段以上で閉じた利確 73553
2017-01-01T03:14:00+00:00 entry sell 0.174 114480.0 path | 足 O H L C (114439.0, 114520.0, 114422.0, 114494.0) | 高安の中 True | 前の段との差 None
2017-01-01T03:16:00+00:00 level sell 0.174 114518.0 path | 足 O H L C (114489.0, 114550.0, 114484.0, 114550.0) | 高安の中 True | 前の段との差 38.0
2017-01-01T03:17:00+00:00 level sell 0.174 114563.0 open | 足 O H L C (114563.0, 114586.0, 114502.0, 114507.0) | 高安の中 True | 前の段との差 45.0
2017-01-01T03:20:00+00:00 level sell 0.174 114602.0 path | 足 O H L C (114573.0, 114649.0, 114569.0, 114602.0) | 高安の中 True | 前の段との差 39.0
2017-01-01T03:20:00+00:00 level sell 0.174 114638.0 path | 足 O H L C (114573.0, 114649.0, 114569.0, 114602.0) | 高安の中 True | 前の段との差 36.0
2017-01-01T03:23:00+00:00 level sell 0.174 114674.0 path | 足 O H L C (114611.0, 114682.0, 114601.0, 114612.0) | 高安の中 True | 前の段との差 36.0
2017-01-01T03:27:00+00:00 level sell 0.174 114706.0 path | 足 O H L C (114678.0, 114727.0, 114654.0, 114701.0) | 高安の中 True | 前の段との差 32.0
2017-01-01T03:33:00+00:00 close buy 1.218 114591.0 path | 足 O H L C (114679.0, 114700.0, 114460.0, 114460.0) | 高安の中 True | 前の段との差 None
