
levels_1
場面 | 区切り | 日数 | 1 日あたり 円 [区間]
low 全部(2017〜) 997 -487 [-597, -377]
low 前半(〜2019-12-08) 368 -107 [-279, +40]
low 後半(2019-12-09〜) 629 -710 [-842, -557]
mid 全部(2017〜) 646 -654 [-872, -444]
mid 前半(〜2019-12-08) 268 -135 [-482, +221]
mid 後半(2019-12-09〜) 378 -1022 [-1276, -775]
high 全部(2017〜) 899 -1008 [-1397, -664]
high 前半(〜2019-12-08) 436 -165 [-743, +399]
high 後半(2019-12-09〜) 463 -1801 [-2148, -1461]

levels_3
場面 | 区切り | 日数 | 1 日あたり 円 [区間]
low 全部(2017〜) 997 -120 [-214, -27]
low 前半(〜2019-12-08) 368 +246 [+117, +352]
low 後半(2019-12-09〜) 629 -334 [-444, -215]
mid 全部(2017〜) 646 -120 [-289, +50]
mid 前半(〜2019-12-08) 268 +344 [+90, +634]
mid 後半(2019-12-09〜) 378 -449 [-653, -248]
high 全部(2017〜) 899 -108 [-374, +143]
high 前半(〜2019-12-08) 436 +504 [+118, +923]
high 後半(2019-12-09〜) 463 -684 [-932, -420]

levels_7
場面 | 区切り | 日数 | 1 日あたり 円 [区間]
low 全部(2017〜) 997 +1 [-60, +66]
low 前半(〜2019-12-08) 368 +251 [+165, +329]
low 後半(2019-12-09〜) 629 -145 [-221, -72]
mid 全部(2017〜) 646 +33 [-82, +152]
mid 前半(〜2019-12-08) 268 +354 [+206, +536]
mid 後半(2019-12-09〜) 378 -194 [-344, -53]
high 全部(2017〜) 899 +215 [+38, +385]
high 前半(〜2019-12-08) 436 +665 [+404, +959]
high 後半(2019-12-09〜) 463 -209 [-367, -42]
