| 本 | 区切り | 基準の帯 → 本の帯 | 本数 | 基準の和 円 | 本の和 円 | 差 円/日 |
|---|---|---|---|---|---|---|
| break_dist_0.25 | 前半 | (無し) → 0 分 | 485 | +0 | -440 | -0 |
| break_dist_0.25 | 前半 | (無し) → 0 分超 | 330 | +0 | +114 | +0 |
| break_dist_0.25 | 前半 | 0 分 → (無し) | 6,149 | +27,309 | +0 | -19 |
| break_dist_0.25 | 前半 | 0 分 → 0 分 | 42,673 | +464,024 | +622,749 | +108 |
| break_dist_0.25 | 前半 | 0 分 → 0 分超 | 241 | -7,992 | -603 | +5 |
| break_dist_0.25 | 前半 | 0 分超 → (無し) | 11,927 | -24,244 | +0 | +17 |
| break_dist_0.25 | 前半 | 0 分超 → 0 分 | 5,137 | -163,705 | -332,555 | -115 |
| break_dist_0.25 | 前半 | 0 分超 → 0 分超 | 109,970 | +236,819 | +218,211 | -13 |
| break_dist_0.25 | 後半 | (無し) → 0 分 | 304 | +0 | +463 | +0 |
| break_dist_0.25 | 後半 | (無し) → 0 分超 | 357 | +0 | -276 | -0 |
| break_dist_0.25 | 後半 | 0 分 → (無し) | 5,194 | +6,413 | +0 | -4 |
| break_dist_0.25 | 後半 | 0 分 → 0 分 | 34,817 | +172,455 | +320,773 | +101 |
| break_dist_0.25 | 後半 | 0 分 → 0 分超 | 250 | -7,113 | -3,143 | +3 |
| break_dist_0.25 | 後半 | 0 分超 → (無し) | 12,524 | -60,109 | +0 | +41 |
| break_dist_0.25 | 後半 | 0 分超 → 0 分 | 5,153 | -193,954 | -286,313 | -63 |
| break_dist_0.25 | 後半 | 0 分超 → 0 分超 | 114,748 | -318,513 | -269,135 | +34 |
| break_dist_1 | 前半 | (無し) → 0 分 | 5,538 | +0 | +77,845 | +53 |
| break_dist_1 | 前半 | (無し) → 0 分超 | 12,802 | +0 | -67,521 | -46 |
| break_dist_1 | 前半 | 0 分 → (無し) | 599 | +1,687 | +0 | -1 |
| break_dist_1 | 前半 | 0 分 → 0 分 | 44,692 | +905,848 | +800,037 | -72 |
| break_dist_1 | 前半 | 0 分 → 0 分超 | 3,772 | -424,194 | -278,303 | +99 |
| break_dist_1 | 前半 | 0 分超 → (無し) | 854 | -4,200 | +0 | +3 |
| break_dist_1 | 前半 | 0 分超 → 0 分 | 329 | -9,321 | -22,280 | -9 |
| break_dist_1 | 前半 | 0 分超 → 0 分超 | 125,851 | +62,390 | +184,156 | +83 |
| break_dist_1 | 後半 | (無し) → 0 分 | 4,353 | +0 | +32,726 | +22 |
| break_dist_1 | 後半 | (無し) → 0 分超 | 13,012 | +0 | -67,345 | -46 |
| break_dist_1 | 後半 | 0 分 → (無し) | 385 | -328 | +0 | +0 |
| break_dist_1 | 後半 | 0 分 → 0 分 | 36,353 | +527,546 | +443,821 | -57 |
| break_dist_1 | 後半 | 0 分 → 0 分超 | 3,523 | -355,463 | -254,234 | +69 |
| break_dist_1 | 後半 | 0 分超 → (無し) | 814 | -7,886 | +0 | +5 |
| break_dist_1 | 後半 | 0 分超 → 0 分 | 369 | -15,254 | -25,185 | -7 |
| break_dist_1 | 後半 | 0 分超 → 0 分超 | 131,242 | -549,436 | -554,413 | -3 |
