| 本 | 帯 | 区切り | 出の理由 | 1 段 本 / 1 取引あたり 円 | 2 段以上 本 / 1 取引あたり 円 | 全部 本 / 1 取引あたり 円 |
|---|---|---|---|---|---|---|
| break_dist_0.25 | 0 分 | 前半 | close | 32,402 / +16.9 | 6,352 / +61.0 | 38,754 / +24.1 |
| break_dist_0.25 | 0 分 | 前半 | break | 2,532 / -11.4 | 7,009 / -87.9 | 9,541 / -67.6 |
| break_dist_0.25 | 0 分 | 後半 | close | 26,978 / +14.2 | 4,264 / +45.4 | 31,242 / +18.5 |
| break_dist_0.25 | 0 分 | 後半 | break | 2,146 / -11.1 | 6,886 / -75.3 | 9,032 / -60.0 |
| break_dist_0.25 | 0 分超 | 前半 | close | 42,411 / +18.6 | 50,430 / +70.0 | 92,841 / +46.5 |
| break_dist_0.25 | 0 分超 | 前半 | break | 1,042 / -36.8 | 16,203 / -244.5 | 17,245 / -231.9 |
| break_dist_0.25 | 0 分超 | 前半 | market | 28 / +101.0 | 427 / -240.9 | 455 / -219.9 |
| break_dist_0.25 | 0 分超 | 後半 | close | 42,806 / +14.3 | 52,108 / +54.7 | 94,914 / +36.5 |
| break_dist_0.25 | 0 分超 | 後半 | break | 1,162 / -28.3 | 19,170 / -191.1 | 20,332 / -181.8 |
| break_dist_0.25 | 0 分超 | 後半 | market | 1 / -1.5 | 108 / -362.2 | 109 / -358.9 |
| break_dist_1 | 0 分 | 前半 | close | 40,156 / +17.5 | 8,367 / +63.1 | 48,523 / +25.3 |
| break_dist_1 | 0 分 | 前半 | break | 342 / -23.7 | 1,694 / -216.0 | 2,036 / -183.7 |
| break_dist_1 | 0 分 | 後半 | close | 33,612 / +14.4 | 5,572 / +50.8 | 39,184 / +19.6 |
| break_dist_1 | 0 分 | 後半 | break | 255 / -25.4 | 1,636 / -189.3 | 1,891 / -167.2 |
| break_dist_1 | 0 分超 | 前半 | close | 50,810 / +18.7 | 80,639 / +57.8 | 131,449 / +42.7 |
| break_dist_1 | 0 分超 | 前半 | break | 181 / -45.0 | 9,807 / -549.2 | 9,988 / -540.0 |
| break_dist_1 | 0 分超 | 前半 | market | 37 / +85.0 | 950 / -398.9 | 987 / -380.8 |
| break_dist_1 | 0 分超 | 後半 | close | 51,652 / +14.4 | 84,691 / +42.2 | 136,343 / +31.7 |
| break_dist_1 | 0 分超 | 後半 | break | 170 / -45.4 | 10,756 / -455.3 | 10,926 / -448.9 |
| break_dist_1 | 0 分超 | 後半 | market | 1 / -1.5 | 508 / -578.1 | 509 / -577.0 |
| base | 0 分 | 前半 | close | 36,353 / +17.2 | 7,422 / +61.7 | 43,775 / +24.7 |
| base | 0 分 | 前半 | break | 956 / -17.2 | 4,332 / -134.6 | 5,288 / -113.4 |
| base | 0 分 | 後半 | close | 30,454 / +14.3 | 4,960 / +48.3 | 35,414 / +19.1 |
| base | 0 分 | 後半 | break | 731 / -19.4 | 4,116 / -118.8 | 4,847 / -103.8 |
| base | 0 分超 | 前半 | close | 46,846 / +18.6 | 64,921 / +67.0 | 111,767 / +46.7 |
| base | 0 分超 | 前半 | break | 491 / -43.6 | 14,125 / -352.0 | 14,616 / -341.7 |
| base | 0 分超 | 前半 | market | 31 / +93.3 | 620 / -291.7 | 651 / -273.4 |
| base | 0 分超 | 後半 | close | 47,364 / +14.3 | 68,050 / +51.4 | 115,414 / +36.2 |
| base | 0 分超 | 後半 | break | 531 / -37.8 | 16,246 / -285.1 | 16,777 / -277.2 |
| base | 0 分超 | 後半 | market | 1 / -1.5 | 233 / -433.4 | 234 / -431.6 |
