
break_dist_0.25
場面 | 区切り | 日数 | 1 日あたり 円 [区間]
low 全部(2017〜) 997 +4 [-58, +68]
low 前半(〜2019-12-08) 368 +242 [+143, +343]
low 後半(2019-12-09〜) 629 -136 [-204, -54]
mid 全部(2017〜) 646 +34 [-72, +145]
mid 前半(〜2019-12-08) 268 +395 [+246, +572]
mid 後半(2019-12-09〜) 378 -222 [-349, -106]
high 全部(2017〜) 899 +214 [+50, +379]
high 前半(〜2019-12-08) 436 +598 [+359, +848]
high 後半(2019-12-09〜) 463 -148 [-327, +51]

break_dist_1
場面 | 区切り | 日数 | 1 日あたり 円 [区間]
low 全部(2017〜) 997 -14 [-110, +80]
low 前半(〜2019-12-08) 368 +350 [+222, +476]
low 後半(2019-12-09〜) 629 -227 [-338, -112]
mid 全部(2017〜) 646 +33 [-141, +225]
mid 前半(〜2019-12-08) 268 +491 [+229, +789]
mid 後半(2019-12-09〜) 378 -291 [-506, -74]
high 全部(2017〜) 899 +260 [-14, +504]
high 前半(〜2019-12-08) 436 +931 [+579, +1324]
high 後半(2019-12-09〜) 463 -372 [-629, -103]
