$ 刻みを変えて、タイの場面の実群平均を 3 方針 × 両方向で実測
  刻み(bp)     向き       keep     refine       drop   n_tie  drop の n_used
     400     反転      0.000      0.000        nan     300              0
     400     継続      0.000      0.000        nan     300              0
     200     反転      0.000      0.000        nan     300              0
     200     継続      0.000      0.000        nan     300              0
     100     反転     24.002     24.002    100.010     228             72
     100     継続      0.000    -39.667      0.000     228             72
      40     反転     19.866     19.866     22.747      38            262
      40     継続    -15.071    -20.137    -17.256      38            262
      10     反転     20.499     20.499     20.499       0            300
      10     継続    -19.369    -19.369    -19.369       0            300
       1     反転     20.393     20.393     20.393       0            300
       1     継続    -19.610    -19.610    -19.610       0            300

読み:
 - 刻みを細かくすると両方向とも仕込み値(±20)に近づく。
 - 40bp では、タイ行の反応が量子化の産物になる(反転側は全部 0.0 / 継続側は全部 ±40.0)。
   そのため keep(タイを 0 として数える)と refine(実群だけ細かくする)と drop(落とす)で
   値が食い違い、**どれを合否に使うかで結論が変わる。3 方針すべてに課すことにした。**
 - 400bp / 200bp では両方向とも 0.000 を返す。**nan ではなく 0.000 である。**
   効果が -20bp あるのに『効果が無い』と区別できない数字が、警告なしに返る。
