$ 40bp の刻みで、タイ行(internal_bp==0)の反応 bp を **1 行ずつ** 数える
  (報告に「全部 0.0」「全部 -40.0」と書くための根拠。平均からの逆算ではない)

--- 反転 R=+20.0 ---
  タイ行数=38
  反応 bp の値ごとの件数: {0.0: 38}
  全 38 行の値: [0.0, 0.0, 0.0, 0.0, 0.0, 0.0, 0.0, 0.0, 0.0, 0.0, 0.0, 0.0, 0.0, 0.0, 0.0, 0.0, 0.0, 0.0, 0.0, 0.0, 0.0, 0.0, 0.0, 0.0, 0.0, 0.0, 0.0, 0.0, 0.0, 0.0, 0.0, 0.0, 0.0, 0.0, 0.0, 0.0, 0.0, 0.0]
  0 でない行=0 / 符号の内訳: 正=0 負=0

--- 継続 R=-20.0 ---
  タイ行数=38
  反応 bp の値ごとの件数: {40.0: 19, -40.0: 19}
  全 38 行の値: [40.0, -40.0, -40.0, 40.0, 40.0, -40.0, -40.0, -40.0, -40.0, -40.0, -40.0, 40.0, 40.0, 40.0, 40.0, 40.0, 40.0, 40.0, -40.0, 40.0, -40.0, -40.0, -40.0, 40.0, 40.0, 40.0, 40.0, -40.0, -40.0, -40.0, 40.0, 40.0, 40.0, -40.0, -40.0, -40.0, 40.0, -40.0]
  0 でない行=38 / 符号の内訳: 正=19 負=19


$ 上の『反応 bp』と、合否に使う『score』は別の量なので、両方を 1 行ずつ数える
  score = -sign(internal_bp) × bp。keep では sign=0 なので score=0、
  refine では first_price/last_price から向きを決め直すので score が入る。
    keep: 実群平均=-15.070641130258094 → タイ 38 行の score 合計=0.0 → 1 行あたり=0.0
  refine: 実群平均=-20.137307796924762 → タイ 38 行の score 合計=-1520.0 → 1 行あたり=-40.0

  結論(実測):
   - **反応 bp** はタイ 38 行が +40.0 が 19 行 / -40.0 が 19 行(上の集計)。**符号は割れている。**
   - **score** は refine で 38 行とも -40.0(この逆算)。向きを決め直した結果そろう。
   - つまり『継続側のタイ行は ±40.0』は **bp** について正しく、
     『-40.0 に確定する』は **score** について正しい。**別の量である。**
