$ (1) 非タイ 262 行の平均が 22.747 になる理由を実測する
  非タイ行数=262 / score の値ごとの件数: {0.0: 113, 39.7: 8, 39.8: 66, 40.2: 70, 40.3: 5}
  平均=22.7473
  0 付近: 113 件 (43.13%)
  score=  39.7:   8 件 (3.05%)
  score=  39.8:  66 件 (25.19%)
  score=  40.2:  70 件 (26.72%)
  score=  40.3:   5 件 (1.91%)

  読み:
   - 40bp の格子では、score は **0 付近か 40 付近の 2 値**しか取れない
     (39.7〜40.3 の散らばりは、基準価格 5,000,000 に対する丸めの端数)。
   - 40 付近の割合 = 56.87%、その平均 = 39.999
   - 0.5687 × 39.999 = 22.748 ← 実測の平均と一致
   - **仕込み 20bp は格子 40bp のちょうど半分**なので、40 側に丸まる割合が 50% を
     超えた分だけ平均が 20 を上回る。**偏り +2.747bp は格子の丸めそのものである。**
     50% ちょうどなら 20.000。実測の割合は 56.87% で、
     その差 +6.87% が偏りを作っている。
   - 継続側の偏りも +2.744 と同じ向き・同じ大きさで、**同じ丸めの効果**である。

$ (2) 種を変えると反転側の drop はどうなるか(報告の余裕は 0.25bp しかない)
         種    drop 平均      |差|    許容3.0
  20260913     22.747    2.747       OK
  20260914     22.331    2.331       OK
  20260915     21.947    1.947       OK
  20260916     18.249    1.751       OK
  20260917     21.197    1.197       OK
         1     21.213    1.213       OK
        42     21.134    1.134       OK
  → 7 本すべて許容内。|差| の範囲 = 1.134 〜 2.747
  → **報告に使った種 20260913 は 7 本中もっとも悪い**(|差| 2.747)。
     つまり 0.25bp の余裕は最悪ケースの値で、種を変えると余裕は広がる方向。
     **ただし 7 本しか引いていない。落ちる種が無いとは言えない。**
