$ 問い: 40bp の格子に丸めた価格から、仕込んだ ±20bp を取り出せるか。
  **測定器とは無関係な『理想の推定器』**で確かめる。
  理想の推定器 = **真の向きを全部知っていて**、丸めた価格から反応を計算するだけ。
  測定器のタイ処理も除外規則も使わない。つまり『これ以上うまくはできない』上限である。

   刻み(bp)    反転 n      反転 平均    継続 n      継続 平均
       40     300    +19.866     300    -20.137
       20     300    +20.601     300    -19.336
       10     300    +20.499     300    -19.369
        5     300    +20.383     300    -19.603
        1     300    +20.393     300    -19.610

  読み方: 理想の推定器でも仕込み値(±20)から外れるなら、
          それは**測定器の欠陥ではなく『その分解能では測れない』という事実**である。

$ どの方針が『理想の推定器』と一致するか(刻み 40bp)
                    条件        理想      keep    refine      drop
種20260913 h=15 反転   +19.866 +19.866* +19.866* +22.747 
種20260913 h=15 継続   -20.137 -15.071  -20.137* -17.256 
種20260913 h=60 反転   +19.866 +19.866* +19.866* +22.747 
種20260913 h=60 継続   -20.137 -15.071  -20.137* -17.256 
種20260914 h=15 反転   +19.726 +19.726* +19.726* +22.331 
種20260914 h=15 継続   -20.264 -15.598  -20.264* -17.658 
種20260914 h=60 反転   +19.726 +19.726* +19.726* +22.331 
種20260914 h=60 継続   -20.264 -15.598  -20.264* -17.658 
種42 h=15 反転   +18.809 +18.809* +18.809* +21.134 
種42 h=15 継続   -21.320 -16.920  -21.320* -19.012 
種42 h=60 反転   +18.809 +18.809* +18.809* +21.134 
種42 h=60 継続   -21.320 -16.920  -21.320* -19.012 

  * = 理想の推定器と 0.001bp 以内で一致
