$ 新しい合否は (a)理想が外れる=射程 (b)理想は通るのに refine が外れる=測定器の欠陥 に分ける。
  **両方の側が実際に出るかを、刻みを振って実測する。**

  刻み(bp)    向き        理想      keep    refine      drop                           判定
    1000    反転    +0.000    +0.000    +0.000       nan                  射程(誰にも測れない)
    1000    継続    +0.000    +0.000    +0.000       nan                  射程(誰にも測れない)
     400    反転    +0.000    +0.000    +0.000       nan                  射程(誰にも測れない)
     400    継続    +0.000    +0.000    +0.000       nan                  射程(誰にも測れない)
     200    反転    +0.000    +0.000    +0.000       nan                  射程(誰にも測れない)
     200    継続    +0.000    +0.000    +0.000       nan                  射程(誰にも測れない)
     150    反転   +33.838   +33.838   +33.838   +88.274                  射程(誰にも測れない)
     150    継続   -19.403    +0.000   -19.403    +0.000                           合格
     100    反転   +24.002   +24.002   +24.002  +100.010                  射程(誰にも測れない)
     100    継続   -39.667    +0.000   -39.667    +0.000                  射程(誰にも測れない)
      80    反転   +30.406   +30.406   +30.406   +72.975                  射程(誰にも測れない)
      80    継続   -34.933    +0.000   -34.933    +0.000                  射程(誰にも測れない)
      60    反転   +18.388   +18.388   +18.388   +29.033                           合格
      60    継続   -18.605    -7.028   -18.605   -11.097                           合格
      40    反転   +19.866   +19.866   +19.866   +22.747                           合格
      40    継続   -20.137   -15.071   -20.137   -17.256                           合格
      20    反転   +20.601   +20.601   +20.601   +20.601                           合格
      20    継続   -19.336   -19.336   -19.336   -19.336                           合格
      10    反転   +20.499   +20.499   +20.499   +20.499                           合格
      10    継続   -19.369   -19.369   -19.369   -19.369                           合格

  **この表に『測定器の欠陥』の行が 1 つも出なければ、新しい合否は片側しか測っていない。**

$ タイが出なくなる刻みを実測する(= `keep` が安全になる条件)
  合成のカスケード内部の動きは |15.0|〜|60.0|bp(+ノイズ std 4.0)
  刻み(bp)      n_tie(実群300行)       keep と理想の差
      60                110           11.577
      40                 38            5.067
      32                 63            6.303
      30                 39            3.904
      28                 15            1.401
      20                  0            0.000
      10                  0            0.000

  読み(**初版の読みは実測と食い違っていたので訂正した**):
   - 初版は「刻みが 30bp を下回るとタイが 0 になる」と書いた。**実測は 28bp でもタイが 15 件残る。**
     **表を出した直後に、その表と合わない読みを書いていた。**
   - 実測でタイが 0 になったのは **20bp** から。**28〜60bp では残る。**
   - **単調ではない**(30bp で 39 件、32bp で 63 件)。格子の位置とカスケードの分布の
     兼ね合いで増減する。**「刻みを細かくすれば単調に減る」とは言えない。**
   - タイは「内部の値動きが格子 1 個に収まるとき」に起きる。合成の内部の動きは
     |15|〜|60|bp + ノイズ(std 4)なので、**裾では 15bp より小さい内部の動きが出る。**
     だから「刻み < 15bp」でも足りず、実測では 20bp で 0 になった。
  → **実データでの前提条件(実測から言えること)**: **タイの件数を数え、0 でないなら
     `keep` は継続側を過小に出す。**閾値を刻みの値で一般化はできない
     (上の非単調性と、内部の動きの分布に依存するため)。**実データで数えること。**
