$ **09-13 に実際に焼かれた経路でタイを作る**(12 本目の監査の指摘)。
  これまでのタイは `quantize_prices` で**価格を格子に丸めて**作っていた。
  実在の欠陥は `liq_response.py` 365〜367 行のとおり**時間分解能**である:
  「カスケードは数秒〜数十秒で終わるため 1 分バーでは起点と終点が同じ終値になり、
    タイは実カスケードで 8 割」。**その経路は一度も通していない。**

  作り方: 価格系列を **1 分バーの終値だけ**に間引く(価格は丸めない)。
          カスケードは 5〜45 秒で終わるので、起点と終点が同じバーに入る。

      バー    向き   n_tie        理想      keep    refine      drop
    60秒    反転       0   +20.378   +21.016   +21.016   +21.016
    60秒    継続       0   -19.622   -18.984   -18.984   -18.984
    10秒    反転       0   +20.378   +20.441   +20.441   +20.441
    10秒    継続       0   -19.622   -19.559   -19.559   -19.559
     1秒    反転       0   +20.378   +20.378   +20.378   +20.378
     1秒    継続       0   -19.622   -19.622   -19.622   -19.622

  仕込みは ±20.0bp、許容は ±3.0bp。

$ **再現しなかった理由を測る。**
  合成の価格系列は 1 カスケードにつき 3 点だけ(start / end / end+h)で、スロット幅は 2 時間。
  だから 1 分バーに間引いても、カスケード起点の直前のバーは **2 時間前の点**になり、
  内部の値動きが 0 にならない。**実データのバーは連続しているので、直前のバーは
  ほぼ同じ価格になり、そこで内部が 0 になる。**
  → **射程 1(価格系列が疎)と射程 12(時間分解能のタイ)は同じ穴である。**

$ **密な価格系列を作って、09-13 の経路を再現する。**
  カスケードの外側にも 1 分ごとに背景の価格点を置く(ランダムウォーク)。

      バー    向き   n_tie        理想      keep    refine      drop
    60秒    反転      41   +14.319   +17.189   +14.319   +19.910
    60秒    継続      41   -25.421   -17.345   -25.421   -20.090
    10秒    反転       0   +19.860   +19.860   +19.860   +19.860
    10秒    継続       0   -20.140   -20.140   -20.140   -20.140
     1秒    反転       0   +19.860   +19.860   +19.860   +19.860
     1秒    継続       0   -20.140   -20.140   -20.140   -20.140

  仕込みは ±20.0bp、許容は ±3.0bp。
