$ `BG_NOISE_BP` を振る(14 本目の監査の [止める]: 一度も振っていない値で、
  しかも『タイが出るように小さく取った』= **合格を出すために置いた値**の形だった。A-12)

  併せて: 実在の欠陥は `liq_response.py` 365〜367 行のとおり **タイは実カスケードで 8 割**。
  **0.5bp での再現は 41/300 = 13.7% で桁が違う。**8 割に届く設定があるかも見る。

 BG_NOISE_BP   n_tie       割合        向きを与えた       keep     refine       drop
        0.25      41   13.7%       -25.418    -17.345    -25.418    -20.090
         0.5      41   13.7%       -25.421    -17.345    -25.421    -20.090
         1.0      41   13.7%       -25.426    -17.345    -25.426    -20.090
         2.0      41   13.7%       -25.437    -17.345    -25.437    -20.090
         4.0      41   13.7%       -25.458    -17.345    -25.458    -20.090
         8.0      41   13.7%       -25.500    -16.987    -25.142    -19.676

  仕込み −20.0bp、許容 3.0bp。

$ **n_tie を決めているのは何か**(BG_NOISE_BP では無かったので測り直す)
  タイは `internal_bp == 0`。バーに間引くと、起点と終点で**同じバーの終値**が返るときに 0 になる。
  → **カスケードの長さとバー幅の関係**が効くはず。振って確かめる。

         カスケード長(秒)     バー(秒)   n_tie       割合
              5〜45        60      41   13.7%
              5〜45       300     300  100.0%
              1〜10        60       0    0.0%
              1〜10       300     300  100.0%
               1〜3        60       0    0.0%
               1〜3       300     300  100.0%
            60〜120        60     167   55.7%
            60〜120       300     167   55.7%

  読み: **BG_NOISE_BP ではなく、カスケード長とバー幅の関係が n_tie を決める。**
  **注記の『この値で n_tie が決まる』は誤りだった。**振って初めて分かった。
