$ PYTHONPATH=src python3 scripts/verify_liq_instrument.py ; echo "終了コード: $?"
  (既定 --horizon 15 / --r-bp 20.0。新しい節「タイ 8 割の場面で 4 方針を測る」は
   その中で反転・継続の両方を自分で回すので、この 1 本に 8 行すべてが出る。
   既存の 8 行 × 4 列が evidence_2026-09-14/14 と同じ値であること自体が土台の照合である。
   新しい節は overall_pass に合流させていないので、終了コードは 09-14 と同じ意味のまま。)

==============================================================================
O-3c 測定器(liq_response.py)の合成データ検証
==============================================================================

[設定] SEED=20260913 N_REAL=300 N_CONTROL=300 horizon=15 R_BP=20.0 I_BP_RANGE=(15.0, 60.0) NOISE_STD_BP=4.0 GAP_MS=60000

[素の合成データ] 投入イベント数=1489 build_cascades が作った実カスケード数=300 (投入 N_REAL=300 と一致するはず)
  group=real: n_rows=300 n_used=300 n_tie=0 n_excluded_tie=0 n_excluded_missing=0 exclusion_rate=0.0000 mean=20.3777
  group=control: n_rows=300 n_used=300 n_tie=0 n_excluded_tie=0 n_excluded_missing=0 exclusion_rate=0.0000 mean=-0.2326

--- 素の合成データ(R=20.0bp)の4条件 ---
[OK] 1_効果の大きさ: 仕込んだ R=20.00bp / 測定平均=20.3777bp / |差|=0.3777bp(許容=3.0bp)
[NG] 2_零効果: 平均=20.3777bp, SEM=0.2280bp, 95%CI=[19.9308, 20.8246](0 を含むか: False)
[OK] 3_事象の数: real: 投入300 / report.n_rows=300 / n_used=300 / exclusion_rate=0.0000 | control: 投入300 / report.n_rows=300 / n_used=300 / exclusion_rate=0.0000
[OK] 4_符号: 符号一致率=1.0000(n=300, 閾値=0.95)

[零効果(R=0)] 実カスケード数=300
  group=real: n_rows=300 n_used=300 exclusion_rate=0.0000 mean=0.2191
  group=control: n_rows=300 n_used=300 exclusion_rate=0.0000 mean=-0.1325

--- 零効果(R=0)シナリオの4条件(条件2が主目的) ---
[OK] 1_効果の大きさ: 仕込んだ R=0.00bp / 測定平均=0.2191bp / |差|=0.2191bp(許容=3.0bp)
[OK] 2_零効果: 平均=0.2191bp, SEM=0.2364bp, 95%CI=[-0.2442, 0.6824](0 を含むか: True)
[OK] 3_事象の数: real: 投入300 / report.n_rows=300 / n_used=300 / exclusion_rate=0.0000 | control: 投入300 / report.n_rows=300 / n_used=300 / exclusion_rate=0.0000
[OK] 4_符号: 符号一致率=1.0000(n=300, 閾値=0.95) [r_bp=0 のため参考値]

>>> 素の合成データの正式判定(条件1,3,4 @ R=20.0bp のシナリオ + 条件2 @ R=0 のシナリオ): 合格

==============================================================================
変異試験(測定器の関数は変えず、結果を後加工して壊す/合成データを変える)
==============================================================================

[変異a: 5件に1件を黙って落とす] 投入 real=300 → 生き残った real 行数=240(期待: N と不一致になるはず)

--- 変異a の4条件 ---
[OK] 1_効果の大きさ: 仕込んだ R=20.00bp / 測定平均=20.6178bp / |差|=0.6178bp(許容=3.0bp)
[NG] 2_零効果: 平均=20.6178bp, SEM=0.2592bp, 95%CI=[20.1099, 21.1258](0 を含むか: False)
[NG] 3_事象の数: real: 投入300 / report.n_rows=240 / n_used=240 / exclusion_rate=0.0000 | control: 投入300 / report.n_rows=240 / n_used=240 / exclusion_rate=0.0000
[OK] 4_符号: 符号一致率=1.0000(n=240, 閾値=0.95)

[変異b: bp の符号を反転]

--- 変異b の4条件 ---
[NG] 1_効果の大きさ: 仕込んだ R=20.00bp / 測定平均=-20.3777bp / |差|=40.3777bp(許容=3.0bp)
[NG] 2_零効果: 平均=-20.3777bp, SEM=0.2280bp, 95%CI=[-20.8246, -19.9308](0 を含むか: False)
[OK] 3_事象の数: real: 投入300 / report.n_rows=300 / n_used=300 / exclusion_rate=0.0000 | control: 投入300 / report.n_rows=300 / n_used=300 / exclusion_rate=0.0000
[NG] 4_符号: 符号一致率=0.0000(n=300, 閾値=0.95)

[変異c: bp を半分に薄める]

--- 変異c の4条件 ---
[NG] 1_効果の大きさ: 仕込んだ R=20.00bp / 測定平均=10.1889bp / |差|=9.8111bp(許容=3.0bp)
[NG] 2_零効果: 平均=10.1889bp, SEM=0.1140bp, 95%CI=[9.9654, 10.4123](0 を含むか: False)
[OK] 3_事象の数: real: 投入300 / report.n_rows=300 / n_used=300 / exclusion_rate=0.0000 | control: 投入300 / report.n_rows=300 / n_used=300 / exclusion_rate=0.0000
[OK] 4_符号: 符号一致率=1.0000(n=300, 閾値=0.95)

[変異e: 地平線を 15 分ではなく 5 分で読ませる]

--- 変異e の4条件 ---
[NG] 1_効果の大きさ: 仕込んだ R=20.00bp / 測定平均=0.0000bp / |差|=20.0000bp(許容=3.0bp)
[OK] 2_零効果: 平均=0.0000bp, SEM=0.0000bp, 95%CI=[0.0000, 0.0000](0 を含むか: True)
[OK] 3_事象の数: real: 投入300 / report.n_rows=300 / n_used=300 / exclusion_rate=0.0000 | control: 投入300 / report.n_rows=300 / n_used=300 / exclusion_rate=0.0000
[NG] 4_符号: 符号一致率=0.0000(n=300, 閾値=0.95)

==============================================================================
変異d: タイ(internal_bp == 0)— 09-13 に実カスケードの約 8 割を落とした型
==============================================================================
  tie_policy=keep: {'real': {'n_rows': 300, 'n_used': 300, 'n_tie': 38, 'n_tie_resolved': 0, 'excl': 0.0, 'mean': 19.866}, 'control': {'n_rows': 300, 'n_used': 300, 'n_tie': 300, 'n_tie_resolved': 0, 'excl': 0.0, 'mean': 0.0}}
  tie_policy=refine: {'real': {'n_rows': 300, 'n_used': 300, 'n_tie': 38, 'n_tie_resolved': 38, 'excl': 0.0, 'mean': 19.866}, 'control': {'n_rows': 300, 'n_used': 300, 'n_tie': 300, 'n_tie_resolved': 0, 'excl': 0.0, 'mean': 0.0}}
  tie_policy=drop: {'real': {'n_rows': 300, 'n_used': 262, 'n_tie': 38, 'n_tie_resolved': 0, 'excl': 0.1267, 'mean': 22.747}, 'control': {'n_rows': 300, 'n_used': 0, 'n_tie': 300, 'n_tie_resolved': 0, 'excl': 1.0, 'mean': nan}}
  群間の除外率が非対称 + strict=True: 止まった: ReversalExclusionImbalance
  → タイが実際に発生したか: True / 群間差で止まったか: True
  → **タイの場面で仕込んだ効果が取り出せるか**
     向きを与えた推定器(向きだけ与える。上限ではない): 19.866000907729955 / 仕込み R=20.0 / |差|=0.134 → 測れる
       keep: 平均=19.866 / 理想との差=0.000 / 仕込みとの差=0.134 / n_used=300 / n_tie=38
     refine: 平均=19.866 / 理想との差=0.000 / 仕込みとの差=0.134 / n_used=300 / n_tie=38  ← **検査になっていない**(理想と同じ情報を使う。下記)
       drop: 平均=22.747 / 理想との差=2.881 / 仕込みとの差=2.747 / n_used=262 / n_tie=38
     **`refine` を合否に使わない理由(2026-09-14、実物を読んで確定)**:
       `refine` はタイ行を `first_price` → `last_price`(カスケード自身の粗くない値)で
       判定し直す(`liq_response.py` 561〜565 行)。**これは理想の推定器と同じ情報**なので、
       一致するのは当然であって検査にならない。実測: 刻みを 1000〜10bp に振った 20 件すべてで
       `refine` は理想と一致し、**「測定器の欠陥」の判定が 1 度も出なかった**
       (`evidence_2026-09-14/11`)。**片側しか測っていない検査だった。**
       さらに `refine` は**対照窓が `first_price`/`last_price` を持たない**ので
       **実群だけを細かくする**(同 565 行)。群比較には使えない。
     → **合否は `keep`(群で対称な既定の方針)に課す。**
     [分解] 非タイ 262 行の平均=22.747 (仕込みからの偏り=+2.747bp) × 262/300 = 19.866 = keep の平均(19.866)
            ← **keep の値は「偏り」と「タイ行の 0 埋め」の積である。**

==============================================================================
変異f: 時間分解能で作ったタイ — **09-13 に実際に焼かれた経路**
==============================================================================
  背景の点: 60 秒ごと / ノイズ 0.5bp / 種 20260913
        バー   n_tie            向きを与えた推定器       keep     refine       drop
      60秒      41              +14.319    +17.189    +14.319    +19.910
      10秒       0              +19.860    +19.860    +19.860    +19.860
       1秒       0              +19.860    +19.860    +19.860    +19.860
  → タイが実際に発生したか: True
  → **この経路では『向きを与えた推定器』が `drop` に負ける。**
     だから**この推定器は上限ではない**(関数の説明に書いた)。
     **どの方針が良いかはタイの作られ方で逆転する。一般解は無い。**

==============================================================================
タイ 8 割の場面で 4 方針を測る(+ 第 4 の方針の候補、2026-09-16)
==============================================================================
  8 行と既存 4 列は `evidence_2026-09-14/14` と同じ。足したのは候補の列だけ。
  仕込み ±20.0bp / 許容 ±3.0bp / 種 20260913 / 地平線 15 分 / widen の K=1
      カスケード長     バー  n_tie      割合    向き       向きを与えた      keep    refine      drop drop n_used     widen   対照 n_used/n_rows      ohlc   対照 n_used/n_rows   symfine   対照 n_used/n_rows
       5〜45秒    60秒     41   13.7%    反転      +14.319   +17.189   +14.319   +19.910         259   +14.319      300/300 (差0.000)   +14.319      300/300 (差0.000)   +14.319      300/300 (差0.000)
      [実群 n_rows=300 非タイ=259 タイ=41] **どんなタイ方針でも届く範囲 = [+14.231, +20.147]** (仕込み +20.0 / 許容帯 [+17.0, +23.0])  n_tie_resolved: widen=41 ohlc=41 symfine=41
       5〜45秒    60秒     41   13.7%    継続      -25.421   -17.345   -25.421   -20.090         259   -25.421      300/300 (差0.000)   -25.421      300/300 (差0.000)   -25.421      300/300 (差0.000)
      [実群 n_rows=300 非タイ=259 タイ=41] **どんなタイ方針でも届く範囲 = [-25.421, -9.268]** (仕込み -20.0 / 許容帯 [-23.0, -17.0])  n_tie_resolved: widen=41 ohlc=41 symfine=41
     60〜120秒    60秒    167   42.8%    反転       +5.350    +8.630    +7.103   +15.094         223    +5.350      300/300 (差0.000)   +10.146      300/300 (差0.000)    +8.650      300/300 (差0.000)
      [実群 n_rows=390 非タイ=223 タイ=167] **どんなタイ方針でも届く範囲 = [+1.071, +16.190]** (仕込み +20.0 / 許容帯 [+17.0, +23.0])  n_tie_resolved: widen=167 ohlc=167 symfine=22
     60〜120秒    60秒    167   42.8%    継続      -33.072   -13.941   -20.144   -24.382         223   -33.072      300/300 (差0.000)   -17.101      300/300 (差0.000)   -16.046      300/300 (差0.000)
      [実群 n_rows=390 非タイ=223 タイ=167] **どんなタイ方針でも届く範囲 = [-33.072, +5.189]** (仕込み -20.0 / 許容帯 [-23.0, -17.0])  n_tie_resolved: widen=167 ohlc=167 symfine=22
       5〜45秒   300秒    300  100.0%    反転      -23.868    +0.000   -23.868       nan           0   -22.684      300/300 (差0.000)   -23.868      300/300 (差0.000)   -23.868      300/300 (差0.000)
      [実群 n_rows=300 非タイ=0 タイ=300] **どんなタイ方針でも届く範囲 = [-24.101, +24.101]** (仕込み +20.0 / 許容帯 [+17.0, +23.0])  n_tie_resolved: widen=299 ohlc=300 symfine=300
       5〜45秒   300秒    300  100.0%    継続      -52.077    +0.000   -52.077       nan           0   -32.888      300/300 (差0.000)   -52.077      300/300 (差0.000)   -52.077      300/300 (差0.000)
      [実群 n_rows=300 非タイ=0 タイ=300] **どんなタイ方針でも届く範囲 = [-52.077, +52.077]** (仕込み -20.0 / 許容帯 [-23.0, -17.0])  n_tie_resolved: widen=299 ohlc=300 symfine=300
       1〜10秒    60秒      0    0.0%    反転      +19.929   +19.929   +19.929   +19.929         300   +19.929      300/300 (差0.000)   +19.929      300/300 (差0.000)   +19.929      300/300 (差0.000)
      [実群 n_rows=300 非タイ=300 タイ=0] **どんなタイ方針でも届く範囲 = [+19.929, +19.929]** (仕込み +20.0 / 許容帯 [+17.0, +23.0])  n_tie_resolved: widen=0 ohlc=0 symfine=0
       1〜10秒    60秒      0    0.0%    継続      -20.071   -20.071   -20.071   -20.071         300   -20.071      300/300 (差0.000)   -20.071      300/300 (差0.000)   -20.071      300/300 (差0.000)
      [実群 n_rows=300 非タイ=300 タイ=0] **どんなタイ方針でも届く範囲 = [-20.071, -20.071]** (仕込み -20.0 / 許容帯 [-23.0, -17.0])  n_tie_resolved: widen=0 ohlc=0 symfine=0

==============================================================================
変異試験のまとめ(検出できたか)
==============================================================================
[検出できた] a_カスケードを黙って落とす
[検出できた] b_符号を反転
[検出できた] c_効果を半分に薄める
[検出できた] e_地平線を読み違える
[検出できた] d_タイ(09-13 の型)
[検出できた] f_時間分解能のタイ(09-13 の型)

==============================================================================
最終判定: 合格(0)
  内訳: 素の合成データが4条件を満たすか = True  / 変異すべてを検出できたか = True  / タイで keep が理想どおり取り出せたか = True 
==============================================================================
終了コード: 0

--------------------------------------------------------------------------
$ PYTHONPATH=src python3 <タイの経路と、タイ行の bp の内訳を数える> (報告書 §5 の出典)
  場面ごとに、タイがどの経路で出たかを数える。
  **価格の刻みの経路は 0 件である**: この 8 行は `quantize_prices` を通していないので
  価格は丸めていない。タイは全件『起点と終点が同じ点を引いた』= 時間分解能の経路。
       5〜45秒/60秒 反転 実 n_rows=300 タイ= 41 / 対照 n_rows=300 タイ= 41 | 同じ点を引いた= 41 窓が 1 本のバー内=  0 start==end=  0 | タイ行の|bp|平均=  21.642 非タイ行のscore平均=  19.910
       5〜45秒/60秒 継続 実 n_rows=300 タイ= 41 / 対照 n_rows=300 タイ= 41 | 同じ点を引いた= 41 窓が 1 本のバー内=  0 start==end=  0 | タイ行の|bp|平均=  59.094 非タイ行のscore平均= -20.090
     60〜120秒/60秒 反転 実 n_rows=390 タイ=167 / 対照 n_rows=300 タイ=  0 | 同じ点を引いた=167 窓が 1 本のバー内=147 start==end=117 | タイ行の|bp|平均=  17.654 非タイ行のscore平均=  15.094
     60〜120秒/60秒 継続 実 n_rows=390 タイ=167 / 対照 n_rows=300 タイ=  0 | 同じ点を引いた=167 窓が 1 本のバー内=147 start==end=117 | タイ行の|bp|平均=  44.677 非タイ行のscore平均= -24.382
      5〜45秒/300秒 反転 実 n_rows=300 タイ=300 / 対照 n_rows=300 タイ=300 | 同じ点を引いた=300 窓が 1 本のバー内=300 start==end=  0 | タイ行の|bp|平均=  24.101 非タイ行のscore平均=     nan
      5〜45秒/300秒 継続 実 n_rows=300 タイ=300 / 対照 n_rows=300 タイ=300 | 同じ点を引いた=300 窓が 1 本のバー内=300 start==end=  0 | タイ行の|bp|平均=  52.077 非タイ行のscore平均=     nan
       1〜10秒/60秒 反転 実 n_rows=300 タイ=  0 / 対照 n_rows=300 タイ=  0 | 同じ点を引いた=  0 窓が 1 本のバー内=  0 start==end=  0 | タイ行の|bp|平均=     nan 非タイ行のscore平均=  19.929
       1〜10秒/60秒 継続 実 n_rows=300 タイ=  0 / 対照 n_rows=300 タイ=  0 | 同じ点を引いた=  0 窓が 1 本のバー内=  0 start==end=  0 | タイ行の|bp|平均=     nan 非タイ行のscore平均= -20.071

--------------------------------------------------------------------------
$ PYTHONPATH=src python -m pytest -q tests/ -k "liq"
........................................................................ [ 80%]
.................                                                        [100%]

--------------------------------------------------------------------------
$ PYTHONPATH=src python -m pytest -q   (フルスイート)
  終了コード 0(全通過)。収集件数は次のコマンドで数えた:
  $ PYTHONPATH=src python -m pytest tests/ --collect-only -q | awk -F": " "/: [0-9]+$/{s+=\$2} END{print s}"
  1903 tests collected(うち今回の新規 7 件)
$ PYTHONPATH=src python -m pytest tests/   (-q を外すと集計行が出る)
  1902 passed, 1 skipped in 255.16s (0:04:15)
  ※ この体制の pytest は -q を付けると集計行が出ない。だから -q を外して測り直した。
  ※ -k "liq" は 89 passed, 1814 deselected(上の 2 本目の出力)。

$ PYTHONPATH=src python -m pytest tests/ -k "liq" -p no:cacheprovider 2>&1 | tail -3   # 監査役の [直す] 2: 集計行を -q 無しで残す(リード、2026-09-16)
........................................................................ [ 80%]
.................                                                        [100%]
89 passed, 1814 deselected in 6.38s
